
$ /root/.cache/user_artifacts/bin/uv pip install --python /root/.cache/user_artifacts/lps1063-matrix-gibbs/venvs/te_main/bin/python --no-deps nvidia-cudnn-cu13==9.19.0.56
Using Python 3.12.13 environment at: venvs/te_main
Resolved 1 package in 122ms
Uninstalled 1 package in 176ms
warning: Failed to hardlink files; falling back to full copy. This may lead to degraded performance.
         If the cache and target directories are on different filesystems, hardlinking may not be supported.
         If this is intentional, set `export UV_LINK_MODE=copy` or use `--link-mode=copy` to suppress this warning.
Installed 1 package in 1.10s
 - nvidia-cudnn-cu13==9.25.0.15
 + nvidia-cudnn-cu13==9.19.0.56

$ /root/.cache/user_artifacts/lps1063-matrix-gibbs/venvs/te_main/bin/python /root/.cache/user_artifacts/lps1063-matrix-gibbs/cell_probe.py  (CUDA_VISIBLE_DEVICES=4)
{"te_version": "2.19.0.dev0+8260f49", "te_file": "/root/.cache/user_artifacts/lps1063-matrix-gibbs/venvs/te_main/lib/python3.12/site-packages/transformer_engine/__init__.py", "torch_version": "2.11.0+cu130", "torch_cudnn_version": 91900, "cuda_version_torch": "13.0", "pip_versions": {"nvidia-cublas": "13.6.0.2", "nvidia-cudnn-cu13": "9.19.0.56", "transformer-engine": "2.19.0.dev0+8260f49"}, "loaded_cudnn": [{"mapped": "/root/.cache/user_artifacts/lps1063-matrix-gibbs/venvs/te_main/lib/python3.12/site-packages/nvidia/cudnn/lib/libcudnn.so.9", "real": "/root/.cache/user_artifacts/lps1063-matrix-gibbs/venvs/te_main/lib/python3.12/site-packages/nvidia/cudnn/lib/libcudnn.so.9", "version": 91900}, {"mapped": "/root/.cache/user_artifacts/lps1063-matrix-gibbs/venvs/te_main/lib/python3.12/site-packages/nvidia/cudnn/lib/libcudnn_adv.so.9", "real": "/root/.cache/user_artifacts/lps1063-matrix-gibbs/venvs/te_main/lib/python3.12/site-packages/nvidia/cudnn/lib/libcudnn_adv.so.9", "version": 91900}, {"mapped": "/root/.cache/user_artifacts/lps1063-matrix-gibbs/venvs/te_main/lib/python3.12/site-packages/nvidia/cudnn/lib/libcudnn_cnn.so.9", "real": "/root/.cache/user_artifacts/lps1063-matrix-gibbs/venvs/te_main/lib/python3.12/site-packages/nvidia/cudnn/lib/libcudnn_cnn.so.9", "version": 91900}, {"mapped": "/root/.cache/user_artifacts/lps1063-matrix-gibbs/venvs/te_main/lib/python3.12/site-packages/nvidia/cudnn/lib/libcudnn_engines_precompiled.so.9", "real": "/root/.cache/user_artifacts/lps1063-matrix-gibbs/venvs/te_main/lib/python3.12/site-packages/nvidia/cudnn/lib/libcudnn_engines_precompiled.so.9", "version": 91900}, {"mapped": "/root/.cache/user_artifacts/lps1063-matrix-gibbs/venvs/te_main/lib/python3.12/site-packages/nvidia/cudnn/lib/libcudnn_engines_runtime_compiled.so.9", "real": "/root/.cache/user_artifacts/lps1063-matrix-gibbs/venvs/te_main/lib/python3.12/site-packages/nvidia/cudnn/lib/libcudnn_engines_runtime_compiled.so.9", "version": 91900}, {"mapped": "/root/.cache/user_artifacts/lps1063-matrix-gibbs/venvs/te_main/lib/python3.12/site-packages/nvidia/cudnn/lib/libcudnn_graph.so.9", "real": "/root/.cache/user_artifacts/lps1063-matrix-gibbs/venvs/te_main/lib/python3.12/site-packages/nvidia/cudnn/lib/libcudnn_graph.so.9", "version": 91900}, {"mapped": "/root/.cache/user_artifacts/lps1063-matrix-gibbs/venvs/te_main/lib/python3.12/site-packages/nvidia/cudnn/lib/libcudnn_heuristic.so.9", "real": "/root/.cache/user_artifacts/lps1063-matrix-gibbs/venvs/te_main/lib/python3.12/site-packages/nvidia/cudnn/lib/libcudnn_heuristic.so.9", "version": 91900}, {"mapped": "/root/.cache/user_artifacts/lps1063-matrix-gibbs/venvs/te_main/lib/python3.12/site-packages/nvidia/cudnn/lib/libcudnn_ops.so.9", "real": "/root/.cache/user_artifacts/lps1063-matrix-gibbs/venvs/te_main/lib/python3.12/site-packages/nvidia/cudnn/lib/libcudnn_ops.so.9", "version": 91900}], "direct_seqlens_var": {"in_python": false, "in_binary": false}, "probe_fwd_ok": true, "probe_fwd_err": null}



$ /root/.cache/user_artifacts/lps1063-matrix-gibbs/venvs/te_main/bin/torchrun --standalone --nproc-per-node=4 /root/.cache/user_artifacts/lps1063-matrix-gibbs/standalone_te_cp_repro_v2.py --n-iters 60 --seeds 16,17,18
W0808 14:04:31.575000 54394 torch/distributed/run.py:851] 
W0808 14:04:31.575000 54394 torch/distributed/run.py:851] *****************************************
W0808 14:04:31.575000 54394 torch/distributed/run.py:851] Setting OMP_NUM_THREADS environment variable for each process to be 1 in default, to avoid your system being overloaded, please further tune the variable for optimal performance in your application as needed. 
W0808 14:04:31.575000 54394 torch/distributed/run.py:851] *****************************************
CP=4 chunk=88 n_iters=60 seeds=[16, 17, 18] TE=2.19.0.dev0+8260f49 torch=2.11.0+cu130 cudnn=91900 probe=off NVTE_ALLOW_NONDETERMINISTIC_ALGO=None
/root/.cache/user_artifacts/lps1063-matrix-gibbs/venvs/te_main/lib/python3.12/site-packages/torch/autograd/function.py:596: UserWarning: An unbatched P2P op (send/recv) was called on this ProcessGroup with size 4.  In lazy initialization mode, this will result in a new 2-rank NCCL communicator to be created. (Triggered internally at /pytorch/torch/csrc/distributed/c10d/ProcessGroupNCCL.cpp:4094.)
  return super().apply(*args, **kwargs)  # type: ignore[misc]
/root/.cache/user_artifacts/lps1063-matrix-gibbs/venvs/te_main/lib/python3.12/site-packages/torch/autograd/function.py:596: UserWarning: An unbatched P2P op (send/recv) was called on this ProcessGroup with size 4.  In lazy initialization mode, this will result in a new 2-rank NCCL communicator to be created. (Triggered internally at /pytorch/torch/csrc/distributed/c10d/ProcessGroupNCCL.cpp:4094.)
  return super().apply(*args, **kwargs)  # type: ignore[misc]
/root/.cache/user_artifacts/lps1063-matrix-gibbs/venvs/te_main/lib/python3.12/site-packages/torch/autograd/function.py:596: UserWarning: An unbatched P2P op (send/recv) was called on this ProcessGroup with size 4.  In lazy initialization mode, this will result in a new 2-rank NCCL communicator to be created. (Triggered internally at /pytorch/torch/csrc/distributed/c10d/ProcessGroupNCCL.cpp:4094.)
  return super().apply(*args, **kwargs)  # type: ignore[misc]
/root/.cache/user_artifacts/lps1063-matrix-gibbs/venvs/te_main/lib/python3.12/site-packages/torch/autograd/function.py:596: UserWarning: An unbatched P2P op (send/recv) was called on this ProcessGroup with size 4.  In lazy initialization mode, this will result in a new 2-rank NCCL communicator to be created. (Triggered internally at /pytorch/torch/csrc/distributed/c10d/ProcessGroupNCCL.cpp:4094.)
  return super().apply(*args, **kwargs)  # type: ignore[misc]
[seed 16] rank 1: 1 distinct outputs over 60 iters; wobble rows: []
[seed 16] rank 0: 1 distinct outputs over 60 iters; wobble rows: []
[seed 16] rank 2: 1 distinct outputs over 60 iters; wobble rows: []
[seed 16] rank 3: 1 distinct outputs over 60 iters; wobble rows: []
[seed 16] GLOBAL: deterministic (0/4 ranks)
[seed 17] rank 1: 1 distinct outputs over 60 iters; wobble rows: []
[seed 17] rank 0: 1 distinct outputs over 60 iters; wobble rows: []
[seed 17] rank 3: 1 distinct outputs over 60 iters; wobble rows: []
[seed 17] rank 2: 1 distinct outputs over 60 iters; wobble rows: []
[seed 17] GLOBAL: deterministic (0/4 ranks)
[seed 18] rank 1: 1 distinct outputs over 60 iters; wobble rows: []
[seed 18] rank 0: 1 distinct outputs over 60 iters; wobble rows: []
[seed 18] rank 3: 1 distinct outputs over 60 iters; wobble rows: []
[seed 18] rank 2: 1 distinct outputs over 60 iters; wobble rows: []
[seed 18] GLOBAL: deterministic (0/4 ranks)
