[run_trainer_node] rank=1 nnodes=4 leader=10.233.87.95 config=/root/.cache/user_artifacts/glm_prof/configs/active.json src=/root/.cache/user_artifacts/trainers_glm
[run_trainer_node] config contents:
{
  "base_model": "zai-org/GLM-5.2-FP8",
  "max_seq_len": 131072,
  "tensor_parallel_size": 1,
  "pipeline_parallel_size": 16,
  "context_parallel_size": 1,
  "expert_parallel_size": 2,
  "expert_tensor_parallel_size": 1,
  "trust_remote_code": true,
  "lora_rank": 16,
  "weight_sync": {"type": "disabled"}
}
/root/.cache/user_artifacts/trainers_glm/server/.venv/lib/python3.12/site-packages/torch/cuda/__init__.py:61: FutureWarning: The pynvml package is deprecated. Please install nvidia-ml-py instead. If you did not install pynvml directly, please report this to the maintainers of the package that installed pynvml for you.
  import pynvml  # type: ignore[import]
W0708 06:39:18.797000 81785 .venv/lib/python3.12/site-packages/torch/distributed/run.py:851] 
W0708 06:39:18.797000 81785 .venv/lib/python3.12/site-packages/torch/distributed/run.py:851] *****************************************
W0708 06:39:18.797000 81785 .venv/lib/python3.12/site-packages/torch/distributed/run.py:851] Setting OMP_NUM_THREADS environment variable for each process to be 1 in default, to avoid your system being overloaded, please further tune the variable for optimal performance in your application as needed. 
W0708 06:39:18.797000 81785 .venv/lib/python3.12/site-packages/torch/distributed/run.py:851] *****************************************
/root/.cache/user_artifacts/trainers_glm/server/.venv/lib/python3.12/site-packages/torch/cuda/__init__.py:61: FutureWarning: The pynvml package is deprecated. Please install nvidia-ml-py instead. If you did not install pynvml directly, please report this to the maintainers of the package that installed pynvml for you.
  import pynvml  # type: ignore[import]
/root/.cache/user_artifacts/trainers_glm/server/.venv/lib/python3.12/site-packages/torch/cuda/__init__.py:61: FutureWarning: The pynvml package is deprecated. Please install nvidia-ml-py instead. If you did not install pynvml directly, please report this to the maintainers of the package that installed pynvml for you.
  import pynvml  # type: ignore[import]
/root/.cache/user_artifacts/trainers_glm/server/.venv/lib/python3.12/site-packages/torch/cuda/__init__.py:61: FutureWarning: The pynvml package is deprecated. Please install nvidia-ml-py instead. If you did not install pynvml directly, please report this to the maintainers of the package that installed pynvml for you.
  import pynvml  # type: ignore[import]
/root/.cache/user_artifacts/trainers_glm/server/vendor/megatron-bridge/3rdparty/Megatron-LM/megatron/core/models/backends.py:34: UserWarning: Apex is not installed. Falling back to Torch Norm
  warnings.warn("Apex is not installed. Falling back to Torch Norm")
/root/.cache/user_artifacts/trainers_glm/server/vendor/megatron-bridge/3rdparty/Megatron-LM/megatron/core/models/gpt/gpt_layer_specs.py:77: UserWarning: Apex is not installed. Falling back to Torch Norm
  warnings.warn("Apex is not installed. Falling back to Torch Norm")
/root/.cache/user_artifacts/trainers_glm/server/vendor/megatron-bridge/3rdparty/Megatron-LM/megatron/core/models/backends.py:34: UserWarning: Apex is not installed. Falling back to Torch Norm
  warnings.warn("Apex is not installed. Falling back to Torch Norm")
/root/.cache/user_artifacts/trainers_glm/server/vendor/megatron-bridge/3rdparty/Megatron-LM/megatron/core/models/gpt/gpt_layer_specs.py:77: UserWarning: Apex is not installed. Falling back to Torch Norm
  warnings.warn("Apex is not installed. Falling back to Torch Norm")
/root/.cache/user_artifacts/trainers_glm/server/.venv/lib/python3.12/site-packages/torch/cuda/__init__.py:61: FutureWarning: The pynvml package is deprecated. Please install nvidia-ml-py instead. If you did not install pynvml directly, please report this to the maintainers of the package that installed pynvml for you.
  import pynvml  # type: ignore[import]
/root/.cache/user_artifacts/trainers_glm/server/.venv/lib/python3.12/site-packages/torch/cuda/__init__.py:61: FutureWarning: The pynvml package is deprecated. Please install nvidia-ml-py instead. If you did not install pynvml directly, please report this to the maintainers of the package that installed pynvml for you.
  import pynvml  # type: ignore[import]
/root/.cache/user_artifacts/trainers_glm/server/.venv/lib/python3.12/site-packages/torch/cuda/__init__.py:61: FutureWarning: The pynvml package is deprecated. Please install nvidia-ml-py instead. If you did not install pynvml directly, please report this to the maintainers of the package that installed pynvml for you.
  import pynvml  # type: ignore[import]
/root/.cache/user_artifacts/trainers_glm/server/vendor/megatron-bridge/3rdparty/Megatron-LM/megatron/core/models/backends.py:34: UserWarning: Apex is not installed. Falling back to Torch Norm
  warnings.warn("Apex is not installed. Falling back to Torch Norm")
/root/.cache/user_artifacts/trainers_glm/server/vendor/megatron-bridge/3rdparty/Megatron-LM/megatron/core/models/gpt/gpt_layer_specs.py:77: UserWarning: Apex is not installed. Falling back to Torch Norm
  warnings.warn("Apex is not installed. Falling back to Torch Norm")
/root/.cache/user_artifacts/trainers_glm/server/vendor/megatron-bridge/3rdparty/Megatron-LM/megatron/core/models/backends.py:34: UserWarning: Apex is not installed. Falling back to Torch Norm
  warnings.warn("Apex is not installed. Falling back to Torch Norm")
/root/.cache/user_artifacts/trainers_glm/server/vendor/megatron-bridge/3rdparty/Megatron-LM/megatron/core/models/gpt/gpt_layer_specs.py:77: UserWarning: Apex is not installed. Falling back to Torch Norm
  warnings.warn("Apex is not installed. Falling back to Torch Norm")
/root/.cache/user_artifacts/trainers_glm/server/vendor/megatron-bridge/3rdparty/Megatron-LM/megatron/core/models/backends.py:34: UserWarning: Apex is not installed. Falling back to Torch Norm
  warnings.warn("Apex is not installed. Falling back to Torch Norm")
/root/.cache/user_artifacts/trainers_glm/server/vendor/megatron-bridge/3rdparty/Megatron-LM/megatron/core/models/gpt/gpt_layer_specs.py:77: UserWarning: Apex is not installed. Falling back to Torch Norm
  warnings.warn("Apex is not installed. Falling back to Torch Norm")
/root/.cache/user_artifacts/trainers_glm/server/vendor/megatron-bridge/3rdparty/Megatron-LM/megatron/core/models/backends.py:34: UserWarning: Apex is not installed. Falling back to Torch Norm
  warnings.warn("Apex is not installed. Falling back to Torch Norm")
/root/.cache/user_artifacts/trainers_glm/server/vendor/megatron-bridge/3rdparty/Megatron-LM/megatron/core/models/gpt/gpt_layer_specs.py:77: UserWarning: Apex is not installed. Falling back to Torch Norm
  warnings.warn("Apex is not installed. Falling back to Torch Norm")
/tmp/tmp4t9tdx2a/cuda_utils.c:7:10: fatal error: Python.h: No such file or directory
    7 | #include <Python.h>
      |          ^~~~~~~~~~
compilation terminated.
/root/.cache/user_artifacts/trainers_glm/server/.venv/lib/python3.12/site-packages/fla/utils.py:420: UserWarning: Triton is not supported on current platform, roll back to CPU.
  warnings.warn(('Triton is not supported on current platform, roll back to CPU.'), stacklevel=1)
/tmp/tmpdlutlomm/cuda_utils.c:7:10: fatal error: Python.h: No such file or directory
    7 | #include <Python.h>
      |          ^~~~~~~~~~
compilation terminated.
/tmp/tmpeweaxfg4/cuda_utils.c:7:10: fatal error: Python.h: No such file or directory
    7 | #include <Python.h>
      |          ^~~~~~~~~~
compilation terminated.
/root/.cache/user_artifacts/trainers_glm/server/.venv/lib/python3.12/site-packages/fla/utils.py:420: UserWarning: Triton is not supported on current platform, roll back to CPU.
  warnings.warn(('Triton is not supported on current platform, roll back to CPU.'), stacklevel=1)
/root/.cache/user_artifacts/trainers_glm/server/.venv/lib/python3.12/site-packages/fla/utils.py:420: UserWarning: Triton is not supported on current platform, roll back to CPU.
  warnings.warn(('Triton is not supported on current platform, roll back to CPU.'), stacklevel=1)
/tmp/tmp05ni1nzy/cuda_utils.c:7:10: fatal error: Python.h: No such file or directory
    7 | #include <Python.h>
      |          ^~~~~~~~~~
compilation terminated.
/tmp/tmpov_9p3is/cuda_utils.c:7:10: fatal error: Python.h: No such file or directory
    7 | #include <Python.h>
      |          ^~~~~~~~~~
compilation terminated.
/tmp/tmp1n0tpdhw/cuda_utils.c:7:10: fatal error: Python.h: No such file or directory
    7 | #include <Python.h>
      |          ^~~~~~~~~~
compilation terminated.
/tmp/tmped1pgy1q/cuda_utils.c:7:10: fatal error: Python.h: No such file or directory
    7 | #include <Python.h>
      |          ^~~~~~~~~~
compilation terminated.
/tmp/tmpc7e125mm/cuda_utils.c:7:10: fatal error: Python.h: No such file or directory
    7 | #include <Python.h>
      |          ^~~~~~~~~~
compilation terminated.
/tmp/tmp8sydjkcz/cuda_utils.c:7:10: fatal error: Python.h: No such file or directory
    7 | #include <Python.h>
      |          ^~~~~~~~~~
compilation terminated.
/tmp/tmp7ybcneb7/cuda_utils.c:7:10: fatal error: Python.h: No such file or directory
    7 | #include <Python.h>
      |          ^~~~~~~~~~
compilation terminated.
/tmp/tmpdxh8z5or/cuda_utils.c:7:10: fatal error: Python.h: No such file or directory
    7 | #include <Python.h>
      |          ^~~~~~~~~~
compilation terminated.
/tmp/tmpampflb9j/cuda_utils.c:7:10: fatal error: Python.h: No such file or directory
    7 | #include <Python.h>
      |          ^~~~~~~~~~
compilation terminated.
/tmp/tmp4gv9j6ej/cuda_utils.c:7:10: fatal error: Python.h: No such file or directory
    7 | #include <Python.h>
      |          ^~~~~~~~~~
compilation terminated.
/tmp/tmpufxt8yg8/cuda_utils.c:7:10: fatal error: Python.h: No such file or directory
    7 | #include <Python.h>
      |          ^~~~~~~~~~
compilation terminated.
/root/.cache/user_artifacts/trainers_glm/server/.venv/lib/python3.12/site-packages/torch/cuda/__init__.py:61: FutureWarning: The pynvml package is deprecated. Please install nvidia-ml-py instead. If you did not install pynvml directly, please report this to the maintainers of the package that installed pynvml for you.
  import pynvml  # type: ignore[import]
/root/.cache/user_artifacts/trainers_glm/server/.venv/lib/python3.12/site-packages/torch/cuda/__init__.py:61: FutureWarning: The pynvml package is deprecated. Please install nvidia-ml-py instead. If you did not install pynvml directly, please report this to the maintainers of the package that installed pynvml for you.
  import pynvml  # type: ignore[import]
/root/.cache/user_artifacts/trainers_glm/server/.venv/lib/python3.12/site-packages/modelopt/torch/__init__.py:53: UserWarning: transformers>=5.0 support is experimental. Unified Hugging Face checkpoint export for quantized checkpoints may not work for some models yet.
  _warnings.warn(
/root/.cache/user_artifacts/trainers_glm/server/vendor/megatron-bridge/3rdparty/Megatron-LM/megatron/core/models/gpt/heterogeneous/heterogeneous_layer_specs.py:68: UserWarning: Apex is not installed. Falling back to Torch Norm
  warnings.warn("Apex is not installed. Falling back to Torch Norm")
/root/.cache/user_artifacts/trainers_glm/server/vendor/megatron-bridge/3rdparty/Megatron-LM/megatron/core/models/vision/vit_layer_specs.py:31: UserWarning: Apex is not installed. Falling back to Torch Norm
  warnings.warn("Apex is not installed. Falling back to Torch Norm")
/root/.cache/user_artifacts/trainers_glm/server/vendor/megatron-bridge/3rdparty/Megatron-LM/megatron/core/models/mimo/config/base_configs.py:12: UserWarning: MimoModelConfig is experimental and still under active development. The API may change without notice in future releases.
  class MimoModelConfig:
WARNING:megatron.bridge.models.conversion.auto_bridge:Loading a model with trust_remote_code=True allows arbitrary code execution from the model repository. Only use this with models you trust.
[transformers] `torch_dtype` is deprecated! Use `dtype` instead!
INFO:trainers_server.dp_worker.api.megatron_controller:LoRA config: rank=16 alpha=32 (default 2*rank) -> forward scale=2
/root/.cache/user_artifacts/trainers_glm/server/vendor/megatron-bridge/3rdparty/Megatron-LM/megatron/core/transformer/transformer_config.py:2674: UserWarning: full scope is deprecated. Use empty cuda_graph_modules to capture the whole layer.
  warnings.warn(
/tmp/tmpar7wv4_2/cuda_utils.c:7:10: fatal error: Python.h: No such file or directory
    7 | #include <Python.h>
      |          ^~~~~~~~~~
compilation terminated.
/root/.cache/user_artifacts/trainers_glm/server/.venv/lib/python3.12/site-packages/modelopt/torch/__init__.py:53: UserWarning: transformers>=5.0 support is experimental. Unified Hugging Face checkpoint export for quantized checkpoints may not work for some models yet.
  _warnings.warn(
/root/.cache/user_artifacts/trainers_glm/server/vendor/megatron-bridge/3rdparty/Megatron-LM/megatron/core/models/gpt/heterogeneous/heterogeneous_layer_specs.py:68: UserWarning: Apex is not installed. Falling back to Torch Norm
  warnings.warn("Apex is not installed. Falling back to Torch Norm")
/root/.cache/user_artifacts/trainers_glm/server/vendor/megatron-bridge/3rdparty/Megatron-LM/megatron/core/models/vision/vit_layer_specs.py:31: UserWarning: Apex is not installed. Falling back to Torch Norm
  warnings.warn("Apex is not installed. Falling back to Torch Norm")
/root/.cache/user_artifacts/trainers_glm/server/.venv/lib/python3.12/site-packages/modelopt/torch/__init__.py:53: UserWarning: transformers>=5.0 support is experimental. Unified Hugging Face checkpoint export for quantized checkpoints may not work for some models yet.
  _warnings.warn(
/root/.cache/user_artifacts/trainers_glm/server/vendor/megatron-bridge/3rdparty/Megatron-LM/megatron/core/models/gpt/heterogeneous/heterogeneous_layer_specs.py:68: UserWarning: Apex is not installed. Falling back to Torch Norm
  warnings.warn("Apex is not installed. Falling back to Torch Norm")
/root/.cache/user_artifacts/trainers_glm/server/vendor/megatron-bridge/3rdparty/Megatron-LM/megatron/core/models/vision/vit_layer_specs.py:31: UserWarning: Apex is not installed. Falling back to Torch Norm
  warnings.warn("Apex is not installed. Falling back to Torch Norm")
/root/.cache/user_artifacts/trainers_glm/server/vendor/megatron-bridge/3rdparty/Megatron-LM/megatron/core/models/mimo/config/base_configs.py:12: UserWarning: MimoModelConfig is experimental and still under active development. The API may change without notice in future releases.
  class MimoModelConfig:
/tmp/tmpa0wtrrti/cuda_utils.c:7:10: fatal error: Python.h: No such file or directory
    7 | #include <Python.h>
      |          ^~~~~~~~~~
compilation terminated.
/root/.cache/user_artifacts/trainers_glm/server/.venv/lib/python3.12/site-packages/fla/utils.py:420: UserWarning: Triton is not supported on current platform, roll back to CPU.
  warnings.warn(('Triton is not supported on current platform, roll back to CPU.'), stacklevel=1)
/tmp/tmpiafesao7/cuda_utils.c:7:10: fatal error: Python.h: No such file or directory
    7 | #include <Python.h>
      |          ^~~~~~~~~~
compilation terminated.
/tmp/tmpe2jf53xc/cuda_utils.c:7:10: fatal error: Python.h: No such file or directory
    7 | #include <Python.h>
      |          ^~~~~~~~~~
compilation terminated.
/tmp/tmpeofmq0tq/cuda_utils.c:7:10: fatal error: Python.h: No such file or directory
    7 | #include <Python.h>
      |          ^~~~~~~~~~
compilation terminated.
/tmp/tmp129seq0m/cuda_utils.c:7:10: fatal error: Python.h: No such file or directory
    7 | #include <Python.h>
      |          ^~~~~~~~~~
compilation terminated.
/root/.cache/user_artifacts/trainers_glm/server/vendor/megatron-bridge/3rdparty/Megatron-LM/megatron/core/models/mimo/config/base_configs.py:12: UserWarning: MimoModelConfig is experimental and still under active development. The API may change without notice in future releases.
  class MimoModelConfig:
WARNING:megatron.bridge.models.conversion.auto_bridge:Loading a model with trust_remote_code=True allows arbitrary code execution from the model repository. Only use this with models you trust.
[transformers] `torch_dtype` is deprecated! Use `dtype` instead!
INFO:trainers_server.dp_worker.api.megatron_controller:LoRA config: rank=16 alpha=32 (default 2*rank) -> forward scale=2
/root/.cache/user_artifacts/trainers_glm/server/vendor/megatron-bridge/3rdparty/Megatron-LM/megatron/core/transformer/transformer_config.py:2674: UserWarning: full scope is deprecated. Use empty cuda_graph_modules to capture the whole layer.
  warnings.warn(
WARNING:megatron.bridge.models.conversion.auto_bridge:Loading a model with trust_remote_code=True allows arbitrary code execution from the model repository. Only use this with models you trust.
[transformers] `torch_dtype` is deprecated! Use `dtype` instead!
INFO:trainers_server.dp_worker.api.megatron_controller:LoRA config: rank=16 alpha=32 (default 2*rank) -> forward scale=2
/root/.cache/user_artifacts/trainers_glm/server/vendor/megatron-bridge/3rdparty/Megatron-LM/megatron/core/transformer/transformer_config.py:2674: UserWarning: full scope is deprecated. Use empty cuda_graph_modules to capture the whole layer.
  warnings.warn(
/root/.cache/user_artifacts/trainers_glm/server/.venv/lib/python3.12/site-packages/modelopt/torch/__init__.py:53: UserWarning: transformers>=5.0 support is experimental. Unified Hugging Face checkpoint export for quantized checkpoints may not work for some models yet.
  _warnings.warn(
/root/.cache/user_artifacts/trainers_glm/server/vendor/megatron-bridge/3rdparty/Megatron-LM/megatron/core/models/gpt/heterogeneous/heterogeneous_layer_specs.py:68: UserWarning: Apex is not installed. Falling back to Torch Norm
  warnings.warn("Apex is not installed. Falling back to Torch Norm")
/root/.cache/user_artifacts/trainers_glm/server/vendor/megatron-bridge/3rdparty/Megatron-LM/megatron/core/models/vision/vit_layer_specs.py:31: UserWarning: Apex is not installed. Falling back to Torch Norm
  warnings.warn("Apex is not installed. Falling back to Torch Norm")
/root/.cache/user_artifacts/trainers_glm/server/vendor/megatron-bridge/3rdparty/Megatron-LM/megatron/core/models/mimo/config/base_configs.py:12: UserWarning: MimoModelConfig is experimental and still under active development. The API may change without notice in future releases.
  class MimoModelConfig:
WARNING:megatron.bridge.models.conversion.auto_bridge:Loading a model with trust_remote_code=True allows arbitrary code execution from the model repository. Only use this with models you trust.
[transformers] `torch_dtype` is deprecated! Use `dtype` instead!
INFO:trainers_server.dp_worker.api.megatron_controller:LoRA config: rank=16 alpha=32 (default 2*rank) -> forward scale=2
/root/.cache/user_artifacts/trainers_glm/server/vendor/megatron-bridge/3rdparty/Megatron-LM/megatron/core/transformer/transformer_config.py:2674: UserWarning: full scope is deprecated. Use empty cuda_graph_modules to capture the whole layer.
  warnings.warn(
/root/.cache/user_artifacts/trainers_glm/server/vendor/megatron-bridge/3rdparty/Megatron-LM/megatron/core/models/backends.py:34: UserWarning: Apex is not installed. Falling back to Torch Norm
  warnings.warn("Apex is not installed. Falling back to Torch Norm")
/root/.cache/user_artifacts/trainers_glm/server/vendor/megatron-bridge/3rdparty/Megatron-LM/megatron/core/models/backends.py:34: UserWarning: Apex is not installed. Falling back to Torch Norm
  warnings.warn("Apex is not installed. Falling back to Torch Norm")
/root/.cache/user_artifacts/trainers_glm/server/vendor/megatron-bridge/3rdparty/Megatron-LM/megatron/core/models/gpt/gpt_layer_specs.py:77: UserWarning: Apex is not installed. Falling back to Torch Norm
  warnings.warn("Apex is not installed. Falling back to Torch Norm")
/root/.cache/user_artifacts/trainers_glm/server/vendor/megatron-bridge/3rdparty/Megatron-LM/megatron/core/models/gpt/gpt_layer_specs.py:77: UserWarning: Apex is not installed. Falling back to Torch Norm
  warnings.warn("Apex is not installed. Falling back to Torch Norm")
/tmp/tmp8td28eff/cuda_utils.c:7:10: fatal error: Python.h: No such file or directory
    7 | #include <Python.h>
      |          ^~~~~~~~~~
compilation terminated.
/root/.cache/user_artifacts/trainers_glm/server/.venv/lib/python3.12/site-packages/fla/utils.py:420: UserWarning: Triton is not supported on current platform, roll back to CPU.
  warnings.warn(('Triton is not supported on current platform, roll back to CPU.'), stacklevel=1)
/tmp/tmp9av0udtw/cuda_utils.c:7:10: fatal error: Python.h: No such file or directory
    7 | #include <Python.h>
      |          ^~~~~~~~~~
compilation terminated.
/tmp/tmpgeqq9xtc/cuda_utils.c:7:10: fatal error: Python.h: No such file or directory
    7 | #include <Python.h>
      |          ^~~~~~~~~~
compilation terminated.
/tmp/tmpoum0xh97/cuda_utils.c:7:10: fatal error: Python.h: No such file or directory
    7 | #include <Python.h>
      |          ^~~~~~~~~~
compilation terminated.
/tmp/tmp7y5u1pc7/cuda_utils.c:7:10: fatal error: Python.h: No such file or directory
    7 | #include <Python.h>
      |          ^~~~~~~~~~
compilation terminated.
/tmp/tmprjy8opw9/cuda_utils.c:7:10: fatal error: Python.h: No such file or directory
    7 | #include <Python.h>
      |          ^~~~~~~~~~
compilation terminated.
/root/.cache/user_artifacts/trainers_glm/server/.venv/lib/python3.12/site-packages/fla/utils.py:420: UserWarning: Triton is not supported on current platform, roll back to CPU.
  warnings.warn(('Triton is not supported on current platform, roll back to CPU.'), stacklevel=1)
/tmp/tmpzxf5cqjo/cuda_utils.c:7:10: fatal error: Python.h: No such file or directory
    7 | #include <Python.h>
      |          ^~~~~~~~~~
compilation terminated.
/tmp/tmp7hqfxwef/cuda_utils.c:7:10: fatal error: Python.h: No such file or directory
    7 | #include <Python.h>
      |          ^~~~~~~~~~
compilation terminated.
/tmp/tmpqz0x01bb/cuda_utils.c:7:10: fatal error: Python.h: No such file or directory
    7 | #include <Python.h>
      |          ^~~~~~~~~~
compilation terminated.
/tmp/tmpwdmaetmh/cuda_utils.c:7:10: fatal error: Python.h: No such file or directory
    7 | #include <Python.h>
      |          ^~~~~~~~~~
compilation terminated.
/root/.cache/user_artifacts/trainers_glm/server/.venv/lib/python3.12/site-packages/modelopt/torch/__init__.py:53: UserWarning: transformers>=5.0 support is experimental. Unified Hugging Face checkpoint export for quantized checkpoints may not work for some models yet.
  _warnings.warn(
/root/.cache/user_artifacts/trainers_glm/server/vendor/megatron-bridge/3rdparty/Megatron-LM/megatron/core/models/gpt/heterogeneous/heterogeneous_layer_specs.py:68: UserWarning: Apex is not installed. Falling back to Torch Norm
  warnings.warn("Apex is not installed. Falling back to Torch Norm")
/root/.cache/user_artifacts/trainers_glm/server/vendor/megatron-bridge/3rdparty/Megatron-LM/megatron/core/models/vision/vit_layer_specs.py:31: UserWarning: Apex is not installed. Falling back to Torch Norm
  warnings.warn("Apex is not installed. Falling back to Torch Norm")
/root/.cache/user_artifacts/trainers_glm/server/.venv/lib/python3.12/site-packages/modelopt/torch/__init__.py:53: UserWarning: transformers>=5.0 support is experimental. Unified Hugging Face checkpoint export for quantized checkpoints may not work for some models yet.
  _warnings.warn(
/root/.cache/user_artifacts/trainers_glm/server/vendor/megatron-bridge/3rdparty/Megatron-LM/megatron/core/models/gpt/heterogeneous/heterogeneous_layer_specs.py:68: UserWarning: Apex is not installed. Falling back to Torch Norm
  warnings.warn("Apex is not installed. Falling back to Torch Norm")
/root/.cache/user_artifacts/trainers_glm/server/vendor/megatron-bridge/3rdparty/Megatron-LM/megatron/core/models/vision/vit_layer_specs.py:31: UserWarning: Apex is not installed. Falling back to Torch Norm
  warnings.warn("Apex is not installed. Falling back to Torch Norm")
/root/.cache/user_artifacts/trainers_glm/server/vendor/megatron-bridge/3rdparty/Megatron-LM/megatron/core/models/mimo/config/base_configs.py:12: UserWarning: MimoModelConfig is experimental and still under active development. The API may change without notice in future releases.
  class MimoModelConfig:
/root/.cache/user_artifacts/trainers_glm/server/vendor/megatron-bridge/3rdparty/Megatron-LM/megatron/core/models/mimo/config/base_configs.py:12: UserWarning: MimoModelConfig is experimental and still under active development. The API may change without notice in future releases.
  class MimoModelConfig:
WARNING:megatron.bridge.models.conversion.auto_bridge:Loading a model with trust_remote_code=True allows arbitrary code execution from the model repository. Only use this with models you trust.
[transformers] `torch_dtype` is deprecated! Use `dtype` instead!
INFO:trainers_server.dp_worker.api.megatron_controller:LoRA config: rank=16 alpha=32 (default 2*rank) -> forward scale=2
/root/.cache/user_artifacts/trainers_glm/server/vendor/megatron-bridge/3rdparty/Megatron-LM/megatron/core/transformer/transformer_config.py:2674: UserWarning: full scope is deprecated. Use empty cuda_graph_modules to capture the whole layer.
  warnings.warn(
WARNING:megatron.bridge.models.conversion.auto_bridge:Loading a model with trust_remote_code=True allows arbitrary code execution from the model repository. Only use this with models you trust.
[transformers] `torch_dtype` is deprecated! Use `dtype` instead!
INFO:trainers_server.dp_worker.api.megatron_controller:LoRA config: rank=16 alpha=32 (default 2*rank) -> forward scale=2
/root/.cache/user_artifacts/trainers_glm/server/vendor/megatron-bridge/3rdparty/Megatron-LM/megatron/core/transformer/transformer_config.py:2674: UserWarning: full scope is deprecated. Use empty cuda_graph_modules to capture the whole layer.
  warnings.warn(
/tmp/tmphqbaaop6/cuda_utils.c:7:10: fatal error: Python.h: No such file or directory
    7 | #include <Python.h>
      |          ^~~~~~~~~~
compilation terminated.
/root/.cache/user_artifacts/trainers_glm/server/.venv/lib/python3.12/site-packages/fla/utils.py:420: UserWarning: Triton is not supported on current platform, roll back to CPU.
  warnings.warn(('Triton is not supported on current platform, roll back to CPU.'), stacklevel=1)
/tmp/tmpub1938gu/cuda_utils.c:7:10: fatal error: Python.h: No such file or directory
    7 | #include <Python.h>
      |          ^~~~~~~~~~
compilation terminated.
/tmp/tmp26w719by/cuda_utils.c:7:10: fatal error: Python.h: No such file or directory
    7 | #include <Python.h>
      |          ^~~~~~~~~~
compilation terminated.
/tmp/tmpzy497lpn/cuda_utils.c:7:10: fatal error: Python.h: No such file or directory
    7 | #include <Python.h>
      |          ^~~~~~~~~~
compilation terminated.
/tmp/tmpht9pmk82/cuda_utils.c:7:10: fatal error: Python.h: No such file or directory
    7 | #include <Python.h>
      |          ^~~~~~~~~~
compilation terminated.
/root/.cache/user_artifacts/trainers_glm/server/.venv/lib/python3.12/site-packages/modelopt/torch/__init__.py:53: UserWarning: transformers>=5.0 support is experimental. Unified Hugging Face checkpoint export for quantized checkpoints may not work for some models yet.
  _warnings.warn(
/root/.cache/user_artifacts/trainers_glm/server/vendor/megatron-bridge/3rdparty/Megatron-LM/megatron/core/models/gpt/heterogeneous/heterogeneous_layer_specs.py:68: UserWarning: Apex is not installed. Falling back to Torch Norm
  warnings.warn("Apex is not installed. Falling back to Torch Norm")
/root/.cache/user_artifacts/trainers_glm/server/vendor/megatron-bridge/3rdparty/Megatron-LM/megatron/core/models/vision/vit_layer_specs.py:31: UserWarning: Apex is not installed. Falling back to Torch Norm
  warnings.warn("Apex is not installed. Falling back to Torch Norm")
/root/.cache/user_artifacts/trainers_glm/server/vendor/megatron-bridge/3rdparty/Megatron-LM/megatron/core/models/mimo/config/base_configs.py:12: UserWarning: MimoModelConfig is experimental and still under active development. The API may change without notice in future releases.
  class MimoModelConfig:
WARNING:megatron.bridge.models.conversion.auto_bridge:Loading a model with trust_remote_code=True allows arbitrary code execution from the model repository. Only use this with models you trust.
[transformers] `torch_dtype` is deprecated! Use `dtype` instead!
INFO:trainers_server.dp_worker.api.megatron_controller:LoRA config: rank=16 alpha=32 (default 2*rank) -> forward scale=2
/root/.cache/user_artifacts/trainers_glm/server/vendor/megatron-bridge/3rdparty/Megatron-LM/megatron/core/transformer/transformer_config.py:2674: UserWarning: full scope is deprecated. Use empty cuda_graph_modules to capture the whole layer.
  warnings.warn(
/tmp/tmpqlmr0k9s/cuda_utils.c:7:10: fatal error: Python.h: No such file or directory
    7 | #include <Python.h>
      |          ^~~~~~~~~~
compilation terminated.
/root/.cache/user_artifacts/trainers_glm/server/.venv/lib/python3.12/site-packages/fla/utils.py:420: UserWarning: Triton is not supported on current platform, roll back to CPU.
  warnings.warn(('Triton is not supported on current platform, roll back to CPU.'), stacklevel=1)
/tmp/tmpuntvpnhj/cuda_utils.c:7:10: fatal error: Python.h: No such file or directory
    7 | #include <Python.h>
      |          ^~~~~~~~~~
compilation terminated.
/tmp/tmps3q5ayu1/cuda_utils.c:7:10: fatal error: Python.h: No such file or directory
    7 | #include <Python.h>
      |          ^~~~~~~~~~
compilation terminated.
/tmp/tmpjb2yycak/cuda_utils.c:7:10: fatal error: Python.h: No such file or directory
    7 | #include <Python.h>
      |          ^~~~~~~~~~
compilation terminated.
/tmp/tmpf_hg6vr3/cuda_utils.c:7:10: fatal error: Python.h: No such file or directory
    7 | #include <Python.h>
      |          ^~~~~~~~~~
compilation terminated.
/root/.cache/user_artifacts/trainers_glm/server/.venv/lib/python3.12/site-packages/modelopt/torch/__init__.py:53: UserWarning: transformers>=5.0 support is experimental. Unified Hugging Face checkpoint export for quantized checkpoints may not work for some models yet.
  _warnings.warn(
/root/.cache/user_artifacts/trainers_glm/server/vendor/megatron-bridge/3rdparty/Megatron-LM/megatron/core/models/gpt/heterogeneous/heterogeneous_layer_specs.py:68: UserWarning: Apex is not installed. Falling back to Torch Norm
  warnings.warn("Apex is not installed. Falling back to Torch Norm")
/root/.cache/user_artifacts/trainers_glm/server/vendor/megatron-bridge/3rdparty/Megatron-LM/megatron/core/models/vision/vit_layer_specs.py:31: UserWarning: Apex is not installed. Falling back to Torch Norm
  warnings.warn("Apex is not installed. Falling back to Torch Norm")
/root/.cache/user_artifacts/trainers_glm/server/vendor/megatron-bridge/3rdparty/Megatron-LM/megatron/core/models/mimo/config/base_configs.py:12: UserWarning: MimoModelConfig is experimental and still under active development. The API may change without notice in future releases.
  class MimoModelConfig:
WARNING:megatron.bridge.models.conversion.auto_bridge:Loading a model with trust_remote_code=True allows arbitrary code execution from the model repository. Only use this with models you trust.
[transformers] `torch_dtype` is deprecated! Use `dtype` instead!
INFO:trainers_server.dp_worker.api.megatron_controller:LoRA config: rank=16 alpha=32 (default 2*rank) -> forward scale=2
/root/.cache/user_artifacts/trainers_glm/server/vendor/megatron-bridge/3rdparty/Megatron-LM/megatron/core/transformer/transformer_config.py:2674: UserWarning: full scope is deprecated. Use empty cuda_graph_modules to capture the whole layer.
  warnings.warn(
> compiling dataset index builder ...
make: Entering directory '/root/.cache/user_artifacts/trainers_glm/server/vendor/megatron-bridge/3rdparty/Megatron-LM/megatron/core/datasets'
make: python3-config: No such file or directory
make: python3-config: No such file or directory
g++ -O3 -Wall -shared -std=c++17 -fPIC -fdiagnostics-color -I/usr/include/python3.12 -I/root/.cache/user_artifacts/trainers_glm/server/.venv/lib/python3.12/site-packages/pybind11/include helpers.cpp -o helpers_cpp
In file included from [01m[K/root/.cache/user_artifacts/trainers_glm/server/.venv/lib/python3.12/site-packages/pybind11/include/pybind11/detail/common.h:12[m[K,
                 from [01m[K/root/.cache/user_artifacts/trainers_glm/server/.venv/lib/python3.12/site-packages/pybind11/include/pybind11/attr.h:13[m[K,
                 from [01m[K/root/.cache/user_artifacts/trainers_glm/server/.venv/lib/python3.12/site-packages/pybind11/include/pybind11/detail/class.h:12[m[K,
                 from [01m[K/root/.cache/user_artifacts/trainers_glm/server/.venv/lib/python3.12/site-packages/pybind11/include/pybind11/pybind11.h:12[m[K,
                 from [01m[Khelpers.cpp:12[m[K:
[01m[K/root/.cache/user_artifacts/trainers_glm/server/.venv/lib/python3.12/site-packages/pybind11/include/pybind11/conduit/wrap_include_python_h.h:44:10:[m[K [01;31m[Kfatal error: [m[KPython.h: No such file or directory
   44 | #include [01;31m[K<Python.h>[m[K
      |          [01;31m[K^~~~~~~~~~[m[K
compilation terminated.
make: *** [Makefile:13: helpers_cpp] Error 1
make: Leaving directory '/root/.cache/user_artifacts/trainers_glm/server/vendor/megatron-bridge/3rdparty/Megatron-LM/megatron/core/datasets'
[rank8]:[W708 06:41:14.546904071 ProcessGroupNCCL.cpp:1575] Warning: WARNING: destroy_process_group() was not called before program exit, which can leak resources. For more info, please see https://pytorch.org/docs/stable/distributed.html#shutdown (function operator())
W0708 06:41:17.457000 81785 .venv/lib/python3.12/site-packages/torch/distributed/elastic/multiprocessing/api.py:1012] Sending process 81920 closing signal SIGTERM
W0708 06:41:17.460000 81785 .venv/lib/python3.12/site-packages/torch/distributed/elastic/multiprocessing/api.py:1012] Sending process 81921 closing signal SIGTERM
W0708 06:41:17.461000 81785 .venv/lib/python3.12/site-packages/torch/distributed/elastic/multiprocessing/api.py:1012] Sending process 81922 closing signal SIGTERM
W0708 06:41:17.464000 81785 .venv/lib/python3.12/site-packages/torch/distributed/elastic/multiprocessing/api.py:1012] Sending process 81923 closing signal SIGTERM
W0708 06:41:17.468000 81785 .venv/lib/python3.12/site-packages/torch/distributed/elastic/multiprocessing/api.py:1012] Sending process 81924 closing signal SIGTERM
W0708 06:41:17.472000 81785 .venv/lib/python3.12/site-packages/torch/distributed/elastic/multiprocessing/api.py:1012] Sending process 81925 closing signal SIGTERM
W0708 06:41:17.473000 81785 .venv/lib/python3.12/site-packages/torch/distributed/elastic/multiprocessing/api.py:1012] Sending process 81926 closing signal SIGTERM
E0708 06:41:19.744000 81785 .venv/lib/python3.12/site-packages/torch/distributed/elastic/multiprocessing/api.py:986] failed (exitcode: 1) local_rank: 0 (pid: 81919) of binary: /root/.cache/user_artifacts/trainers_glm/server/.venv/bin/python
Traceback (most recent call last):
  File "/root/.cache/user_artifacts/trainers_glm/server/.venv/bin/torchrun", line 10, in <module>
    sys.exit(main())
             ^^^^^^
  File "/root/.cache/user_artifacts/trainers_glm/server/.venv/lib/python3.12/site-packages/torch/distributed/elastic/multiprocessing/errors/__init__.py", line 362, in wrapper
    return f(*args, **kwargs)
           ^^^^^^^^^^^^^^^^^^
  File "/root/.cache/user_artifacts/trainers_glm/server/.venv/lib/python3.12/site-packages/torch/distributed/run.py", line 990, in main
    run(args)
  File "/root/.cache/user_artifacts/trainers_glm/server/.venv/lib/python3.12/site-packages/torch/distributed/run.py", line 981, in run
    elastic_launch(
  File "/root/.cache/user_artifacts/trainers_glm/server/.venv/lib/python3.12/site-packages/torch/distributed/launcher/api.py", line 170, in __call__
    return launch_agent(self._config, self._entrypoint, list(args))
           ^^^^^^^^^^^^^^^^^^^^^^^^^^^^^^^^^^^^^^^^^^^^^^^^^^^^^^^^
  File "/root/.cache/user_artifacts/trainers_glm/server/.venv/lib/python3.12/site-packages/torch/distributed/launcher/api.py", line 317, in launch_agent
    raise ChildFailedError(
torch.distributed.elastic.multiprocessing.errors.ChildFailedError: 
============================================================
trainers_server.dp_worker.main FAILED
------------------------------------------------------------
Failures:
[1]:
  time      : 2026-07-08_06:41:19
  host      : baseten-training-job-qr9oevq-multinode-0-1.baseten-training-job-qr9oevq-multinode.org-99340d71961343c28c5c567d705ab0c0.svc.cluster.local
  rank      : 9 (local_rank: 1)
  exitcode  : -15 (pid: 81920)
  error_file: <N/A>
  traceback : Signal 15 (SIGTERM) received by PID 81920
[2]:
  time      : 2026-07-08_06:41:19
  host      : baseten-training-job-qr9oevq-multinode-0-1.baseten-training-job-qr9oevq-multinode.org-99340d71961343c28c5c567d705ab0c0.svc.cluster.local
  rank      : 10 (local_rank: 2)
  exitcode  : -15 (pid: 81921)
  error_file: <N/A>
  traceback : Signal 15 (SIGTERM) received by PID 81921
[3]:
  time      : 2026-07-08_06:41:19
  host      : baseten-training-job-qr9oevq-multinode-0-1.baseten-training-job-qr9oevq-multinode.org-99340d71961343c28c5c567d705ab0c0.svc.cluster.local
  rank      : 11 (local_rank: 3)
  exitcode  : -15 (pid: 81922)
  error_file: <N/A>
  traceback : Signal 15 (SIGTERM) received by PID 81922
[4]:
  time      : 2026-07-08_06:41:19
  host      : baseten-training-job-qr9oevq-multinode-0-1.baseten-training-job-qr9oevq-multinode.org-99340d71961343c28c5c567d705ab0c0.svc.cluster.local
  rank      : 12 (local_rank: 4)
  exitcode  : -15 (pid: 81923)
  error_file: <N/A>
  traceback : Signal 15 (SIGTERM) received by PID 81923
[5]:
  time      : 2026-07-08_06:41:19
  host      : baseten-training-job-qr9oevq-multinode-0-1.baseten-training-job-qr9oevq-multinode.org-99340d71961343c28c5c567d705ab0c0.svc.cluster.local
  rank      : 13 (local_rank: 5)
  exitcode  : -15 (pid: 81924)
  error_file: <N/A>
  traceback : Signal 15 (SIGTERM) received by PID 81924
[6]:
  time      : 2026-07-08_06:41:19
  host      : baseten-training-job-qr9oevq-multinode-0-1.baseten-training-job-qr9oevq-multinode.org-99340d71961343c28c5c567d705ab0c0.svc.cluster.local
  rank      : 14 (local_rank: 6)
  exitcode  : -15 (pid: 81925)
  error_file: <N/A>
  traceback : Signal 15 (SIGTERM) received by PID 81925
[7]:
  time      : 2026-07-08_06:41:19
  host      : baseten-training-job-qr9oevq-multinode-0-1.baseten-training-job-qr9oevq-multinode.org-99340d71961343c28c5c567d705ab0c0.svc.cluster.local
  rank      : 15 (local_rank: 7)
  exitcode  : -15 (pid: 81926)
  error_file: <N/A>
  traceback : Signal 15 (SIGTERM) received by PID 81926
------------------------------------------------------------
Root Cause (first observed failure):
[0]:
  time      : 2026-07-08_06:41:17
  host      : baseten-training-job-qr9oevq-multinode-0-1.baseten-training-job-qr9oevq-multinode.org-99340d71961343c28c5c567d705ab0c0.svc.cluster.local
  rank      : 8 (local_rank: 0)
  exitcode  : 1 (pid: 81919)
  error_file: <N/A>
  traceback : To enable traceback see: https://pytorch.org/docs/stable/elastic/errors.html
============================================================
