[run_trainer_node] NCCL_IB_HCA=mlx5_0,mlx5_1,mlx5_3,mlx5_4,mlx5_5,mlx5_6,mlx5_7,mlx5_8,mlx5_9,mlx5_10,mlx5_12,mlx5_13
[run_trainer_node] rank=1 nnodes=4 leader=10.233.87.95 config=/root/.cache/user_artifacts/glm_prof/configs/active.json src=/root/.cache/user_artifacts/trainers_glm
[run_trainer_node] config contents:
{
  "base_model": "zai-org/GLM-5.2-FP8",
  "max_seq_len": 131072,
  "tensor_parallel_size": 1,
  "pipeline_parallel_size": 16,
  "context_parallel_size": 1,
  "expert_parallel_size": 2,
  "expert_tensor_parallel_size": 1,
  "trust_remote_code": true,
  "lora_rank": 16,
  "weight_sync": {"type": "disabled"}
}
/root/.cache/user_artifacts/trainers_glm/server/.venv/lib/python3.12/site-packages/torch/cuda/__init__.py:61: FutureWarning: The pynvml package is deprecated. Please install nvidia-ml-py instead. If you did not install pynvml directly, please report this to the maintainers of the package that installed pynvml for you.
  import pynvml  # type: ignore[import]
/root/.cache/user_artifacts/trainers_glm/server/.venv/lib/python3.12/site-packages/torch/cuda/__init__.py:61: FutureWarning: The pynvml package is deprecated. Please install nvidia-ml-py instead. If you did not install pynvml directly, please report this to the maintainers of the package that installed pynvml for you.
  import pynvml  # type: ignore[import]
/root/.cache/user_artifacts/trainers_glm/server/.venv/lib/python3.12/site-packages/torch/cuda/__init__.py:61: FutureWarning: The pynvml package is deprecated. Please install nvidia-ml-py instead. If you did not install pynvml directly, please report this to the maintainers of the package that installed pynvml for you.
  import pynvml  # type: ignore[import]
/root/.cache/user_artifacts/trainers_glm/server/.venv/lib/python3.12/site-packages/torch/cuda/__init__.py:61: FutureWarning: The pynvml package is deprecated. Please install nvidia-ml-py instead. If you did not install pynvml directly, please report this to the maintainers of the package that installed pynvml for you.
  import pynvml  # type: ignore[import]
/root/.cache/user_artifacts/trainers_glm/server/.venv/lib/python3.12/site-packages/torch/cuda/__init__.py:61: FutureWarning: The pynvml package is deprecated. Please install nvidia-ml-py instead. If you did not install pynvml directly, please report this to the maintainers of the package that installed pynvml for you.
  import pynvml  # type: ignore[import]
/root/.cache/user_artifacts/trainers_glm/server/.venv/lib/python3.12/site-packages/torch/cuda/__init__.py:61: FutureWarning: The pynvml package is deprecated. Please install nvidia-ml-py instead. If you did not install pynvml directly, please report this to the maintainers of the package that installed pynvml for you.
  import pynvml  # type: ignore[import]
/root/.cache/user_artifacts/trainers_glm/server/.venv/lib/python3.12/site-packages/torch/cuda/__init__.py:61: FutureWarning: The pynvml package is deprecated. Please install nvidia-ml-py instead. If you did not install pynvml directly, please report this to the maintainers of the package that installed pynvml for you.
  import pynvml  # type: ignore[import]
/root/.cache/user_artifacts/trainers_glm/server/.venv/lib/python3.12/site-packages/torch/cuda/__init__.py:61: FutureWarning: The pynvml package is deprecated. Please install nvidia-ml-py instead. If you did not install pynvml directly, please report this to the maintainers of the package that installed pynvml for you.
  import pynvml  # type: ignore[import]
/root/.cache/user_artifacts/trainers_glm/server/vendor/megatron-bridge/3rdparty/Megatron-LM/megatron/core/models/backends.py:34: UserWarning: Apex is not installed. Falling back to Torch Norm
  warnings.warn("Apex is not installed. Falling back to Torch Norm")
/root/.cache/user_artifacts/trainers_glm/server/vendor/megatron-bridge/3rdparty/Megatron-LM/megatron/core/models/gpt/gpt_layer_specs.py:77: UserWarning: Apex is not installed. Falling back to Torch Norm
  warnings.warn("Apex is not installed. Falling back to Torch Norm")
/root/.cache/user_artifacts/trainers_glm/server/vendor/megatron-bridge/3rdparty/Megatron-LM/megatron/core/models/backends.py:34: UserWarning: Apex is not installed. Falling back to Torch Norm
  warnings.warn("Apex is not installed. Falling back to Torch Norm")
/root/.cache/user_artifacts/trainers_glm/server/vendor/megatron-bridge/3rdparty/Megatron-LM/megatron/core/models/gpt/gpt_layer_specs.py:77: UserWarning: Apex is not installed. Falling back to Torch Norm
  warnings.warn("Apex is not installed. Falling back to Torch Norm")
/root/.cache/user_artifacts/trainers_glm/server/vendor/megatron-bridge/3rdparty/Megatron-LM/megatron/core/models/backends.py:34: UserWarning: Apex is not installed. Falling back to Torch Norm
  warnings.warn("Apex is not installed. Falling back to Torch Norm")
/root/.cache/user_artifacts/trainers_glm/server/vendor/megatron-bridge/3rdparty/Megatron-LM/megatron/core/models/gpt/gpt_layer_specs.py:77: UserWarning: Apex is not installed. Falling back to Torch Norm
  warnings.warn("Apex is not installed. Falling back to Torch Norm")
/root/.cache/user_artifacts/trainers_glm/server/vendor/megatron-bridge/3rdparty/Megatron-LM/megatron/core/models/backends.py:34: UserWarning: Apex is not installed. Falling back to Torch Norm
  warnings.warn("Apex is not installed. Falling back to Torch Norm")
/root/.cache/user_artifacts/trainers_glm/server/vendor/megatron-bridge/3rdparty/Megatron-LM/megatron/core/models/backends.py:34: UserWarning: Apex is not installed. Falling back to Torch Norm
  warnings.warn("Apex is not installed. Falling back to Torch Norm")
/root/.cache/user_artifacts/trainers_glm/server/vendor/megatron-bridge/3rdparty/Megatron-LM/megatron/core/models/gpt/gpt_layer_specs.py:77: UserWarning: Apex is not installed. Falling back to Torch Norm
  warnings.warn("Apex is not installed. Falling back to Torch Norm")
/root/.cache/user_artifacts/trainers_glm/server/vendor/megatron-bridge/3rdparty/Megatron-LM/megatron/core/models/gpt/gpt_layer_specs.py:77: UserWarning: Apex is not installed. Falling back to Torch Norm
  warnings.warn("Apex is not installed. Falling back to Torch Norm")
/root/.cache/user_artifacts/trainers_glm/server/vendor/megatron-bridge/3rdparty/Megatron-LM/megatron/core/models/backends.py:34: UserWarning: Apex is not installed. Falling back to Torch Norm
  warnings.warn("Apex is not installed. Falling back to Torch Norm")
/root/.cache/user_artifacts/trainers_glm/server/vendor/megatron-bridge/3rdparty/Megatron-LM/megatron/core/models/gpt/gpt_layer_specs.py:77: UserWarning: Apex is not installed. Falling back to Torch Norm
  warnings.warn("Apex is not installed. Falling back to Torch Norm")
/root/.cache/user_artifacts/trainers_glm/server/vendor/megatron-bridge/3rdparty/Megatron-LM/megatron/core/models/backends.py:34: UserWarning: Apex is not installed. Falling back to Torch Norm
  warnings.warn("Apex is not installed. Falling back to Torch Norm")
/root/.cache/user_artifacts/trainers_glm/server/vendor/megatron-bridge/3rdparty/Megatron-LM/megatron/core/models/gpt/gpt_layer_specs.py:77: UserWarning: Apex is not installed. Falling back to Torch Norm
  warnings.warn("Apex is not installed. Falling back to Torch Norm")
/root/.cache/user_artifacts/trainers_glm/server/.venv/lib/python3.12/site-packages/torch/cuda/__init__.py:61: FutureWarning: The pynvml package is deprecated. Please install nvidia-ml-py instead. If you did not install pynvml directly, please report this to the maintainers of the package that installed pynvml for you.
  import pynvml  # type: ignore[import]
/tmp/tmppdig225_/cuda_utils.c:7:10: fatal error: Python.h: No such file or directory
    7 | #include <Python.h>
      |          ^~~~~~~~~~
compilation terminated.
/root/.cache/user_artifacts/trainers_glm/server/.venv/lib/python3.12/site-packages/fla/utils.py:420: UserWarning: Triton is not supported on current platform, roll back to CPU.
  warnings.warn(('Triton is not supported on current platform, roll back to CPU.'), stacklevel=1)
/tmp/tmpkg5zwgez/cuda_utils.c:7:10: fatal error: Python.h: No such file or directory
    7 | #include <Python.h>
      |          ^~~~~~~~~~
compilation terminated.
/tmp/tmpq8gnr5kc/cuda_utils.c:7:10: fatal error: Python.h: No such file or directory
    7 | #include <Python.h>
      |          ^~~~~~~~~~
compilation terminated.
/tmp/tmpv7bykxtn/cuda_utils.c:7:10: fatal error: Python.h: No such file or directory
    7 | #include <Python.h>
      |          ^~~~~~~~~~
compilation terminated.
/tmp/tmpg2n4s37q/cuda_utils.c:7:10: fatal error: Python.h: No such file or directory
    7 | #include <Python.h>
      |          ^~~~~~~~~~
compilation terminated.
/root/.cache/user_artifacts/trainers_glm/server/.venv/lib/python3.12/site-packages/modelopt/torch/__init__.py:53: UserWarning: transformers>=5.0 support is experimental. Unified Hugging Face checkpoint export for quantized checkpoints may not work for some models yet.
  _warnings.warn(
/root/.cache/user_artifacts/trainers_glm/server/vendor/megatron-bridge/3rdparty/Megatron-LM/megatron/core/models/gpt/heterogeneous/heterogeneous_layer_specs.py:68: UserWarning: Apex is not installed. Falling back to Torch Norm
  warnings.warn("Apex is not installed. Falling back to Torch Norm")
/root/.cache/user_artifacts/trainers_glm/server/vendor/megatron-bridge/3rdparty/Megatron-LM/megatron/core/models/vision/vit_layer_specs.py:31: UserWarning: Apex is not installed. Falling back to Torch Norm
  warnings.warn("Apex is not installed. Falling back to Torch Norm")
/root/.cache/user_artifacts/trainers_glm/server/vendor/megatron-bridge/3rdparty/Megatron-LM/megatron/core/models/backends.py:34: UserWarning: Apex is not installed. Falling back to Torch Norm
  warnings.warn("Apex is not installed. Falling back to Torch Norm")
/root/.cache/user_artifacts/trainers_glm/server/vendor/megatron-bridge/3rdparty/Megatron-LM/megatron/core/models/gpt/gpt_layer_specs.py:77: UserWarning: Apex is not installed. Falling back to Torch Norm
  warnings.warn("Apex is not installed. Falling back to Torch Norm")
/root/.cache/user_artifacts/trainers_glm/server/vendor/megatron-bridge/3rdparty/Megatron-LM/megatron/core/models/mimo/config/base_configs.py:12: UserWarning: MimoModelConfig is experimental and still under active development. The API may change without notice in future releases.
  class MimoModelConfig:
/tmp/tmpraivbz0t/cuda_utils.c:7:10: fatal error: Python.h: No such file or directory
    7 | #include <Python.h>
      |          ^~~~~~~~~~
compilation terminated.
/root/.cache/user_artifacts/trainers_glm/server/.venv/lib/python3.12/site-packages/fla/utils.py:420: UserWarning: Triton is not supported on current platform, roll back to CPU.
  warnings.warn(('Triton is not supported on current platform, roll back to CPU.'), stacklevel=1)
/tmp/tmpuaq3j0ha/cuda_utils.c:7:10: fatal error: Python.h: No such file or directory
    7 | #include <Python.h>
      |          ^~~~~~~~~~
compilation terminated.
/tmp/tmp6m0ite0v/cuda_utils.c:7:10: fatal error: Python.h: No such file or directory
    7 | #include <Python.h>
      |          ^~~~~~~~~~
compilation terminated.
/tmp/tmpfjgs9s1b/cuda_utils.c:7:10: fatal error: Python.h: No such file or directory
    7 | #include <Python.h>
      |          ^~~~~~~~~~
compilation terminated.
WARNING:megatron.bridge.models.conversion.auto_bridge:Loading a model with trust_remote_code=True allows arbitrary code execution from the model repository. Only use this with models you trust.
[transformers] `torch_dtype` is deprecated! Use `dtype` instead!
INFO:trainers_server.dp_worker.api.megatron_controller:LoRA config: rank=16 alpha=32 (default 2*rank) -> forward scale=2
/root/.cache/user_artifacts/trainers_glm/server/vendor/megatron-bridge/3rdparty/Megatron-LM/megatron/core/transformer/transformer_config.py:2674: UserWarning: full scope is deprecated. Use empty cuda_graph_modules to capture the whole layer.
  warnings.warn(
/tmp/tmp_sov6xsr/cuda_utils.c:7:10: fatal error: Python.h: No such file or directory
    7 | #include <Python.h>
      |          ^~~~~~~~~~
compilation terminated.
/root/.cache/user_artifacts/trainers_glm/server/.venv/lib/python3.12/site-packages/modelopt/torch/__init__.py:53: UserWarning: transformers>=5.0 support is experimental. Unified Hugging Face checkpoint export for quantized checkpoints may not work for some models yet.
  _warnings.warn(
/root/.cache/user_artifacts/trainers_glm/server/vendor/megatron-bridge/3rdparty/Megatron-LM/megatron/core/models/gpt/heterogeneous/heterogeneous_layer_specs.py:68: UserWarning: Apex is not installed. Falling back to Torch Norm
  warnings.warn("Apex is not installed. Falling back to Torch Norm")
/root/.cache/user_artifacts/trainers_glm/server/vendor/megatron-bridge/3rdparty/Megatron-LM/megatron/core/models/vision/vit_layer_specs.py:31: UserWarning: Apex is not installed. Falling back to Torch Norm
  warnings.warn("Apex is not installed. Falling back to Torch Norm")
/root/.cache/user_artifacts/trainers_glm/server/vendor/megatron-bridge/3rdparty/Megatron-LM/megatron/core/models/mimo/config/base_configs.py:12: UserWarning: MimoModelConfig is experimental and still under active development. The API may change without notice in future releases.
  class MimoModelConfig:
WARNING:megatron.bridge.models.conversion.auto_bridge:Loading a model with trust_remote_code=True allows arbitrary code execution from the model repository. Only use this with models you trust.
[transformers] `torch_dtype` is deprecated! Use `dtype` instead!
INFO:trainers_server.dp_worker.api.megatron_controller:LoRA config: rank=16 alpha=32 (default 2*rank) -> forward scale=2
/root/.cache/user_artifacts/trainers_glm/server/vendor/megatron-bridge/3rdparty/Megatron-LM/megatron/core/transformer/transformer_config.py:2674: UserWarning: full scope is deprecated. Use empty cuda_graph_modules to capture the whole layer.
  warnings.warn(
/tmp/tmp0pkif16e/cuda_utils.c:7:10: fatal error: Python.h: No such file or directory
    7 | #include <Python.h>
      |          ^~~~~~~~~~
compilation terminated.
/root/.cache/user_artifacts/trainers_glm/server/.venv/lib/python3.12/site-packages/fla/utils.py:420: UserWarning: Triton is not supported on current platform, roll back to CPU.
  warnings.warn(('Triton is not supported on current platform, roll back to CPU.'), stacklevel=1)
/tmp/tmpno1t2os1/cuda_utils.c:7:10: fatal error: Python.h: No such file or directory
    7 | #include <Python.h>
      |          ^~~~~~~~~~
compilation terminated.
/tmp/tmpu6k6aixh/cuda_utils.c:7:10: fatal error: Python.h: No such file or directory
    7 | #include <Python.h>
      |          ^~~~~~~~~~
compilation terminated.
/tmp/tmphtpesl4s/cuda_utils.c:7:10: fatal error: Python.h: No such file or directory
    7 | #include <Python.h>
      |          ^~~~~~~~~~
compilation terminated.
/root/.cache/user_artifacts/trainers_glm/server/.venv/lib/python3.12/site-packages/fla/utils.py:420: UserWarning: Triton is not supported on current platform, roll back to CPU.
  warnings.warn(('Triton is not supported on current platform, roll back to CPU.'), stacklevel=1)
/tmp/tmpv6hhku9q/cuda_utils.c:7:10: fatal error: Python.h: No such file or directory
    7 | #include <Python.h>
      |          ^~~~~~~~~~
compilation terminated.
/tmp/tmp9zb_vpfx/cuda_utils.c:7:10: fatal error: Python.h: No such file or directory
    7 | #include <Python.h>
      |          ^~~~~~~~~~
compilation terminated.
/tmp/tmpcbl_6gst/cuda_utils.c:7:10: fatal error: Python.h: No such file or directory
    7 | #include <Python.h>
      |          ^~~~~~~~~~
compilation terminated.
/tmp/tmpoiduvr2x/cuda_utils.c:7:10: fatal error: Python.h: No such file or directory
    7 | #include <Python.h>
      |          ^~~~~~~~~~
compilation terminated.
/tmp/tmp5kflxosh/cuda_utils.c:7:10: fatal error: Python.h: No such file or directory
    7 | #include <Python.h>
      |          ^~~~~~~~~~
compilation terminated.
/tmp/tmpkbttm26_/cuda_utils.c:7:10: fatal error: Python.h: No such file or directory
    7 | #include <Python.h>
      |          ^~~~~~~~~~
compilation terminated.
/root/.cache/user_artifacts/trainers_glm/server/.venv/lib/python3.12/site-packages/modelopt/torch/__init__.py:53: UserWarning: transformers>=5.0 support is experimental. Unified Hugging Face checkpoint export for quantized checkpoints may not work for some models yet.
  _warnings.warn(
/root/.cache/user_artifacts/trainers_glm/server/vendor/megatron-bridge/3rdparty/Megatron-LM/megatron/core/models/gpt/heterogeneous/heterogeneous_layer_specs.py:68: UserWarning: Apex is not installed. Falling back to Torch Norm
  warnings.warn("Apex is not installed. Falling back to Torch Norm")
/root/.cache/user_artifacts/trainers_glm/server/.venv/lib/python3.12/site-packages/modelopt/torch/__init__.py:53: UserWarning: transformers>=5.0 support is experimental. Unified Hugging Face checkpoint export for quantized checkpoints may not work for some models yet.
  _warnings.warn(
/root/.cache/user_artifacts/trainers_glm/server/vendor/megatron-bridge/3rdparty/Megatron-LM/megatron/core/models/gpt/heterogeneous/heterogeneous_layer_specs.py:68: UserWarning: Apex is not installed. Falling back to Torch Norm
  warnings.warn("Apex is not installed. Falling back to Torch Norm")
/root/.cache/user_artifacts/trainers_glm/server/vendor/megatron-bridge/3rdparty/Megatron-LM/megatron/core/models/vision/vit_layer_specs.py:31: UserWarning: Apex is not installed. Falling back to Torch Norm
  warnings.warn("Apex is not installed. Falling back to Torch Norm")
/root/.cache/user_artifacts/trainers_glm/server/vendor/megatron-bridge/3rdparty/Megatron-LM/megatron/core/models/vision/vit_layer_specs.py:31: UserWarning: Apex is not installed. Falling back to Torch Norm
  warnings.warn("Apex is not installed. Falling back to Torch Norm")
/root/.cache/user_artifacts/trainers_glm/server/vendor/megatron-bridge/3rdparty/Megatron-LM/megatron/core/models/mimo/config/base_configs.py:12: UserWarning: MimoModelConfig is experimental and still under active development. The API may change without notice in future releases.
  class MimoModelConfig:
/root/.cache/user_artifacts/trainers_glm/server/vendor/megatron-bridge/3rdparty/Megatron-LM/megatron/core/models/mimo/config/base_configs.py:12: UserWarning: MimoModelConfig is experimental and still under active development. The API may change without notice in future releases.
  class MimoModelConfig:
WARNING:megatron.bridge.models.conversion.auto_bridge:Loading a model with trust_remote_code=True allows arbitrary code execution from the model repository. Only use this with models you trust.
[transformers] `torch_dtype` is deprecated! Use `dtype` instead!
INFO:trainers_server.dp_worker.api.megatron_controller:LoRA config: rank=16 alpha=32 (default 2*rank) -> forward scale=2
/root/.cache/user_artifacts/trainers_glm/server/vendor/megatron-bridge/3rdparty/Megatron-LM/megatron/core/transformer/transformer_config.py:2674: UserWarning: full scope is deprecated. Use empty cuda_graph_modules to capture the whole layer.
  warnings.warn(
WARNING:megatron.bridge.models.conversion.auto_bridge:Loading a model with trust_remote_code=True allows arbitrary code execution from the model repository. Only use this with models you trust.
[transformers] `torch_dtype` is deprecated! Use `dtype` instead!
INFO:trainers_server.dp_worker.api.megatron_controller:LoRA config: rank=16 alpha=32 (default 2*rank) -> forward scale=2
/root/.cache/user_artifacts/trainers_glm/server/vendor/megatron-bridge/3rdparty/Megatron-LM/megatron/core/transformer/transformer_config.py:2674: UserWarning: full scope is deprecated. Use empty cuda_graph_modules to capture the whole layer.
  warnings.warn(
/tmp/tmp2i_tx1lf/cuda_utils.c:7:10: fatal error: Python.h: No such file or directory
    7 | #include <Python.h>
      |          ^~~~~~~~~~
compilation terminated.
/root/.cache/user_artifacts/trainers_glm/server/.venv/lib/python3.12/site-packages/fla/utils.py:420: UserWarning: Triton is not supported on current platform, roll back to CPU.
  warnings.warn(('Triton is not supported on current platform, roll back to CPU.'), stacklevel=1)
/tmp/tmp9avvda8z/cuda_utils.c:7:10: fatal error: Python.h: No such file or directory
    7 | #include <Python.h>
      |          ^~~~~~~~~~
compilation terminated.
/tmp/tmp1hjvcqyq/cuda_utils.c:7:10: fatal error: Python.h: No such file or directory
    7 | #include <Python.h>
      |          ^~~~~~~~~~
compilation terminated.
/tmp/tmpeqo8da6h/cuda_utils.c:7:10: fatal error: Python.h: No such file or directory
    7 | #include <Python.h>
      |          ^~~~~~~~~~
compilation terminated.
/tmp/tmpjddp3fqj/cuda_utils.c:7:10: fatal error: Python.h: No such file or directory
    7 | #include <Python.h>
      |          ^~~~~~~~~~
compilation terminated.
/root/.cache/user_artifacts/trainers_glm/server/.venv/lib/python3.12/site-packages/modelopt/torch/__init__.py:53: UserWarning: transformers>=5.0 support is experimental. Unified Hugging Face checkpoint export for quantized checkpoints may not work for some models yet.
  _warnings.warn(
/root/.cache/user_artifacts/trainers_glm/server/vendor/megatron-bridge/3rdparty/Megatron-LM/megatron/core/models/gpt/heterogeneous/heterogeneous_layer_specs.py:68: UserWarning: Apex is not installed. Falling back to Torch Norm
  warnings.warn("Apex is not installed. Falling back to Torch Norm")
/root/.cache/user_artifacts/trainers_glm/server/vendor/megatron-bridge/3rdparty/Megatron-LM/megatron/core/models/vision/vit_layer_specs.py:31: UserWarning: Apex is not installed. Falling back to Torch Norm
  warnings.warn("Apex is not installed. Falling back to Torch Norm")
/root/.cache/user_artifacts/trainers_glm/server/vendor/megatron-bridge/3rdparty/Megatron-LM/megatron/core/models/mimo/config/base_configs.py:12: UserWarning: MimoModelConfig is experimental and still under active development. The API may change without notice in future releases.
  class MimoModelConfig:
/tmp/tmpy4ox57me/cuda_utils.c:7:10: fatal error: Python.h: No such file or directory
    7 | #include <Python.h>
      |          ^~~~~~~~~~
compilation terminated.
/root/.cache/user_artifacts/trainers_glm/server/.venv/lib/python3.12/site-packages/fla/utils.py:420: UserWarning: Triton is not supported on current platform, roll back to CPU.
  warnings.warn(('Triton is not supported on current platform, roll back to CPU.'), stacklevel=1)
/tmp/tmpk_csqsaa/cuda_utils.c:7:10: fatal error: Python.h: No such file or directory
    7 | #include <Python.h>
      |          ^~~~~~~~~~
compilation terminated.
/tmp/tmpd4ikmdio/cuda_utils.c:7:10: fatal error: Python.h: No such file or directory
    7 | #include <Python.h>
      |          ^~~~~~~~~~
compilation terminated.
/tmp/tmpn9x1ujv_/cuda_utils.c:7:10: fatal error: Python.h: No such file or directory
    7 | #include <Python.h>
      |          ^~~~~~~~~~
compilation terminated.
/tmp/tmp7hq8ds8j/cuda_utils.c:7:10: fatal error: Python.h: No such file or directory
    7 | #include <Python.h>
      |          ^~~~~~~~~~
compilation terminated.
WARNING:megatron.bridge.models.conversion.auto_bridge:Loading a model with trust_remote_code=True allows arbitrary code execution from the model repository. Only use this with models you trust.
[transformers] `torch_dtype` is deprecated! Use `dtype` instead!
INFO:trainers_server.dp_worker.api.megatron_controller:LoRA config: rank=16 alpha=32 (default 2*rank) -> forward scale=2
/root/.cache/user_artifacts/trainers_glm/server/vendor/megatron-bridge/3rdparty/Megatron-LM/megatron/core/transformer/transformer_config.py:2674: UserWarning: full scope is deprecated. Use empty cuda_graph_modules to capture the whole layer.
  warnings.warn(
/root/.cache/user_artifacts/trainers_glm/server/.venv/lib/python3.12/site-packages/modelopt/torch/__init__.py:53: UserWarning: transformers>=5.0 support is experimental. Unified Hugging Face checkpoint export for quantized checkpoints may not work for some models yet.
  _warnings.warn(
/root/.cache/user_artifacts/trainers_glm/server/vendor/megatron-bridge/3rdparty/Megatron-LM/megatron/core/models/gpt/heterogeneous/heterogeneous_layer_specs.py:68: UserWarning: Apex is not installed. Falling back to Torch Norm
  warnings.warn("Apex is not installed. Falling back to Torch Norm")
/root/.cache/user_artifacts/trainers_glm/server/vendor/megatron-bridge/3rdparty/Megatron-LM/megatron/core/models/vision/vit_layer_specs.py:31: UserWarning: Apex is not installed. Falling back to Torch Norm
  warnings.warn("Apex is not installed. Falling back to Torch Norm")
/root/.cache/user_artifacts/trainers_glm/server/vendor/megatron-bridge/3rdparty/Megatron-LM/megatron/core/models/mimo/config/base_configs.py:12: UserWarning: MimoModelConfig is experimental and still under active development. The API may change without notice in future releases.
  class MimoModelConfig:
WARNING:megatron.bridge.models.conversion.auto_bridge:Loading a model with trust_remote_code=True allows arbitrary code execution from the model repository. Only use this with models you trust.
[transformers] `torch_dtype` is deprecated! Use `dtype` instead!
INFO:trainers_server.dp_worker.api.megatron_controller:LoRA config: rank=16 alpha=32 (default 2*rank) -> forward scale=2
/root/.cache/user_artifacts/trainers_glm/server/vendor/megatron-bridge/3rdparty/Megatron-LM/megatron/core/transformer/transformer_config.py:2674: UserWarning: full scope is deprecated. Use empty cuda_graph_modules to capture the whole layer.
  warnings.warn(
/tmp/tmpepabylql/cuda_utils.c:7:10: fatal error: Python.h: No such file or directory
    7 | #include <Python.h>
      |          ^~~~~~~~~~
compilation terminated.
/root/.cache/user_artifacts/trainers_glm/server/.venv/lib/python3.12/site-packages/fla/utils.py:420: UserWarning: Triton is not supported on current platform, roll back to CPU.
  warnings.warn(('Triton is not supported on current platform, roll back to CPU.'), stacklevel=1)
/tmp/tmp4_7w9hx2/cuda_utils.c:7:10: fatal error: Python.h: No such file or directory
    7 | #include <Python.h>
      |          ^~~~~~~~~~
compilation terminated.
/tmp/tmp3_e6ro7u/cuda_utils.c:7:10: fatal error: Python.h: No such file or directory
    7 | #include <Python.h>
      |          ^~~~~~~~~~
compilation terminated.
/tmp/tmp9808m6au/cuda_utils.c:7:10: fatal error: Python.h: No such file or directory
    7 | #include <Python.h>
      |          ^~~~~~~~~~
compilation terminated.
/tmp/tmpvs6imsih/cuda_utils.c:7:10: fatal error: Python.h: No such file or directory
    7 | #include <Python.h>
      |          ^~~~~~~~~~
compilation terminated.
/root/.cache/user_artifacts/trainers_glm/server/.venv/lib/python3.12/site-packages/modelopt/torch/__init__.py:53: UserWarning: transformers>=5.0 support is experimental. Unified Hugging Face checkpoint export for quantized checkpoints may not work for some models yet.
  _warnings.warn(
/root/.cache/user_artifacts/trainers_glm/server/vendor/megatron-bridge/3rdparty/Megatron-LM/megatron/core/models/gpt/heterogeneous/heterogeneous_layer_specs.py:68: UserWarning: Apex is not installed. Falling back to Torch Norm
  warnings.warn("Apex is not installed. Falling back to Torch Norm")
/root/.cache/user_artifacts/trainers_glm/server/vendor/megatron-bridge/3rdparty/Megatron-LM/megatron/core/models/vision/vit_layer_specs.py:31: UserWarning: Apex is not installed. Falling back to Torch Norm
  warnings.warn("Apex is not installed. Falling back to Torch Norm")
/root/.cache/user_artifacts/trainers_glm/server/vendor/megatron-bridge/3rdparty/Megatron-LM/megatron/core/models/mimo/config/base_configs.py:12: UserWarning: MimoModelConfig is experimental and still under active development. The API may change without notice in future releases.
  class MimoModelConfig:
WARNING:megatron.bridge.models.conversion.auto_bridge:Loading a model with trust_remote_code=True allows arbitrary code execution from the model repository. Only use this with models you trust.
[transformers] `torch_dtype` is deprecated! Use `dtype` instead!
INFO:trainers_server.dp_worker.api.megatron_controller:LoRA config: rank=16 alpha=32 (default 2*rank) -> forward scale=2
/root/.cache/user_artifacts/trainers_glm/server/vendor/megatron-bridge/3rdparty/Megatron-LM/megatron/core/transformer/transformer_config.py:2674: UserWarning: full scope is deprecated. Use empty cuda_graph_modules to capture the whole layer.
  warnings.warn(
/tmp/tmpin8__ete/cuda_utils.c:7:10: fatal error: Python.h: No such file or directory
    7 | #include <Python.h>
      |          ^~~~~~~~~~
compilation terminated.
/root/.cache/user_artifacts/trainers_glm/server/.venv/lib/python3.12/site-packages/fla/utils.py:420: UserWarning: Triton is not supported on current platform, roll back to CPU.
  warnings.warn(('Triton is not supported on current platform, roll back to CPU.'), stacklevel=1)
/tmp/tmp3q_hdl43/cuda_utils.c:7:10: fatal error: Python.h: No such file or directory
    7 | #include <Python.h>
      |          ^~~~~~~~~~
compilation terminated.
/tmp/tmpjkzzc78d/cuda_utils.c:7:10: fatal error: Python.h: No such file or directory
    7 | #include <Python.h>
      |          ^~~~~~~~~~
compilation terminated.
/tmp/tmpxh1m12rx/cuda_utils.c:7:10: fatal error: Python.h: No such file or directory
    7 | #include <Python.h>
      |          ^~~~~~~~~~
compilation terminated.
/tmp/tmpdaefnnvk/cuda_utils.c:7:10: fatal error: Python.h: No such file or directory
    7 | #include <Python.h>
      |          ^~~~~~~~~~
compilation terminated.
/root/.cache/user_artifacts/trainers_glm/server/.venv/lib/python3.12/site-packages/modelopt/torch/__init__.py:53: UserWarning: transformers>=5.0 support is experimental. Unified Hugging Face checkpoint export for quantized checkpoints may not work for some models yet.
  _warnings.warn(
/root/.cache/user_artifacts/trainers_glm/server/vendor/megatron-bridge/3rdparty/Megatron-LM/megatron/core/models/gpt/heterogeneous/heterogeneous_layer_specs.py:68: UserWarning: Apex is not installed. Falling back to Torch Norm
  warnings.warn("Apex is not installed. Falling back to Torch Norm")
/root/.cache/user_artifacts/trainers_glm/server/vendor/megatron-bridge/3rdparty/Megatron-LM/megatron/core/models/vision/vit_layer_specs.py:31: UserWarning: Apex is not installed. Falling back to Torch Norm
  warnings.warn("Apex is not installed. Falling back to Torch Norm")
/root/.cache/user_artifacts/trainers_glm/server/vendor/megatron-bridge/3rdparty/Megatron-LM/megatron/core/models/mimo/config/base_configs.py:12: UserWarning: MimoModelConfig is experimental and still under active development. The API may change without notice in future releases.
  class MimoModelConfig:
WARNING:megatron.bridge.models.conversion.auto_bridge:Loading a model with trust_remote_code=True allows arbitrary code execution from the model repository. Only use this with models you trust.
[transformers] `torch_dtype` is deprecated! Use `dtype` instead!
INFO:trainers_server.dp_worker.api.megatron_controller:LoRA config: rank=16 alpha=32 (default 2*rank) -> forward scale=2
/root/.cache/user_artifacts/trainers_glm/server/vendor/megatron-bridge/3rdparty/Megatron-LM/megatron/core/transformer/transformer_config.py:2674: UserWarning: full scope is deprecated. Use empty cuda_graph_modules to capture the whole layer.
  warnings.warn(
> compiling dataset index builder ...
make: Entering directory '/root/.cache/user_artifacts/trainers_glm/server/vendor/megatron-bridge/3rdparty/Megatron-LM/megatron/core/datasets'
make: python3-config: No such file or directory
make: python3-config: No such file or directory
make: Nothing to be done for 'default'.
make: Leaving directory '/root/.cache/user_artifacts/trainers_glm/server/vendor/megatron-bridge/3rdparty/Megatron-LM/megatron/core/datasets'
>>> done with dataset index builder. Compilation time: 0.005 seconds
/tmp/tmprm2holiq/cuda_utils.c:7:10: fatal error: Python.h: No such file or directory
    7 | #include <Python.h>
      |          ^~~~~~~~~~
compilation terminated.
[rank15]: Traceback (most recent call last):
[rank15]:   File "<frozen runpy>", line 198, in _run_module_as_main
[rank15]:   File "<frozen runpy>", line 88, in _run_code
[rank15]:   File "/root/.cache/user_artifacts/trainers_glm/server/src/trainers_server/dp_worker/main.py", line 243, in <module>
[rank15]:     main()
[rank15]:   File "/root/.cache/user_artifacts/trainers_glm/server/src/trainers_server/dp_worker/main.py", line 239, in main
[rank15]:     run_rank(config)
[rank15]:   File "/root/.cache/user_artifacts/trainers_glm/server/src/trainers_server/dp_worker/worker.py", line 249, in run_rank
[rank15]:     controller = MegatronBridgeController(config)
[rank15]:                  ^^^^^^^^^^^^^^^^^^^^^^^^^^^^^^^^
[rank15]:   File "/root/.cache/user_artifacts/trainers_glm/server/src/trainers_server/dp_worker/api/megatron_controller.py", line 1218, in __init__
[rank15]:     self._init_training_stack(initialize_runtime=True)
[rank15]:   File "/root/.cache/user_artifacts/trainers_glm/server/src/trainers_server/dp_worker/api/megatron_controller.py", line 1333, in _init_training_stack
[rank15]:     set_jit_fusion_options(model_provider, micro_batch_size)
[rank15]:   File "/root/.cache/user_artifacts/trainers_glm/server/vendor/megatron-bridge/src/megatron/bridge/training/initialize.py", line 311, in set_jit_fusion_options
[rank15]:     _warmup_jit_function(
[rank15]:   File "/root/.cache/user_artifacts/trainers_glm/server/vendor/megatron-bridge/src/megatron/bridge/training/initialize.py", line 912, in _warmup_jit_function
[rank15]:     output = bias_swiglu(input, bias)
[rank15]:              ^^^^^^^^^^^^^^^^^^^^^^^^
[rank15]:   File "/root/.cache/user_artifacts/trainers_glm/server/.venv/lib/python3.12/site-packages/torch/_dynamo/eval_frame.py", line 1038, in compile_wrapper
[rank15]:     raise e.remove_dynamo_frames() from None  # see TORCHDYNAMO_VERBOSE=1
[rank15]:     ^^^^^^^^^^^^^^^^^^^^^^^^^^^^^^^^^^^^^^^^
[rank15]:   File "/root/.cache/user_artifacts/trainers_glm/server/.venv/lib/python3.12/site-packages/torch/_inductor/compile_fx.py", line 1053, in _compile_fx_inner
[rank15]:     raise InductorError(e, currentframe()).with_traceback(
[rank15]:   File "/root/.cache/user_artifacts/trainers_glm/server/.venv/lib/python3.12/site-packages/torch/_inductor/compile_fx.py", line 1037, in _compile_fx_inner
[rank15]:     mb_compiled_graph = fx_codegen_and_compile(
[rank15]:                         ^^^^^^^^^^^^^^^^^^^^^^^
[rank15]:   File "/root/.cache/user_artifacts/trainers_glm/server/.venv/lib/python3.12/site-packages/torch/_inductor/compile_fx.py", line 1798, in fx_codegen_and_compile
[rank15]:     return scheme.codegen_and_compile(gm, example_inputs, inputs_to_check, graph_kwargs)
[rank15]:            ^^^^^^^^^^^^^^^^^^^^^^^^^^^^^^^^^^^^^^^^^^^^^^^^^^^^^^^^^^^^^^^^^^^^^^^^^^^^^
[rank15]:   File "/root/.cache/user_artifacts/trainers_glm/server/.venv/lib/python3.12/site-packages/torch/_inductor/compile_fx.py", line 1570, in codegen_and_compile
[rank15]:     compiled_module = graph.compile_to_module()
[rank15]:                       ^^^^^^^^^^^^^^^^^^^^^^^^^
[rank15]:   File "/root/.cache/user_artifacts/trainers_glm/server/.venv/lib/python3.12/site-packages/torch/_inductor/graph.py", line 2499, in compile_to_module
[rank15]:     return self._compile_to_module()
[rank15]:            ^^^^^^^^^^^^^^^^^^^^^^^^^
[rank15]:   File "/root/.cache/user_artifacts/trainers_glm/server/.venv/lib/python3.12/site-packages/torch/_inductor/graph.py", line 2505, in _compile_to_module
[rank15]:     self.codegen_with_cpp_wrapper() if self.cpp_wrapper else self.codegen()
[rank15]:                                                              ^^^^^^^^^^^^^^
[rank15]:   File "/root/.cache/user_artifacts/trainers_glm/server/.venv/lib/python3.12/site-packages/torch/_inductor/graph.py", line 2441, in codegen
[rank15]:     self.scheduler.codegen()
[rank15]:   File "/root/.cache/user_artifacts/trainers_glm/server/.venv/lib/python3.12/site-packages/torch/_inductor/scheduler.py", line 6592, in codegen
[rank15]:     self._codegen_partitions()
[rank15]:   File "/root/.cache/user_artifacts/trainers_glm/server/.venv/lib/python3.12/site-packages/torch/_inductor/scheduler.py", line 6732, in _codegen_partitions
[rank15]:     self._codegen(partition)
[rank15]:   File "/root/.cache/user_artifacts/trainers_glm/server/.venv/lib/python3.12/site-packages/torch/_inductor/scheduler.py", line 6838, in _codegen
[rank15]:     self.get_backend(device).codegen_node(node)
[rank15]:   File "/root/.cache/user_artifacts/trainers_glm/server/.venv/lib/python3.12/site-packages/torch/_inductor/codegen/cuda_combined_scheduling.py", line 152, in codegen_node
[rank15]:     return self._triton_scheduling.codegen_node(node)
[rank15]:            ^^^^^^^^^^^^^^^^^^^^^^^^^^^^^^^^^^^^^^^^^^
[rank15]:   File "/root/.cache/user_artifacts/trainers_glm/server/.venv/lib/python3.12/site-packages/torch/_inductor/codegen/simd.py", line 1841, in codegen_node
[rank15]:     return self._codegen_nodes(nodes, coalesce_analysis)  # type: ignore[arg-type]
[rank15]:            ^^^^^^^^^^^^^^^^^^^^^^^^^^^^^^^^^^^^^^^^^^^^^
[rank15]:   File "/root/.cache/user_artifacts/trainers_glm/server/.venv/lib/python3.12/site-packages/torch/_inductor/codegen/simd.py", line 1814, in _codegen_nodes
[rank15]:     return self.codegen_node_schedule(
[rank15]:            ^^^^^^^^^^^^^^^^^^^^^^^^^^^
[rank15]:   File "/root/.cache/user_artifacts/trainers_glm/server/.venv/lib/python3.12/site-packages/torch/_inductor/codegen/simd.py", line 1921, in codegen_node_schedule
[rank15]:     src_code = kernel.codegen_kernel()
[rank15]:                ^^^^^^^^^^^^^^^^^^^^^^^
[rank15]:   File "/root/.cache/user_artifacts/trainers_glm/server/.venv/lib/python3.12/site-packages/torch/_inductor/codegen/triton.py", line 5492, in codegen_kernel
[rank15]:     **self.inductor_meta_common(),
[rank15]:       ^^^^^^^^^^^^^^^^^^^^^^^^^^^
[rank15]:   File "/root/.cache/user_artifacts/trainers_glm/server/.venv/lib/python3.12/site-packages/torch/_inductor/codegen/triton.py", line 5286, in inductor_meta_common
[rank15]:     "backend_hash": torch.utils._triton.triton_hash_with_backend(),
[rank15]:                     ^^^^^^^^^^^^^^^^^^^^^^^^^^^^^^^^^^^^^^^^^^^^^^
[rank15]:   File "/root/.cache/user_artifacts/trainers_glm/server/.venv/lib/python3.12/site-packages/torch/utils/_triton.py", line 200, in triton_hash_with_backend
[rank15]:     backend = triton_backend()
[rank15]:               ^^^^^^^^^^^^^^^^
[rank15]:   File "/root/.cache/user_artifacts/trainers_glm/server/.venv/lib/python3.12/site-packages/torch/utils/_triton.py", line 192, in triton_backend
[rank15]:     target = driver.active.get_current_target()
[rank15]:              ^^^^^^^^^^^^^
[rank15]:   File "/root/.cache/user_artifacts/trainers_glm/server/.venv/lib/python3.12/site-packages/triton/runtime/driver.py", line 28, in active
[rank15]:     self._active = self.default
[rank15]:                    ^^^^^^^^^^^^
[rank15]:   File "/root/.cache/user_artifacts/trainers_glm/server/.venv/lib/python3.12/site-packages/triton/runtime/driver.py", line 22, in default
[rank15]:     self._default = _create_driver()
[rank15]:                     ^^^^^^^^^^^^^^^^
[rank15]:   File "/root/.cache/user_artifacts/trainers_glm/server/.venv/lib/python3.12/site-packages/triton/runtime/driver.py", line 10, in _create_driver
[rank15]:     return active_drivers[0]()
[rank15]:            ^^^^^^^^^^^^^^^^^^^
[rank15]:   File "/root/.cache/user_artifacts/trainers_glm/server/.venv/lib/python3.12/site-packages/triton/backends/nvidia/driver.py", line 720, in __init__
[rank15]:     self.utils = CudaUtils()  # TODO: make static
[rank15]:                  ^^^^^^^^^^^
[rank15]:   File "/root/.cache/user_artifacts/trainers_glm/server/.venv/lib/python3.12/site-packages/triton/backends/nvidia/driver.py", line 62, in __init__
[rank15]:     mod = compile_module_from_src(
[rank15]:           ^^^^^^^^^^^^^^^^^^^^^^^^
[rank15]:   File "/root/.cache/user_artifacts/trainers_glm/server/.venv/lib/python3.12/site-packages/triton/runtime/build.py", line 93, in compile_module_from_src
[rank15]:     so = _build(name, src_path, tmpdir, library_dirs or [], include_dirs or [], libraries or [], ccflags or [])
[rank15]:          ^^^^^^^^^^^^^^^^^^^^^^^^^^^^^^^^^^^^^^^^^^^^^^^^^^^^^^^^^^^^^^^^^^^^^^^^^^^^^^^^^^^^^^^^^^^^^^^^^^^^^^
[rank15]:   File "/root/.cache/user_artifacts/trainers_glm/server/.venv/lib/python3.12/site-packages/triton/runtime/build.py", line 48, in _build
[rank15]:     subprocess.check_call(cc_cmd, stdout=subprocess.DEVNULL)
[rank15]:   File "/usr/lib/python3.12/subprocess.py", line 413, in check_call
[rank15]:     raise CalledProcessError(retcode, cmd)
[rank15]: torch._inductor.exc.InductorError: CalledProcessError: Command '['/usr/bin/gcc', '/tmp/tmprm2holiq/cuda_utils.c', '-O3', '-shared', '-fPIC', '-Wno-psabi', '-o', '/tmp/tmprm2holiq/cuda_utils.cpython-312-x86_64-linux-gnu.so', '-l:libcuda.so.1', '-L/root/.cache/user_artifacts/trainers_glm/server/.venv/lib/python3.12/site-packages/triton/backends/nvidia/lib', '-L/usr/lib/x86_64-linux-gnu', '-I/root/.cache/user_artifacts/trainers_glm/server/.venv/lib/python3.12/site-packages/triton/backends/nvidia/include', '-I/tmp/tmprm2holiq', '-I/usr/include/python3.12']' returned non-zero exit status 1.

[rank15]: Set TORCHDYNAMO_VERBOSE=1 for the internal stack trace (please do this especially if you're reporting a bug to PyTorch). For even more developer context, set TORCH_LOGS="+dynamo"

/tmp/tmpedmpzi4z/cuda_utils.c:7:10: fatal error: Python.h: No such file or directory
    7 | #include <Python.h>
      |          ^~~~~~~~~~
compilation terminated.
[rank9]: Traceback (most recent call last):
[rank9]:   File "<frozen runpy>", line 198, in _run_module_as_main
[rank9]:   File "<frozen runpy>", line 88, in _run_code
[rank9]:   File "/root/.cache/user_artifacts/trainers_glm/server/src/trainers_server/dp_worker/main.py", line 243, in <module>
[rank9]:     main()
[rank9]:   File "/root/.cache/user_artifacts/trainers_glm/server/src/trainers_server/dp_worker/main.py", line 239, in main
[rank9]:     run_rank(config)
[rank9]:   File "/root/.cache/user_artifacts/trainers_glm/server/src/trainers_server/dp_worker/worker.py", line 249, in run_rank
[rank9]:     controller = MegatronBridgeController(config)
[rank9]:                  ^^^^^^^^^^^^^^^^^^^^^^^^^^^^^^^^
[rank9]:   File "/root/.cache/user_artifacts/trainers_glm/server/src/trainers_server/dp_worker/api/megatron_controller.py", line 1218, in __init__
[rank9]:     self._init_training_stack(initialize_runtime=True)
[rank9]:   File "/root/.cache/user_artifacts/trainers_glm/server/src/trainers_server/dp_worker/api/megatron_controller.py", line 1333, in _init_training_stack
[rank9]:     set_jit_fusion_options(model_provider, micro_batch_size)
[rank9]:   File "/root/.cache/user_artifacts/trainers_glm/server/vendor/megatron-bridge/src/megatron/bridge/training/initialize.py", line 311, in set_jit_fusion_options
[rank9]:     _warmup_jit_function(
[rank9]:   File "/root/.cache/user_artifacts/trainers_glm/server/vendor/megatron-bridge/src/megatron/bridge/training/initialize.py", line 912, in _warmup_jit_function
[rank9]:     output = bias_swiglu(input, bias)
[rank9]:              ^^^^^^^^^^^^^^^^^^^^^^^^
[rank9]:   File "/root/.cache/user_artifacts/trainers_glm/server/.venv/lib/python3.12/site-packages/torch/_dynamo/eval_frame.py", line 1038, in compile_wrapper
[rank9]:     raise e.remove_dynamo_frames() from None  # see TORCHDYNAMO_VERBOSE=1
[rank9]:     ^^^^^^^^^^^^^^^^^^^^^^^^^^^^^^^^^^^^^^^^
[rank9]:   File "/root/.cache/user_artifacts/trainers_glm/server/.venv/lib/python3.12/site-packages/torch/_inductor/compile_fx.py", line 1053, in _compile_fx_inner
[rank9]:     raise InductorError(e, currentframe()).with_traceback(
[rank9]:   File "/root/.cache/user_artifacts/trainers_glm/server/.venv/lib/python3.12/site-packages/torch/_inductor/compile_fx.py", line 1037, in _compile_fx_inner
[rank9]:     mb_compiled_graph = fx_codegen_and_compile(
[rank9]:                         ^^^^^^^^^^^^^^^^^^^^^^^
[rank9]:   File "/root/.cache/user_artifacts/trainers_glm/server/.venv/lib/python3.12/site-packages/torch/_inductor/compile_fx.py", line 1798, in fx_codegen_and_compile
[rank9]:     return scheme.codegen_and_compile(gm, example_inputs, inputs_to_check, graph_kwargs)
[rank9]:            ^^^^^^^^^^^^^^^^^^^^^^^^^^^^^^^^^^^^^^^^^^^^^^^^^^^^^^^^^^^^^^^^^^^^^^^^^^^^^
[rank9]:   File "/root/.cache/user_artifacts/trainers_glm/server/.venv/lib/python3.12/site-packages/torch/_inductor/compile_fx.py", line 1570, in codegen_and_compile
[rank9]:     compiled_module = graph.compile_to_module()
[rank9]:                       ^^^^^^^^^^^^^^^^^^^^^^^^^
[rank9]:   File "/root/.cache/user_artifacts/trainers_glm/server/.venv/lib/python3.12/site-packages/torch/_inductor/graph.py", line 2499, in compile_to_module
[rank9]:     return self._compile_to_module()
[rank9]:            ^^^^^^^^^^^^^^^^^^^^^^^^^
[rank9]:   File "/root/.cache/user_artifacts/trainers_glm/server/.venv/lib/python3.12/site-packages/torch/_inductor/graph.py", line 2505, in _compile_to_module
[rank9]:     self.codegen_with_cpp_wrapper() if self.cpp_wrapper else self.codegen()
[rank9]:                                                              ^^^^^^^^^^^^^^
[rank9]:   File "/root/.cache/user_artifacts/trainers_glm/server/.venv/lib/python3.12/site-packages/torch/_inductor/graph.py", line 2441, in codegen
[rank9]:     self.scheduler.codegen()
[rank9]:   File "/root/.cache/user_artifacts/trainers_glm/server/.venv/lib/python3.12/site-packages/torch/_inductor/scheduler.py", line 6592, in codegen
[rank9]:     self._codegen_partitions()
[rank9]:   File "/root/.cache/user_artifacts/trainers_glm/server/.venv/lib/python3.12/site-packages/torch/_inductor/scheduler.py", line 6732, in _codegen_partitions
[rank9]:     self._codegen(partition)
[rank9]:   File "/root/.cache/user_artifacts/trainers_glm/server/.venv/lib/python3.12/site-packages/torch/_inductor/scheduler.py", line 6838, in _codegen
[rank9]:     self.get_backend(device).codegen_node(node)
[rank9]:   File "/root/.cache/user_artifacts/trainers_glm/server/.venv/lib/python3.12/site-packages/torch/_inductor/codegen/cuda_combined_scheduling.py", line 152, in codegen_node
[rank9]:     return self._triton_scheduling.codegen_node(node)
[rank9]:            ^^^^^^^^^^^^^^^^^^^^^^^^^^^^^^^^^^^^^^^^^^
[rank9]:   File "/root/.cache/user_artifacts/trainers_glm/server/.venv/lib/python3.12/site-packages/torch/_inductor/codegen/simd.py", line 1841, in codegen_node
[rank9]:     return self._codegen_nodes(nodes, coalesce_analysis)  # type: ignore[arg-type]
[rank9]:            ^^^^^^^^^^^^^^^^^^^^^^^^^^^^^^^^^^^^^^^^^^^^^
[rank9]:   File "/root/.cache/user_artifacts/trainers_glm/server/.venv/lib/python3.12/site-packages/torch/_inductor/codegen/simd.py", line 1814, in _codegen_nodes
[rank9]:     return self.codegen_node_schedule(
[rank9]:            ^^^^^^^^^^^^^^^^^^^^^^^^^^^
[rank9]:   File "/root/.cache/user_artifacts/trainers_glm/server/.venv/lib/python3.12/site-packages/torch/_inductor/codegen/simd.py", line 1921, in codegen_node_schedule
[rank9]:     src_code = kernel.codegen_kernel()
[rank9]:                ^^^^^^^^^^^^^^^^^^^^^^^
[rank9]:   File "/root/.cache/user_artifacts/trainers_glm/server/.venv/lib/python3.12/site-packages/torch/_inductor/codegen/triton.py", line 5492, in codegen_kernel
[rank9]:     **self.inductor_meta_common(),
[rank9]:       ^^^^^^^^^^^^^^^^^^^^^^^^^^^
[rank9]:   File "/root/.cache/user_artifacts/trainers_glm/server/.venv/lib/python3.12/site-packages/torch/_inductor/codegen/triton.py", line 5286, in inductor_meta_common
[rank9]:     "backend_hash": torch.utils._triton.triton_hash_with_backend(),
[rank9]:                     ^^^^^^^^^^^^^^^^^^^^^^^^^^^^^^^^^^^^^^^^^^^^^^
[rank9]:   File "/root/.cache/user_artifacts/trainers_glm/server/.venv/lib/python3.12/site-packages/torch/utils/_triton.py", line 200, in triton_hash_with_backend
[rank9]:     backend = triton_backend()
[rank9]:               ^^^^^^^^^^^^^^^^
[rank9]:   File "/root/.cache/user_artifacts/trainers_glm/server/.venv/lib/python3.12/site-packages/torch/utils/_triton.py", line 192, in triton_backend
[rank9]:     target = driver.active.get_current_target()
[rank9]:              ^^^^^^^^^^^^^
[rank9]:   File "/root/.cache/user_artifacts/trainers_glm/server/.venv/lib/python3.12/site-packages/triton/runtime/driver.py", line 28, in active
[rank9]:     self._active = self.default
[rank9]:                    ^^^^^^^^^^^^
[rank9]:   File "/root/.cache/user_artifacts/trainers_glm/server/.venv/lib/python3.12/site-packages/triton/runtime/driver.py", line 22, in default
[rank9]:     self._default = _create_driver()
[rank9]:                     ^^^^^^^^^^^^^^^^
[rank9]:   File "/root/.cache/user_artifacts/trainers_glm/server/.venv/lib/python3.12/site-packages/triton/runtime/driver.py", line 10, in _create_driver
[rank9]:     return active_drivers[0]()
[rank9]:            ^^^^^^^^^^^^^^^^^^^
[rank9]:   File "/root/.cache/user_artifacts/trainers_glm/server/.venv/lib/python3.12/site-packages/triton/backends/nvidia/driver.py", line 720, in __init__
[rank9]:     self.utils = CudaUtils()  # TODO: make static
[rank9]:                  ^^^^^^^^^^^
[rank9]:   File "/root/.cache/user_artifacts/trainers_glm/server/.venv/lib/python3.12/site-packages/triton/backends/nvidia/driver.py", line 62, in __init__
[rank9]:     mod = compile_module_from_src(
[rank9]:           ^^^^^^^^^^^^^^^^^^^^^^^^
[rank9]:   File "/root/.cache/user_artifacts/trainers_glm/server/.venv/lib/python3.12/site-packages/triton/runtime/build.py", line 93, in compile_module_from_src
[rank9]:     so = _build(name, src_path, tmpdir, library_dirs or [], include_dirs or [], libraries or [], ccflags or [])
[rank9]:          ^^^^^^^^^^^^^^^^^^^^^^^^^^^^^^^^^^^^^^^^^^^^^^^^^^^^^^^^^^^^^^^^^^^^^^^^^^^^^^^^^^^^^^^^^^^^^^^^^^^^^^
[rank9]:   File "/root/.cache/user_artifacts/trainers_glm/server/.venv/lib/python3.12/site-packages/triton/runtime/build.py", line 48, in _build
[rank9]:     subprocess.check_call(cc_cmd, stdout=subprocess.DEVNULL)
[rank9]:   File "/usr/lib/python3.12/subprocess.py", line 413, in check_call
[rank9]:     raise CalledProcessError(retcode, cmd)
[rank9]: torch._inductor.exc.InductorError: CalledProcessError: Command '['/usr/bin/gcc', '/tmp/tmpedmpzi4z/cuda_utils.c', '-O3', '-shared', '-fPIC', '-Wno-psabi', '-o', '/tmp/tmpedmpzi4z/cuda_utils.cpython-312-x86_64-linux-gnu.so', '-l:libcuda.so.1', '-L/root/.cache/user_artifacts/trainers_glm/server/.venv/lib/python3.12/site-packages/triton/backends/nvidia/lib', '-L/usr/lib/x86_64-linux-gnu', '-I/root/.cache/user_artifacts/trainers_glm/server/.venv/lib/python3.12/site-packages/triton/backends/nvidia/include', '-I/tmp/tmpedmpzi4z', '-I/usr/include/python3.12']' returned non-zero exit status 1.

[rank9]: Set TORCHDYNAMO_VERBOSE=1 for the internal stack trace (please do this especially if you're reporting a bug to PyTorch). For even more developer context, set TORCH_LOGS="+dynamo"

/tmp/tmprclwbsuj/cuda_utils.c:7:10: fatal error: Python.h: No such file or directory
    7 | #include <Python.h>
      |          ^~~~~~~~~~
compilation terminated.
[rank11]: Traceback (most recent call last):
[rank11]:   File "<frozen runpy>", line 198, in _run_module_as_main
[rank11]:   File "<frozen runpy>", line 88, in _run_code
[rank11]:   File "/root/.cache/user_artifacts/trainers_glm/server/src/trainers_server/dp_worker/main.py", line 243, in <module>
[rank11]:     main()
[rank11]:   File "/root/.cache/user_artifacts/trainers_glm/server/src/trainers_server/dp_worker/main.py", line 239, in main
[rank11]:     run_rank(config)
[rank11]:   File "/root/.cache/user_artifacts/trainers_glm/server/src/trainers_server/dp_worker/worker.py", line 249, in run_rank
[rank11]:     controller = MegatronBridgeController(config)
[rank11]:                  ^^^^^^^^^^^^^^^^^^^^^^^^^^^^^^^^
[rank11]:   File "/root/.cache/user_artifacts/trainers_glm/server/src/trainers_server/dp_worker/api/megatron_controller.py", line 1218, in __init__
[rank11]:     self._init_training_stack(initialize_runtime=True)
[rank11]:   File "/root/.cache/user_artifacts/trainers_glm/server/src/trainers_server/dp_worker/api/megatron_controller.py", line 1333, in _init_training_stack
[rank11]:     set_jit_fusion_options(model_provider, micro_batch_size)
[rank11]:   File "/root/.cache/user_artifacts/trainers_glm/server/vendor/megatron-bridge/src/megatron/bridge/training/initialize.py", line 311, in set_jit_fusion_options
[rank11]:     _warmup_jit_function(
[rank11]:   File "/root/.cache/user_artifacts/trainers_glm/server/vendor/megatron-bridge/src/megatron/bridge/training/initialize.py", line 912, in _warmup_jit_function
[rank11]:     output = bias_swiglu(input, bias)
[rank11]:              ^^^^^^^^^^^^^^^^^^^^^^^^
[rank11]:   File "/root/.cache/user_artifacts/trainers_glm/server/.venv/lib/python3.12/site-packages/torch/_dynamo/eval_frame.py", line 1038, in compile_wrapper
[rank11]:     raise e.remove_dynamo_frames() from None  # see TORCHDYNAMO_VERBOSE=1
[rank11]:     ^^^^^^^^^^^^^^^^^^^^^^^^^^^^^^^^^^^^^^^^
[rank11]:   File "/root/.cache/user_artifacts/trainers_glm/server/.venv/lib/python3.12/site-packages/torch/_inductor/compile_fx.py", line 1053, in _compile_fx_inner
[rank11]:     raise InductorError(e, currentframe()).with_traceback(
[rank11]:   File "/root/.cache/user_artifacts/trainers_glm/server/.venv/lib/python3.12/site-packages/torch/_inductor/compile_fx.py", line 1037, in _compile_fx_inner
[rank11]:     mb_compiled_graph = fx_codegen_and_compile(
[rank11]:                         ^^^^^^^^^^^^^^^^^^^^^^^
[rank11]:   File "/root/.cache/user_artifacts/trainers_glm/server/.venv/lib/python3.12/site-packages/torch/_inductor/compile_fx.py", line 1798, in fx_codegen_and_compile
[rank11]:     return scheme.codegen_and_compile(gm, example_inputs, inputs_to_check, graph_kwargs)
[rank11]:            ^^^^^^^^^^^^^^^^^^^^^^^^^^^^^^^^^^^^^^^^^^^^^^^^^^^^^^^^^^^^^^^^^^^^^^^^^^^^^
[rank11]:   File "/root/.cache/user_artifacts/trainers_glm/server/.venv/lib/python3.12/site-packages/torch/_inductor/compile_fx.py", line 1570, in codegen_and_compile
[rank11]:     compiled_module = graph.compile_to_module()
[rank11]:                       ^^^^^^^^^^^^^^^^^^^^^^^^^
[rank11]:   File "/root/.cache/user_artifacts/trainers_glm/server/.venv/lib/python3.12/site-packages/torch/_inductor/graph.py", line 2499, in compile_to_module
[rank11]:     return self._compile_to_module()
[rank11]:            ^^^^^^^^^^^^^^^^^^^^^^^^^
[rank11]:   File "/root/.cache/user_artifacts/trainers_glm/server/.venv/lib/python3.12/site-packages/torch/_inductor/graph.py", line 2505, in _compile_to_module
[rank11]:     self.codegen_with_cpp_wrapper() if self.cpp_wrapper else self.codegen()
[rank11]:                                                              ^^^^^^^^^^^^^^
[rank11]:   File "/root/.cache/user_artifacts/trainers_glm/server/.venv/lib/python3.12/site-packages/torch/_inductor/graph.py", line 2441, in codegen
[rank11]:     self.scheduler.codegen()
[rank11]:   File "/root/.cache/user_artifacts/trainers_glm/server/.venv/lib/python3.12/site-packages/torch/_inductor/scheduler.py", line 6592, in codegen
[rank11]:     self._codegen_partitions()
[rank11]:   File "/root/.cache/user_artifacts/trainers_glm/server/.venv/lib/python3.12/site-packages/torch/_inductor/scheduler.py", line 6732, in _codegen_partitions
[rank11]:     self._codegen(partition)
[rank11]:   File "/root/.cache/user_artifacts/trainers_glm/server/.venv/lib/python3.12/site-packages/torch/_inductor/scheduler.py", line 6838, in _codegen
[rank11]:     self.get_backend(device).codegen_node(node)
[rank11]:   File "/root/.cache/user_artifacts/trainers_glm/server/.venv/lib/python3.12/site-packages/torch/_inductor/codegen/cuda_combined_scheduling.py", line 152, in codegen_node
[rank11]:     return self._triton_scheduling.codegen_node(node)
[rank11]:            ^^^^^^^^^^^^^^^^^^^^^^^^^^^^^^^^^^^^^^^^^^
[rank11]:   File "/root/.cache/user_artifacts/trainers_glm/server/.venv/lib/python3.12/site-packages/torch/_inductor/codegen/simd.py", line 1841, in codegen_node
[rank11]:     return self._codegen_nodes(nodes, coalesce_analysis)  # type: ignore[arg-type]
[rank11]:            ^^^^^^^^^^^^^^^^^^^^^^^^^^^^^^^^^^^^^^^^^^^^^
[rank11]:   File "/root/.cache/user_artifacts/trainers_glm/server/.venv/lib/python3.12/site-packages/torch/_inductor/codegen/simd.py", line 1814, in _codegen_nodes
[rank11]:     return self.codegen_node_schedule(
[rank11]:            ^^^^^^^^^^^^^^^^^^^^^^^^^^^
[rank11]:   File "/root/.cache/user_artifacts/trainers_glm/server/.venv/lib/python3.12/site-packages/torch/_inductor/codegen/simd.py", line 1921, in codegen_node_schedule
[rank11]:     src_code = kernel.codegen_kernel()
[rank11]:                ^^^^^^^^^^^^^^^^^^^^^^^
[rank11]:   File "/root/.cache/user_artifacts/trainers_glm/server/.venv/lib/python3.12/site-packages/torch/_inductor/codegen/triton.py", line 5492, in codegen_kernel
[rank11]:     **self.inductor_meta_common(),
[rank11]:       ^^^^^^^^^^^^^^^^^^^^^^^^^^^
[rank11]:   File "/root/.cache/user_artifacts/trainers_glm/server/.venv/lib/python3.12/site-packages/torch/_inductor/codegen/triton.py", line 5286, in inductor_meta_common
[rank11]:     "backend_hash": torch.utils._triton.triton_hash_with_backend(),
[rank11]:                     ^^^^^^^^^^^^^^^^^^^^^^^^^^^^^^^^^^^^^^^^^^^^^^
[rank11]:   File "/root/.cache/user_artifacts/trainers_glm/server/.venv/lib/python3.12/site-packages/torch/utils/_triton.py", line 200, in triton_hash_with_backend
[rank11]:     backend = triton_backend()
[rank11]:               ^^^^^^^^^^^^^^^^
[rank11]:   File "/root/.cache/user_artifacts/trainers_glm/server/.venv/lib/python3.12/site-packages/torch/utils/_triton.py", line 192, in triton_backend
[rank11]:     target = driver.active.get_current_target()
[rank11]:              ^^^^^^^^^^^^^
[rank11]:   File "/root/.cache/user_artifacts/trainers_glm/server/.venv/lib/python3.12/site-packages/triton/runtime/driver.py", line 28, in active
[rank11]:     self._active = self.default
[rank11]:                    ^^^^^^^^^^^^
[rank11]:   File "/root/.cache/user_artifacts/trainers_glm/server/.venv/lib/python3.12/site-packages/triton/runtime/driver.py", line 22, in default
[rank11]:     self._default = _create_driver()
[rank11]:                     ^^^^^^^^^^^^^^^^
[rank11]:   File "/root/.cache/user_artifacts/trainers_glm/server/.venv/lib/python3.12/site-packages/triton/runtime/driver.py", line 10, in _create_driver
[rank11]:     return active_drivers[0]()
[rank11]:            ^^^^^^^^^^^^^^^^^^^
[rank11]:   File "/root/.cache/user_artifacts/trainers_glm/server/.venv/lib/python3.12/site-packages/triton/backends/nvidia/driver.py", line 720, in __init__
[rank11]:     self.utils = CudaUtils()  # TODO: make static
[rank11]:                  ^^^^^^^^^^^
[rank11]:   File "/root/.cache/user_artifacts/trainers_glm/server/.venv/lib/python3.12/site-packages/triton/backends/nvidia/driver.py", line 62, in __init__
[rank11]:     mod = compile_module_from_src(
[rank11]:           ^^^^^^^^^^^^^^^^^^^^^^^^
[rank11]:   File "/root/.cache/user_artifacts/trainers_glm/server/.venv/lib/python3.12/site-packages/triton/runtime/build.py", line 93, in compile_module_from_src
[rank11]:     so = _build(name, src_path, tmpdir, library_dirs or [], include_dirs or [], libraries or [], ccflags or [])
[rank11]:          ^^^^^^^^^^^^^^^^^^^^^^^^^^^^^^^^^^^^^^^^^^^^^^^^^^^^^^^^^^^^^^^^^^^^^^^^^^^^^^^^^^^^^^^^^^^^^^^^^^^^^^
[rank11]:   File "/root/.cache/user_artifacts/trainers_glm/server/.venv/lib/python3.12/site-packages/triton/runtime/build.py", line 48, in _build
[rank11]:     subprocess.check_call(cc_cmd, stdout=subprocess.DEVNULL)
[rank11]:   File "/usr/lib/python3.12/subprocess.py", line 413, in check_call
[rank11]:     raise CalledProcessError(retcode, cmd)
[rank11]: torch._inductor.exc.InductorError: CalledProcessError: Command '['/usr/bin/gcc', '/tmp/tmprclwbsuj/cuda_utils.c', '-O3', '-shared', '-fPIC', '-Wno-psabi', '-o', '/tmp/tmprclwbsuj/cuda_utils.cpython-312-x86_64-linux-gnu.so', '-l:libcuda.so.1', '-L/root/.cache/user_artifacts/trainers_glm/server/.venv/lib/python3.12/site-packages/triton/backends/nvidia/lib', '-L/usr/lib/x86_64-linux-gnu', '-I/root/.cache/user_artifacts/trainers_glm/server/.venv/lib/python3.12/site-packages/triton/backends/nvidia/include', '-I/tmp/tmprclwbsuj', '-I/usr/include/python3.12']' returned non-zero exit status 1.

[rank11]: Set TORCHDYNAMO_VERBOSE=1 for the internal stack trace (please do this especially if you're reporting a bug to PyTorch). For even more developer context, set TORCH_LOGS="+dynamo"

[rank15]:[W708 07:58:39.278704321 ProcessGroupNCCL.cpp:1575] Warning: WARNING: destroy_process_group() was not called before program exit, which can leak resources. For more info, please see https://pytorch.org/docs/stable/distributed.html#shutdown (function operator())
/tmp/tmpwyihwofs/cuda_utils.c:7:10: fatal error: Python.h: No such file or directory
    7 | #include <Python.h>
      |          ^~~~~~~~~~
compilation terminated.
[rank9]:[W708 07:58:41.064280354 ProcessGroupNCCL.cpp:1575] Warning: WARNING: destroy_process_group() was not called before program exit, which can leak resources. For more info, please see https://pytorch.org/docs/stable/distributed.html#shutdown (function operator())
[rank14]: Traceback (most recent call last):
[rank14]:   File "<frozen runpy>", line 198, in _run_module_as_main
[rank14]:   File "<frozen runpy>", line 88, in _run_code
[rank14]:   File "/root/.cache/user_artifacts/trainers_glm/server/src/trainers_server/dp_worker/main.py", line 243, in <module>
[rank14]:     main()
[rank14]:   File "/root/.cache/user_artifacts/trainers_glm/server/src/trainers_server/dp_worker/main.py", line 239, in main
[rank14]:     run_rank(config)
[rank14]:   File "/root/.cache/user_artifacts/trainers_glm/server/src/trainers_server/dp_worker/worker.py", line 249, in run_rank
[rank14]:     controller = MegatronBridgeController(config)
[rank14]:                  ^^^^^^^^^^^^^^^^^^^^^^^^^^^^^^^^
[rank14]:   File "/root/.cache/user_artifacts/trainers_glm/server/src/trainers_server/dp_worker/api/megatron_controller.py", line 1218, in __init__
[rank14]:     self._init_training_stack(initialize_runtime=True)
[rank14]:   File "/root/.cache/user_artifacts/trainers_glm/server/src/trainers_server/dp_worker/api/megatron_controller.py", line 1333, in _init_training_stack
[rank14]:     set_jit_fusion_options(model_provider, micro_batch_size)
[rank14]:   File "/root/.cache/user_artifacts/trainers_glm/server/vendor/megatron-bridge/src/megatron/bridge/training/initialize.py", line 311, in set_jit_fusion_options
[rank14]:     _warmup_jit_function(
[rank14]:   File "/root/.cache/user_artifacts/trainers_glm/server/vendor/megatron-bridge/src/megatron/bridge/training/initialize.py", line 912, in _warmup_jit_function
[rank14]:     output = bias_swiglu(input, bias)
[rank14]:              ^^^^^^^^^^^^^^^^^^^^^^^^
[rank14]:   File "/root/.cache/user_artifacts/trainers_glm/server/.venv/lib/python3.12/site-packages/torch/_dynamo/eval_frame.py", line 1038, in compile_wrapper
[rank14]:     raise e.remove_dynamo_frames() from None  # see TORCHDYNAMO_VERBOSE=1
[rank14]:     ^^^^^^^^^^^^^^^^^^^^^^^^^^^^^^^^^^^^^^^^
[rank14]:   File "/root/.cache/user_artifacts/trainers_glm/server/.venv/lib/python3.12/site-packages/torch/_inductor/compile_fx.py", line 1053, in _compile_fx_inner
[rank14]:     raise InductorError(e, currentframe()).with_traceback(
[rank14]:   File "/root/.cache/user_artifacts/trainers_glm/server/.venv/lib/python3.12/site-packages/torch/_inductor/compile_fx.py", line 1037, in _compile_fx_inner
[rank14]:     mb_compiled_graph = fx_codegen_and_compile(
[rank14]:                         ^^^^^^^^^^^^^^^^^^^^^^^
[rank14]:   File "/root/.cache/user_artifacts/trainers_glm/server/.venv/lib/python3.12/site-packages/torch/_inductor/compile_fx.py", line 1798, in fx_codegen_and_compile
[rank14]:     return scheme.codegen_and_compile(gm, example_inputs, inputs_to_check, graph_kwargs)
[rank14]:            ^^^^^^^^^^^^^^^^^^^^^^^^^^^^^^^^^^^^^^^^^^^^^^^^^^^^^^^^^^^^^^^^^^^^^^^^^^^^^
[rank14]:   File "/root/.cache/user_artifacts/trainers_glm/server/.venv/lib/python3.12/site-packages/torch/_inductor/compile_fx.py", line 1570, in codegen_and_compile
[rank14]:     compiled_module = graph.compile_to_module()
[rank14]:                       ^^^^^^^^^^^^^^^^^^^^^^^^^
[rank14]:   File "/root/.cache/user_artifacts/trainers_glm/server/.venv/lib/python3.12/site-packages/torch/_inductor/graph.py", line 2499, in compile_to_module
[rank14]:     return self._compile_to_module()
[rank14]:            ^^^^^^^^^^^^^^^^^^^^^^^^^
[rank14]:   File "/root/.cache/user_artifacts/trainers_glm/server/.venv/lib/python3.12/site-packages/torch/_inductor/graph.py", line 2505, in _compile_to_module
[rank14]:     self.codegen_with_cpp_wrapper() if self.cpp_wrapper else self.codegen()
[rank14]:                                                              ^^^^^^^^^^^^^^
[rank14]:   File "/root/.cache/user_artifacts/trainers_glm/server/.venv/lib/python3.12/site-packages/torch/_inductor/graph.py", line 2441, in codegen
[rank14]:     self.scheduler.codegen()
[rank14]:   File "/root/.cache/user_artifacts/trainers_glm/server/.venv/lib/python3.12/site-packages/torch/_inductor/scheduler.py", line 6592, in codegen
[rank14]:     self._codegen_partitions()
[rank14]:   File "/root/.cache/user_artifacts/trainers_glm/server/.venv/lib/python3.12/site-packages/torch/_inductor/scheduler.py", line 6732, in _codegen_partitions
[rank14]:     self._codegen(partition)
[rank14]:   File "/root/.cache/user_artifacts/trainers_glm/server/.venv/lib/python3.12/site-packages/torch/_inductor/scheduler.py", line 6838, in _codegen
[rank14]:     self.get_backend(device).codegen_node(node)
[rank14]:   File "/root/.cache/user_artifacts/trainers_glm/server/.venv/lib/python3.12/site-packages/torch/_inductor/codegen/cuda_combined_scheduling.py", line 152, in codegen_node
[rank14]:     return self._triton_scheduling.codegen_node(node)
[rank14]:            ^^^^^^^^^^^^^^^^^^^^^^^^^^^^^^^^^^^^^^^^^^
[rank14]:   File "/root/.cache/user_artifacts/trainers_glm/server/.venv/lib/python3.12/site-packages/torch/_inductor/codegen/simd.py", line 1841, in codegen_node
[rank14]:     return self._codegen_nodes(nodes, coalesce_analysis)  # type: ignore[arg-type]
[rank14]:            ^^^^^^^^^^^^^^^^^^^^^^^^^^^^^^^^^^^^^^^^^^^^^
[rank14]:   File "/root/.cache/user_artifacts/trainers_glm/server/.venv/lib/python3.12/site-packages/torch/_inductor/codegen/simd.py", line 1814, in _codegen_nodes
[rank14]:     return self.codegen_node_schedule(
[rank14]:            ^^^^^^^^^^^^^^^^^^^^^^^^^^^
[rank14]:   File "/root/.cache/user_artifacts/trainers_glm/server/.venv/lib/python3.12/site-packages/torch/_inductor/codegen/simd.py", line 1921, in codegen_node_schedule
[rank14]:     src_code = kernel.codegen_kernel()
[rank14]:                ^^^^^^^^^^^^^^^^^^^^^^^
[rank14]:   File "/root/.cache/user_artifacts/trainers_glm/server/.venv/lib/python3.12/site-packages/torch/_inductor/codegen/triton.py", line 5492, in codegen_kernel
[rank14]:     **self.inductor_meta_common(),
[rank14]:       ^^^^^^^^^^^^^^^^^^^^^^^^^^^
[rank14]:   File "/root/.cache/user_artifacts/trainers_glm/server/.venv/lib/python3.12/site-packages/torch/_inductor/codegen/triton.py", line 5286, in inductor_meta_common
[rank14]:     "backend_hash": torch.utils._triton.triton_hash_with_backend(),
[rank14]:                     ^^^^^^^^^^^^^^^^^^^^^^^^^^^^^^^^^^^^^^^^^^^^^^
[rank14]:   File "/root/.cache/user_artifacts/trainers_glm/server/.venv/lib/python3.12/site-packages/torch/utils/_triton.py", line 200, in triton_hash_with_backend
[rank14]:     backend = triton_backend()
[rank14]:               ^^^^^^^^^^^^^^^^
[rank14]:   File "/root/.cache/user_artifacts/trainers_glm/server/.venv/lib/python3.12/site-packages/torch/utils/_triton.py", line 192, in triton_backend
[rank14]:     target = driver.active.get_current_target()
[rank14]:              ^^^^^^^^^^^^^
[rank14]:   File "/root/.cache/user_artifacts/trainers_glm/server/.venv/lib/python3.12/site-packages/triton/runtime/driver.py", line 28, in active
[rank14]:     self._active = self.default
[rank14]:                    ^^^^^^^^^^^^
[rank14]:   File "/root/.cache/user_artifacts/trainers_glm/server/.venv/lib/python3.12/site-packages/triton/runtime/driver.py", line 22, in default
[rank14]:     self._default = _create_driver()
[rank14]:                     ^^^^^^^^^^^^^^^^
[rank14]:   File "/root/.cache/user_artifacts/trainers_glm/server/.venv/lib/python3.12/site-packages/triton/runtime/driver.py", line 10, in _create_driver
[rank14]:     return active_drivers[0]()
[rank14]:            ^^^^^^^^^^^^^^^^^^^
[rank14]:   File "/root/.cache/user_artifacts/trainers_glm/server/.venv/lib/python3.12/site-packages/triton/backends/nvidia/driver.py", line 720, in __init__
[rank14]:     self.utils = CudaUtils()  # TODO: make static
[rank14]:                  ^^^^^^^^^^^
[rank14]:   File "/root/.cache/user_artifacts/trainers_glm/server/.venv/lib/python3.12/site-packages/triton/backends/nvidia/driver.py", line 62, in __init__
[rank14]:     mod = compile_module_from_src(
[rank14]:           ^^^^^^^^^^^^^^^^^^^^^^^^
[rank14]:   File "/root/.cache/user_artifacts/trainers_glm/server/.venv/lib/python3.12/site-packages/triton/runtime/build.py", line 93, in compile_module_from_src
[rank14]:     so = _build(name, src_path, tmpdir, library_dirs or [], include_dirs or [], libraries or [], ccflags or [])
[rank14]:          ^^^^^^^^^^^^^^^^^^^^^^^^^^^^^^^^^^^^^^^^^^^^^^^^^^^^^^^^^^^^^^^^^^^^^^^^^^^^^^^^^^^^^^^^^^^^^^^^^^^^^^
[rank14]:   File "/root/.cache/user_artifacts/trainers_glm/server/.venv/lib/python3.12/site-packages/triton/runtime/build.py", line 48, in _build
[rank14]:     subprocess.check_call(cc_cmd, stdout=subprocess.DEVNULL)
[rank14]:   File "/usr/lib/python3.12/subprocess.py", line 413, in check_call
[rank14]:     raise CalledProcessError(retcode, cmd)
[rank14]: torch._inductor.exc.InductorError: CalledProcessError: Command '['/usr/bin/gcc', '/tmp/tmpwyihwofs/cuda_utils.c', '-O3', '-shared', '-fPIC', '-Wno-psabi', '-o', '/tmp/tmpwyihwofs/cuda_utils.cpython-312-x86_64-linux-gnu.so', '-l:libcuda.so.1', '-L/root/.cache/user_artifacts/trainers_glm/server/.venv/lib/python3.12/site-packages/triton/backends/nvidia/lib', '-L/usr/lib/x86_64-linux-gnu', '-I/root/.cache/user_artifacts/trainers_glm/server/.venv/lib/python3.12/site-packages/triton/backends/nvidia/include', '-I/tmp/tmpwyihwofs', '-I/usr/include/python3.12']' returned non-zero exit status 1.

[rank14]: Set TORCHDYNAMO_VERBOSE=1 for the internal stack trace (please do this especially if you're reporting a bug to PyTorch). For even more developer context, set TORCH_LOGS="+dynamo"

/tmp/tmpp1se86x9/cuda_utils.c:7:10: fatal error: Python.h: No such file or directory
    7 | #include <Python.h>
      |          ^~~~~~~~~~
compilation terminated.
[rank10]: Traceback (most recent call last):
[rank10]:   File "<frozen runpy>", line 198, in _run_module_as_main
[rank10]:   File "<frozen runpy>", line 88, in _run_code
[rank10]:   File "/root/.cache/user_artifacts/trainers_glm/server/src/trainers_server/dp_worker/main.py", line 243, in <module>
[rank10]:     main()
[rank10]:   File "/root/.cache/user_artifacts/trainers_glm/server/src/trainers_server/dp_worker/main.py", line 239, in main
[rank10]:     run_rank(config)
[rank10]:   File "/root/.cache/user_artifacts/trainers_glm/server/src/trainers_server/dp_worker/worker.py", line 249, in run_rank
[rank10]:     controller = MegatronBridgeController(config)
[rank10]:                  ^^^^^^^^^^^^^^^^^^^^^^^^^^^^^^^^
[rank10]:   File "/root/.cache/user_artifacts/trainers_glm/server/src/trainers_server/dp_worker/api/megatron_controller.py", line 1218, in __init__
[rank10]:     self._init_training_stack(initialize_runtime=True)
[rank10]:   File "/root/.cache/user_artifacts/trainers_glm/server/src/trainers_server/dp_worker/api/megatron_controller.py", line 1333, in _init_training_stack
[rank10]:     set_jit_fusion_options(model_provider, micro_batch_size)
[rank10]:   File "/root/.cache/user_artifacts/trainers_glm/server/vendor/megatron-bridge/src/megatron/bridge/training/initialize.py", line 311, in set_jit_fusion_options
[rank10]:     _warmup_jit_function(
[rank10]:   File "/root/.cache/user_artifacts/trainers_glm/server/vendor/megatron-bridge/src/megatron/bridge/training/initialize.py", line 912, in _warmup_jit_function
[rank10]:     output = bias_swiglu(input, bias)
[rank10]:              ^^^^^^^^^^^^^^^^^^^^^^^^
[rank10]:   File "/root/.cache/user_artifacts/trainers_glm/server/.venv/lib/python3.12/site-packages/torch/_dynamo/eval_frame.py", line 1038, in compile_wrapper
[rank10]:     raise e.remove_dynamo_frames() from None  # see TORCHDYNAMO_VERBOSE=1
[rank10]:     ^^^^^^^^^^^^^^^^^^^^^^^^^^^^^^^^^^^^^^^^
[rank10]:   File "/root/.cache/user_artifacts/trainers_glm/server/.venv/lib/python3.12/site-packages/torch/_inductor/compile_fx.py", line 1053, in _compile_fx_inner
[rank10]:     raise InductorError(e, currentframe()).with_traceback(
[rank10]:   File "/root/.cache/user_artifacts/trainers_glm/server/.venv/lib/python3.12/site-packages/torch/_inductor/compile_fx.py", line 1037, in _compile_fx_inner
[rank10]:     mb_compiled_graph = fx_codegen_and_compile(
[rank10]:                         ^^^^^^^^^^^^^^^^^^^^^^^
[rank10]:   File "/root/.cache/user_artifacts/trainers_glm/server/.venv/lib/python3.12/site-packages/torch/_inductor/compile_fx.py", line 1798, in fx_codegen_and_compile
[rank10]:     return scheme.codegen_and_compile(gm, example_inputs, inputs_to_check, graph_kwargs)
[rank10]:            ^^^^^^^^^^^^^^^^^^^^^^^^^^^^^^^^^^^^^^^^^^^^^^^^^^^^^^^^^^^^^^^^^^^^^^^^^^^^^
[rank10]:   File "/root/.cache/user_artifacts/trainers_glm/server/.venv/lib/python3.12/site-packages/torch/_inductor/compile_fx.py", line 1570, in codegen_and_compile
[rank10]:     compiled_module = graph.compile_to_module()
[rank10]:                       ^^^^^^^^^^^^^^^^^^^^^^^^^
[rank10]:   File "/root/.cache/user_artifacts/trainers_glm/server/.venv/lib/python3.12/site-packages/torch/_inductor/graph.py", line 2499, in compile_to_module
[rank10]:     return self._compile_to_module()
[rank10]:            ^^^^^^^^^^^^^^^^^^^^^^^^^
[rank10]:   File "/root/.cache/user_artifacts/trainers_glm/server/.venv/lib/python3.12/site-packages/torch/_inductor/graph.py", line 2505, in _compile_to_module
[rank10]:     self.codegen_with_cpp_wrapper() if self.cpp_wrapper else self.codegen()
[rank10]:                                                              ^^^^^^^^^^^^^^
[rank10]:   File "/root/.cache/user_artifacts/trainers_glm/server/.venv/lib/python3.12/site-packages/torch/_inductor/graph.py", line 2441, in codegen
[rank10]:     self.scheduler.codegen()
[rank10]:   File "/root/.cache/user_artifacts/trainers_glm/server/.venv/lib/python3.12/site-packages/torch/_inductor/scheduler.py", line 6592, in codegen
[rank10]:     self._codegen_partitions()
[rank10]:   File "/root/.cache/user_artifacts/trainers_glm/server/.venv/lib/python3.12/site-packages/torch/_inductor/scheduler.py", line 6732, in _codegen_partitions
[rank10]:     self._codegen(partition)
[rank10]:   File "/root/.cache/user_artifacts/trainers_glm/server/.venv/lib/python3.12/site-packages/torch/_inductor/scheduler.py", line 6838, in _codegen
[rank10]:     self.get_backend(device).codegen_node(node)
[rank10]:   File "/root/.cache/user_artifacts/trainers_glm/server/.venv/lib/python3.12/site-packages/torch/_inductor/codegen/cuda_combined_scheduling.py", line 152, in codegen_node
[rank10]:     return self._triton_scheduling.codegen_node(node)
[rank10]:            ^^^^^^^^^^^^^^^^^^^^^^^^^^^^^^^^^^^^^^^^^^
[rank10]:   File "/root/.cache/user_artifacts/trainers_glm/server/.venv/lib/python3.12/site-packages/torch/_inductor/codegen/simd.py", line 1841, in codegen_node
[rank10]:     return self._codegen_nodes(nodes, coalesce_analysis)  # type: ignore[arg-type]
[rank10]:            ^^^^^^^^^^^^^^^^^^^^^^^^^^^^^^^^^^^^^^^^^^^^^
[rank10]:   File "/root/.cache/user_artifacts/trainers_glm/server/.venv/lib/python3.12/site-packages/torch/_inductor/codegen/simd.py", line 1814, in _codegen_nodes
[rank10]:     return self.codegen_node_schedule(
[rank10]:            ^^^^^^^^^^^^^^^^^^^^^^^^^^^
[rank10]:   File "/root/.cache/user_artifacts/trainers_glm/server/.venv/lib/python3.12/site-packages/torch/_inductor/codegen/simd.py", line 1921, in codegen_node_schedule
[rank10]:     src_code = kernel.codegen_kernel()
[rank10]:                ^^^^^^^^^^^^^^^^^^^^^^^
[rank10]:   File "/root/.cache/user_artifacts/trainers_glm/server/.venv/lib/python3.12/site-packages/torch/_inductor/codegen/triton.py", line 5492, in codegen_kernel
[rank10]:     **self.inductor_meta_common(),
[rank10]:       ^^^^^^^^^^^^^^^^^^^^^^^^^^^
[rank10]:   File "/root/.cache/user_artifacts/trainers_glm/server/.venv/lib/python3.12/site-packages/torch/_inductor/codegen/triton.py", line 5286, in inductor_meta_common
[rank10]:     "backend_hash": torch.utils._triton.triton_hash_with_backend(),
[rank10]:                     ^^^^^^^^^^^^^^^^^^^^^^^^^^^^^^^^^^^^^^^^^^^^^^
[rank10]:   File "/root/.cache/user_artifacts/trainers_glm/server/.venv/lib/python3.12/site-packages/torch/utils/_triton.py", line 200, in triton_hash_with_backend
[rank10]:     backend = triton_backend()
[rank10]:               ^^^^^^^^^^^^^^^^
[rank10]:   File "/root/.cache/user_artifacts/trainers_glm/server/.venv/lib/python3.12/site-packages/torch/utils/_triton.py", line 192, in triton_backend
[rank10]:     target = driver.active.get_current_target()
[rank10]:              ^^^^^^^^^^^^^
[rank10]:   File "/root/.cache/user_artifacts/trainers_glm/server/.venv/lib/python3.12/site-packages/triton/runtime/driver.py", line 28, in active
[rank10]:     self._active = self.default
[rank10]:                    ^^^^^^^^^^^^
[rank10]:   File "/root/.cache/user_artifacts/trainers_glm/server/.venv/lib/python3.12/site-packages/triton/runtime/driver.py", line 22, in default
[rank10]:     self._default = _create_driver()
[rank10]:                     ^^^^^^^^^^^^^^^^
[rank10]:   File "/root/.cache/user_artifacts/trainers_glm/server/.venv/lib/python3.12/site-packages/triton/runtime/driver.py", line 10, in _create_driver
[rank10]:     return active_drivers[0]()
[rank10]:            ^^^^^^^^^^^^^^^^^^^
[rank10]:   File "/root/.cache/user_artifacts/trainers_glm/server/.venv/lib/python3.12/site-packages/triton/backends/nvidia/driver.py", line 720, in __init__
[rank10]:     self.utils = CudaUtils()  # TODO: make static
[rank10]:                  ^^^^^^^^^^^
[rank10]:   File "/root/.cache/user_artifacts/trainers_glm/server/.venv/lib/python3.12/site-packages/triton/backends/nvidia/driver.py", line 62, in __init__
[rank10]:     mod = compile_module_from_src(
[rank10]:           ^^^^^^^^^^^^^^^^^^^^^^^^
[rank10]:   File "/root/.cache/user_artifacts/trainers_glm/server/.venv/lib/python3.12/site-packages/triton/runtime/build.py", line 93, in compile_module_from_src
[rank10]:     so = _build(name, src_path, tmpdir, library_dirs or [], include_dirs or [], libraries or [], ccflags or [])
[rank10]:          ^^^^^^^^^^^^^^^^^^^^^^^^^^^^^^^^^^^^^^^^^^^^^^^^^^^^^^^^^^^^^^^^^^^^^^^^^^^^^^^^^^^^^^^^^^^^^^^^^^^^^^
[rank10]:   File "/root/.cache/user_artifacts/trainers_glm/server/.venv/lib/python3.12/site-packages/triton/runtime/build.py", line 48, in _build
[rank10]:     subprocess.check_call(cc_cmd, stdout=subprocess.DEVNULL)
[rank10]:   File "/usr/lib/python3.12/subprocess.py", line 413, in check_call
[rank10]:     raise CalledProcessError(retcode, cmd)
[rank10]: torch._inductor.exc.InductorError: CalledProcessError: Command '['/usr/bin/gcc', '/tmp/tmpp1se86x9/cuda_utils.c', '-O3', '-shared', '-fPIC', '-Wno-psabi', '-o', '/tmp/tmpp1se86x9/cuda_utils.cpython-312-x86_64-linux-gnu.so', '-l:libcuda.so.1', '-L/root/.cache/user_artifacts/trainers_glm/server/.venv/lib/python3.12/site-packages/triton/backends/nvidia/lib', '-L/usr/lib/x86_64-linux-gnu', '-I/root/.cache/user_artifacts/trainers_glm/server/.venv/lib/python3.12/site-packages/triton/backends/nvidia/include', '-I/tmp/tmpp1se86x9', '-I/usr/include/python3.12']' returned non-zero exit status 1.

[rank10]: Set TORCHDYNAMO_VERBOSE=1 for the internal stack trace (please do this especially if you're reporting a bug to PyTorch). For even more developer context, set TORCH_LOGS="+dynamo"

W0708 07:58:42.206000 155503 .venv/lib/python3.12/site-packages/torch/distributed/elastic/multiprocessing/api.py:1012] Sending process 155609 closing signal SIGTERM
W0708 07:58:42.206000 155503 .venv/lib/python3.12/site-packages/torch/distributed/elastic/multiprocessing/api.py:1012] Sending process 155610 closing signal SIGTERM
W0708 07:58:42.208000 155503 .venv/lib/python3.12/site-packages/torch/distributed/elastic/multiprocessing/api.py:1012] Sending process 155611 closing signal SIGTERM
W0708 07:58:42.210000 155503 .venv/lib/python3.12/site-packages/torch/distributed/elastic/multiprocessing/api.py:1012] Sending process 155612 closing signal SIGTERM
W0708 07:58:42.212000 155503 .venv/lib/python3.12/site-packages/torch/distributed/elastic/multiprocessing/api.py:1012] Sending process 155613 closing signal SIGTERM
W0708 07:58:42.215000 155503 .venv/lib/python3.12/site-packages/torch/distributed/elastic/multiprocessing/api.py:1012] Sending process 155614 closing signal SIGTERM
W0708 07:58:42.217000 155503 .venv/lib/python3.12/site-packages/torch/distributed/elastic/multiprocessing/api.py:1012] Sending process 155615 closing signal SIGTERM
E0708 07:58:43.746000 155503 .venv/lib/python3.12/site-packages/torch/distributed/elastic/multiprocessing/api.py:986] failed (exitcode: 1) local_rank: 7 (pid: 155616) of binary: /root/.cache/user_artifacts/trainers_glm/server/.venv/bin/python
Traceback (most recent call last):
  File "/root/.cache/user_artifacts/trainers_glm/server/.venv/bin/torchrun", line 10, in <module>
    sys.exit(main())
             ^^^^^^
  File "/root/.cache/user_artifacts/trainers_glm/server/.venv/lib/python3.12/site-packages/torch/distributed/elastic/multiprocessing/errors/__init__.py", line 362, in wrapper
    return f(*args, **kwargs)
           ^^^^^^^^^^^^^^^^^^
  File "/root/.cache/user_artifacts/trainers_glm/server/.venv/lib/python3.12/site-packages/torch/distributed/run.py", line 990, in main
    run(args)
  File "/root/.cache/user_artifacts/trainers_glm/server/.venv/lib/python3.12/site-packages/torch/distributed/run.py", line 981, in run
    elastic_launch(
  File "/root/.cache/user_artifacts/trainers_glm/server/.venv/lib/python3.12/site-packages/torch/distributed/launcher/api.py", line 170, in __call__
    return launch_agent(self._config, self._entrypoint, list(args))
           ^^^^^^^^^^^^^^^^^^^^^^^^^^^^^^^^^^^^^^^^^^^^^^^^^^^^^^^^
  File "/root/.cache/user_artifacts/trainers_glm/server/.venv/lib/python3.12/site-packages/torch/distributed/launcher/api.py", line 317, in launch_agent
    raise ChildFailedError(
torch.distributed.elastic.multiprocessing.errors.ChildFailedError: 
============================================================
trainers_server.dp_worker.main FAILED
------------------------------------------------------------
Failures:
[1]:
  time      : 2026-07-08_07:58:43
  host      : baseten-training-job-qr9oevq-multinode-0-1.baseten-training-job-qr9oevq-multinode.org-99340d71961343c28c5c567d705ab0c0.svc.cluster.local
  rank      : 8 (local_rank: 0)
  exitcode  : -15 (pid: 155609)
  error_file: <N/A>
  traceback : Signal 15 (SIGTERM) received by PID 155609
[2]:
  time      : 2026-07-08_07:58:43
  host      : baseten-training-job-qr9oevq-multinode-0-1.baseten-training-job-qr9oevq-multinode.org-99340d71961343c28c5c567d705ab0c0.svc.cluster.local
  rank      : 9 (local_rank: 1)
  exitcode  : -15 (pid: 155610)
  error_file: <N/A>
  traceback : Signal 15 (SIGTERM) received by PID 155610
[3]:
  time      : 2026-07-08_07:58:43
  host      : baseten-training-job-qr9oevq-multinode-0-1.baseten-training-job-qr9oevq-multinode.org-99340d71961343c28c5c567d705ab0c0.svc.cluster.local
  rank      : 10 (local_rank: 2)
  exitcode  : -15 (pid: 155611)
  error_file: <N/A>
  traceback : Signal 15 (SIGTERM) received by PID 155611
[4]:
  time      : 2026-07-08_07:58:43
  host      : baseten-training-job-qr9oevq-multinode-0-1.baseten-training-job-qr9oevq-multinode.org-99340d71961343c28c5c567d705ab0c0.svc.cluster.local
  rank      : 11 (local_rank: 3)
  exitcode  : -15 (pid: 155612)
  error_file: <N/A>
  traceback : Signal 15 (SIGTERM) received by PID 155612
[5]:
  time      : 2026-07-08_07:58:43
  host      : baseten-training-job-qr9oevq-multinode-0-1.baseten-training-job-qr9oevq-multinode.org-99340d71961343c28c5c567d705ab0c0.svc.cluster.local
  rank      : 12 (local_rank: 4)
  exitcode  : -15 (pid: 155613)
  error_file: <N/A>
  traceback : Signal 15 (SIGTERM) received by PID 155613
[6]:
  time      : 2026-07-08_07:58:43
  host      : baseten-training-job-qr9oevq-multinode-0-1.baseten-training-job-qr9oevq-multinode.org-99340d71961343c28c5c567d705ab0c0.svc.cluster.local
  rank      : 13 (local_rank: 5)
  exitcode  : -15 (pid: 155614)
  error_file: <N/A>
  traceback : Signal 15 (SIGTERM) received by PID 155614
[7]:
  time      : 2026-07-08_07:58:43
  host      : baseten-training-job-qr9oevq-multinode-0-1.baseten-training-job-qr9oevq-multinode.org-99340d71961343c28c5c567d705ab0c0.svc.cluster.local
  rank      : 14 (local_rank: 6)
  exitcode  : -15 (pid: 155615)
  error_file: <N/A>
  traceback : Signal 15 (SIGTERM) received by PID 155615
------------------------------------------------------------
Root Cause (first observed failure):
[0]:
  time      : 2026-07-08_07:58:42
  host      : baseten-training-job-qr9oevq-multinode-0-1.baseten-training-job-qr9oevq-multinode.org-99340d71961343c28c5c567d705ab0c0.svc.cluster.local
  rank      : 15 (local_rank: 7)
  exitcode  : 1 (pid: 155616)
  error_file: <N/A>
  traceback : To enable traceback see: https://pytorch.org/docs/stable/elastic/errors.html
============================================================
