[run_trainer_node] NCCL_IB_HCA=mlx5_0,mlx5_1,mlx5_3,mlx5_4,mlx5_5,mlx5_6,mlx5_7,mlx5_8,mlx5_9,mlx5_10,mlx5_12,mlx5_13
[run_trainer_node] rank=3 nnodes=4 leader=10.233.87.95 config=/root/.cache/user_artifacts/glm_prof/configs/active.json src=/root/.cache/user_artifacts/trainers_glm
[run_trainer_node] config contents:
{
  "base_model": "zai-org/GLM-5.2-FP8",
  "max_seq_len": 131072,
  "tensor_parallel_size": 1,
  "pipeline_parallel_size": 16,
  "context_parallel_size": 1,
  "expert_parallel_size": 2,
  "expert_tensor_parallel_size": 1,
  "trust_remote_code": true,
  "lora_rank": 16,
  "weight_sync": {"type": "disabled"}
}
/root/.cache/user_artifacts/trainers_glm/server/.venv/lib/python3.12/site-packages/torch/cuda/__init__.py:61: FutureWarning: The pynvml package is deprecated. Please install nvidia-ml-py instead. If you did not install pynvml directly, please report this to the maintainers of the package that installed pynvml for you.
  import pynvml  # type: ignore[import]
/root/.cache/user_artifacts/trainers_glm/server/.venv/lib/python3.12/site-packages/torch/cuda/__init__.py:61: FutureWarning: The pynvml package is deprecated. Please install nvidia-ml-py instead. If you did not install pynvml directly, please report this to the maintainers of the package that installed pynvml for you.
  import pynvml  # type: ignore[import]
/root/.cache/user_artifacts/trainers_glm/server/.venv/lib/python3.12/site-packages/torch/cuda/__init__.py:61: FutureWarning: The pynvml package is deprecated. Please install nvidia-ml-py instead. If you did not install pynvml directly, please report this to the maintainers of the package that installed pynvml for you.
  import pynvml  # type: ignore[import]
/root/.cache/user_artifacts/trainers_glm/server/.venv/lib/python3.12/site-packages/torch/cuda/__init__.py:61: FutureWarning: The pynvml package is deprecated. Please install nvidia-ml-py instead. If you did not install pynvml directly, please report this to the maintainers of the package that installed pynvml for you.
  import pynvml  # type: ignore[import]
/root/.cache/user_artifacts/trainers_glm/server/vendor/megatron-bridge/3rdparty/Megatron-LM/megatron/core/models/backends.py:34: UserWarning: Apex is not installed. Falling back to Torch Norm
  warnings.warn("Apex is not installed. Falling back to Torch Norm")
/root/.cache/user_artifacts/trainers_glm/server/vendor/megatron-bridge/3rdparty/Megatron-LM/megatron/core/models/gpt/gpt_layer_specs.py:77: UserWarning: Apex is not installed. Falling back to Torch Norm
  warnings.warn("Apex is not installed. Falling back to Torch Norm")
/root/.cache/user_artifacts/trainers_glm/server/.venv/lib/python3.12/site-packages/torch/cuda/__init__.py:61: FutureWarning: The pynvml package is deprecated. Please install nvidia-ml-py instead. If you did not install pynvml directly, please report this to the maintainers of the package that installed pynvml for you.
  import pynvml  # type: ignore[import]
/root/.cache/user_artifacts/trainers_glm/server/vendor/megatron-bridge/3rdparty/Megatron-LM/megatron/core/models/backends.py:34: UserWarning: Apex is not installed. Falling back to Torch Norm
  warnings.warn("Apex is not installed. Falling back to Torch Norm")
/root/.cache/user_artifacts/trainers_glm/server/vendor/megatron-bridge/3rdparty/Megatron-LM/megatron/core/models/gpt/gpt_layer_specs.py:77: UserWarning: Apex is not installed. Falling back to Torch Norm
  warnings.warn("Apex is not installed. Falling back to Torch Norm")
/root/.cache/user_artifacts/trainers_glm/server/vendor/megatron-bridge/3rdparty/Megatron-LM/megatron/core/models/backends.py:34: UserWarning: Apex is not installed. Falling back to Torch Norm
  warnings.warn("Apex is not installed. Falling back to Torch Norm")
/root/.cache/user_artifacts/trainers_glm/server/vendor/megatron-bridge/3rdparty/Megatron-LM/megatron/core/models/gpt/gpt_layer_specs.py:77: UserWarning: Apex is not installed. Falling back to Torch Norm
  warnings.warn("Apex is not installed. Falling back to Torch Norm")
/root/.cache/user_artifacts/trainers_glm/server/vendor/megatron-bridge/3rdparty/Megatron-LM/megatron/core/models/backends.py:34: UserWarning: Apex is not installed. Falling back to Torch Norm
  warnings.warn("Apex is not installed. Falling back to Torch Norm")
/root/.cache/user_artifacts/trainers_glm/server/vendor/megatron-bridge/3rdparty/Megatron-LM/megatron/core/models/gpt/gpt_layer_specs.py:77: UserWarning: Apex is not installed. Falling back to Torch Norm
  warnings.warn("Apex is not installed. Falling back to Torch Norm")
/root/.cache/user_artifacts/trainers_glm/server/.venv/lib/python3.12/site-packages/torch/cuda/__init__.py:61: FutureWarning: The pynvml package is deprecated. Please install nvidia-ml-py instead. If you did not install pynvml directly, please report this to the maintainers of the package that installed pynvml for you.
  import pynvml  # type: ignore[import]
/root/.cache/user_artifacts/trainers_glm/server/.venv/lib/python3.12/site-packages/torch/cuda/__init__.py:61: FutureWarning: The pynvml package is deprecated. Please install nvidia-ml-py instead. If you did not install pynvml directly, please report this to the maintainers of the package that installed pynvml for you.
  import pynvml  # type: ignore[import]
/root/.cache/user_artifacts/trainers_glm/server/.venv/lib/python3.12/site-packages/torch/cuda/__init__.py:61: FutureWarning: The pynvml package is deprecated. Please install nvidia-ml-py instead. If you did not install pynvml directly, please report this to the maintainers of the package that installed pynvml for you.
  import pynvml  # type: ignore[import]
/tmp/tmpqujlqbuh/cuda_utils.c:7:10: fatal error: Python.h: No such file or directory
    7 | #include <Python.h>
      |          ^~~~~~~~~~
compilation terminated.
/root/.cache/user_artifacts/trainers_glm/server/.venv/lib/python3.12/site-packages/fla/utils.py:420: UserWarning: Triton is not supported on current platform, roll back to CPU.
  warnings.warn(('Triton is not supported on current platform, roll back to CPU.'), stacklevel=1)
/tmp/tmpg9uiaeu4/cuda_utils.c:7:10: fatal error: Python.h: No such file or directory
    7 | #include <Python.h>
      |          ^~~~~~~~~~
compilation terminated.
/tmp/tmp8sy2i447/cuda_utils.c:7:10: fatal error: Python.h: No such file or directory
    7 | #include <Python.h>
      |          ^~~~~~~~~~
compilation terminated.
/tmp/tmpr4bu5367/cuda_utils.c:7:10: fatal error: Python.h: No such file or directory
    7 | #include <Python.h>
      |          ^~~~~~~~~~
compilation terminated.
/tmp/tmpr800yc8s/cuda_utils.c:7:10: fatal error: Python.h: No such file or directory
    7 | #include <Python.h>
      |          ^~~~~~~~~~
compilation terminated.
/root/.cache/user_artifacts/trainers_glm/server/.venv/lib/python3.12/site-packages/modelopt/torch/__init__.py:53: UserWarning: transformers>=5.0 support is experimental. Unified Hugging Face checkpoint export for quantized checkpoints may not work for some models yet.
  _warnings.warn(
/root/.cache/user_artifacts/trainers_glm/server/vendor/megatron-bridge/3rdparty/Megatron-LM/megatron/core/models/gpt/heterogeneous/heterogeneous_layer_specs.py:68: UserWarning: Apex is not installed. Falling back to Torch Norm
  warnings.warn("Apex is not installed. Falling back to Torch Norm")
/root/.cache/user_artifacts/trainers_glm/server/vendor/megatron-bridge/3rdparty/Megatron-LM/megatron/core/models/vision/vit_layer_specs.py:31: UserWarning: Apex is not installed. Falling back to Torch Norm
  warnings.warn("Apex is not installed. Falling back to Torch Norm")
/root/.cache/user_artifacts/trainers_glm/server/vendor/megatron-bridge/3rdparty/Megatron-LM/megatron/core/models/backends.py:34: UserWarning: Apex is not installed. Falling back to Torch Norm
  warnings.warn("Apex is not installed. Falling back to Torch Norm")
/root/.cache/user_artifacts/trainers_glm/server/vendor/megatron-bridge/3rdparty/Megatron-LM/megatron/core/models/mimo/config/base_configs.py:12: UserWarning: MimoModelConfig is experimental and still under active development. The API may change without notice in future releases.
  class MimoModelConfig:
/root/.cache/user_artifacts/trainers_glm/server/vendor/megatron-bridge/3rdparty/Megatron-LM/megatron/core/models/gpt/gpt_layer_specs.py:77: UserWarning: Apex is not installed. Falling back to Torch Norm
  warnings.warn("Apex is not installed. Falling back to Torch Norm")
/root/.cache/user_artifacts/trainers_glm/server/vendor/megatron-bridge/3rdparty/Megatron-LM/megatron/core/models/backends.py:34: UserWarning: Apex is not installed. Falling back to Torch Norm
  warnings.warn("Apex is not installed. Falling back to Torch Norm")
/root/.cache/user_artifacts/trainers_glm/server/vendor/megatron-bridge/3rdparty/Megatron-LM/megatron/core/models/gpt/gpt_layer_specs.py:77: UserWarning: Apex is not installed. Falling back to Torch Norm
  warnings.warn("Apex is not installed. Falling back to Torch Norm")
WARNING:megatron.bridge.models.conversion.auto_bridge:Loading a model with trust_remote_code=True allows arbitrary code execution from the model repository. Only use this with models you trust.
[transformers] `torch_dtype` is deprecated! Use `dtype` instead!
INFO:trainers_server.dp_worker.api.megatron_controller:LoRA config: rank=16 alpha=32 (default 2*rank) -> forward scale=2
/root/.cache/user_artifacts/trainers_glm/server/vendor/megatron-bridge/3rdparty/Megatron-LM/megatron/core/transformer/transformer_config.py:2674: UserWarning: full scope is deprecated. Use empty cuda_graph_modules to capture the whole layer.
  warnings.warn(
/tmp/tmpwk1pcwrf/cuda_utils.c:7:10: fatal error: Python.h: No such file or directory
    7 | #include <Python.h>
      |          ^~~~~~~~~~
compilation terminated.
/root/.cache/user_artifacts/trainers_glm/server/.venv/lib/python3.12/site-packages/fla/utils.py:420: UserWarning: Triton is not supported on current platform, roll back to CPU.
  warnings.warn(('Triton is not supported on current platform, roll back to CPU.'), stacklevel=1)
/tmp/tmp2yavwea9/cuda_utils.c:7:10: fatal error: Python.h: No such file or directory
    7 | #include <Python.h>
      |          ^~~~~~~~~~
compilation terminated.
/tmp/tmp4aq_zqdd/cuda_utils.c:7:10: fatal error: Python.h: No such file or directory
    7 | #include <Python.h>
      |          ^~~~~~~~~~
compilation terminated.
/tmp/tmpzcj7kz3a/cuda_utils.c:7:10: fatal error: Python.h: No such file or directory
    7 | #include <Python.h>
      |          ^~~~~~~~~~
compilation terminated.
/tmp/tmpa062e4gs/cuda_utils.c:7:10: fatal error: Python.h: No such file or directory
    7 | #include <Python.h>
      |          ^~~~~~~~~~
compilation terminated.
/root/.cache/user_artifacts/trainers_glm/server/.venv/lib/python3.12/site-packages/modelopt/torch/__init__.py:53: UserWarning: transformers>=5.0 support is experimental. Unified Hugging Face checkpoint export for quantized checkpoints may not work for some models yet.
  _warnings.warn(
/root/.cache/user_artifacts/trainers_glm/server/vendor/megatron-bridge/3rdparty/Megatron-LM/megatron/core/models/gpt/heterogeneous/heterogeneous_layer_specs.py:68: UserWarning: Apex is not installed. Falling back to Torch Norm
  warnings.warn("Apex is not installed. Falling back to Torch Norm")
/root/.cache/user_artifacts/trainers_glm/server/vendor/megatron-bridge/3rdparty/Megatron-LM/megatron/core/models/vision/vit_layer_specs.py:31: UserWarning: Apex is not installed. Falling back to Torch Norm
  warnings.warn("Apex is not installed. Falling back to Torch Norm")
/root/.cache/user_artifacts/trainers_glm/server/vendor/megatron-bridge/3rdparty/Megatron-LM/megatron/core/models/mimo/config/base_configs.py:12: UserWarning: MimoModelConfig is experimental and still under active development. The API may change without notice in future releases.
  class MimoModelConfig:
WARNING:megatron.bridge.models.conversion.auto_bridge:Loading a model with trust_remote_code=True allows arbitrary code execution from the model repository. Only use this with models you trust.
[transformers] `torch_dtype` is deprecated! Use `dtype` instead!
INFO:trainers_server.dp_worker.api.megatron_controller:LoRA config: rank=16 alpha=32 (default 2*rank) -> forward scale=2
/root/.cache/user_artifacts/trainers_glm/server/vendor/megatron-bridge/3rdparty/Megatron-LM/megatron/core/transformer/transformer_config.py:2674: UserWarning: full scope is deprecated. Use empty cuda_graph_modules to capture the whole layer.
  warnings.warn(
/root/.cache/user_artifacts/trainers_glm/server/vendor/megatron-bridge/3rdparty/Megatron-LM/megatron/core/models/backends.py:34: UserWarning: Apex is not installed. Falling back to Torch Norm
  warnings.warn("Apex is not installed. Falling back to Torch Norm")
/root/.cache/user_artifacts/trainers_glm/server/vendor/megatron-bridge/3rdparty/Megatron-LM/megatron/core/models/gpt/gpt_layer_specs.py:77: UserWarning: Apex is not installed. Falling back to Torch Norm
  warnings.warn("Apex is not installed. Falling back to Torch Norm")
/tmp/tmp__fuf4dx/cuda_utils.c:7:10: fatal error: Python.h: No such file or directory
    7 | #include <Python.h>
      |          ^~~~~~~~~~
compilation terminated.
/root/.cache/user_artifacts/trainers_glm/server/.venv/lib/python3.12/site-packages/fla/utils.py:420: UserWarning: Triton is not supported on current platform, roll back to CPU.
  warnings.warn(('Triton is not supported on current platform, roll back to CPU.'), stacklevel=1)
/tmp/tmp7wd2ofvk/cuda_utils.c:7:10: fatal error: Python.h: No such file or directory
    7 | #include <Python.h>
      |          ^~~~~~~~~~
compilation terminated.
/tmp/tmpjgn9yiwc/cuda_utils.c:7:10: fatal error: Python.h: No such file or directory
    7 | #include <Python.h>
      |          ^~~~~~~~~~
compilation terminated.
/tmp/tmpqaq648j5/cuda_utils.c:7:10: fatal error: Python.h: No such file or directory
    7 | #include <Python.h>
      |          ^~~~~~~~~~
compilation terminated.
/tmp/tmph61vn04x/cuda_utils.c:7:10: fatal error: Python.h: No such file or directory
    7 | #include <Python.h>
      |          ^~~~~~~~~~
compilation terminated.
/root/.cache/user_artifacts/trainers_glm/server/.venv/lib/python3.12/site-packages/modelopt/torch/__init__.py:53: UserWarning: transformers>=5.0 support is experimental. Unified Hugging Face checkpoint export for quantized checkpoints may not work for some models yet.
  _warnings.warn(
/root/.cache/user_artifacts/trainers_glm/server/vendor/megatron-bridge/3rdparty/Megatron-LM/megatron/core/models/gpt/heterogeneous/heterogeneous_layer_specs.py:68: UserWarning: Apex is not installed. Falling back to Torch Norm
  warnings.warn("Apex is not installed. Falling back to Torch Norm")
/root/.cache/user_artifacts/trainers_glm/server/vendor/megatron-bridge/3rdparty/Megatron-LM/megatron/core/models/vision/vit_layer_specs.py:31: UserWarning: Apex is not installed. Falling back to Torch Norm
  warnings.warn("Apex is not installed. Falling back to Torch Norm")
/root/.cache/user_artifacts/trainers_glm/server/vendor/megatron-bridge/3rdparty/Megatron-LM/megatron/core/models/mimo/config/base_configs.py:12: UserWarning: MimoModelConfig is experimental and still under active development. The API may change without notice in future releases.
  class MimoModelConfig:
WARNING:megatron.bridge.models.conversion.auto_bridge:Loading a model with trust_remote_code=True allows arbitrary code execution from the model repository. Only use this with models you trust.
[transformers] `torch_dtype` is deprecated! Use `dtype` instead!
INFO:trainers_server.dp_worker.api.megatron_controller:LoRA config: rank=16 alpha=32 (default 2*rank) -> forward scale=2
/root/.cache/user_artifacts/trainers_glm/server/vendor/megatron-bridge/3rdparty/Megatron-LM/megatron/core/transformer/transformer_config.py:2674: UserWarning: full scope is deprecated. Use empty cuda_graph_modules to capture the whole layer.
  warnings.warn(
/tmp/tmp3fh2f3k5/cuda_utils.c:7:10: fatal error: Python.h: No such file or directory
    7 | #include <Python.h>
      |          ^~~~~~~~~~
compilation terminated.
/root/.cache/user_artifacts/trainers_glm/server/.venv/lib/python3.12/site-packages/fla/utils.py:420: UserWarning: Triton is not supported on current platform, roll back to CPU.
  warnings.warn(('Triton is not supported on current platform, roll back to CPU.'), stacklevel=1)
/tmp/tmpn2com_i2/cuda_utils.c:7:10: fatal error: Python.h: No such file or directory
    7 | #include <Python.h>
      |          ^~~~~~~~~~
compilation terminated.
/tmp/tmpfl3zoxwi/cuda_utils.c:7:10: fatal error: Python.h: No such file or directory
    7 | #include <Python.h>
      |          ^~~~~~~~~~
compilation terminated.
/root/.cache/user_artifacts/trainers_glm/server/.venv/lib/python3.12/site-packages/fla/utils.py:420: UserWarning: Triton is not supported on current platform, roll back to CPU.
  warnings.warn(('Triton is not supported on current platform, roll back to CPU.'), stacklevel=1)
/tmp/tmp3nchf4jp/cuda_utils.c:7:10: fatal error: Python.h: No such file or directory
    7 | #include <Python.h>
      |          ^~~~~~~~~~
compilation terminated.
/tmp/tmp9xr43ziz/cuda_utils.c:7:10: fatal error: Python.h: No such file or directory
    7 | #include <Python.h>
      |          ^~~~~~~~~~
compilation terminated.
/tmp/tmpje6ihvho/cuda_utils.c:7:10: fatal error: Python.h: No such file or directory
    7 | #include <Python.h>
      |          ^~~~~~~~~~
compilation terminated.
/tmp/tmp2c0vkmlh/cuda_utils.c:7:10: fatal error: Python.h: No such file or directory
    7 | #include <Python.h>
      |          ^~~~~~~~~~
compilation terminated.
/tmp/tmpkmbzt7ae/cuda_utils.c:7:10: fatal error: Python.h: No such file or directory
    7 | #include <Python.h>
      |          ^~~~~~~~~~
compilation terminated.
/tmp/tmp7h6tfs0o/cuda_utils.c:7:10: fatal error: Python.h: No such file or directory
    7 | #include <Python.h>
      |          ^~~~~~~~~~
compilation terminated.
/tmp/tmplajc1ys3/cuda_utils.c:7:10: fatal error: Python.h: No such file or directory
    7 | #include <Python.h>
      |          ^~~~~~~~~~
compilation terminated.
/root/.cache/user_artifacts/trainers_glm/server/.venv/lib/python3.12/site-packages/modelopt/torch/__init__.py:53: UserWarning: transformers>=5.0 support is experimental. Unified Hugging Face checkpoint export for quantized checkpoints may not work for some models yet.
  _warnings.warn(
/root/.cache/user_artifacts/trainers_glm/server/vendor/megatron-bridge/3rdparty/Megatron-LM/megatron/core/models/gpt/heterogeneous/heterogeneous_layer_specs.py:68: UserWarning: Apex is not installed. Falling back to Torch Norm
  warnings.warn("Apex is not installed. Falling back to Torch Norm")
/root/.cache/user_artifacts/trainers_glm/server/.venv/lib/python3.12/site-packages/modelopt/torch/__init__.py:53: UserWarning: transformers>=5.0 support is experimental. Unified Hugging Face checkpoint export for quantized checkpoints may not work for some models yet.
  _warnings.warn(
/root/.cache/user_artifacts/trainers_glm/server/vendor/megatron-bridge/3rdparty/Megatron-LM/megatron/core/models/gpt/heterogeneous/heterogeneous_layer_specs.py:68: UserWarning: Apex is not installed. Falling back to Torch Norm
  warnings.warn("Apex is not installed. Falling back to Torch Norm")
/root/.cache/user_artifacts/trainers_glm/server/vendor/megatron-bridge/3rdparty/Megatron-LM/megatron/core/models/vision/vit_layer_specs.py:31: UserWarning: Apex is not installed. Falling back to Torch Norm
  warnings.warn("Apex is not installed. Falling back to Torch Norm")
/root/.cache/user_artifacts/trainers_glm/server/vendor/megatron-bridge/3rdparty/Megatron-LM/megatron/core/models/vision/vit_layer_specs.py:31: UserWarning: Apex is not installed. Falling back to Torch Norm
  warnings.warn("Apex is not installed. Falling back to Torch Norm")
/root/.cache/user_artifacts/trainers_glm/server/vendor/megatron-bridge/3rdparty/Megatron-LM/megatron/core/models/mimo/config/base_configs.py:12: UserWarning: MimoModelConfig is experimental and still under active development. The API may change without notice in future releases.
  class MimoModelConfig:
/root/.cache/user_artifacts/trainers_glm/server/vendor/megatron-bridge/3rdparty/Megatron-LM/megatron/core/models/mimo/config/base_configs.py:12: UserWarning: MimoModelConfig is experimental and still under active development. The API may change without notice in future releases.
  class MimoModelConfig:
WARNING:megatron.bridge.models.conversion.auto_bridge:Loading a model with trust_remote_code=True allows arbitrary code execution from the model repository. Only use this with models you trust.
[transformers] `torch_dtype` is deprecated! Use `dtype` instead!
INFO:trainers_server.dp_worker.api.megatron_controller:LoRA config: rank=16 alpha=32 (default 2*rank) -> forward scale=2
/root/.cache/user_artifacts/trainers_glm/server/vendor/megatron-bridge/3rdparty/Megatron-LM/megatron/core/transformer/transformer_config.py:2674: UserWarning: full scope is deprecated. Use empty cuda_graph_modules to capture the whole layer.
  warnings.warn(
WARNING:megatron.bridge.models.conversion.auto_bridge:Loading a model with trust_remote_code=True allows arbitrary code execution from the model repository. Only use this with models you trust.
[transformers] `torch_dtype` is deprecated! Use `dtype` instead!
INFO:trainers_server.dp_worker.api.megatron_controller:LoRA config: rank=16 alpha=32 (default 2*rank) -> forward scale=2
/root/.cache/user_artifacts/trainers_glm/server/vendor/megatron-bridge/3rdparty/Megatron-LM/megatron/core/transformer/transformer_config.py:2674: UserWarning: full scope is deprecated. Use empty cuda_graph_modules to capture the whole layer.
  warnings.warn(
/tmp/tmpj9fv60k6/cuda_utils.c:7:10: fatal error: Python.h: No such file or directory
    7 | #include <Python.h>
      |          ^~~~~~~~~~
compilation terminated.
/root/.cache/user_artifacts/trainers_glm/server/.venv/lib/python3.12/site-packages/fla/utils.py:420: UserWarning: Triton is not supported on current platform, roll back to CPU.
  warnings.warn(('Triton is not supported on current platform, roll back to CPU.'), stacklevel=1)
/tmp/tmpq8eaq4ym/cuda_utils.c:7:10: fatal error: Python.h: No such file or directory
    7 | #include <Python.h>
      |          ^~~~~~~~~~
compilation terminated.
/tmp/tmppvcbaz6v/cuda_utils.c:7:10: fatal error: Python.h: No such file or directory
    7 | #include <Python.h>
      |          ^~~~~~~~~~
compilation terminated.
/tmp/tmp2ep_o2jq/cuda_utils.c:7:10: fatal error: Python.h: No such file or directory
    7 | #include <Python.h>
      |          ^~~~~~~~~~
compilation terminated.
/tmp/tmpfh1ccjmp/cuda_utils.c:7:10: fatal error: Python.h: No such file or directory
    7 | #include <Python.h>
      |          ^~~~~~~~~~
compilation terminated.
/root/.cache/user_artifacts/trainers_glm/server/.venv/lib/python3.12/site-packages/modelopt/torch/__init__.py:53: UserWarning: transformers>=5.0 support is experimental. Unified Hugging Face checkpoint export for quantized checkpoints may not work for some models yet.
  _warnings.warn(
/root/.cache/user_artifacts/trainers_glm/server/vendor/megatron-bridge/3rdparty/Megatron-LM/megatron/core/models/gpt/heterogeneous/heterogeneous_layer_specs.py:68: UserWarning: Apex is not installed. Falling back to Torch Norm
  warnings.warn("Apex is not installed. Falling back to Torch Norm")
/root/.cache/user_artifacts/trainers_glm/server/.venv/lib/python3.12/site-packages/torch/cuda/__init__.py:61: FutureWarning: The pynvml package is deprecated. Please install nvidia-ml-py instead. If you did not install pynvml directly, please report this to the maintainers of the package that installed pynvml for you.
  import pynvml  # type: ignore[import]
/root/.cache/user_artifacts/trainers_glm/server/vendor/megatron-bridge/3rdparty/Megatron-LM/megatron/core/models/vision/vit_layer_specs.py:31: UserWarning: Apex is not installed. Falling back to Torch Norm
  warnings.warn("Apex is not installed. Falling back to Torch Norm")
/root/.cache/user_artifacts/trainers_glm/server/vendor/megatron-bridge/3rdparty/Megatron-LM/megatron/core/models/mimo/config/base_configs.py:12: UserWarning: MimoModelConfig is experimental and still under active development. The API may change without notice in future releases.
  class MimoModelConfig:
WARNING:megatron.bridge.models.conversion.auto_bridge:Loading a model with trust_remote_code=True allows arbitrary code execution from the model repository. Only use this with models you trust.
[transformers] `torch_dtype` is deprecated! Use `dtype` instead!
INFO:trainers_server.dp_worker.api.megatron_controller:LoRA config: rank=16 alpha=32 (default 2*rank) -> forward scale=2
/root/.cache/user_artifacts/trainers_glm/server/vendor/megatron-bridge/3rdparty/Megatron-LM/megatron/core/transformer/transformer_config.py:2674: UserWarning: full scope is deprecated. Use empty cuda_graph_modules to capture the whole layer.
  warnings.warn(
/tmp/tmp6bnml_pv/cuda_utils.c:7:10: fatal error: Python.h: No such file or directory
    7 | #include <Python.h>
      |          ^~~~~~~~~~
compilation terminated.
/root/.cache/user_artifacts/trainers_glm/server/.venv/lib/python3.12/site-packages/fla/utils.py:420: UserWarning: Triton is not supported on current platform, roll back to CPU.
  warnings.warn(('Triton is not supported on current platform, roll back to CPU.'), stacklevel=1)
/tmp/tmpv2gdrot6/cuda_utils.c:7:10: fatal error: Python.h: No such file or directory
    7 | #include <Python.h>
      |          ^~~~~~~~~~
compilation terminated.
/tmp/tmp69ycu7g0/cuda_utils.c:7:10: fatal error: Python.h: No such file or directory
    7 | #include <Python.h>
      |          ^~~~~~~~~~
compilation terminated.
/tmp/tmplr8mdep2/cuda_utils.c:7:10: fatal error: Python.h: No such file or directory
    7 | #include <Python.h>
      |          ^~~~~~~~~~
compilation terminated.
/tmp/tmppfutkqkn/cuda_utils.c:7:10: fatal error: Python.h: No such file or directory
    7 | #include <Python.h>
      |          ^~~~~~~~~~
compilation terminated.
/root/.cache/user_artifacts/trainers_glm/server/.venv/lib/python3.12/site-packages/modelopt/torch/__init__.py:53: UserWarning: transformers>=5.0 support is experimental. Unified Hugging Face checkpoint export for quantized checkpoints may not work for some models yet.
  _warnings.warn(
/root/.cache/user_artifacts/trainers_glm/server/vendor/megatron-bridge/3rdparty/Megatron-LM/megatron/core/models/gpt/heterogeneous/heterogeneous_layer_specs.py:68: UserWarning: Apex is not installed. Falling back to Torch Norm
  warnings.warn("Apex is not installed. Falling back to Torch Norm")
/root/.cache/user_artifacts/trainers_glm/server/vendor/megatron-bridge/3rdparty/Megatron-LM/megatron/core/models/vision/vit_layer_specs.py:31: UserWarning: Apex is not installed. Falling back to Torch Norm
  warnings.warn("Apex is not installed. Falling back to Torch Norm")
/root/.cache/user_artifacts/trainers_glm/server/vendor/megatron-bridge/3rdparty/Megatron-LM/megatron/core/models/mimo/config/base_configs.py:12: UserWarning: MimoModelConfig is experimental and still under active development. The API may change without notice in future releases.
  class MimoModelConfig:
/root/.cache/user_artifacts/trainers_glm/server/vendor/megatron-bridge/3rdparty/Megatron-LM/megatron/core/models/backends.py:34: UserWarning: Apex is not installed. Falling back to Torch Norm
  warnings.warn("Apex is not installed. Falling back to Torch Norm")
/root/.cache/user_artifacts/trainers_glm/server/vendor/megatron-bridge/3rdparty/Megatron-LM/megatron/core/models/gpt/gpt_layer_specs.py:77: UserWarning: Apex is not installed. Falling back to Torch Norm
  warnings.warn("Apex is not installed. Falling back to Torch Norm")
WARNING:megatron.bridge.models.conversion.auto_bridge:Loading a model with trust_remote_code=True allows arbitrary code execution from the model repository. Only use this with models you trust.
[transformers] `torch_dtype` is deprecated! Use `dtype` instead!
INFO:trainers_server.dp_worker.api.megatron_controller:LoRA config: rank=16 alpha=32 (default 2*rank) -> forward scale=2
/root/.cache/user_artifacts/trainers_glm/server/vendor/megatron-bridge/3rdparty/Megatron-LM/megatron/core/transformer/transformer_config.py:2674: UserWarning: full scope is deprecated. Use empty cuda_graph_modules to capture the whole layer.
  warnings.warn(
/tmp/tmpykr9bt14/cuda_utils.c:7:10: fatal error: Python.h: No such file or directory
    7 | #include <Python.h>
      |          ^~~~~~~~~~
compilation terminated.
/root/.cache/user_artifacts/trainers_glm/server/.venv/lib/python3.12/site-packages/fla/utils.py:420: UserWarning: Triton is not supported on current platform, roll back to CPU.
  warnings.warn(('Triton is not supported on current platform, roll back to CPU.'), stacklevel=1)
/tmp/tmpdj0ilpys/cuda_utils.c:7:10: fatal error: Python.h: No such file or directory
    7 | #include <Python.h>
      |          ^~~~~~~~~~
compilation terminated.
/tmp/tmpa93v3pw7/cuda_utils.c:7:10: fatal error: Python.h: No such file or directory
    7 | #include <Python.h>
      |          ^~~~~~~~~~
compilation terminated.
/tmp/tmpadrgly78/cuda_utils.c:7:10: fatal error: Python.h: No such file or directory
    7 | #include <Python.h>
      |          ^~~~~~~~~~
compilation terminated.
/tmp/tmpa47l449d/cuda_utils.c:7:10: fatal error: Python.h: No such file or directory
    7 | #include <Python.h>
      |          ^~~~~~~~~~
compilation terminated.
/root/.cache/user_artifacts/trainers_glm/server/.venv/lib/python3.12/site-packages/modelopt/torch/__init__.py:53: UserWarning: transformers>=5.0 support is experimental. Unified Hugging Face checkpoint export for quantized checkpoints may not work for some models yet.
  _warnings.warn(
/root/.cache/user_artifacts/trainers_glm/server/vendor/megatron-bridge/3rdparty/Megatron-LM/megatron/core/models/gpt/heterogeneous/heterogeneous_layer_specs.py:68: UserWarning: Apex is not installed. Falling back to Torch Norm
  warnings.warn("Apex is not installed. Falling back to Torch Norm")
/root/.cache/user_artifacts/trainers_glm/server/vendor/megatron-bridge/3rdparty/Megatron-LM/megatron/core/models/vision/vit_layer_specs.py:31: UserWarning: Apex is not installed. Falling back to Torch Norm
  warnings.warn("Apex is not installed. Falling back to Torch Norm")
/root/.cache/user_artifacts/trainers_glm/server/vendor/megatron-bridge/3rdparty/Megatron-LM/megatron/core/models/mimo/config/base_configs.py:12: UserWarning: MimoModelConfig is experimental and still under active development. The API may change without notice in future releases.
  class MimoModelConfig:
WARNING:megatron.bridge.models.conversion.auto_bridge:Loading a model with trust_remote_code=True allows arbitrary code execution from the model repository. Only use this with models you trust.
[transformers] `torch_dtype` is deprecated! Use `dtype` instead!
INFO:trainers_server.dp_worker.api.megatron_controller:LoRA config: rank=16 alpha=32 (default 2*rank) -> forward scale=2
/root/.cache/user_artifacts/trainers_glm/server/vendor/megatron-bridge/3rdparty/Megatron-LM/megatron/core/transformer/transformer_config.py:2674: UserWarning: full scope is deprecated. Use empty cuda_graph_modules to capture the whole layer.
  warnings.warn(
> compiling dataset index builder ...
make: Entering directory '/root/.cache/user_artifacts/trainers_glm/server/vendor/megatron-bridge/3rdparty/Megatron-LM/megatron/core/datasets'
make: python3-config: No such file or directory
make: python3-config: No such file or directory
make: Nothing to be done for 'default'.
make: Leaving directory '/root/.cache/user_artifacts/trainers_glm/server/vendor/megatron-bridge/3rdparty/Megatron-LM/megatron/core/datasets'
>>> done with dataset index builder. Compilation time: 0.004 seconds
/tmp/tmpqa6ylhbr/cuda_utils.c:7:10: fatal error: Python.h: No such file or directory
    7 | #include <Python.h>
      |          ^~~~~~~~~~
compilation terminated.
[rank24]: Traceback (most recent call last):
[rank24]:   File "<frozen runpy>", line 198, in _run_module_as_main
[rank24]:   File "<frozen runpy>", line 88, in _run_code
[rank24]:   File "/root/.cache/user_artifacts/trainers_glm/server/src/trainers_server/dp_worker/main.py", line 243, in <module>
[rank24]:     main()
[rank24]:   File "/root/.cache/user_artifacts/trainers_glm/server/src/trainers_server/dp_worker/main.py", line 239, in main
[rank24]:     run_rank(config)
[rank24]:   File "/root/.cache/user_artifacts/trainers_glm/server/src/trainers_server/dp_worker/worker.py", line 249, in run_rank
[rank24]:     controller = MegatronBridgeController(config)
[rank24]:                  ^^^^^^^^^^^^^^^^^^^^^^^^^^^^^^^^
[rank24]:   File "/root/.cache/user_artifacts/trainers_glm/server/src/trainers_server/dp_worker/api/megatron_controller.py", line 1218, in __init__
[rank24]:     self._init_training_stack(initialize_runtime=True)
[rank24]:   File "/root/.cache/user_artifacts/trainers_glm/server/src/trainers_server/dp_worker/api/megatron_controller.py", line 1333, in _init_training_stack
[rank24]:     set_jit_fusion_options(model_provider, micro_batch_size)
[rank24]:   File "/root/.cache/user_artifacts/trainers_glm/server/vendor/megatron-bridge/src/megatron/bridge/training/initialize.py", line 311, in set_jit_fusion_options
[rank24]:     _warmup_jit_function(
[rank24]:   File "/root/.cache/user_artifacts/trainers_glm/server/vendor/megatron-bridge/src/megatron/bridge/training/initialize.py", line 912, in _warmup_jit_function
[rank24]:     output = bias_swiglu(input, bias)
[rank24]:              ^^^^^^^^^^^^^^^^^^^^^^^^
[rank24]:   File "/root/.cache/user_artifacts/trainers_glm/server/.venv/lib/python3.12/site-packages/torch/_dynamo/eval_frame.py", line 1038, in compile_wrapper
[rank24]:     raise e.remove_dynamo_frames() from None  # see TORCHDYNAMO_VERBOSE=1
[rank24]:     ^^^^^^^^^^^^^^^^^^^^^^^^^^^^^^^^^^^^^^^^
[rank24]:   File "/root/.cache/user_artifacts/trainers_glm/server/.venv/lib/python3.12/site-packages/torch/_inductor/compile_fx.py", line 1053, in _compile_fx_inner
[rank24]:     raise InductorError(e, currentframe()).with_traceback(
[rank24]:   File "/root/.cache/user_artifacts/trainers_glm/server/.venv/lib/python3.12/site-packages/torch/_inductor/compile_fx.py", line 1037, in _compile_fx_inner
[rank24]:     mb_compiled_graph = fx_codegen_and_compile(
[rank24]:                         ^^^^^^^^^^^^^^^^^^^^^^^
[rank24]:   File "/root/.cache/user_artifacts/trainers_glm/server/.venv/lib/python3.12/site-packages/torch/_inductor/compile_fx.py", line 1798, in fx_codegen_and_compile
[rank24]:     return scheme.codegen_and_compile(gm, example_inputs, inputs_to_check, graph_kwargs)
[rank24]:            ^^^^^^^^^^^^^^^^^^^^^^^^^^^^^^^^^^^^^^^^^^^^^^^^^^^^^^^^^^^^^^^^^^^^^^^^^^^^^
[rank24]:   File "/root/.cache/user_artifacts/trainers_glm/server/.venv/lib/python3.12/site-packages/torch/_inductor/compile_fx.py", line 1570, in codegen_and_compile
[rank24]:     compiled_module = graph.compile_to_module()
[rank24]:                       ^^^^^^^^^^^^^^^^^^^^^^^^^
[rank24]:   File "/root/.cache/user_artifacts/trainers_glm/server/.venv/lib/python3.12/site-packages/torch/_inductor/graph.py", line 2499, in compile_to_module
[rank24]:     return self._compile_to_module()
[rank24]:            ^^^^^^^^^^^^^^^^^^^^^^^^^
[rank24]:   File "/root/.cache/user_artifacts/trainers_glm/server/.venv/lib/python3.12/site-packages/torch/_inductor/graph.py", line 2505, in _compile_to_module
[rank24]:     self.codegen_with_cpp_wrapper() if self.cpp_wrapper else self.codegen()
[rank24]:                                                              ^^^^^^^^^^^^^^
[rank24]:   File "/root/.cache/user_artifacts/trainers_glm/server/.venv/lib/python3.12/site-packages/torch/_inductor/graph.py", line 2441, in codegen
[rank24]:     self.scheduler.codegen()
[rank24]:   File "/root/.cache/user_artifacts/trainers_glm/server/.venv/lib/python3.12/site-packages/torch/_inductor/scheduler.py", line 6592, in codegen
[rank24]:     self._codegen_partitions()
[rank24]:   File "/root/.cache/user_artifacts/trainers_glm/server/.venv/lib/python3.12/site-packages/torch/_inductor/scheduler.py", line 6732, in _codegen_partitions
[rank24]:     self._codegen(partition)
[rank24]:   File "/root/.cache/user_artifacts/trainers_glm/server/.venv/lib/python3.12/site-packages/torch/_inductor/scheduler.py", line 6838, in _codegen
[rank24]:     self.get_backend(device).codegen_node(node)
[rank24]:   File "/root/.cache/user_artifacts/trainers_glm/server/.venv/lib/python3.12/site-packages/torch/_inductor/codegen/cuda_combined_scheduling.py", line 152, in codegen_node
[rank24]:     return self._triton_scheduling.codegen_node(node)
[rank24]:            ^^^^^^^^^^^^^^^^^^^^^^^^^^^^^^^^^^^^^^^^^^
[rank24]:   File "/root/.cache/user_artifacts/trainers_glm/server/.venv/lib/python3.12/site-packages/torch/_inductor/codegen/simd.py", line 1841, in codegen_node
[rank24]:     return self._codegen_nodes(nodes, coalesce_analysis)  # type: ignore[arg-type]
[rank24]:            ^^^^^^^^^^^^^^^^^^^^^^^^^^^^^^^^^^^^^^^^^^^^^
[rank24]:   File "/root/.cache/user_artifacts/trainers_glm/server/.venv/lib/python3.12/site-packages/torch/_inductor/codegen/simd.py", line 1814, in _codegen_nodes
[rank24]:     return self.codegen_node_schedule(
[rank24]:            ^^^^^^^^^^^^^^^^^^^^^^^^^^^
[rank24]:   File "/root/.cache/user_artifacts/trainers_glm/server/.venv/lib/python3.12/site-packages/torch/_inductor/codegen/simd.py", line 1921, in codegen_node_schedule
[rank24]:     src_code = kernel.codegen_kernel()
[rank24]:                ^^^^^^^^^^^^^^^^^^^^^^^
[rank24]:   File "/root/.cache/user_artifacts/trainers_glm/server/.venv/lib/python3.12/site-packages/torch/_inductor/codegen/triton.py", line 5492, in codegen_kernel
[rank24]:     **self.inductor_meta_common(),
[rank24]:       ^^^^^^^^^^^^^^^^^^^^^^^^^^^
[rank24]:   File "/root/.cache/user_artifacts/trainers_glm/server/.venv/lib/python3.12/site-packages/torch/_inductor/codegen/triton.py", line 5286, in inductor_meta_common
[rank24]:     "backend_hash": torch.utils._triton.triton_hash_with_backend(),
[rank24]:                     ^^^^^^^^^^^^^^^^^^^^^^^^^^^^^^^^^^^^^^^^^^^^^^
[rank24]:   File "/root/.cache/user_artifacts/trainers_glm/server/.venv/lib/python3.12/site-packages/torch/utils/_triton.py", line 200, in triton_hash_with_backend
[rank24]:     backend = triton_backend()
[rank24]:               ^^^^^^^^^^^^^^^^
[rank24]:   File "/root/.cache/user_artifacts/trainers_glm/server/.venv/lib/python3.12/site-packages/torch/utils/_triton.py", line 192, in triton_backend
[rank24]:     target = driver.active.get_current_target()
[rank24]:              ^^^^^^^^^^^^^
[rank24]:   File "/root/.cache/user_artifacts/trainers_glm/server/.venv/lib/python3.12/site-packages/triton/runtime/driver.py", line 28, in active
[rank24]:     self._active = self.default
[rank24]:                    ^^^^^^^^^^^^
[rank24]:   File "/root/.cache/user_artifacts/trainers_glm/server/.venv/lib/python3.12/site-packages/triton/runtime/driver.py", line 22, in default
[rank24]:     self._default = _create_driver()
[rank24]:                     ^^^^^^^^^^^^^^^^
[rank24]:   File "/root/.cache/user_artifacts/trainers_glm/server/.venv/lib/python3.12/site-packages/triton/runtime/driver.py", line 10, in _create_driver
[rank24]:     return active_drivers[0]()
[rank24]:            ^^^^^^^^^^^^^^^^^^^
[rank24]:   File "/root/.cache/user_artifacts/trainers_glm/server/.venv/lib/python3.12/site-packages/triton/backends/nvidia/driver.py", line 720, in __init__
[rank24]:     self.utils = CudaUtils()  # TODO: make static
[rank24]:                  ^^^^^^^^^^^
[rank24]:   File "/root/.cache/user_artifacts/trainers_glm/server/.venv/lib/python3.12/site-packages/triton/backends/nvidia/driver.py", line 62, in __init__
[rank24]:     mod = compile_module_from_src(
[rank24]:           ^^^^^^^^^^^^^^^^^^^^^^^^
[rank24]:   File "/root/.cache/user_artifacts/trainers_glm/server/.venv/lib/python3.12/site-packages/triton/runtime/build.py", line 93, in compile_module_from_src
[rank24]:     so = _build(name, src_path, tmpdir, library_dirs or [], include_dirs or [], libraries or [], ccflags or [])
[rank24]:          ^^^^^^^^^^^^^^^^^^^^^^^^^^^^^^^^^^^^^^^^^^^^^^^^^^^^^^^^^^^^^^^^^^^^^^^^^^^^^^^^^^^^^^^^^^^^^^^^^^^^^^
[rank24]:   File "/root/.cache/user_artifacts/trainers_glm/server/.venv/lib/python3.12/site-packages/triton/runtime/build.py", line 48, in _build
[rank24]:     subprocess.check_call(cc_cmd, stdout=subprocess.DEVNULL)
[rank24]:   File "/usr/lib/python3.12/subprocess.py", line 413, in check_call
[rank24]:     raise CalledProcessError(retcode, cmd)
[rank24]: torch._inductor.exc.InductorError: CalledProcessError: Command '['/usr/bin/gcc', '/tmp/tmpqa6ylhbr/cuda_utils.c', '-O3', '-shared', '-fPIC', '-Wno-psabi', '-o', '/tmp/tmpqa6ylhbr/cuda_utils.cpython-312-x86_64-linux-gnu.so', '-l:libcuda.so.1', '-L/root/.cache/user_artifacts/trainers_glm/server/.venv/lib/python3.12/site-packages/triton/backends/nvidia/lib', '-L/usr/lib/x86_64-linux-gnu', '-I/root/.cache/user_artifacts/trainers_glm/server/.venv/lib/python3.12/site-packages/triton/backends/nvidia/include', '-I/tmp/tmpqa6ylhbr', '-I/usr/include/python3.12']' returned non-zero exit status 1.

[rank24]: Set TORCHDYNAMO_VERBOSE=1 for the internal stack trace (please do this especially if you're reporting a bug to PyTorch). For even more developer context, set TORCH_LOGS="+dynamo"

[rank24]:[W708 07:58:40.160091563 ProcessGroupNCCL.cpp:1575] Warning: WARNING: destroy_process_group() was not called before program exit, which can leak resources. For more info, please see https://pytorch.org/docs/stable/distributed.html#shutdown (function operator())
/tmp/tmppfui1c6o/cuda_utils.c:7:10: fatal error: Python.h: No such file or directory
    7 | #include <Python.h>
      |          ^~~~~~~~~~
compilation terminated.
[rank29]: Traceback (most recent call last):
[rank29]:   File "<frozen runpy>", line 198, in _run_module_as_main
[rank29]:   File "<frozen runpy>", line 88, in _run_code
[rank29]:   File "/root/.cache/user_artifacts/trainers_glm/server/src/trainers_server/dp_worker/main.py", line 243, in <module>
[rank29]:     main()
[rank29]:   File "/root/.cache/user_artifacts/trainers_glm/server/src/trainers_server/dp_worker/main.py", line 239, in main
[rank29]:     run_rank(config)
[rank29]:   File "/root/.cache/user_artifacts/trainers_glm/server/src/trainers_server/dp_worker/worker.py", line 249, in run_rank
[rank29]:     controller = MegatronBridgeController(config)
[rank29]:                  ^^^^^^^^^^^^^^^^^^^^^^^^^^^^^^^^
[rank29]:   File "/root/.cache/user_artifacts/trainers_glm/server/src/trainers_server/dp_worker/api/megatron_controller.py", line 1218, in __init__
[rank29]:     self._init_training_stack(initialize_runtime=True)
[rank29]:   File "/root/.cache/user_artifacts/trainers_glm/server/src/trainers_server/dp_worker/api/megatron_controller.py", line 1333, in _init_training_stack
[rank29]:     set_jit_fusion_options(model_provider, micro_batch_size)
[rank29]:   File "/root/.cache/user_artifacts/trainers_glm/server/vendor/megatron-bridge/src/megatron/bridge/training/initialize.py", line 311, in set_jit_fusion_options
[rank29]:     _warmup_jit_function(
[rank29]:   File "/root/.cache/user_artifacts/trainers_glm/server/vendor/megatron-bridge/src/megatron/bridge/training/initialize.py", line 912, in _warmup_jit_function
[rank29]:     output = bias_swiglu(input, bias)
[rank29]:              ^^^^^^^^^^^^^^^^^^^^^^^^
[rank29]:   File "/root/.cache/user_artifacts/trainers_glm/server/.venv/lib/python3.12/site-packages/torch/_dynamo/eval_frame.py", line 1038, in compile_wrapper
[rank29]:     raise e.remove_dynamo_frames() from None  # see TORCHDYNAMO_VERBOSE=1
[rank29]:     ^^^^^^^^^^^^^^^^^^^^^^^^^^^^^^^^^^^^^^^^
[rank29]:   File "/root/.cache/user_artifacts/trainers_glm/server/.venv/lib/python3.12/site-packages/torch/_inductor/compile_fx.py", line 1053, in _compile_fx_inner
[rank29]:     raise InductorError(e, currentframe()).with_traceback(
[rank29]:   File "/root/.cache/user_artifacts/trainers_glm/server/.venv/lib/python3.12/site-packages/torch/_inductor/compile_fx.py", line 1037, in _compile_fx_inner
[rank29]:     mb_compiled_graph = fx_codegen_and_compile(
[rank29]:                         ^^^^^^^^^^^^^^^^^^^^^^^
[rank29]:   File "/root/.cache/user_artifacts/trainers_glm/server/.venv/lib/python3.12/site-packages/torch/_inductor/compile_fx.py", line 1798, in fx_codegen_and_compile
[rank29]:     return scheme.codegen_and_compile(gm, example_inputs, inputs_to_check, graph_kwargs)
[rank29]:            ^^^^^^^^^^^^^^^^^^^^^^^^^^^^^^^^^^^^^^^^^^^^^^^^^^^^^^^^^^^^^^^^^^^^^^^^^^^^^
[rank29]:   File "/root/.cache/user_artifacts/trainers_glm/server/.venv/lib/python3.12/site-packages/torch/_inductor/compile_fx.py", line 1570, in codegen_and_compile
[rank29]:     compiled_module = graph.compile_to_module()
[rank29]:                       ^^^^^^^^^^^^^^^^^^^^^^^^^
[rank29]:   File "/root/.cache/user_artifacts/trainers_glm/server/.venv/lib/python3.12/site-packages/torch/_inductor/graph.py", line 2499, in compile_to_module
[rank29]:     return self._compile_to_module()
[rank29]:            ^^^^^^^^^^^^^^^^^^^^^^^^^
[rank29]:   File "/root/.cache/user_artifacts/trainers_glm/server/.venv/lib/python3.12/site-packages/torch/_inductor/graph.py", line 2505, in _compile_to_module
[rank29]:     self.codegen_with_cpp_wrapper() if self.cpp_wrapper else self.codegen()
[rank29]:                                                              ^^^^^^^^^^^^^^
[rank29]:   File "/root/.cache/user_artifacts/trainers_glm/server/.venv/lib/python3.12/site-packages/torch/_inductor/graph.py", line 2441, in codegen
[rank29]:     self.scheduler.codegen()
[rank29]:   File "/root/.cache/user_artifacts/trainers_glm/server/.venv/lib/python3.12/site-packages/torch/_inductor/scheduler.py", line 6592, in codegen
[rank29]:     self._codegen_partitions()
[rank29]:   File "/root/.cache/user_artifacts/trainers_glm/server/.venv/lib/python3.12/site-packages/torch/_inductor/scheduler.py", line 6732, in _codegen_partitions
[rank29]:     self._codegen(partition)
[rank29]:   File "/root/.cache/user_artifacts/trainers_glm/server/.venv/lib/python3.12/site-packages/torch/_inductor/scheduler.py", line 6838, in _codegen
[rank29]:     self.get_backend(device).codegen_node(node)
[rank29]:   File "/root/.cache/user_artifacts/trainers_glm/server/.venv/lib/python3.12/site-packages/torch/_inductor/codegen/cuda_combined_scheduling.py", line 152, in codegen_node
[rank29]:     return self._triton_scheduling.codegen_node(node)
[rank29]:            ^^^^^^^^^^^^^^^^^^^^^^^^^^^^^^^^^^^^^^^^^^
[rank29]:   File "/root/.cache/user_artifacts/trainers_glm/server/.venv/lib/python3.12/site-packages/torch/_inductor/codegen/simd.py", line 1841, in codegen_node
[rank29]:     return self._codegen_nodes(nodes, coalesce_analysis)  # type: ignore[arg-type]
[rank29]:            ^^^^^^^^^^^^^^^^^^^^^^^^^^^^^^^^^^^^^^^^^^^^^
[rank29]:   File "/root/.cache/user_artifacts/trainers_glm/server/.venv/lib/python3.12/site-packages/torch/_inductor/codegen/simd.py", line 1814, in _codegen_nodes
[rank29]:     return self.codegen_node_schedule(
[rank29]:            ^^^^^^^^^^^^^^^^^^^^^^^^^^^
[rank29]:   File "/root/.cache/user_artifacts/trainers_glm/server/.venv/lib/python3.12/site-packages/torch/_inductor/codegen/simd.py", line 1921, in codegen_node_schedule
[rank29]:     src_code = kernel.codegen_kernel()
[rank29]:                ^^^^^^^^^^^^^^^^^^^^^^^
[rank29]:   File "/root/.cache/user_artifacts/trainers_glm/server/.venv/lib/python3.12/site-packages/torch/_inductor/codegen/triton.py", line 5492, in codegen_kernel
[rank29]:     **self.inductor_meta_common(),
[rank29]:       ^^^^^^^^^^^^^^^^^^^^^^^^^^^
[rank29]:   File "/root/.cache/user_artifacts/trainers_glm/server/.venv/lib/python3.12/site-packages/torch/_inductor/codegen/triton.py", line 5286, in inductor_meta_common
[rank29]:     "backend_hash": torch.utils._triton.triton_hash_with_backend(),
[rank29]:                     ^^^^^^^^^^^^^^^^^^^^^^^^^^^^^^^^^^^^^^^^^^^^^^
[rank29]:   File "/root/.cache/user_artifacts/trainers_glm/server/.venv/lib/python3.12/site-packages/torch/utils/_triton.py", line 200, in triton_hash_with_backend
[rank29]:     backend = triton_backend()
[rank29]:               ^^^^^^^^^^^^^^^^
[rank29]:   File "/root/.cache/user_artifacts/trainers_glm/server/.venv/lib/python3.12/site-packages/torch/utils/_triton.py", line 192, in triton_backend
[rank29]:     target = driver.active.get_current_target()
[rank29]:              ^^^^^^^^^^^^^
[rank29]:   File "/root/.cache/user_artifacts/trainers_glm/server/.venv/lib/python3.12/site-packages/triton/runtime/driver.py", line 28, in active
[rank29]:     self._active = self.default
[rank29]:                    ^^^^^^^^^^^^
[rank29]:   File "/root/.cache/user_artifacts/trainers_glm/server/.venv/lib/python3.12/site-packages/triton/runtime/driver.py", line 22, in default
[rank29]:     self._default = _create_driver()
[rank29]:                     ^^^^^^^^^^^^^^^^
[rank29]:   File "/root/.cache/user_artifacts/trainers_glm/server/.venv/lib/python3.12/site-packages/triton/runtime/driver.py", line 10, in _create_driver
[rank29]:     return active_drivers[0]()
[rank29]:            ^^^^^^^^^^^^^^^^^^^
[rank29]:   File "/root/.cache/user_artifacts/trainers_glm/server/.venv/lib/python3.12/site-packages/triton/backends/nvidia/driver.py", line 720, in __init__
[rank29]:     self.utils = CudaUtils()  # TODO: make static
[rank29]:                  ^^^^^^^^^^^
[rank29]:   File "/root/.cache/user_artifacts/trainers_glm/server/.venv/lib/python3.12/site-packages/triton/backends/nvidia/driver.py", line 62, in __init__
[rank29]:     mod = compile_module_from_src(
[rank29]:           ^^^^^^^^^^^^^^^^^^^^^^^^
[rank29]:   File "/root/.cache/user_artifacts/trainers_glm/server/.venv/lib/python3.12/site-packages/triton/runtime/build.py", line 93, in compile_module_from_src
[rank29]:     so = _build(name, src_path, tmpdir, library_dirs or [], include_dirs or [], libraries or [], ccflags or [])
[rank29]:          ^^^^^^^^^^^^^^^^^^^^^^^^^^^^^^^^^^^^^^^^^^^^^^^^^^^^^^^^^^^^^^^^^^^^^^^^^^^^^^^^^^^^^^^^^^^^^^^^^^^^^^
[rank29]:   File "/root/.cache/user_artifacts/trainers_glm/server/.venv/lib/python3.12/site-packages/triton/runtime/build.py", line 48, in _build
[rank29]:     subprocess.check_call(cc_cmd, stdout=subprocess.DEVNULL)
[rank29]:   File "/usr/lib/python3.12/subprocess.py", line 413, in check_call
[rank29]:     raise CalledProcessError(retcode, cmd)
[rank29]: torch._inductor.exc.InductorError: CalledProcessError: Command '['/usr/bin/gcc', '/tmp/tmppfui1c6o/cuda_utils.c', '-O3', '-shared', '-fPIC', '-Wno-psabi', '-o', '/tmp/tmppfui1c6o/cuda_utils.cpython-312-x86_64-linux-gnu.so', '-l:libcuda.so.1', '-L/root/.cache/user_artifacts/trainers_glm/server/.venv/lib/python3.12/site-packages/triton/backends/nvidia/lib', '-L/usr/lib/x86_64-linux-gnu', '-I/root/.cache/user_artifacts/trainers_glm/server/.venv/lib/python3.12/site-packages/triton/backends/nvidia/include', '-I/tmp/tmppfui1c6o', '-I/usr/include/python3.12']' returned non-zero exit status 1.

[rank29]: Set TORCHDYNAMO_VERBOSE=1 for the internal stack trace (please do this especially if you're reporting a bug to PyTorch). For even more developer context, set TORCH_LOGS="+dynamo"

/tmp/tmp2zjj22dk/cuda_utils.c:7:10: fatal error: Python.h: No such file or directory
    7 | #include <Python.h>
      |          ^~~~~~~~~~
compilation terminated.
[rank31]: Traceback (most recent call last):
[rank31]:   File "<frozen runpy>", line 198, in _run_module_as_main
[rank31]:   File "<frozen runpy>", line 88, in _run_code
[rank31]:   File "/root/.cache/user_artifacts/trainers_glm/server/src/trainers_server/dp_worker/main.py", line 243, in <module>
[rank31]:     main()
[rank31]:   File "/root/.cache/user_artifacts/trainers_glm/server/src/trainers_server/dp_worker/main.py", line 239, in main
[rank31]:     run_rank(config)
[rank31]:   File "/root/.cache/user_artifacts/trainers_glm/server/src/trainers_server/dp_worker/worker.py", line 249, in run_rank
[rank31]:     controller = MegatronBridgeController(config)
[rank31]:                  ^^^^^^^^^^^^^^^^^^^^^^^^^^^^^^^^
[rank31]:   File "/root/.cache/user_artifacts/trainers_glm/server/src/trainers_server/dp_worker/api/megatron_controller.py", line 1218, in __init__
[rank31]:     self._init_training_stack(initialize_runtime=True)
[rank31]:   File "/root/.cache/user_artifacts/trainers_glm/server/src/trainers_server/dp_worker/api/megatron_controller.py", line 1333, in _init_training_stack
[rank31]:     set_jit_fusion_options(model_provider, micro_batch_size)
[rank31]:   File "/root/.cache/user_artifacts/trainers_glm/server/vendor/megatron-bridge/src/megatron/bridge/training/initialize.py", line 311, in set_jit_fusion_options
[rank31]:     _warmup_jit_function(
[rank31]:   File "/root/.cache/user_artifacts/trainers_glm/server/vendor/megatron-bridge/src/megatron/bridge/training/initialize.py", line 912, in _warmup_jit_function
[rank31]:     output = bias_swiglu(input, bias)
[rank31]:              ^^^^^^^^^^^^^^^^^^^^^^^^
[rank31]:   File "/root/.cache/user_artifacts/trainers_glm/server/.venv/lib/python3.12/site-packages/torch/_dynamo/eval_frame.py", line 1038, in compile_wrapper
[rank31]:     raise e.remove_dynamo_frames() from None  # see TORCHDYNAMO_VERBOSE=1
[rank31]:     ^^^^^^^^^^^^^^^^^^^^^^^^^^^^^^^^^^^^^^^^
[rank31]:   File "/root/.cache/user_artifacts/trainers_glm/server/.venv/lib/python3.12/site-packages/torch/_inductor/compile_fx.py", line 1053, in _compile_fx_inner
[rank31]:     raise InductorError(e, currentframe()).with_traceback(
[rank31]:   File "/root/.cache/user_artifacts/trainers_glm/server/.venv/lib/python3.12/site-packages/torch/_inductor/compile_fx.py", line 1037, in _compile_fx_inner
[rank31]:     mb_compiled_graph = fx_codegen_and_compile(
[rank31]:                         ^^^^^^^^^^^^^^^^^^^^^^^
[rank31]:   File "/root/.cache/user_artifacts/trainers_glm/server/.venv/lib/python3.12/site-packages/torch/_inductor/compile_fx.py", line 1798, in fx_codegen_and_compile
[rank31]:     return scheme.codegen_and_compile(gm, example_inputs, inputs_to_check, graph_kwargs)
[rank31]:            ^^^^^^^^^^^^^^^^^^^^^^^^^^^^^^^^^^^^^^^^^^^^^^^^^^^^^^^^^^^^^^^^^^^^^^^^^^^^^
[rank31]:   File "/root/.cache/user_artifacts/trainers_glm/server/.venv/lib/python3.12/site-packages/torch/_inductor/compile_fx.py", line 1570, in codegen_and_compile
[rank31]:     compiled_module = graph.compile_to_module()
[rank31]:                       ^^^^^^^^^^^^^^^^^^^^^^^^^
[rank31]:   File "/root/.cache/user_artifacts/trainers_glm/server/.venv/lib/python3.12/site-packages/torch/_inductor/graph.py", line 2499, in compile_to_module
[rank31]:     return self._compile_to_module()
[rank31]:            ^^^^^^^^^^^^^^^^^^^^^^^^^
[rank31]:   File "/root/.cache/user_artifacts/trainers_glm/server/.venv/lib/python3.12/site-packages/torch/_inductor/graph.py", line 2505, in _compile_to_module
[rank31]:     self.codegen_with_cpp_wrapper() if self.cpp_wrapper else self.codegen()
[rank31]:                                                              ^^^^^^^^^^^^^^
[rank31]:   File "/root/.cache/user_artifacts/trainers_glm/server/.venv/lib/python3.12/site-packages/torch/_inductor/graph.py", line 2441, in codegen
[rank31]:     self.scheduler.codegen()
[rank31]:   File "/root/.cache/user_artifacts/trainers_glm/server/.venv/lib/python3.12/site-packages/torch/_inductor/scheduler.py", line 6592, in codegen
[rank31]:     self._codegen_partitions()
[rank31]:   File "/root/.cache/user_artifacts/trainers_glm/server/.venv/lib/python3.12/site-packages/torch/_inductor/scheduler.py", line 6732, in _codegen_partitions
[rank31]:     self._codegen(partition)
[rank31]:   File "/root/.cache/user_artifacts/trainers_glm/server/.venv/lib/python3.12/site-packages/torch/_inductor/scheduler.py", line 6838, in _codegen
[rank31]:     self.get_backend(device).codegen_node(node)
[rank31]:   File "/root/.cache/user_artifacts/trainers_glm/server/.venv/lib/python3.12/site-packages/torch/_inductor/codegen/cuda_combined_scheduling.py", line 152, in codegen_node
[rank31]:     return self._triton_scheduling.codegen_node(node)
[rank31]:            ^^^^^^^^^^^^^^^^^^^^^^^^^^^^^^^^^^^^^^^^^^
[rank31]:   File "/root/.cache/user_artifacts/trainers_glm/server/.venv/lib/python3.12/site-packages/torch/_inductor/codegen/simd.py", line 1841, in codegen_node
[rank31]:     return self._codegen_nodes(nodes, coalesce_analysis)  # type: ignore[arg-type]
[rank31]:            ^^^^^^^^^^^^^^^^^^^^^^^^^^^^^^^^^^^^^^^^^^^^^
[rank31]:   File "/root/.cache/user_artifacts/trainers_glm/server/.venv/lib/python3.12/site-packages/torch/_inductor/codegen/simd.py", line 1814, in _codegen_nodes
[rank31]:     return self.codegen_node_schedule(
[rank31]:            ^^^^^^^^^^^^^^^^^^^^^^^^^^^
[rank31]:   File "/root/.cache/user_artifacts/trainers_glm/server/.venv/lib/python3.12/site-packages/torch/_inductor/codegen/simd.py", line 1921, in codegen_node_schedule
[rank31]:     src_code = kernel.codegen_kernel()
[rank31]:                ^^^^^^^^^^^^^^^^^^^^^^^
[rank31]:   File "/root/.cache/user_artifacts/trainers_glm/server/.venv/lib/python3.12/site-packages/torch/_inductor/codegen/triton.py", line 5492, in codegen_kernel
[rank31]:     **self.inductor_meta_common(),
[rank31]:       ^^^^^^^^^^^^^^^^^^^^^^^^^^^
[rank31]:   File "/root/.cache/user_artifacts/trainers_glm/server/.venv/lib/python3.12/site-packages/torch/_inductor/codegen/triton.py", line 5286, in inductor_meta_common
[rank31]:     "backend_hash": torch.utils._triton.triton_hash_with_backend(),
[rank31]:                     ^^^^^^^^^^^^^^^^^^^^^^^^^^^^^^^^^^^^^^^^^^^^^^
[rank31]:   File "/root/.cache/user_artifacts/trainers_glm/server/.venv/lib/python3.12/site-packages/torch/utils/_triton.py", line 200, in triton_hash_with_backend
[rank31]:     backend = triton_backend()
[rank31]:               ^^^^^^^^^^^^^^^^
[rank31]:   File "/root/.cache/user_artifacts/trainers_glm/server/.venv/lib/python3.12/site-packages/torch/utils/_triton.py", line 192, in triton_backend
[rank31]:     target = driver.active.get_current_target()
[rank31]:              ^^^^^^^^^^^^^
[rank31]:   File "/root/.cache/user_artifacts/trainers_glm/server/.venv/lib/python3.12/site-packages/triton/runtime/driver.py", line 28, in active
[rank31]:     self._active = self.default
[rank31]:                    ^^^^^^^^^^^^
[rank31]:   File "/root/.cache/user_artifacts/trainers_glm/server/.venv/lib/python3.12/site-packages/triton/runtime/driver.py", line 22, in default
[rank31]:     self._default = _create_driver()
[rank31]:                     ^^^^^^^^^^^^^^^^
[rank31]:   File "/root/.cache/user_artifacts/trainers_glm/server/.venv/lib/python3.12/site-packages/triton/runtime/driver.py", line 10, in _create_driver
[rank31]:     return active_drivers[0]()
[rank31]:            ^^^^^^^^^^^^^^^^^^^
[rank31]:   File "/root/.cache/user_artifacts/trainers_glm/server/.venv/lib/python3.12/site-packages/triton/backends/nvidia/driver.py", line 720, in __init__
[rank31]:     self.utils = CudaUtils()  # TODO: make static
[rank31]:                  ^^^^^^^^^^^
[rank31]:   File "/root/.cache/user_artifacts/trainers_glm/server/.venv/lib/python3.12/site-packages/triton/backends/nvidia/driver.py", line 62, in __init__
[rank31]:     mod = compile_module_from_src(
[rank31]:           ^^^^^^^^^^^^^^^^^^^^^^^^
[rank31]:   File "/root/.cache/user_artifacts/trainers_glm/server/.venv/lib/python3.12/site-packages/triton/runtime/build.py", line 93, in compile_module_from_src
[rank31]:     so = _build(name, src_path, tmpdir, library_dirs or [], include_dirs or [], libraries or [], ccflags or [])
[rank31]:          ^^^^^^^^^^^^^^^^^^^^^^^^^^^^^^^^^^^^^^^^^^^^^^^^^^^^^^^^^^^^^^^^^^^^^^^^^^^^^^^^^^^^^^^^^^^^^^^^^^^^^^
[rank31]:   File "/root/.cache/user_artifacts/trainers_glm/server/.venv/lib/python3.12/site-packages/triton/runtime/build.py", line 48, in _build
[rank31]:     subprocess.check_call(cc_cmd, stdout=subprocess.DEVNULL)
[rank31]:   File "/usr/lib/python3.12/subprocess.py", line 413, in check_call
[rank31]:     raise CalledProcessError(retcode, cmd)
[rank31]: torch._inductor.exc.InductorError: CalledProcessError: Command '['/usr/bin/gcc', '/tmp/tmp2zjj22dk/cuda_utils.c', '-O3', '-shared', '-fPIC', '-Wno-psabi', '-o', '/tmp/tmp2zjj22dk/cuda_utils.cpython-312-x86_64-linux-gnu.so', '-l:libcuda.so.1', '-L/root/.cache/user_artifacts/trainers_glm/server/.venv/lib/python3.12/site-packages/triton/backends/nvidia/lib', '-L/usr/lib/x86_64-linux-gnu', '-I/root/.cache/user_artifacts/trainers_glm/server/.venv/lib/python3.12/site-packages/triton/backends/nvidia/include', '-I/tmp/tmp2zjj22dk', '-I/usr/include/python3.12']' returned non-zero exit status 1.

[rank31]: Set TORCHDYNAMO_VERBOSE=1 for the internal stack trace (please do this especially if you're reporting a bug to PyTorch). For even more developer context, set TORCH_LOGS="+dynamo"

W0708 07:58:42.268000 161106 .venv/lib/python3.12/site-packages/torch/distributed/elastic/multiprocessing/api.py:1012] Sending process 161183 closing signal SIGTERM
W0708 07:58:42.269000 161106 .venv/lib/python3.12/site-packages/torch/distributed/elastic/multiprocessing/api.py:1012] Sending process 161184 closing signal SIGTERM
W0708 07:58:42.270000 161106 .venv/lib/python3.12/site-packages/torch/distributed/elastic/multiprocessing/api.py:1012] Sending process 161185 closing signal SIGTERM
W0708 07:58:42.272000 161106 .venv/lib/python3.12/site-packages/torch/distributed/elastic/multiprocessing/api.py:1012] Sending process 161186 closing signal SIGTERM
W0708 07:58:42.273000 161106 .venv/lib/python3.12/site-packages/torch/distributed/elastic/multiprocessing/api.py:1012] Sending process 161187 closing signal SIGTERM
W0708 07:58:42.275000 161106 .venv/lib/python3.12/site-packages/torch/distributed/elastic/multiprocessing/api.py:1012] Sending process 161188 closing signal SIGTERM
W0708 07:58:42.277000 161106 .venv/lib/python3.12/site-packages/torch/distributed/elastic/multiprocessing/api.py:1012] Sending process 161189 closing signal SIGTERM
E0708 07:58:43.559000 161106 .venv/lib/python3.12/site-packages/torch/distributed/elastic/multiprocessing/api.py:986] failed (exitcode: 1) local_rank: 0 (pid: 161182) of binary: /root/.cache/user_artifacts/trainers_glm/server/.venv/bin/python
Traceback (most recent call last):
  File "/root/.cache/user_artifacts/trainers_glm/server/.venv/bin/torchrun", line 10, in <module>
    sys.exit(main())
             ^^^^^^
  File "/root/.cache/user_artifacts/trainers_glm/server/.venv/lib/python3.12/site-packages/torch/distributed/elastic/multiprocessing/errors/__init__.py", line 362, in wrapper
    return f(*args, **kwargs)
           ^^^^^^^^^^^^^^^^^^
  File "/root/.cache/user_artifacts/trainers_glm/server/.venv/lib/python3.12/site-packages/torch/distributed/run.py", line 990, in main
    run(args)
  File "/root/.cache/user_artifacts/trainers_glm/server/.venv/lib/python3.12/site-packages/torch/distributed/run.py", line 981, in run
    elastic_launch(
  File "/root/.cache/user_artifacts/trainers_glm/server/.venv/lib/python3.12/site-packages/torch/distributed/launcher/api.py", line 170, in __call__
    return launch_agent(self._config, self._entrypoint, list(args))
           ^^^^^^^^^^^^^^^^^^^^^^^^^^^^^^^^^^^^^^^^^^^^^^^^^^^^^^^^
  File "/root/.cache/user_artifacts/trainers_glm/server/.venv/lib/python3.12/site-packages/torch/distributed/launcher/api.py", line 317, in launch_agent
    raise ChildFailedError(
torch.distributed.elastic.multiprocessing.errors.ChildFailedError: 
============================================================
trainers_server.dp_worker.main FAILED
------------------------------------------------------------
Failures:
[1]:
  time      : 2026-07-08_07:58:43
  host      : baseten-training-job-qr9oevq-multinode-0-3.baseten-training-job-qr9oevq-multinode.org-99340d71961343c28c5c567d705ab0c0.svc.cluster.local
  rank      : 25 (local_rank: 1)
  exitcode  : -15 (pid: 161183)
  error_file: <N/A>
  traceback : Signal 15 (SIGTERM) received by PID 161183
[2]:
  time      : 2026-07-08_07:58:43
  host      : baseten-training-job-qr9oevq-multinode-0-3.baseten-training-job-qr9oevq-multinode.org-99340d71961343c28c5c567d705ab0c0.svc.cluster.local
  rank      : 26 (local_rank: 2)
  exitcode  : -15 (pid: 161184)
  error_file: <N/A>
  traceback : Signal 15 (SIGTERM) received by PID 161184
[3]:
  time      : 2026-07-08_07:58:43
  host      : baseten-training-job-qr9oevq-multinode-0-3.baseten-training-job-qr9oevq-multinode.org-99340d71961343c28c5c567d705ab0c0.svc.cluster.local
  rank      : 27 (local_rank: 3)
  exitcode  : -15 (pid: 161185)
  error_file: <N/A>
  traceback : Signal 15 (SIGTERM) received by PID 161185
[4]:
  time      : 2026-07-08_07:58:43
  host      : baseten-training-job-qr9oevq-multinode-0-3.baseten-training-job-qr9oevq-multinode.org-99340d71961343c28c5c567d705ab0c0.svc.cluster.local
  rank      : 28 (local_rank: 4)
  exitcode  : -15 (pid: 161186)
  error_file: <N/A>
  traceback : Signal 15 (SIGTERM) received by PID 161186
[5]:
  time      : 2026-07-08_07:58:43
  host      : baseten-training-job-qr9oevq-multinode-0-3.baseten-training-job-qr9oevq-multinode.org-99340d71961343c28c5c567d705ab0c0.svc.cluster.local
  rank      : 29 (local_rank: 5)
  exitcode  : -15 (pid: 161187)
  error_file: <N/A>
  traceback : Signal 15 (SIGTERM) received by PID 161187
[6]:
  time      : 2026-07-08_07:58:43
  host      : baseten-training-job-qr9oevq-multinode-0-3.baseten-training-job-qr9oevq-multinode.org-99340d71961343c28c5c567d705ab0c0.svc.cluster.local
  rank      : 30 (local_rank: 6)
  exitcode  : -15 (pid: 161188)
  error_file: <N/A>
  traceback : Signal 15 (SIGTERM) received by PID 161188
[7]:
  time      : 2026-07-08_07:58:43
  host      : baseten-training-job-qr9oevq-multinode-0-3.baseten-training-job-qr9oevq-multinode.org-99340d71961343c28c5c567d705ab0c0.svc.cluster.local
  rank      : 31 (local_rank: 7)
  exitcode  : -15 (pid: 161189)
  error_file: <N/A>
  traceback : Signal 15 (SIGTERM) received by PID 161189
------------------------------------------------------------
Root Cause (first observed failure):
[0]:
  time      : 2026-07-08_07:58:42
  host      : baseten-training-job-qr9oevq-multinode-0-3.baseten-training-job-qr9oevq-multinode.org-99340d71961343c28c5c567d705ab0c0.svc.cluster.local
  rank      : 24 (local_rank: 0)
  exitcode  : 1 (pid: 161182)
  error_file: <N/A>
  traceback : To enable traceback see: https://pytorch.org/docs/stable/elastic/errors.html
============================================================
