[run_trainer_node] rank=0 nnodes=4 leader=10.233.87.95 config=/root/.cache/user_artifacts/glm_prof/configs/active.json src=/root/.cache/user_artifacts/trainers_glm
[run_trainer_node] config contents:
{
  "base_model": "zai-org/GLM-5.2-FP8",
  "max_seq_len": 131072,
  "tensor_parallel_size": 1,
  "pipeline_parallel_size": 16,
  "context_parallel_size": 1,
  "expert_parallel_size": 2,
  "expert_tensor_parallel_size": 1,
  "trust_remote_code": true,
  "lora_rank": 16,
  "weight_sync": {"type": "disabled"}
}
/root/.cache/user_artifacts/trainers_glm/server/.venv/lib/python3.12/site-packages/torch/cuda/__init__.py:61: FutureWarning: The pynvml package is deprecated. Please install nvidia-ml-py instead. If you did not install pynvml directly, please report this to the maintainers of the package that installed pynvml for you.
  import pynvml  # type: ignore[import]
W0708 06:39:17.307000 86021 .venv/lib/python3.12/site-packages/torch/distributed/run.py:851] 
W0708 06:39:17.307000 86021 .venv/lib/python3.12/site-packages/torch/distributed/run.py:851] *****************************************
W0708 06:39:17.307000 86021 .venv/lib/python3.12/site-packages/torch/distributed/run.py:851] Setting OMP_NUM_THREADS environment variable for each process to be 1 in default, to avoid your system being overloaded, please further tune the variable for optimal performance in your application as needed. 
W0708 06:39:17.307000 86021 .venv/lib/python3.12/site-packages/torch/distributed/run.py:851] *****************************************
/root/.cache/user_artifacts/trainers_glm/server/.venv/lib/python3.12/site-packages/torch/cuda/__init__.py:61: FutureWarning: The pynvml package is deprecated. Please install nvidia-ml-py instead. If you did not install pynvml directly, please report this to the maintainers of the package that installed pynvml for you.
  import pynvml  # type: ignore[import]
/root/.cache/user_artifacts/trainers_glm/server/.venv/lib/python3.12/site-packages/torch/cuda/__init__.py:61: FutureWarning: The pynvml package is deprecated. Please install nvidia-ml-py instead. If you did not install pynvml directly, please report this to the maintainers of the package that installed pynvml for you.
  import pynvml  # type: ignore[import]
/root/.cache/user_artifacts/trainers_glm/server/.venv/lib/python3.12/site-packages/torch/cuda/__init__.py:61: FutureWarning: The pynvml package is deprecated. Please install nvidia-ml-py instead. If you did not install pynvml directly, please report this to the maintainers of the package that installed pynvml for you.
  import pynvml  # type: ignore[import]
/root/.cache/user_artifacts/trainers_glm/server/.venv/lib/python3.12/site-packages/torch/cuda/__init__.py:61: FutureWarning: The pynvml package is deprecated. Please install nvidia-ml-py instead. If you did not install pynvml directly, please report this to the maintainers of the package that installed pynvml for you.
  import pynvml  # type: ignore[import]
/root/.cache/user_artifacts/trainers_glm/server/.venv/lib/python3.12/site-packages/torch/cuda/__init__.py:61: FutureWarning: The pynvml package is deprecated. Please install nvidia-ml-py instead. If you did not install pynvml directly, please report this to the maintainers of the package that installed pynvml for you.
  import pynvml  # type: ignore[import]
/root/.cache/user_artifacts/trainers_glm/server/.venv/lib/python3.12/site-packages/torch/cuda/__init__.py:61: FutureWarning: The pynvml package is deprecated. Please install nvidia-ml-py instead. If you did not install pynvml directly, please report this to the maintainers of the package that installed pynvml for you.
  import pynvml  # type: ignore[import]
/root/.cache/user_artifacts/trainers_glm/server/vendor/megatron-bridge/3rdparty/Megatron-LM/megatron/core/models/backends.py:34: UserWarning: Apex is not installed. Falling back to Torch Norm
  warnings.warn("Apex is not installed. Falling back to Torch Norm")
/root/.cache/user_artifacts/trainers_glm/server/vendor/megatron-bridge/3rdparty/Megatron-LM/megatron/core/models/gpt/gpt_layer_specs.py:77: UserWarning: Apex is not installed. Falling back to Torch Norm
  warnings.warn("Apex is not installed. Falling back to Torch Norm")
/root/.cache/user_artifacts/trainers_glm/server/.venv/lib/python3.12/site-packages/torch/cuda/__init__.py:61: FutureWarning: The pynvml package is deprecated. Please install nvidia-ml-py instead. If you did not install pynvml directly, please report this to the maintainers of the package that installed pynvml for you.
  import pynvml  # type: ignore[import]
/root/.cache/user_artifacts/trainers_glm/server/.venv/lib/python3.12/site-packages/torch/cuda/__init__.py:61: FutureWarning: The pynvml package is deprecated. Please install nvidia-ml-py instead. If you did not install pynvml directly, please report this to the maintainers of the package that installed pynvml for you.
  import pynvml  # type: ignore[import]
/root/.cache/user_artifacts/trainers_glm/server/vendor/megatron-bridge/3rdparty/Megatron-LM/megatron/core/models/backends.py:34: UserWarning: Apex is not installed. Falling back to Torch Norm
  warnings.warn("Apex is not installed. Falling back to Torch Norm")
/root/.cache/user_artifacts/trainers_glm/server/vendor/megatron-bridge/3rdparty/Megatron-LM/megatron/core/models/gpt/gpt_layer_specs.py:77: UserWarning: Apex is not installed. Falling back to Torch Norm
  warnings.warn("Apex is not installed. Falling back to Torch Norm")
/root/.cache/user_artifacts/trainers_glm/server/vendor/megatron-bridge/3rdparty/Megatron-LM/megatron/core/models/backends.py:34: UserWarning: Apex is not installed. Falling back to Torch Norm
  warnings.warn("Apex is not installed. Falling back to Torch Norm")
/root/.cache/user_artifacts/trainers_glm/server/vendor/megatron-bridge/3rdparty/Megatron-LM/megatron/core/models/gpt/gpt_layer_specs.py:77: UserWarning: Apex is not installed. Falling back to Torch Norm
  warnings.warn("Apex is not installed. Falling back to Torch Norm")
/root/.cache/user_artifacts/trainers_glm/server/vendor/megatron-bridge/3rdparty/Megatron-LM/megatron/core/models/backends.py:34: UserWarning: Apex is not installed. Falling back to Torch Norm
  warnings.warn("Apex is not installed. Falling back to Torch Norm")
/root/.cache/user_artifacts/trainers_glm/server/vendor/megatron-bridge/3rdparty/Megatron-LM/megatron/core/models/gpt/gpt_layer_specs.py:77: UserWarning: Apex is not installed. Falling back to Torch Norm
  warnings.warn("Apex is not installed. Falling back to Torch Norm")
/root/.cache/user_artifacts/trainers_glm/server/vendor/megatron-bridge/3rdparty/Megatron-LM/megatron/core/models/backends.py:34: UserWarning: Apex is not installed. Falling back to Torch Norm
  warnings.warn("Apex is not installed. Falling back to Torch Norm")
/root/.cache/user_artifacts/trainers_glm/server/vendor/megatron-bridge/3rdparty/Megatron-LM/megatron/core/models/gpt/gpt_layer_specs.py:77: UserWarning: Apex is not installed. Falling back to Torch Norm
  warnings.warn("Apex is not installed. Falling back to Torch Norm")
/root/.cache/user_artifacts/trainers_glm/server/vendor/megatron-bridge/3rdparty/Megatron-LM/megatron/core/models/backends.py:34: UserWarning: Apex is not installed. Falling back to Torch Norm
  warnings.warn("Apex is not installed. Falling back to Torch Norm")
/root/.cache/user_artifacts/trainers_glm/server/vendor/megatron-bridge/3rdparty/Megatron-LM/megatron/core/models/gpt/gpt_layer_specs.py:77: UserWarning: Apex is not installed. Falling back to Torch Norm
  warnings.warn("Apex is not installed. Falling back to Torch Norm")
/root/.cache/user_artifacts/trainers_glm/server/vendor/megatron-bridge/3rdparty/Megatron-LM/megatron/core/models/backends.py:34: UserWarning: Apex is not installed. Falling back to Torch Norm
  warnings.warn("Apex is not installed. Falling back to Torch Norm")
/root/.cache/user_artifacts/trainers_glm/server/vendor/megatron-bridge/3rdparty/Megatron-LM/megatron/core/models/gpt/gpt_layer_specs.py:77: UserWarning: Apex is not installed. Falling back to Torch Norm
  warnings.warn("Apex is not installed. Falling back to Torch Norm")
/root/.cache/user_artifacts/trainers_glm/server/vendor/megatron-bridge/3rdparty/Megatron-LM/megatron/core/models/backends.py:34: UserWarning: Apex is not installed. Falling back to Torch Norm
  warnings.warn("Apex is not installed. Falling back to Torch Norm")
/root/.cache/user_artifacts/trainers_glm/server/vendor/megatron-bridge/3rdparty/Megatron-LM/megatron/core/models/gpt/gpt_layer_specs.py:77: UserWarning: Apex is not installed. Falling back to Torch Norm
  warnings.warn("Apex is not installed. Falling back to Torch Norm")
/root/.cache/user_artifacts/trainers_glm/server/.venv/lib/python3.12/site-packages/modelopt/torch/__init__.py:53: UserWarning: transformers>=5.0 support is experimental. Unified Hugging Face checkpoint export for quantized checkpoints may not work for some models yet.
  _warnings.warn(
/root/.cache/user_artifacts/trainers_glm/server/vendor/megatron-bridge/3rdparty/Megatron-LM/megatron/core/models/gpt/heterogeneous/heterogeneous_layer_specs.py:68: UserWarning: Apex is not installed. Falling back to Torch Norm
  warnings.warn("Apex is not installed. Falling back to Torch Norm")
/root/.cache/user_artifacts/trainers_glm/server/vendor/megatron-bridge/3rdparty/Megatron-LM/megatron/core/models/vision/vit_layer_specs.py:31: UserWarning: Apex is not installed. Falling back to Torch Norm
  warnings.warn("Apex is not installed. Falling back to Torch Norm")
/root/.cache/user_artifacts/trainers_glm/server/.venv/lib/python3.12/site-packages/modelopt/torch/__init__.py:53: UserWarning: transformers>=5.0 support is experimental. Unified Hugging Face checkpoint export for quantized checkpoints may not work for some models yet.
  _warnings.warn(
/root/.cache/user_artifacts/trainers_glm/server/vendor/megatron-bridge/3rdparty/Megatron-LM/megatron/core/models/gpt/heterogeneous/heterogeneous_layer_specs.py:68: UserWarning: Apex is not installed. Falling back to Torch Norm
  warnings.warn("Apex is not installed. Falling back to Torch Norm")
/root/.cache/user_artifacts/trainers_glm/server/vendor/megatron-bridge/3rdparty/Megatron-LM/megatron/core/models/vision/vit_layer_specs.py:31: UserWarning: Apex is not installed. Falling back to Torch Norm
  warnings.warn("Apex is not installed. Falling back to Torch Norm")
/root/.cache/user_artifacts/trainers_glm/server/.venv/lib/python3.12/site-packages/modelopt/torch/__init__.py:53: UserWarning: transformers>=5.0 support is experimental. Unified Hugging Face checkpoint export for quantized checkpoints may not work for some models yet.
  _warnings.warn(
/root/.cache/user_artifacts/trainers_glm/server/vendor/megatron-bridge/3rdparty/Megatron-LM/megatron/core/models/gpt/heterogeneous/heterogeneous_layer_specs.py:68: UserWarning: Apex is not installed. Falling back to Torch Norm
  warnings.warn("Apex is not installed. Falling back to Torch Norm")
/root/.cache/user_artifacts/trainers_glm/server/vendor/megatron-bridge/3rdparty/Megatron-LM/megatron/core/models/mimo/config/base_configs.py:12: UserWarning: MimoModelConfig is experimental and still under active development. The API may change without notice in future releases.
  class MimoModelConfig:
/root/.cache/user_artifacts/trainers_glm/server/vendor/megatron-bridge/3rdparty/Megatron-LM/megatron/core/models/vision/vit_layer_specs.py:31: UserWarning: Apex is not installed. Falling back to Torch Norm
  warnings.warn("Apex is not installed. Falling back to Torch Norm")
/root/.cache/user_artifacts/trainers_glm/server/vendor/megatron-bridge/3rdparty/Megatron-LM/megatron/core/models/mimo/config/base_configs.py:12: UserWarning: MimoModelConfig is experimental and still under active development. The API may change without notice in future releases.
  class MimoModelConfig:
WARNING:megatron.bridge.models.conversion.auto_bridge:Loading a model with trust_remote_code=True allows arbitrary code execution from the model repository. Only use this with models you trust.
[transformers] `torch_dtype` is deprecated! Use `dtype` instead!
INFO:trainers_server.dp_worker.api.megatron_controller:LoRA config: rank=16 alpha=32 (default 2*rank) -> forward scale=2
/root/.cache/user_artifacts/trainers_glm/server/vendor/megatron-bridge/3rdparty/Megatron-LM/megatron/core/transformer/transformer_config.py:2674: UserWarning: full scope is deprecated. Use empty cuda_graph_modules to capture the whole layer.
  warnings.warn(
/root/.cache/user_artifacts/trainers_glm/server/vendor/megatron-bridge/3rdparty/Megatron-LM/megatron/core/models/mimo/config/base_configs.py:12: UserWarning: MimoModelConfig is experimental and still under active development. The API may change without notice in future releases.
  class MimoModelConfig:
WARNING:megatron.bridge.models.conversion.auto_bridge:Loading a model with trust_remote_code=True allows arbitrary code execution from the model repository. Only use this with models you trust.
[transformers] `torch_dtype` is deprecated! Use `dtype` instead!
INFO:trainers_server.dp_worker.api.megatron_controller:LoRA config: rank=16 alpha=32 (default 2*rank) -> forward scale=2
/root/.cache/user_artifacts/trainers_glm/server/vendor/megatron-bridge/3rdparty/Megatron-LM/megatron/core/transformer/transformer_config.py:2674: UserWarning: full scope is deprecated. Use empty cuda_graph_modules to capture the whole layer.
  warnings.warn(
WARNING:megatron.bridge.models.conversion.auto_bridge:Loading a model with trust_remote_code=True allows arbitrary code execution from the model repository. Only use this with models you trust.
[transformers] `torch_dtype` is deprecated! Use `dtype` instead!
INFO:trainers_server.dp_worker.api.megatron_controller:LoRA config: rank=16 alpha=32 (default 2*rank) -> forward scale=2
/root/.cache/user_artifacts/trainers_glm/server/vendor/megatron-bridge/3rdparty/Megatron-LM/megatron/core/transformer/transformer_config.py:2674: UserWarning: full scope is deprecated. Use empty cuda_graph_modules to capture the whole layer.
  warnings.warn(
/root/.cache/user_artifacts/trainers_glm/server/.venv/lib/python3.12/site-packages/modelopt/torch/__init__.py:53: UserWarning: transformers>=5.0 support is experimental. Unified Hugging Face checkpoint export for quantized checkpoints may not work for some models yet.
  _warnings.warn(
/root/.cache/user_artifacts/trainers_glm/server/vendor/megatron-bridge/3rdparty/Megatron-LM/megatron/core/models/gpt/heterogeneous/heterogeneous_layer_specs.py:68: UserWarning: Apex is not installed. Falling back to Torch Norm
  warnings.warn("Apex is not installed. Falling back to Torch Norm")
/root/.cache/user_artifacts/trainers_glm/server/vendor/megatron-bridge/3rdparty/Megatron-LM/megatron/core/models/vision/vit_layer_specs.py:31: UserWarning: Apex is not installed. Falling back to Torch Norm
  warnings.warn("Apex is not installed. Falling back to Torch Norm")
/root/.cache/user_artifacts/trainers_glm/server/.venv/lib/python3.12/site-packages/modelopt/torch/__init__.py:53: UserWarning: transformers>=5.0 support is experimental. Unified Hugging Face checkpoint export for quantized checkpoints may not work for some models yet.
  _warnings.warn(
/root/.cache/user_artifacts/trainers_glm/server/vendor/megatron-bridge/3rdparty/Megatron-LM/megatron/core/models/gpt/heterogeneous/heterogeneous_layer_specs.py:68: UserWarning: Apex is not installed. Falling back to Torch Norm
  warnings.warn("Apex is not installed. Falling back to Torch Norm")
/root/.cache/user_artifacts/trainers_glm/server/vendor/megatron-bridge/3rdparty/Megatron-LM/megatron/core/models/vision/vit_layer_specs.py:31: UserWarning: Apex is not installed. Falling back to Torch Norm
  warnings.warn("Apex is not installed. Falling back to Torch Norm")
/root/.cache/user_artifacts/trainers_glm/server/vendor/megatron-bridge/3rdparty/Megatron-LM/megatron/core/models/mimo/config/base_configs.py:12: UserWarning: MimoModelConfig is experimental and still under active development. The API may change without notice in future releases.
  class MimoModelConfig:
/root/.cache/user_artifacts/trainers_glm/server/vendor/megatron-bridge/3rdparty/Megatron-LM/megatron/core/models/mimo/config/base_configs.py:12: UserWarning: MimoModelConfig is experimental and still under active development. The API may change without notice in future releases.
  class MimoModelConfig:
WARNING:megatron.bridge.models.conversion.auto_bridge:Loading a model with trust_remote_code=True allows arbitrary code execution from the model repository. Only use this with models you trust.
[transformers] `torch_dtype` is deprecated! Use `dtype` instead!
INFO:trainers_server.dp_worker.api.megatron_controller:LoRA config: rank=16 alpha=32 (default 2*rank) -> forward scale=2
/root/.cache/user_artifacts/trainers_glm/server/vendor/megatron-bridge/3rdparty/Megatron-LM/megatron/core/transformer/transformer_config.py:2674: UserWarning: full scope is deprecated. Use empty cuda_graph_modules to capture the whole layer.
  warnings.warn(
WARNING:megatron.bridge.models.conversion.auto_bridge:Loading a model with trust_remote_code=True allows arbitrary code execution from the model repository. Only use this with models you trust.
[transformers] `torch_dtype` is deprecated! Use `dtype` instead!
INFO:trainers_server.dp_worker.api.megatron_controller:LoRA config: rank=16 alpha=32 (default 2*rank) -> forward scale=2
/root/.cache/user_artifacts/trainers_glm/server/vendor/megatron-bridge/3rdparty/Megatron-LM/megatron/core/transformer/transformer_config.py:2674: UserWarning: full scope is deprecated. Use empty cuda_graph_modules to capture the whole layer.
  warnings.warn(
/root/.cache/user_artifacts/trainers_glm/server/.venv/lib/python3.12/site-packages/modelopt/torch/__init__.py:53: UserWarning: transformers>=5.0 support is experimental. Unified Hugging Face checkpoint export for quantized checkpoints may not work for some models yet.
  _warnings.warn(
/root/.cache/user_artifacts/trainers_glm/server/vendor/megatron-bridge/3rdparty/Megatron-LM/megatron/core/models/gpt/heterogeneous/heterogeneous_layer_specs.py:68: UserWarning: Apex is not installed. Falling back to Torch Norm
  warnings.warn("Apex is not installed. Falling back to Torch Norm")
/root/.cache/user_artifacts/trainers_glm/server/vendor/megatron-bridge/3rdparty/Megatron-LM/megatron/core/models/vision/vit_layer_specs.py:31: UserWarning: Apex is not installed. Falling back to Torch Norm
  warnings.warn("Apex is not installed. Falling back to Torch Norm")
/root/.cache/user_artifacts/trainers_glm/server/vendor/megatron-bridge/3rdparty/Megatron-LM/megatron/core/models/mimo/config/base_configs.py:12: UserWarning: MimoModelConfig is experimental and still under active development. The API may change without notice in future releases.
  class MimoModelConfig:
WARNING:megatron.bridge.models.conversion.auto_bridge:Loading a model with trust_remote_code=True allows arbitrary code execution from the model repository. Only use this with models you trust.
[transformers] `torch_dtype` is deprecated! Use `dtype` instead!
INFO:trainers_server.dp_worker.api.megatron_controller:LoRA config: rank=16 alpha=32 (default 2*rank) -> forward scale=2
/root/.cache/user_artifacts/trainers_glm/server/vendor/megatron-bridge/3rdparty/Megatron-LM/megatron/core/transformer/transformer_config.py:2674: UserWarning: full scope is deprecated. Use empty cuda_graph_modules to capture the whole layer.
  warnings.warn(
WARNING:megatron.core.rerun_state_machine:RerunStateMachine initialized in mode RerunMode.DISABLED
> initializing torch distributed ...
/root/.cache/user_artifacts/trainers_glm/server/.venv/lib/python3.12/site-packages/modelopt/torch/__init__.py:53: UserWarning: transformers>=5.0 support is experimental. Unified Hugging Face checkpoint export for quantized checkpoints may not work for some models yet.
  _warnings.warn(
/root/.cache/user_artifacts/trainers_glm/server/vendor/megatron-bridge/3rdparty/Megatron-LM/megatron/core/models/gpt/heterogeneous/heterogeneous_layer_specs.py:68: UserWarning: Apex is not installed. Falling back to Torch Norm
  warnings.warn("Apex is not installed. Falling back to Torch Norm")
/root/.cache/user_artifacts/trainers_glm/server/vendor/megatron-bridge/3rdparty/Megatron-LM/megatron/core/models/vision/vit_layer_specs.py:31: UserWarning: Apex is not installed. Falling back to Torch Norm
  warnings.warn("Apex is not installed. Falling back to Torch Norm")
/root/.cache/user_artifacts/trainers_glm/server/vendor/megatron-bridge/3rdparty/Megatron-LM/megatron/core/models/mimo/config/base_configs.py:12: UserWarning: MimoModelConfig is experimental and still under active development. The API may change without notice in future releases.
  class MimoModelConfig:
WARNING:megatron.bridge.models.conversion.auto_bridge:Loading a model with trust_remote_code=True allows arbitrary code execution from the model repository. Only use this with models you trust.
[transformers] `torch_dtype` is deprecated! Use `dtype` instead!
INFO:trainers_server.dp_worker.api.megatron_controller:LoRA config: rank=16 alpha=32 (default 2*rank) -> forward scale=2
/root/.cache/user_artifacts/trainers_glm/server/vendor/megatron-bridge/3rdparty/Megatron-LM/megatron/core/transformer/transformer_config.py:2674: UserWarning: full scope is deprecated. Use empty cuda_graph_modules to capture the whole layer.
  warnings.warn(
/root/.cache/user_artifacts/trainers_glm/server/.venv/lib/python3.12/site-packages/modelopt/torch/__init__.py:53: UserWarning: transformers>=5.0 support is experimental. Unified Hugging Face checkpoint export for quantized checkpoints may not work for some models yet.
  _warnings.warn(
/root/.cache/user_artifacts/trainers_glm/server/vendor/megatron-bridge/3rdparty/Megatron-LM/megatron/core/models/gpt/heterogeneous/heterogeneous_layer_specs.py:68: UserWarning: Apex is not installed. Falling back to Torch Norm
  warnings.warn("Apex is not installed. Falling back to Torch Norm")
/root/.cache/user_artifacts/trainers_glm/server/vendor/megatron-bridge/3rdparty/Megatron-LM/megatron/core/models/vision/vit_layer_specs.py:31: UserWarning: Apex is not installed. Falling back to Torch Norm
  warnings.warn("Apex is not installed. Falling back to Torch Norm")
/root/.cache/user_artifacts/trainers_glm/server/vendor/megatron-bridge/3rdparty/Megatron-LM/megatron/core/models/mimo/config/base_configs.py:12: UserWarning: MimoModelConfig is experimental and still under active development. The API may change without notice in future releases.
  class MimoModelConfig:
WARNING:megatron.bridge.models.conversion.auto_bridge:Loading a model with trust_remote_code=True allows arbitrary code execution from the model repository. Only use this with models you trust.
[transformers] `torch_dtype` is deprecated! Use `dtype` instead!
INFO:trainers_server.dp_worker.api.megatron_controller:LoRA config: rank=16 alpha=32 (default 2*rank) -> forward scale=2
/root/.cache/user_artifacts/trainers_glm/server/vendor/megatron-bridge/3rdparty/Megatron-LM/megatron/core/transformer/transformer_config.py:2674: UserWarning: full scope is deprecated. Use empty cuda_graph_modules to capture the whole layer.
  warnings.warn(
> initialized tensor model parallel with size 1
> initialized pipeline model parallel with size 16
> setting random seeds to 1234 ...
> compiling dataset index builder ...
make: Entering directory '/root/.cache/user_artifacts/trainers_glm/server/vendor/megatron-bridge/3rdparty/Megatron-LM/megatron/core/datasets'
make: python3-config: No such file or directory
make: python3-config: No such file or directory
g++ -O3 -Wall -shared -std=c++17 -fPIC -fdiagnostics-color -I/usr/include/python3.12 -I/root/.cache/user_artifacts/trainers_glm/server/.venv/lib/python3.12/site-packages/pybind11/include helpers.cpp -o helpers_cpp
make: Leaving directory '/root/.cache/user_artifacts/trainers_glm/server/vendor/megatron-bridge/3rdparty/Megatron-LM/megatron/core/datasets'
>>> done with dataset index builder. Compilation time: 6.380 seconds
/root/.cache/user_artifacts/trainers_glm/server/.venv/lib/python3.12/site-packages/torch/distributed/c10d_logger.py:83: UserWarning: barrier(): using the device under current context. You can specify `device_id` in `init_process_group` to mute this warning.
  return func(*args, **kwargs)
[rank0]:[E708 06:42:17.290856845 ProcessGroupNCCL.cpp:612] [Rank 0] Collective WorkNCCL(SeqNum=2, OpType=ALLREDUCE, NumelIn=1, NumelOut=1, Timeout(ms)=7200000) raised the following async exception: NCCL error: remote process exited or there was a network error, NCCL version 2.28.9
ncclRemoteError: A call failed possibly due to a network error or a remote process exiting prematurely.
Last error:
NET/IB: Got completion from peer 10.233.92.119<59230> with status=IBV_WC_RETRY_EXC_ERR(12) opcode=IBV_WC_RECV_RDMA_WITH_IMM(129) reqSize=16 vendor_err=129 req_type=Recv hca mlx5_0
Exception raised from checkForNCCLErrorsInternal at /pytorch/torch/csrc/distributed/c10d/ProcessGroupNCCL.cpp:2770 (most recent call first):
frame #0: c10::Error::Error(c10::SourceLocation, std::__cxx11::basic_string<char, std::char_traits<char>, std::allocator<char> >) + 0x9d (0x7fb570d7205d in /root/.cache/user_artifacts/trainers_glm/server/.venv/lib/python3.12/site-packages/torch/lib/libc10.so)
frame #1: c10d::ProcessGroupNCCL::checkForNCCLErrorsInternal(std::shared_ptr<c10d::NCCLComm>&) + 0x380 (0x7fb45d338340 in /root/.cache/user_artifacts/trainers_glm/server/.venv/lib/python3.12/site-packages/torch/lib/libtorch_cuda.so)
frame #2: c10d::ProcessGroupNCCL::WorkNCCL::checkAndSetException() + 0x80 (0x7fb45d33f6e0 in /root/.cache/user_artifacts/trainers_glm/server/.venv/lib/python3.12/site-packages/torch/lib/libtorch_cuda.so)
frame #3: c10d::ProcessGroupNCCL::Watchdog::runLoop() + 0xa84 (0x7fb45d344474 in /root/.cache/user_artifacts/trainers_glm/server/.venv/lib/python3.12/site-packages/torch/lib/libtorch_cuda.so)
frame #4: c10d::ProcessGroupNCCL::Watchdog::run() + 0x157 (0x7fb45d346597 in /root/.cache/user_artifacts/trainers_glm/server/.venv/lib/python3.12/site-packages/torch/lib/libtorch_cuda.so)
frame #5: <unknown function> + 0xecdb4 (0x7fb571ebedb4 in /usr/lib/x86_64-linux-gnu/libstdc++.so.6)
frame #6: <unknown function> + 0x9caa4 (0x7fb573675aa4 in /usr/lib/x86_64-linux-gnu/libc.so.6)
frame #7: <unknown function> + 0x129c3c (0x7fb573702c3c in /usr/lib/x86_64-linux-gnu/libc.so.6)

[rank0]:[E708 06:42:17.293410850 ProcessGroupNCCL.cpp:2303] [PG ID 0 PG GUID 0(default_pg) Rank 0]  failure detected by watchdog at work sequence id: 2 PG status: last enqueued work: 2, last completed work: 1
[rank0]:[E708 06:42:17.294010858 ProcessGroupNCCL.cpp:733] Stack trace of the failed collective: 
#0 barrier from /root/.cache/user_artifacts/trainers_glm/server/.venv/lib/python3.12/site-packages/torch/distributed/distributed_c10d.py:5030
#1 wrapper from /root/.cache/user_artifacts/trainers_glm/server/.venv/lib/python3.12/site-packages/torch/distributed/c10d_logger.py:83
#2 initialize_megatron from /root/.cache/user_artifacts/trainers_glm/server/vendor/megatron-bridge/src/megatron/bridge/training/initialize.py:154
#3 _init_training_stack from /root/.cache/user_artifacts/trainers_glm/server/src/trainers_server/dp_worker/api/megatron_controller.py:1327
#4 __init__ from /root/.cache/user_artifacts/trainers_glm/server/src/trainers_server/dp_worker/api/megatron_controller.py:1218
#5 run_rank from /root/.cache/user_artifacts/trainers_glm/server/src/trainers_server/dp_worker/worker.py:249
#6 main from /root/.cache/user_artifacts/trainers_glm/server/src/trainers_server/dp_worker/main.py:239
#7 <module> from /root/.cache/user_artifacts/trainers_glm/server/src/trainers_server/dp_worker/main.py:243
#8 _run_code from <frozen runpy>:88
#9 _run_module_as_main from <frozen runpy>:198

[rank0]:[E708 06:42:17.294057104 ProcessGroupNCCL.cpp:2636] [PG ID 0 PG GUID 0(default_pg) Rank 0] First PG on this rank to signal dumping.
[rank7]:[E708 06:42:17.398792343 ProcessGroupNCCL.cpp:1849] [PG ID 0 PG GUID 0(default_pg) Rank 7] Observed flight recorder dump signal from another rank via TCPStore.
[rank7]:[E708 06:42:17.398955315 ProcessGroupNCCL.cpp:1914] [PG ID 0 PG GUID 0(default_pg) Rank 7] Received a dump signal due to a collective timeout from  rank 0 and we will try our best to dump the debug info. Last enqueued NCCL work: 2, last completed NCCL work: 1.This is most likely caused by incorrect usages of collectives, e.g., wrong sizes used across ranks, the order of collectives is not same for all ranks or the scheduled collective, for some reason, didn't run. Additionally, this can be caused by GIL deadlock or other reasons such as network errors or bugs in the communications library (e.g. NCCL), etc. 
[rank7]:[E708 06:42:17.399339348 ProcessGroupNCCL.cpp:1628] [PG ID 0 PG GUID 0(default_pg) Rank 7] ProcessGroupNCCL preparing to dump debug info. Include stack trace: 1, only active collectives: 0
[rank0]:[E708 06:42:17.634693366 ProcessGroupNCCL.cpp:1914] [PG ID 0 PG GUID 0(default_pg) Rank 0] Received a dump signal due to a collective timeout from this local rank and we will try our best to dump the debug info. Last enqueued NCCL work: 2, last completed NCCL work: 1.This is most likely caused by incorrect usages of collectives, e.g., wrong sizes used across ranks, the order of collectives is not same for all ranks or the scheduled collective, for some reason, didn't run. Additionally, this can be caused by GIL deadlock or other reasons such as network errors or bugs in the communications library (e.g. NCCL), etc. 
[rank0]:[E708 06:42:17.634920954 ProcessGroupNCCL.cpp:1628] [PG ID 0 PG GUID 0(default_pg) Rank 0] ProcessGroupNCCL preparing to dump debug info. Include stack trace: 1, only active collectives: 0
[rank1]:[E708 06:42:17.646168916 ProcessGroupNCCL.cpp:1849] [PG ID 0 PG GUID 0(default_pg) Rank 1] Observed flight recorder dump signal from another rank via TCPStore.
[rank3]:[E708 06:42:17.646191732 ProcessGroupNCCL.cpp:1849] [PG ID 0 PG GUID 0(default_pg) Rank 3] Observed flight recorder dump signal from another rank via TCPStore.
[rank5]:[E708 06:42:17.646202597 ProcessGroupNCCL.cpp:1849] [PG ID 0 PG GUID 0(default_pg) Rank 5] Observed flight recorder dump signal from another rank via TCPStore.
[rank2]:[E708 06:42:17.646215843 ProcessGroupNCCL.cpp:1849] [PG ID 0 PG GUID 0(default_pg) Rank 2] Observed flight recorder dump signal from another rank via TCPStore.
[rank1]:[E708 06:42:17.646337535 ProcessGroupNCCL.cpp:1914] [PG ID 0 PG GUID 0(default_pg) Rank 1] Received a dump signal due to a collective timeout from  rank 0 and we will try our best to dump the debug info. Last enqueued NCCL work: 2, last completed NCCL work: 1.This is most likely caused by incorrect usages of collectives, e.g., wrong sizes used across ranks, the order of collectives is not same for all ranks or the scheduled collective, for some reason, didn't run. Additionally, this can be caused by GIL deadlock or other reasons such as network errors or bugs in the communications library (e.g. NCCL), etc. 
[rank3]:[E708 06:42:17.646345349 ProcessGroupNCCL.cpp:1914] [PG ID 0 PG GUID 0(default_pg) Rank 3] Received a dump signal due to a collective timeout from  rank 0 and we will try our best to dump the debug info. Last enqueued NCCL work: 2, last completed NCCL work: 1.This is most likely caused by incorrect usages of collectives, e.g., wrong sizes used across ranks, the order of collectives is not same for all ranks or the scheduled collective, for some reason, didn't run. Additionally, this can be caused by GIL deadlock or other reasons such as network errors or bugs in the communications library (e.g. NCCL), etc. 
[rank5]:[E708 06:42:17.646345639 ProcessGroupNCCL.cpp:1914] [PG ID 0 PG GUID 0(default_pg) Rank 5] Received a dump signal due to a collective timeout from  rank 0 and we will try our best to dump the debug info. Last enqueued NCCL work: 2, last completed NCCL work: 1.This is most likely caused by incorrect usages of collectives, e.g., wrong sizes used across ranks, the order of collectives is not same for all ranks or the scheduled collective, for some reason, didn't run. Additionally, this can be caused by GIL deadlock or other reasons such as network errors or bugs in the communications library (e.g. NCCL), etc. 
[rank2]:[E708 06:42:17.646381009 ProcessGroupNCCL.cpp:1914] [PG ID 0 PG GUID 0(default_pg) Rank 2] Received a dump signal due to a collective timeout from  rank 0 and we will try our best to dump the debug info. Last enqueued NCCL work: 2, last completed NCCL work: 1.This is most likely caused by incorrect usages of collectives, e.g., wrong sizes used across ranks, the order of collectives is not same for all ranks or the scheduled collective, for some reason, didn't run. Additionally, this can be caused by GIL deadlock or other reasons such as network errors or bugs in the communications library (e.g. NCCL), etc. 
[rank4]:[E708 06:42:17.646372440 ProcessGroupNCCL.cpp:1849] [PG ID 0 PG GUID 0(default_pg) Rank 4] Observed flight recorder dump signal from another rank via TCPStore.
[rank4]:[E708 06:42:17.646521125 ProcessGroupNCCL.cpp:1914] [PG ID 0 PG GUID 0(default_pg) Rank 4] Received a dump signal due to a collective timeout from  rank 0 and we will try our best to dump the debug info. Last enqueued NCCL work: 2, last completed NCCL work: 1.This is most likely caused by incorrect usages of collectives, e.g., wrong sizes used across ranks, the order of collectives is not same for all ranks or the scheduled collective, for some reason, didn't run. Additionally, this can be caused by GIL deadlock or other reasons such as network errors or bugs in the communications library (e.g. NCCL), etc. 
[rank1]:[E708 06:42:17.646694609 ProcessGroupNCCL.cpp:1628] [PG ID 0 PG GUID 0(default_pg) Rank 1] ProcessGroupNCCL preparing to dump debug info. Include stack trace: 1, only active collectives: 0
[rank3]:[E708 06:42:17.646699910 ProcessGroupNCCL.cpp:1628] [PG ID 0 PG GUID 0(default_pg) Rank 3] ProcessGroupNCCL preparing to dump debug info. Include stack trace: 1, only active collectives: 0
[rank5]:[E708 06:42:17.646715921 ProcessGroupNCCL.cpp:1628] [PG ID 0 PG GUID 0(default_pg) Rank 5] ProcessGroupNCCL preparing to dump debug info. Include stack trace: 1, only active collectives: 0
[rank4]:[E708 06:42:17.646879551 ProcessGroupNCCL.cpp:1628] [PG ID 0 PG GUID 0(default_pg) Rank 4] ProcessGroupNCCL preparing to dump debug info. Include stack trace: 1, only active collectives: 0
[rank2]:[E708 06:42:17.647153307 ProcessGroupNCCL.cpp:1628] [PG ID 0 PG GUID 0(default_pg) Rank 2] ProcessGroupNCCL preparing to dump debug info. Include stack trace: 1, only active collectives: 0
[rank6]:[E708 06:42:18.903326635 ProcessGroupNCCL.cpp:1849] [PG ID 0 PG GUID 0(default_pg) Rank 6] Observed flight recorder dump signal from another rank via TCPStore.
[rank6]:[E708 06:42:18.903442269 ProcessGroupNCCL.cpp:1914] [PG ID 0 PG GUID 0(default_pg) Rank 6] Received a dump signal due to a collective timeout from  rank 0 and we will try our best to dump the debug info. Last enqueued NCCL work: 2, last completed NCCL work: 1.This is most likely caused by incorrect usages of collectives, e.g., wrong sizes used across ranks, the order of collectives is not same for all ranks or the scheduled collective, for some reason, didn't run. Additionally, this can be caused by GIL deadlock or other reasons such as network errors or bugs in the communications library (e.g. NCCL), etc. 
[rank6]:[E708 06:42:18.903795906 ProcessGroupNCCL.cpp:1628] [PG ID 0 PG GUID 0(default_pg) Rank 6] ProcessGroupNCCL preparing to dump debug info. Include stack trace: 1, only active collectives: 0
[rank0]:[E708 06:43:18.893294439 ProcessGroupNCCL.cpp:750] [Rank 0] Some NCCL operations have failed or timed out. Due to the asynchronous nature of CUDA kernels, subsequent GPU operations might run on corrupted/incomplete data.
[rank0]:[E708 06:43:18.893344723 ProcessGroupNCCL.cpp:764] [Rank 0] To avoid data inconsistency, we are taking the entire process down.
[rank0]:[E708 06:43:18.893425945 ProcessGroupNCCL.cpp:2119] [PG ID 0 PG GUID 0(default_pg) Rank 0] Process group watchdog thread terminated with exception: NCCL error: remote process exited or there was a network error, NCCL version 2.28.9
ncclRemoteError: A call failed possibly due to a network error or a remote process exiting prematurely.
Last error:
NET/IB: Got completion from peer 10.233.92.119<59230> with status=IBV_WC_RETRY_EXC_ERR(12) opcode=IBV_WC_RECV_RDMA_WITH_IMM(129) reqSize=16 vendor_err=129 req_type=Recv hca mlx5_0
Exception raised from checkForNCCLErrorsInternal at /pytorch/torch/csrc/distributed/c10d/ProcessGroupNCCL.cpp:2770 (most recent call first):
frame #0: c10::Error::Error(c10::SourceLocation, std::__cxx11::basic_string<char, std::char_traits<char>, std::allocator<char> >) + 0x9d (0x7fb570d7205d in /root/.cache/user_artifacts/trainers_glm/server/.venv/lib/python3.12/site-packages/torch/lib/libc10.so)
frame #1: c10d::ProcessGroupNCCL::checkForNCCLErrorsInternal(std::shared_ptr<c10d::NCCLComm>&) + 0x380 (0x7fb45d338340 in /root/.cache/user_artifacts/trainers_glm/server/.venv/lib/python3.12/site-packages/torch/lib/libtorch_cuda.so)
frame #2: c10d::ProcessGroupNCCL::WorkNCCL::checkAndSetException() + 0x80 (0x7fb45d33f6e0 in /root/.cache/user_artifacts/trainers_glm/server/.venv/lib/python3.12/site-packages/torch/lib/libtorch_cuda.so)
frame #3: c10d::ProcessGroupNCCL::Watchdog::runLoop() + 0xa84 (0x7fb45d344474 in /root/.cache/user_artifacts/trainers_glm/server/.venv/lib/python3.12/site-packages/torch/lib/libtorch_cuda.so)
frame #4: c10d::ProcessGroupNCCL::Watchdog::run() + 0x157 (0x7fb45d346597 in /root/.cache/user_artifacts/trainers_glm/server/.venv/lib/python3.12/site-packages/torch/lib/libtorch_cuda.so)
frame #5: <unknown function> + 0xecdb4 (0x7fb571ebedb4 in /usr/lib/x86_64-linux-gnu/libstdc++.so.6)
frame #6: <unknown function> + 0x9caa4 (0x7fb573675aa4 in /usr/lib/x86_64-linux-gnu/libc.so.6)
frame #7: <unknown function> + 0x129c3c (0x7fb573702c3c in /usr/lib/x86_64-linux-gnu/libc.so.6)

terminate called after throwing an instance of 'c10::DistBackendError'
  what():  [PG ID 0 PG GUID 0(default_pg) Rank 0] Process group watchdog thread terminated with exception: NCCL error: remote process exited or there was a network error, NCCL version 2.28.9
ncclRemoteError: A call failed possibly due to a network error or a remote process exiting prematurely.
Last error:
NET/IB: Got completion from peer 10.233.92.119<59230> with status=IBV_WC_RETRY_EXC_ERR(12) opcode=IBV_WC_RECV_RDMA_WITH_IMM(129) reqSize=16 vendor_err=129 req_type=Recv hca mlx5_0
Exception raised from checkForNCCLErrorsInternal at /pytorch/torch/csrc/distributed/c10d/ProcessGroupNCCL.cpp:2770 (most recent call first):
frame #0: c10::Error::Error(c10::SourceLocation, std::__cxx11::basic_string<char, std::char_traits<char>, std::allocator<char> >) + 0x9d (0x7fb570d7205d in /root/.cache/user_artifacts/trainers_glm/server/.venv/lib/python3.12/site-packages/torch/lib/libc10.so)
frame #1: c10d::ProcessGroupNCCL::checkForNCCLErrorsInternal(std::shared_ptr<c10d::NCCLComm>&) + 0x380 (0x7fb45d338340 in /root/.cache/user_artifacts/trainers_glm/server/.venv/lib/python3.12/site-packages/torch/lib/libtorch_cuda.so)
frame #2: c10d::ProcessGroupNCCL::WorkNCCL::checkAndSetException() + 0x80 (0x7fb45d33f6e0 in /root/.cache/user_artifacts/trainers_glm/server/.venv/lib/python3.12/site-packages/torch/lib/libtorch_cuda.so)
frame #3: c10d::ProcessGroupNCCL::Watchdog::runLoop() + 0xa84 (0x7fb45d344474 in /root/.cache/user_artifacts/trainers_glm/server/.venv/lib/python3.12/site-packages/torch/lib/libtorch_cuda.so)
frame #4: c10d::ProcessGroupNCCL::Watchdog::run() + 0x157 (0x7fb45d346597 in /root/.cache/user_artifacts/trainers_glm/server/.venv/lib/python3.12/site-packages/torch/lib/libtorch_cuda.so)
frame #5: <unknown function> + 0xecdb4 (0x7fb571ebedb4 in /usr/lib/x86_64-linux-gnu/libstdc++.so.6)
frame #6: <unknown function> + 0x9caa4 (0x7fb573675aa4 in /usr/lib/x86_64-linux-gnu/libc.so.6)
frame #7: <unknown function> + 0x129c3c (0x7fb573702c3c in /usr/lib/x86_64-linux-gnu/libc.so.6)

Exception raised from run at /pytorch/torch/csrc/distributed/c10d/ProcessGroupNCCL.cpp:2125 (most recent call first):
frame #0: c10::Error::Error(c10::SourceLocation, std::__cxx11::basic_string<char, std::char_traits<char>, std::allocator<char> >) + 0x9d (0x7fb570d7205d in /root/.cache/user_artifacts/trainers_glm/server/.venv/lib/python3.12/site-packages/torch/lib/libc10.so)
frame #1: <unknown function> + 0x9b5d75 (0x7fb45cba6d75 in /root/.cache/user_artifacts/trainers_glm/server/.venv/lib/python3.12/site-packages/torch/lib/libtorch_cuda.so)
frame #2: <unknown function> + 0xecdb4 (0x7fb571ebedb4 in /usr/lib/x86_64-linux-gnu/libstdc++.so.6)
frame #3: <unknown function> + 0x9caa4 (0x7fb573675aa4 in /usr/lib/x86_64-linux-gnu/libc.so.6)
frame #4: <unknown function> + 0x129c3c (0x7fb573702c3c in /usr/lib/x86_64-linux-gnu/libc.so.6)

W0708 06:43:18.570000 86021 .venv/lib/python3.12/site-packages/torch/distributed/elastic/multiprocessing/api.py:1012] Sending process 86165 closing signal SIGTERM
W0708 06:43:18.571000 86021 .venv/lib/python3.12/site-packages/torch/distributed/elastic/multiprocessing/api.py:1012] Sending process 86166 closing signal SIGTERM
W0708 06:43:18.573000 86021 .venv/lib/python3.12/site-packages/torch/distributed/elastic/multiprocessing/api.py:1012] Sending process 86167 closing signal SIGTERM
W0708 06:43:18.578000 86021 .venv/lib/python3.12/site-packages/torch/distributed/elastic/multiprocessing/api.py:1012] Sending process 86168 closing signal SIGTERM
W0708 06:43:18.579000 86021 .venv/lib/python3.12/site-packages/torch/distributed/elastic/multiprocessing/api.py:1012] Sending process 86169 closing signal SIGTERM
W0708 06:43:18.581000 86021 .venv/lib/python3.12/site-packages/torch/distributed/elastic/multiprocessing/api.py:1012] Sending process 86170 closing signal SIGTERM
W0708 06:43:18.583000 86021 .venv/lib/python3.12/site-packages/torch/distributed/elastic/multiprocessing/api.py:1012] Sending process 86171 closing signal SIGTERM
E0708 06:43:21.054000 86021 .venv/lib/python3.12/site-packages/torch/distributed/elastic/multiprocessing/api.py:986] failed (exitcode: -6) local_rank: 0 (pid: 86164) of binary: /root/.cache/user_artifacts/trainers_glm/server/.venv/bin/python
Traceback (most recent call last):
  File "/root/.cache/user_artifacts/trainers_glm/server/.venv/bin/torchrun", line 10, in <module>
    sys.exit(main())
             ^^^^^^
  File "/root/.cache/user_artifacts/trainers_glm/server/.venv/lib/python3.12/site-packages/torch/distributed/elastic/multiprocessing/errors/__init__.py", line 362, in wrapper
    return f(*args, **kwargs)
           ^^^^^^^^^^^^^^^^^^
  File "/root/.cache/user_artifacts/trainers_glm/server/.venv/lib/python3.12/site-packages/torch/distributed/run.py", line 990, in main
    run(args)
  File "/root/.cache/user_artifacts/trainers_glm/server/.venv/lib/python3.12/site-packages/torch/distributed/run.py", line 981, in run
    elastic_launch(
  File "/root/.cache/user_artifacts/trainers_glm/server/.venv/lib/python3.12/site-packages/torch/distributed/launcher/api.py", line 170, in __call__
    return launch_agent(self._config, self._entrypoint, list(args))
           ^^^^^^^^^^^^^^^^^^^^^^^^^^^^^^^^^^^^^^^^^^^^^^^^^^^^^^^^
  File "/root/.cache/user_artifacts/trainers_glm/server/.venv/lib/python3.12/site-packages/torch/distributed/launcher/api.py", line 317, in launch_agent
    raise ChildFailedError(
torch.distributed.elastic.multiprocessing.errors.ChildFailedError: 
============================================================
trainers_server.dp_worker.main FAILED
------------------------------------------------------------
Failures:
[1]:
  time      : 2026-07-08_06:43:21
  host      : baseten-training-job-qr9oevq-multinode-0.baseten-training-job-qr9oevq-multinode.org-99340d71961343c28c5c567d705ab0c0.svc.cluster.local
  rank      : 1 (local_rank: 1)
  exitcode  : -15 (pid: 86165)
  error_file: <N/A>
  traceback : Signal 15 (SIGTERM) received by PID 86165
[2]:
  time      : 2026-07-08_06:43:21
  host      : baseten-training-job-qr9oevq-multinode-0.baseten-training-job-qr9oevq-multinode.org-99340d71961343c28c5c567d705ab0c0.svc.cluster.local
  rank      : 2 (local_rank: 2)
  exitcode  : -15 (pid: 86166)
  error_file: <N/A>
  traceback : Signal 15 (SIGTERM) received by PID 86166
[3]:
  time      : 2026-07-08_06:43:21
  host      : baseten-training-job-qr9oevq-multinode-0.baseten-training-job-qr9oevq-multinode.org-99340d71961343c28c5c567d705ab0c0.svc.cluster.local
  rank      : 3 (local_rank: 3)
  exitcode  : -15 (pid: 86167)
  error_file: <N/A>
  traceback : Signal 15 (SIGTERM) received by PID 86167
[4]:
  time      : 2026-07-08_06:43:21
  host      : baseten-training-job-qr9oevq-multinode-0.baseten-training-job-qr9oevq-multinode.org-99340d71961343c28c5c567d705ab0c0.svc.cluster.local
  rank      : 4 (local_rank: 4)
  exitcode  : -15 (pid: 86168)
  error_file: <N/A>
  traceback : Signal 15 (SIGTERM) received by PID 86168
[5]:
  time      : 2026-07-08_06:43:21
  host      : baseten-training-job-qr9oevq-multinode-0.baseten-training-job-qr9oevq-multinode.org-99340d71961343c28c5c567d705ab0c0.svc.cluster.local
  rank      : 5 (local_rank: 5)
  exitcode  : -15 (pid: 86169)
  error_file: <N/A>
  traceback : Signal 15 (SIGTERM) received by PID 86169
[6]:
  time      : 2026-07-08_06:43:21
  host      : baseten-training-job-qr9oevq-multinode-0.baseten-training-job-qr9oevq-multinode.org-99340d71961343c28c5c567d705ab0c0.svc.cluster.local
  rank      : 6 (local_rank: 6)
  exitcode  : -15 (pid: 86170)
  error_file: <N/A>
  traceback : Signal 15 (SIGTERM) received by PID 86170
[7]:
  time      : 2026-07-08_06:43:21
  host      : baseten-training-job-qr9oevq-multinode-0.baseten-training-job-qr9oevq-multinode.org-99340d71961343c28c5c567d705ab0c0.svc.cluster.local
  rank      : 7 (local_rank: 7)
  exitcode  : -15 (pid: 86171)
  error_file: <N/A>
  traceback : Signal 15 (SIGTERM) received by PID 86171
------------------------------------------------------------
Root Cause (first observed failure):
[0]:
  time      : 2026-07-08_06:43:18
  host      : baseten-training-job-qr9oevq-multinode-0.baseten-training-job-qr9oevq-multinode.org-99340d71961343c28c5c567d705ab0c0.svc.cluster.local
  rank      : 0 (local_rank: 0)
  exitcode  : -6 (pid: 86164)
  error_file: <N/A>
  traceback : Signal 6 (SIGABRT) received by PID 86164
============================================================
