[run_trainer_node] NCCL_IB_HCA=mlx5_0,mlx5_1,mlx5_3,mlx5_4,mlx5_5,mlx5_6,mlx5_7,mlx5_8,mlx5_9,mlx5_10,mlx5_12,mlx5_13
[run_trainer_node] rank=1 nnodes=4 leader=10.233.87.95 config=/root/.cache/user_artifacts/glm_prof/configs/active.json src=/root/.cache/user_artifacts/trainers_glm
[run_trainer_node] config contents:
{
  "base_model": "zai-org/GLM-5.2-FP8",
  "max_seq_len": 131072,
  "tensor_parallel_size": 1,
  "pipeline_parallel_size": 16,
  "context_parallel_size": 1,
  "expert_parallel_size": 2,
  "expert_tensor_parallel_size": 1,
  "trust_remote_code": true,
  "lora_rank": 16,
  "weight_sync": {"type": "disabled"}
}
/root/.cache/user_artifacts/trainers_glm/server/.venv/lib/python3.12/site-packages/torch/cuda/__init__.py:61: FutureWarning: The pynvml package is deprecated. Please install nvidia-ml-py instead. If you did not install pynvml directly, please report this to the maintainers of the package that installed pynvml for you.
  import pynvml  # type: ignore[import]
/root/.cache/user_artifacts/trainers_glm/server/.venv/lib/python3.12/site-packages/torch/cuda/__init__.py:61: FutureWarning: The pynvml package is deprecated. Please install nvidia-ml-py instead. If you did not install pynvml directly, please report this to the maintainers of the package that installed pynvml for you.
  import pynvml  # type: ignore[import]
/root/.cache/user_artifacts/trainers_glm/server/.venv/lib/python3.12/site-packages/torch/cuda/__init__.py:61: FutureWarning: The pynvml package is deprecated. Please install nvidia-ml-py instead. If you did not install pynvml directly, please report this to the maintainers of the package that installed pynvml for you.
  import pynvml  # type: ignore[import]
/root/.cache/user_artifacts/trainers_glm/server/.venv/lib/python3.12/site-packages/torch/cuda/__init__.py:61: FutureWarning: The pynvml package is deprecated. Please install nvidia-ml-py instead. If you did not install pynvml directly, please report this to the maintainers of the package that installed pynvml for you.
  import pynvml  # type: ignore[import]
/root/.cache/user_artifacts/trainers_glm/server/.venv/lib/python3.12/site-packages/torch/cuda/__init__.py:61: FutureWarning: The pynvml package is deprecated. Please install nvidia-ml-py instead. If you did not install pynvml directly, please report this to the maintainers of the package that installed pynvml for you.
  import pynvml  # type: ignore[import]
/root/.cache/user_artifacts/trainers_glm/server/vendor/megatron-bridge/3rdparty/Megatron-LM/megatron/core/models/backends.py:34: UserWarning: Apex is not installed. Falling back to Torch Norm
  warnings.warn("Apex is not installed. Falling back to Torch Norm")
/root/.cache/user_artifacts/trainers_glm/server/vendor/megatron-bridge/3rdparty/Megatron-LM/megatron/core/models/gpt/gpt_layer_specs.py:77: UserWarning: Apex is not installed. Falling back to Torch Norm
  warnings.warn("Apex is not installed. Falling back to Torch Norm")
/root/.cache/user_artifacts/trainers_glm/server/vendor/megatron-bridge/3rdparty/Megatron-LM/megatron/core/models/backends.py:34: UserWarning: Apex is not installed. Falling back to Torch Norm
  warnings.warn("Apex is not installed. Falling back to Torch Norm")
/root/.cache/user_artifacts/trainers_glm/server/vendor/megatron-bridge/3rdparty/Megatron-LM/megatron/core/models/gpt/gpt_layer_specs.py:77: UserWarning: Apex is not installed. Falling back to Torch Norm
  warnings.warn("Apex is not installed. Falling back to Torch Norm")
/root/.cache/user_artifacts/trainers_glm/server/vendor/megatron-bridge/3rdparty/Megatron-LM/megatron/core/models/backends.py:34: UserWarning: Apex is not installed. Falling back to Torch Norm
  warnings.warn("Apex is not installed. Falling back to Torch Norm")
/root/.cache/user_artifacts/trainers_glm/server/vendor/megatron-bridge/3rdparty/Megatron-LM/megatron/core/models/gpt/gpt_layer_specs.py:77: UserWarning: Apex is not installed. Falling back to Torch Norm
  warnings.warn("Apex is not installed. Falling back to Torch Norm")
/root/.cache/user_artifacts/trainers_glm/server/vendor/megatron-bridge/3rdparty/Megatron-LM/megatron/core/models/backends.py:34: UserWarning: Apex is not installed. Falling back to Torch Norm
  warnings.warn("Apex is not installed. Falling back to Torch Norm")
/root/.cache/user_artifacts/trainers_glm/server/vendor/megatron-bridge/3rdparty/Megatron-LM/megatron/core/models/gpt/gpt_layer_specs.py:77: UserWarning: Apex is not installed. Falling back to Torch Norm
  warnings.warn("Apex is not installed. Falling back to Torch Norm")
/root/.cache/user_artifacts/trainers_glm/server/.venv/lib/python3.12/site-packages/torch/cuda/__init__.py:61: FutureWarning: The pynvml package is deprecated. Please install nvidia-ml-py instead. If you did not install pynvml directly, please report this to the maintainers of the package that installed pynvml for you.
  import pynvml  # type: ignore[import]
/root/.cache/user_artifacts/trainers_glm/server/.venv/lib/python3.12/site-packages/torch/cuda/__init__.py:61: FutureWarning: The pynvml package is deprecated. Please install nvidia-ml-py instead. If you did not install pynvml directly, please report this to the maintainers of the package that installed pynvml for you.
  import pynvml  # type: ignore[import]
/root/.cache/user_artifacts/trainers_glm/server/.venv/lib/python3.12/site-packages/torch/cuda/__init__.py:61: FutureWarning: The pynvml package is deprecated. Please install nvidia-ml-py instead. If you did not install pynvml directly, please report this to the maintainers of the package that installed pynvml for you.
  import pynvml  # type: ignore[import]
/root/.cache/user_artifacts/trainers_glm/server/vendor/megatron-bridge/3rdparty/Megatron-LM/megatron/core/models/backends.py:34: UserWarning: Apex is not installed. Falling back to Torch Norm
  warnings.warn("Apex is not installed. Falling back to Torch Norm")
/root/.cache/user_artifacts/trainers_glm/server/vendor/megatron-bridge/3rdparty/Megatron-LM/megatron/core/models/gpt/gpt_layer_specs.py:77: UserWarning: Apex is not installed. Falling back to Torch Norm
  warnings.warn("Apex is not installed. Falling back to Torch Norm")
/root/.cache/user_artifacts/trainers_glm/server/vendor/megatron-bridge/3rdparty/Megatron-LM/megatron/core/models/backends.py:34: UserWarning: Apex is not installed. Falling back to Torch Norm
  warnings.warn("Apex is not installed. Falling back to Torch Norm")
/root/.cache/user_artifacts/trainers_glm/server/vendor/megatron-bridge/3rdparty/Megatron-LM/megatron/core/models/gpt/gpt_layer_specs.py:77: UserWarning: Apex is not installed. Falling back to Torch Norm
  warnings.warn("Apex is not installed. Falling back to Torch Norm")
/root/.cache/user_artifacts/trainers_glm/server/vendor/megatron-bridge/3rdparty/Megatron-LM/megatron/core/models/backends.py:34: UserWarning: Apex is not installed. Falling back to Torch Norm
  warnings.warn("Apex is not installed. Falling back to Torch Norm")
/root/.cache/user_artifacts/trainers_glm/server/vendor/megatron-bridge/3rdparty/Megatron-LM/megatron/core/models/gpt/gpt_layer_specs.py:77: UserWarning: Apex is not installed. Falling back to Torch Norm
  warnings.warn("Apex is not installed. Falling back to Torch Norm")
/root/.cache/user_artifacts/trainers_glm/server/.venv/lib/python3.12/site-packages/modelopt/torch/__init__.py:53: UserWarning: transformers>=5.0 support is experimental. Unified Hugging Face checkpoint export for quantized checkpoints may not work for some models yet.
  _warnings.warn(
/root/.cache/user_artifacts/trainers_glm/server/vendor/megatron-bridge/3rdparty/Megatron-LM/megatron/core/models/gpt/heterogeneous/heterogeneous_layer_specs.py:68: UserWarning: Apex is not installed. Falling back to Torch Norm
  warnings.warn("Apex is not installed. Falling back to Torch Norm")
/root/.cache/user_artifacts/trainers_glm/server/vendor/megatron-bridge/3rdparty/Megatron-LM/megatron/core/models/vision/vit_layer_specs.py:31: UserWarning: Apex is not installed. Falling back to Torch Norm
  warnings.warn("Apex is not installed. Falling back to Torch Norm")
/root/.cache/user_artifacts/trainers_glm/server/.venv/lib/python3.12/site-packages/modelopt/torch/__init__.py:53: UserWarning: transformers>=5.0 support is experimental. Unified Hugging Face checkpoint export for quantized checkpoints may not work for some models yet.
  _warnings.warn(
/root/.cache/user_artifacts/trainers_glm/server/vendor/megatron-bridge/3rdparty/Megatron-LM/megatron/core/models/gpt/heterogeneous/heterogeneous_layer_specs.py:68: UserWarning: Apex is not installed. Falling back to Torch Norm
  warnings.warn("Apex is not installed. Falling back to Torch Norm")
/root/.cache/user_artifacts/trainers_glm/server/vendor/megatron-bridge/3rdparty/Megatron-LM/megatron/core/models/vision/vit_layer_specs.py:31: UserWarning: Apex is not installed. Falling back to Torch Norm
  warnings.warn("Apex is not installed. Falling back to Torch Norm")
/root/.cache/user_artifacts/trainers_glm/server/vendor/megatron-bridge/3rdparty/Megatron-LM/megatron/core/models/mimo/config/base_configs.py:12: UserWarning: MimoModelConfig is experimental and still under active development. The API may change without notice in future releases.
  class MimoModelConfig:
/root/.cache/user_artifacts/trainers_glm/server/vendor/megatron-bridge/3rdparty/Megatron-LM/megatron/core/models/mimo/config/base_configs.py:12: UserWarning: MimoModelConfig is experimental and still under active development. The API may change without notice in future releases.
  class MimoModelConfig:
WARNING:megatron.bridge.models.conversion.auto_bridge:Loading a model with trust_remote_code=True allows arbitrary code execution from the model repository. Only use this with models you trust.
[transformers] `torch_dtype` is deprecated! Use `dtype` instead!
INFO:trainers_server.dp_worker.api.megatron_controller:LoRA config: rank=16 alpha=32 (default 2*rank) -> forward scale=2
/root/.cache/user_artifacts/trainers_glm/server/vendor/megatron-bridge/3rdparty/Megatron-LM/megatron/core/transformer/transformer_config.py:2674: UserWarning: full scope is deprecated. Use empty cuda_graph_modules to capture the whole layer.
  warnings.warn(
WARNING:megatron.bridge.models.conversion.auto_bridge:Loading a model with trust_remote_code=True allows arbitrary code execution from the model repository. Only use this with models you trust.
[transformers] `torch_dtype` is deprecated! Use `dtype` instead!
INFO:trainers_server.dp_worker.api.megatron_controller:LoRA config: rank=16 alpha=32 (default 2*rank) -> forward scale=2
/root/.cache/user_artifacts/trainers_glm/server/vendor/megatron-bridge/3rdparty/Megatron-LM/megatron/core/transformer/transformer_config.py:2674: UserWarning: full scope is deprecated. Use empty cuda_graph_modules to capture the whole layer.
  warnings.warn(
/root/.cache/user_artifacts/trainers_glm/server/.venv/lib/python3.12/site-packages/modelopt/torch/__init__.py:53: UserWarning: transformers>=5.0 support is experimental. Unified Hugging Face checkpoint export for quantized checkpoints may not work for some models yet.
  _warnings.warn(
/root/.cache/user_artifacts/trainers_glm/server/vendor/megatron-bridge/3rdparty/Megatron-LM/megatron/core/models/gpt/heterogeneous/heterogeneous_layer_specs.py:68: UserWarning: Apex is not installed. Falling back to Torch Norm
  warnings.warn("Apex is not installed. Falling back to Torch Norm")
/root/.cache/user_artifacts/trainers_glm/server/vendor/megatron-bridge/3rdparty/Megatron-LM/megatron/core/models/vision/vit_layer_specs.py:31: UserWarning: Apex is not installed. Falling back to Torch Norm
  warnings.warn("Apex is not installed. Falling back to Torch Norm")
/root/.cache/user_artifacts/trainers_glm/server/vendor/megatron-bridge/3rdparty/Megatron-LM/megatron/core/models/mimo/config/base_configs.py:12: UserWarning: MimoModelConfig is experimental and still under active development. The API may change without notice in future releases.
  class MimoModelConfig:
WARNING:megatron.bridge.models.conversion.auto_bridge:Loading a model with trust_remote_code=True allows arbitrary code execution from the model repository. Only use this with models you trust.
[transformers] `torch_dtype` is deprecated! Use `dtype` instead!
INFO:trainers_server.dp_worker.api.megatron_controller:LoRA config: rank=16 alpha=32 (default 2*rank) -> forward scale=2
/root/.cache/user_artifacts/trainers_glm/server/vendor/megatron-bridge/3rdparty/Megatron-LM/megatron/core/transformer/transformer_config.py:2674: UserWarning: full scope is deprecated. Use empty cuda_graph_modules to capture the whole layer.
  warnings.warn(
/root/.cache/user_artifacts/trainers_glm/server/.venv/lib/python3.12/site-packages/torch/cuda/__init__.py:61: FutureWarning: The pynvml package is deprecated. Please install nvidia-ml-py instead. If you did not install pynvml directly, please report this to the maintainers of the package that installed pynvml for you.
  import pynvml  # type: ignore[import]
/root/.cache/user_artifacts/trainers_glm/server/.venv/lib/python3.12/site-packages/modelopt/torch/__init__.py:53: UserWarning: transformers>=5.0 support is experimental. Unified Hugging Face checkpoint export for quantized checkpoints may not work for some models yet.
  _warnings.warn(
/root/.cache/user_artifacts/trainers_glm/server/vendor/megatron-bridge/3rdparty/Megatron-LM/megatron/core/models/gpt/heterogeneous/heterogeneous_layer_specs.py:68: UserWarning: Apex is not installed. Falling back to Torch Norm
  warnings.warn("Apex is not installed. Falling back to Torch Norm")
/root/.cache/user_artifacts/trainers_glm/server/vendor/megatron-bridge/3rdparty/Megatron-LM/megatron/core/models/vision/vit_layer_specs.py:31: UserWarning: Apex is not installed. Falling back to Torch Norm
  warnings.warn("Apex is not installed. Falling back to Torch Norm")
/root/.cache/user_artifacts/trainers_glm/server/.venv/lib/python3.12/site-packages/modelopt/torch/__init__.py:53: UserWarning: transformers>=5.0 support is experimental. Unified Hugging Face checkpoint export for quantized checkpoints may not work for some models yet.
  _warnings.warn(
/root/.cache/user_artifacts/trainers_glm/server/vendor/megatron-bridge/3rdparty/Megatron-LM/megatron/core/models/gpt/heterogeneous/heterogeneous_layer_specs.py:68: UserWarning: Apex is not installed. Falling back to Torch Norm
  warnings.warn("Apex is not installed. Falling back to Torch Norm")
/root/.cache/user_artifacts/trainers_glm/server/.venv/lib/python3.12/site-packages/modelopt/torch/__init__.py:53: UserWarning: transformers>=5.0 support is experimental. Unified Hugging Face checkpoint export for quantized checkpoints may not work for some models yet.
  _warnings.warn(
/root/.cache/user_artifacts/trainers_glm/server/vendor/megatron-bridge/3rdparty/Megatron-LM/megatron/core/models/gpt/heterogeneous/heterogeneous_layer_specs.py:68: UserWarning: Apex is not installed. Falling back to Torch Norm
  warnings.warn("Apex is not installed. Falling back to Torch Norm")
/root/.cache/user_artifacts/trainers_glm/server/vendor/megatron-bridge/3rdparty/Megatron-LM/megatron/core/models/vision/vit_layer_specs.py:31: UserWarning: Apex is not installed. Falling back to Torch Norm
  warnings.warn("Apex is not installed. Falling back to Torch Norm")
/root/.cache/user_artifacts/trainers_glm/server/vendor/megatron-bridge/3rdparty/Megatron-LM/megatron/core/models/vision/vit_layer_specs.py:31: UserWarning: Apex is not installed. Falling back to Torch Norm
  warnings.warn("Apex is not installed. Falling back to Torch Norm")
/root/.cache/user_artifacts/trainers_glm/server/vendor/megatron-bridge/3rdparty/Megatron-LM/megatron/core/models/mimo/config/base_configs.py:12: UserWarning: MimoModelConfig is experimental and still under active development. The API may change without notice in future releases.
  class MimoModelConfig:
/root/.cache/user_artifacts/trainers_glm/server/vendor/megatron-bridge/3rdparty/Megatron-LM/megatron/core/models/mimo/config/base_configs.py:12: UserWarning: MimoModelConfig is experimental and still under active development. The API may change without notice in future releases.
  class MimoModelConfig:
/root/.cache/user_artifacts/trainers_glm/server/vendor/megatron-bridge/3rdparty/Megatron-LM/megatron/core/models/mimo/config/base_configs.py:12: UserWarning: MimoModelConfig is experimental and still under active development. The API may change without notice in future releases.
  class MimoModelConfig:
WARNING:megatron.bridge.models.conversion.auto_bridge:Loading a model with trust_remote_code=True allows arbitrary code execution from the model repository. Only use this with models you trust.
[transformers] `torch_dtype` is deprecated! Use `dtype` instead!
INFO:trainers_server.dp_worker.api.megatron_controller:LoRA config: rank=16 alpha=32 (default 2*rank) -> forward scale=2
/root/.cache/user_artifacts/trainers_glm/server/vendor/megatron-bridge/3rdparty/Megatron-LM/megatron/core/transformer/transformer_config.py:2674: UserWarning: full scope is deprecated. Use empty cuda_graph_modules to capture the whole layer.
  warnings.warn(
WARNING:megatron.bridge.models.conversion.auto_bridge:Loading a model with trust_remote_code=True allows arbitrary code execution from the model repository. Only use this with models you trust.
[transformers] `torch_dtype` is deprecated! Use `dtype` instead!
INFO:trainers_server.dp_worker.api.megatron_controller:LoRA config: rank=16 alpha=32 (default 2*rank) -> forward scale=2
/root/.cache/user_artifacts/trainers_glm/server/vendor/megatron-bridge/3rdparty/Megatron-LM/megatron/core/transformer/transformer_config.py:2674: UserWarning: full scope is deprecated. Use empty cuda_graph_modules to capture the whole layer.
  warnings.warn(
WARNING:megatron.bridge.models.conversion.auto_bridge:Loading a model with trust_remote_code=True allows arbitrary code execution from the model repository. Only use this with models you trust.
[transformers] `torch_dtype` is deprecated! Use `dtype` instead!
INFO:trainers_server.dp_worker.api.megatron_controller:LoRA config: rank=16 alpha=32 (default 2*rank) -> forward scale=2
/root/.cache/user_artifacts/trainers_glm/server/vendor/megatron-bridge/3rdparty/Megatron-LM/megatron/core/transformer/transformer_config.py:2674: UserWarning: full scope is deprecated. Use empty cuda_graph_modules to capture the whole layer.
  warnings.warn(
/root/.cache/user_artifacts/trainers_glm/server/vendor/megatron-bridge/3rdparty/Megatron-LM/megatron/core/models/backends.py:34: UserWarning: Apex is not installed. Falling back to Torch Norm
  warnings.warn("Apex is not installed. Falling back to Torch Norm")
/root/.cache/user_artifacts/trainers_glm/server/vendor/megatron-bridge/3rdparty/Megatron-LM/megatron/core/models/gpt/gpt_layer_specs.py:77: UserWarning: Apex is not installed. Falling back to Torch Norm
  warnings.warn("Apex is not installed. Falling back to Torch Norm")
/root/.cache/user_artifacts/trainers_glm/server/.venv/lib/python3.12/site-packages/modelopt/torch/__init__.py:53: UserWarning: transformers>=5.0 support is experimental. Unified Hugging Face checkpoint export for quantized checkpoints may not work for some models yet.
  _warnings.warn(
/root/.cache/user_artifacts/trainers_glm/server/vendor/megatron-bridge/3rdparty/Megatron-LM/megatron/core/models/gpt/heterogeneous/heterogeneous_layer_specs.py:68: UserWarning: Apex is not installed. Falling back to Torch Norm
  warnings.warn("Apex is not installed. Falling back to Torch Norm")
/root/.cache/user_artifacts/trainers_glm/server/vendor/megatron-bridge/3rdparty/Megatron-LM/megatron/core/models/vision/vit_layer_specs.py:31: UserWarning: Apex is not installed. Falling back to Torch Norm
  warnings.warn("Apex is not installed. Falling back to Torch Norm")
/root/.cache/user_artifacts/trainers_glm/server/vendor/megatron-bridge/3rdparty/Megatron-LM/megatron/core/models/mimo/config/base_configs.py:12: UserWarning: MimoModelConfig is experimental and still under active development. The API may change without notice in future releases.
  class MimoModelConfig:
WARNING:megatron.bridge.models.conversion.auto_bridge:Loading a model with trust_remote_code=True allows arbitrary code execution from the model repository. Only use this with models you trust.
[transformers] `torch_dtype` is deprecated! Use `dtype` instead!
INFO:trainers_server.dp_worker.api.megatron_controller:LoRA config: rank=16 alpha=32 (default 2*rank) -> forward scale=2
/root/.cache/user_artifacts/trainers_glm/server/vendor/megatron-bridge/3rdparty/Megatron-LM/megatron/core/transformer/transformer_config.py:2674: UserWarning: full scope is deprecated. Use empty cuda_graph_modules to capture the whole layer.
  warnings.warn(
/root/.cache/user_artifacts/trainers_glm/server/.venv/lib/python3.12/site-packages/modelopt/torch/__init__.py:53: UserWarning: transformers>=5.0 support is experimental. Unified Hugging Face checkpoint export for quantized checkpoints may not work for some models yet.
  _warnings.warn(
/root/.cache/user_artifacts/trainers_glm/server/vendor/megatron-bridge/3rdparty/Megatron-LM/megatron/core/models/gpt/heterogeneous/heterogeneous_layer_specs.py:68: UserWarning: Apex is not installed. Falling back to Torch Norm
  warnings.warn("Apex is not installed. Falling back to Torch Norm")
/root/.cache/user_artifacts/trainers_glm/server/vendor/megatron-bridge/3rdparty/Megatron-LM/megatron/core/models/vision/vit_layer_specs.py:31: UserWarning: Apex is not installed. Falling back to Torch Norm
  warnings.warn("Apex is not installed. Falling back to Torch Norm")
/root/.cache/user_artifacts/trainers_glm/server/vendor/megatron-bridge/3rdparty/Megatron-LM/megatron/core/models/mimo/config/base_configs.py:12: UserWarning: MimoModelConfig is experimental and still under active development. The API may change without notice in future releases.
  class MimoModelConfig:
WARNING:megatron.bridge.models.conversion.auto_bridge:Loading a model with trust_remote_code=True allows arbitrary code execution from the model repository. Only use this with models you trust.
[transformers] `torch_dtype` is deprecated! Use `dtype` instead!
INFO:trainers_server.dp_worker.api.megatron_controller:LoRA config: rank=16 alpha=32 (default 2*rank) -> forward scale=2
/root/.cache/user_artifacts/trainers_glm/server/vendor/megatron-bridge/3rdparty/Megatron-LM/megatron/core/transformer/transformer_config.py:2674: UserWarning: full scope is deprecated. Use empty cuda_graph_modules to capture the whole layer.
  warnings.warn(
> compiling dataset index builder ...
make: Entering directory '/root/.cache/user_artifacts/trainers_glm/server/vendor/megatron-bridge/3rdparty/Megatron-LM/megatron/core/datasets'
make: python3-config: No such file or directory
make: python3-config: No such file or directory
make: Nothing to be done for 'default'.
make: Leaving directory '/root/.cache/user_artifacts/trainers_glm/server/vendor/megatron-bridge/3rdparty/Megatron-LM/megatron/core/datasets'
>>> done with dataset index builder. Compilation time: 0.005 seconds


[rank11]: Traceback (most recent call last):
[rank11]:   File "<frozen runpy>", line 198, in _run_module_as_main
[rank11]:   File "<frozen runpy>", line 88, in _run_code
[rank11]:   File "/root/.cache/user_artifacts/trainers_glm/server/src/trainers_server/dp_worker/main.py", line 243, in <module>
[rank11]:     main()
[rank11]:   File "/root/.cache/user_artifacts/trainers_glm/server/src/trainers_server/dp_worker/main.py", line 239, in main
[rank11]:     run_rank(config)
[rank11]:   File "/root/.cache/user_artifacts/trainers_glm/server/src/trainers_server/dp_worker/worker.py", line 249, in run_rank
[rank11]:     controller = MegatronBridgeController(config)
[rank11]:                  ^^^^^^^^^^^^^^^^^^^^^^^^^^^^^^^^
[rank11]:   File "/root/.cache/user_artifacts/trainers_glm/server/src/trainers_server/dp_worker/api/megatron_controller.py", line 1218, in __init__
[rank11]:     self._init_training_stack(initialize_runtime=True)
[rank11]:   File "/root/.cache/user_artifacts/trainers_glm/server/src/trainers_server/dp_worker/api/megatron_controller.py", line 1343, in _init_training_stack
[rank11]:     model_list = get_model(
[rank11]:                  ^^^^^^^^^^
[rank11]:   File "/root/.cache/user_artifacts/trainers_glm/server/vendor/megatron-bridge/src/megatron/bridge/models/model_provider.py", line 609, in get_model
[rank11]:     _model = pre_wrap_hook(model)
[rank11]:              ^^^^^^^^^^^^^^^^^^^^
[rank11]:   File "/root/.cache/user_artifacts/trainers_glm/server/vendor/megatron-bridge/src/megatron/bridge/models/model_provider.py", line 327, in composed_hook
[rank11]:     model = hook(model)
[rank11]:             ^^^^^^^^^^^
[rank11]:   File "/root/.cache/user_artifacts/trainers_glm/server/vendor/megatron-bridge/src/megatron/bridge/models/conversion/model_bridge.py", line 1103, in load_weights_hf_to_megatron
[rank11]:     raise ValueError(
[rank11]: ValueError: Shape mismatch for megatron param decoder.layers.22.self_attention.linear_kv_down_proj.weight:
[rank11]:   Expected shape: torch.Size([704, 6144])
[rank11]:   Got shape: torch.Size([576, 6144])
[rank11]:   Bridge type: AutoMapping
[rank11]:   HF mapping: model.layers.22.self_attn.kv_a_proj_with_mqa.weight

[rank15]: Traceback (most recent call last):
[rank15]:   File "<frozen runpy>", line 198, in _run_module_as_main
[rank15]:   File "<frozen runpy>", line 88, in _run_code
[rank15]:   File "/root/.cache/user_artifacts/trainers_glm/server/src/trainers_server/dp_worker/main.py", line 243, in <module>
[rank15]:     main()
[rank15]:   File "/root/.cache/user_artifacts/trainers_glm/server/src/trainers_server/dp_worker/main.py", line 239, in main
[rank15]:     run_rank(config)
[rank15]:   File "/root/.cache/user_artifacts/trainers_glm/server/src/trainers_server/dp_worker/worker.py", line 249, in run_rank
[rank15]:     controller = MegatronBridgeController(config)
[rank15]:                  ^^^^^^^^^^^^^^^^^^^^^^^^^^^^^^^^
[rank15]:   File "/root/.cache/user_artifacts/trainers_glm/server/src/trainers_server/dp_worker/api/megatron_controller.py", line 1218, in __init__
[rank15]:     self._init_training_stack(initialize_runtime=True)
[rank15]:   File "/root/.cache/user_artifacts/trainers_glm/server/src/trainers_server/dp_worker/api/megatron_controller.py", line 1343, in _init_training_stack
[rank15]:     model_list = get_model(
[rank15]:                  ^^^^^^^^^^
[rank15]:   File "/root/.cache/user_artifacts/trainers_glm/server/vendor/megatron-bridge/src/megatron/bridge/models/model_provider.py", line 609, in get_model
[rank15]:     _model = pre_wrap_hook(model)
[rank15]:              ^^^^^^^^^^^^^^^^^^^^
[rank15]:   File "/root/.cache/user_artifacts/trainers_glm/server/vendor/megatron-bridge/src/megatron/bridge/models/model_provider.py", line 327, in composed_hook
[rank15]:     model = hook(model)
[rank15]:             ^^^^^^^^^^^
[rank15]:   File "/root/.cache/user_artifacts/trainers_glm/server/vendor/megatron-bridge/src/megatron/bridge/models/conversion/model_bridge.py", line 1103, in load_weights_hf_to_megatron
[rank15]:     raise ValueError(
[rank15]: ValueError: Shape mismatch for megatron param decoder.layers.30.self_attention.linear_kv_down_proj.weight:
[rank15]:   Expected shape: torch.Size([704, 6144])
[rank15]:   Got shape: torch.Size([576, 6144])
[rank15]:   Bridge type: AutoMapping
[rank15]:   HF mapping: model.layers.30.self_attn.kv_a_proj_with_mqa.weight

[rank13]: Traceback (most recent call last):
[rank13]:   File "<frozen runpy>", line 198, in _run_module_as_main
[rank13]:   File "<frozen runpy>", line 88, in _run_code
[rank13]:   File "/root/.cache/user_artifacts/trainers_glm/server/src/trainers_server/dp_worker/main.py", line 243, in <module>
[rank13]:     main()
[rank13]:   File "/root/.cache/user_artifacts/trainers_glm/server/src/trainers_server/dp_worker/main.py", line 239, in main
[rank13]:     run_rank(config)
[rank13]:   File "/root/.cache/user_artifacts/trainers_glm/server/src/trainers_server/dp_worker/worker.py", line 249, in run_rank
[rank13]:     controller = MegatronBridgeController(config)
[rank13]:                  ^^^^^^^^^^^^^^^^^^^^^^^^^^^^^^^^
[rank13]:   File "/root/.cache/user_artifacts/trainers_glm/server/src/trainers_server/dp_worker/api/megatron_controller.py", line 1218, in __init__
[rank13]:     self._init_training_stack(initialize_runtime=True)
[rank13]:   File "/root/.cache/user_artifacts/trainers_glm/server/src/trainers_server/dp_worker/api/megatron_controller.py", line 1343, in _init_training_stack
[rank13]:     model_list = get_model(
[rank13]:                  ^^^^^^^^^^
[rank13]:   File "/root/.cache/user_artifacts/trainers_glm/server/vendor/megatron-bridge/src/megatron/bridge/models/model_provider.py", line 609, in get_model
[rank13]:     _model = pre_wrap_hook(model)
[rank13]:              ^^^^^^^^^^^^^^^^^^^^
[rank13]:   File "/root/.cache/user_artifacts/trainers_glm/server/vendor/megatron-bridge/src/megatron/bridge/models/model_provider.py", line 327, in composed_hook
[rank13]:     model = hook(model)
[rank13]:             ^^^^^^^^^^^
[rank13]:   File "/root/.cache/user_artifacts/trainers_glm/server/vendor/megatron-bridge/src/megatron/bridge/models/conversion/model_bridge.py", line 1103, in load_weights_hf_to_megatron
[rank13]:     raise ValueError(
[rank13]: ValueError: Shape mismatch for megatron param decoder.layers.26.self_attention.linear_kv_down_proj.weight:
[rank13]:   Expected shape: torch.Size([704, 6144])
[rank13]:   Got shape: torch.Size([576, 6144])
[rank13]:   Bridge type: AutoMapping
[rank13]:   HF mapping: model.layers.26.self_attn.kv_a_proj_with_mqa.weight
[rank15]:[W708 08:33:28.596360122 ProcessGroupNCCL.cpp:1575] Warning: WARNING: destroy_process_group() was not called before program exit, which can leak resources. For more info, please see https://pytorch.org/docs/stable/distributed.html#shutdown (function operator())
[rank13]:[W708 08:33:28.002305370 ProcessGroupNCCL.cpp:1575] Warning: WARNING: destroy_process_group() was not called before program exit, which can leak resources. For more info, please see https://pytorch.org/docs/stable/distributed.html#shutdown (function operator())
[rank11]:[W708 08:33:28.096148710 ProcessGroupNCCL.cpp:1575] Warning: WARNING: destroy_process_group() was not called before program exit, which can leak resources. For more info, please see https://pytorch.org/docs/stable/distributed.html#shutdown (function operator())
W0708 08:33:31.368000 188772 .venv/lib/python3.12/site-packages/torch/distributed/elastic/multiprocessing/api.py:1012] Sending process 188877 closing signal SIGTERM
W0708 08:33:31.369000 188772 .venv/lib/python3.12/site-packages/torch/distributed/elastic/multiprocessing/api.py:1012] Sending process 188878 closing signal SIGTERM
W0708 08:33:31.374000 188772 .venv/lib/python3.12/site-packages/torch/distributed/elastic/multiprocessing/api.py:1012] Sending process 188879 closing signal SIGTERM
W0708 08:33:31.380000 188772 .venv/lib/python3.12/site-packages/torch/distributed/elastic/multiprocessing/api.py:1012] Sending process 188880 closing signal SIGTERM
W0708 08:33:31.382000 188772 .venv/lib/python3.12/site-packages/torch/distributed/elastic/multiprocessing/api.py:1012] Sending process 188881 closing signal SIGTERM

[2026-07-08 08:33:31] baseten-training-job-qr9oevq-multinode-0-1:188881:188881 [4] misc/socket.cc:72 NCCL WARN socketProgress: Connection closed by remote peer baseten-training-job-qr9oevq-multinode-0-1.baseten-training-job-qr9oevq-multinode.org-99340d71961343c28c5c567d705ab0c0.svc.cluster.local<43318>
W0708 08:33:31.385000 188772 .venv/lib/python3.12/site-packages/torch/distributed/elastic/multiprocessing/api.py:1012] Sending process 188882 closing signal SIGTERM
W0708 08:33:31.386000 188772 .venv/lib/python3.12/site-packages/torch/distributed/elastic/multiprocessing/api.py:1012] Sending process 188883 closing signal SIGTERM
E0708 08:33:34.773000 188772 .venv/lib/python3.12/site-packages/torch/distributed/elastic/multiprocessing/api.py:986] failed (exitcode: 1) local_rank: 7 (pid: 188884) of binary: /root/.cache/user_artifacts/trainers_glm/server/.venv/bin/python
Traceback (most recent call last):
  File "/root/.cache/user_artifacts/trainers_glm/server/.venv/bin/torchrun", line 10, in <module>
    sys.exit(main())
             ^^^^^^
  File "/root/.cache/user_artifacts/trainers_glm/server/.venv/lib/python3.12/site-packages/torch/distributed/elastic/multiprocessing/errors/__init__.py", line 362, in wrapper
    return f(*args, **kwargs)
           ^^^^^^^^^^^^^^^^^^
  File "/root/.cache/user_artifacts/trainers_glm/server/.venv/lib/python3.12/site-packages/torch/distributed/run.py", line 990, in main
    run(args)
  File "/root/.cache/user_artifacts/trainers_glm/server/.venv/lib/python3.12/site-packages/torch/distributed/run.py", line 981, in run
    elastic_launch(
  File "/root/.cache/user_artifacts/trainers_glm/server/.venv/lib/python3.12/site-packages/torch/distributed/launcher/api.py", line 170, in __call__
    return launch_agent(self._config, self._entrypoint, list(args))
           ^^^^^^^^^^^^^^^^^^^^^^^^^^^^^^^^^^^^^^^^^^^^^^^^^^^^^^^^
  File "/root/.cache/user_artifacts/trainers_glm/server/.venv/lib/python3.12/site-packages/torch/distributed/launcher/api.py", line 317, in launch_agent
    raise ChildFailedError(
torch.distributed.elastic.multiprocessing.errors.ChildFailedError: 
============================================================
trainers_server.dp_worker.main FAILED
------------------------------------------------------------
Failures:
[1]:
  time      : 2026-07-08_08:33:34
  host      : baseten-training-job-qr9oevq-multinode-0-1.baseten-training-job-qr9oevq-multinode.org-99340d71961343c28c5c567d705ab0c0.svc.cluster.local
  rank      : 8 (local_rank: 0)
  exitcode  : -15 (pid: 188877)
  error_file: <N/A>
  traceback : Signal 15 (SIGTERM) received by PID 188877
[2]:
  time      : 2026-07-08_08:33:34
  host      : baseten-training-job-qr9oevq-multinode-0-1.baseten-training-job-qr9oevq-multinode.org-99340d71961343c28c5c567d705ab0c0.svc.cluster.local
  rank      : 9 (local_rank: 1)
  exitcode  : -15 (pid: 188878)
  error_file: <N/A>
  traceback : Signal 15 (SIGTERM) received by PID 188878
[3]:
  time      : 2026-07-08_08:33:34
  host      : baseten-training-job-qr9oevq-multinode-0-1.baseten-training-job-qr9oevq-multinode.org-99340d71961343c28c5c567d705ab0c0.svc.cluster.local
  rank      : 10 (local_rank: 2)
  exitcode  : -15 (pid: 188879)
  error_file: <N/A>
  traceback : Signal 15 (SIGTERM) received by PID 188879
[4]:
  time      : 2026-07-08_08:33:34
  host      : baseten-training-job-qr9oevq-multinode-0-1.baseten-training-job-qr9oevq-multinode.org-99340d71961343c28c5c567d705ab0c0.svc.cluster.local
  rank      : 11 (local_rank: 3)
  exitcode  : -15 (pid: 188880)
  error_file: <N/A>
  traceback : Signal 15 (SIGTERM) received by PID 188880
[5]:
  time      : 2026-07-08_08:33:34
  host      : baseten-training-job-qr9oevq-multinode-0-1.baseten-training-job-qr9oevq-multinode.org-99340d71961343c28c5c567d705ab0c0.svc.cluster.local
  rank      : 12 (local_rank: 4)
  exitcode  : -15 (pid: 188881)
  error_file: <N/A>
  traceback : Signal 15 (SIGTERM) received by PID 188881
[6]:
  time      : 2026-07-08_08:33:34
  host      : baseten-training-job-qr9oevq-multinode-0-1.baseten-training-job-qr9oevq-multinode.org-99340d71961343c28c5c567d705ab0c0.svc.cluster.local
  rank      : 13 (local_rank: 5)
  exitcode  : 1 (pid: 188882)
  error_file: <N/A>
  traceback : To enable traceback see: https://pytorch.org/docs/stable/elastic/errors.html
[7]:
  time      : 2026-07-08_08:33:34
  host      : baseten-training-job-qr9oevq-multinode-0-1.baseten-training-job-qr9oevq-multinode.org-99340d71961343c28c5c567d705ab0c0.svc.cluster.local
  rank      : 14 (local_rank: 6)
  exitcode  : -15 (pid: 188883)
  error_file: <N/A>
  traceback : Signal 15 (SIGTERM) received by PID 188883
------------------------------------------------------------
Root Cause (first observed failure):
[0]:
  time      : 2026-07-08_08:33:31
  host      : baseten-training-job-qr9oevq-multinode-0-1.baseten-training-job-qr9oevq-multinode.org-99340d71961343c28c5c567d705ab0c0.svc.cluster.local
  rank      : 15 (local_rank: 7)
  exitcode  : 1 (pid: 188884)
  error_file: <N/A>
  traceback : To enable traceback see: https://pytorch.org/docs/stable/elastic/errors.html
============================================================
