
=== [1/13] preflight (laptop checks, no side effects)
13:59:27  project jrao123-ali = dq47r1q; tokens present; truss/ssh config OK

=== [2/13] create workstation job
13:59:29  note: 2 other active box(es) in jrao123-ali: q9v0p03, qjl8e2w (creating a new one anyway)
13:59:29  creating: truss train workstation --node-count 2 --accelerator B300 --project-id jrao123-ali --team Parsed
Launching workstation jrao123-ali with 2x 8x B300...

Workstation created!

Once the job is running, SSH in with:
  ssh training-job-w7982d3-0.ssh.baseten.co (leader)
  ssh training-job-w7982d3-1.ssh.baseten.co

If you haven't set up SSH yet, run:
  truss ssh setup

Multi-node env vars available on each node:
  BT_LEADER_ADDR, BT_NODE_RANK, BT_GROUP_SIZE

View logs:
  truss train logs --job-id w7982d3 --tail

Stop the workstation:
  truss train stop --job-id w7982d3
13:59:45  created job w7982d3

=== [3/13] wait for job w7982d3 to reach RUNNING
13:59:46    status=TRAINING_JOB_CREATED; waiting 15s
14:00:02    status=TRAINING_JOB_DEPLOYING; waiting 15s
14:00:19    status=TRAINING_JOB_DEPLOYING; waiting 15s
14:00:35    status=TRAINING_JOB_DEPLOYING; waiting 15s
14:00:51  status TRAINING_JOB_RUNNING

=== [4/13] ssh reachability + topology
14:00:56    [rank0] ssh not up yet (boot grace, 894s left): baseten-ssh: SSH proxy rejected the connection. Is the workload and SSH server r
14:01:22    rank 0 (leader) reachable
14:01:27  leader reports BT_GROUP_SIZE=2 BT_NUM_GPUS=8 job=w7982d3
14:01:32    [rank1] ssh not up yet (boot grace, 859s left): baseten-ssh: SSH proxy rejected the connection. Is the workload and SSH server r
14:01:58    rank 1 reachable

=== [5/13] cluster sanity: slurm, shared FS, capacity
14:02:11  srun fan-out OK: 2/2 nodes
14:02:17  shared FS OK: all 2 nodes read the sentinel
14:02:24  user_artifacts free: 189765G

=== [6/13] apt deps on every node (python3.12 python3.12-dev python3.12-venv ninja-build curl)
debconf: delaying package configuration, since apt-utils is not installed
INSTALLED
14:02:42    rank 0: apt deps OK
debconf: delaying package configuration, since apt-utils is not installed
INSTALLED
14:02:55    rank 1: apt deps OK

=== [7/13] stage uv at /root/.cache/user_artifacts/bin/uv
14:03:07  SKIP (uv already staged: uv 0.11.32 (x86_64-unknown-linux-gnu))

=== [8/13] configure GitHub token + clone basetenlabs/trainers
W: https://developer.download.nvidia.com/compute/cuda/repos/ubuntu2404/x86_64/InRelease: Key is stored in legacy trusted.gpg keyring (/etc/apt/trusted.gpg), see the DEPRECATION section in apt-key(8) for details.
debconf: delaying package configuration, since apt-utils is not installed
Cloning into '/root/trainers'...
error: RPC failed; curl 92 HTTP/2 stream 7 was not closed cleanly: CANCEL (err 8)
error: 9195 bytes of body are still expected
fetch-pack: unexpected disconnect while reading sideband packet
fatal: early EOF
fatal: fetch-pack: invalid index-pack output
shared clone exists @ 73c24b00 (not pulling — run git pull manually to update)

14:13:05  FATAL [step configure GitHub token + clone basetenlabs/trainers]: GitHub credential/clone/submodule step failed (rc=128) — verify: gh auth status --hostname github.com
