window 71.14s | compute busy 17.36s (24%) | comm busy 45.09s (63%) | overlap 0.75s (1% of window)

top kernels by total duration:
     43.31s  x1276   ncclDevKernel_SendRecv(ncclDevKernelArgsStorage<4096ul>)
      2.92s  x152    kernel_cutlass_bwd_cudnndeepseek_sparse_attentionsparse_attention_backwarddsa_bwd_sm100FlashAttentionDSABackwa
      1.62s  x6390   nvjet_sm103_tst_128x256_64x6_2x1_2cta_v_bz_TNT
      1.13s  x304    void sm100::fwd::head64::sparse_attn_fwd_kernel<true, 0, sm100::fwd::head64::TmaParams<cute::tuple<int, int, i
      1.10s  x3345   nvjet_sm103_tst_128x256_64x6_2x1_2cta_v_bz_NNT
      0.87s  x440    kernel_cutlass_kernel_cudnndeepseek_sparse_attentionindexer_forwardindexer_fwd_sm100IndexerForwardSm100_object
      0.85s  x672    ncclDevKernel_AllGather_RING_LL(ncclDevKernelArgsStorage<4096ul>)
      0.65s  x2      ncclDevKernel_AllReduce_Sum_u64_TREE_LL(ncclDevKernelArgsStorage<4096ul>)
      0.65s  x304    void at::native::(anonymous namespace)::CatArrayBatchedCopy<at::native::(anonymous namespace)::OpaqueType<2u>,
      0.63s  x1976   void at::native::elementwise_kernel<128, 4, at::native::gpu_kernel_impl_nocast<at::native::direct_copy_kernel_
      0.54s  x342    nvjet_sm103_tst_256x256_64x4_2x2f_2cta_h_bz_TNT
      0.53s  x7880   void at::native::vectorized_elementwise_kernel<8, at::native::CUDAFunctor_add<c10::BFloat16>, std::array<char*
      0.40s  x840    _sort_chunks_by_map_kernel
      0.38s  x420    _permute_kernel
      0.33s  x2048   void at::native::(anonymous namespace)::CatArrayBatchedCopy<at::native::(anonymous namespace)::OpaqueType<2u>,
      0.30s  x420    _unpermute_kernel
      0.27s  x152    ncclDevKernel_ReduceScatter_Sum_bf16_RING_LL(ncclDevKernelArgsStorage<4096ul>)
      0.27s  x588    void at::native::elementwise_kernel<128, 4, at::native::gpu_kernel_impl_nocast<at::native::(anonymous namespac
      0.27s  x284    void at::native::elementwise_kernel<128, 4, at::native::gpu_kernel_impl<at::native::BinaryFunctor<float, float
      0.26s  x1812   void at::native::elementwise_kernel<128, 4, at::native::gpu_kernel_impl_nocast<at::native::BinaryFunctor<c10::
      0.25s  x440    kernel_cutlass_indexer_topk_kernel_cudnndeepseek_sparse_attentionindexer_top_kindexer_top_k_decode_varlenIndex
      0.24s  x152    void at::native::index_elementwise_kernel<128, 4, at::native::index_copy_kernel_impl<at::native::OpaqueType<2>
