window 69.16s | compute busy 18.79s (27%) | comm busy 45.05s (65%) | overlap 0.81s (1% of window)

top kernels by total duration:
     35.66s  x1456   ncclDevKernel_SendRecv(ncclDevKernelArgsStorage<4096ul>)
      6.49s  x2      ncclDevKernel_AllReduce_Sum_u64_TREE_LL(ncclDevKernelArgsStorage<4096ul>)
      3.08s  x160    kernel_cutlass_bwd_cudnndeepseek_sparse_attentionsparse_attention_backwarddsa_bwd_sm100FlashAttentionDSABackwa
      2.15s  x724    ncclDevKernel_AllGather_RING_LL(ncclDevKernelArgsStorage<4096ul>)
      1.92s  x6418   nvjet_sm103_tst_128x256_64x6_2x1_2cta_v_bz_TNT
      1.24s  x3460   nvjet_sm103_tst_128x256_64x6_2x1_2cta_v_bz_NNT
      1.19s  x320    void sm100::fwd::head64::sparse_attn_fwd_kernel<true, 0, sm100::fwd::head64::TmaParams<cute::tuple<int, int, i
      0.79s  x400    kernel_cutlass_kernel_cudnndeepseek_sparse_attentionindexer_forwardindexer_fwd_sm100IndexerForwardSm100_object
      0.69s  x320    void at::native::(anonymous namespace)::CatArrayBatchedCopy<at::native::(anonymous namespace)::OpaqueType<2u>,
      0.66s  x2080   void at::native::elementwise_kernel<128, 4, at::native::gpu_kernel_impl_nocast<at::native::direct_copy_kernel_
      0.65s  x960    _sort_chunks_by_map_kernel
      0.53s  x332    nvjet_sm103_tst_256x256_64x4_2x2f_2cta_h_bz_TNT
      0.53s  x8380   void at::native::vectorized_elementwise_kernel<8, at::native::CUDAFunctor_add<c10::BFloat16>, std::array<char*
      0.40s  x480    _permute_kernel
      0.39s  x160    ncclDevKernel_ReduceScatter_Sum_bf16_RING_LL(ncclDevKernelArgsStorage<4096ul>)
      0.36s  x11     ncclDevKernel_Broadcast_RING_LL(ncclDevKernelArgsStorage<4096ul>)
      0.34s  x2080   void at::native::(anonymous namespace)::CatArrayBatchedCopy<at::native::(anonymous namespace)::OpaqueType<2u>,
      0.32s  x324    void at::native::elementwise_kernel<128, 4, at::native::gpu_kernel_impl<at::native::BinaryFunctor<float, float
      0.29s  x644    void at::native::elementwise_kernel<128, 4, at::native::gpu_kernel_impl_nocast<at::native::(anonymous namespac
      0.28s  x1920   void at::native::elementwise_kernel<128, 4, at::native::gpu_kernel_impl_nocast<at::native::BinaryFunctor<c10::
      0.26s  x160    void at::native::index_elementwise_kernel<128, 4, at::native::index_copy_kernel_impl<at::native::OpaqueType<2>
      0.25s  x1200   void at::native::vectorized_gather_kernel<16, long>(char*, char*, long*, int, long, long, long, long, bool)
