window 60.50s | compute busy 18.25s (30%) | comm busy 39.15s (65%) | overlap 0.77s (1% of window)

top kernels by total duration:
     38.54s  x1276   ncclDevKernel_SendRecv(ncclDevKernelArgsStorage<4096ul>)
      2.93s  x152    kernel_cutlass_bwd_cudnndeepseek_sparse_attentionsparse_attention_backwarddsa_bwd_sm100FlashAttentionDSABackwa
      1.62s  x6366   nvjet_sm103_tst_128x256_64x6_2x1_2cta_v_bz_TNT
      1.13s  x304    void sm100::fwd::head64::sparse_attn_fwd_kernel<true, 0, sm100::fwd::head64::TmaParams<cute::tuple<int, int, i
      1.11s  x3338   nvjet_sm103_tst_128x256_64x6_2x1_2cta_v_bz_NNT
      0.89s  x840    _sort_chunks_by_map_kernel
      0.87s  x440    kernel_cutlass_kernel_cudnndeepseek_sparse_attentionindexer_forwardindexer_fwd_sm100IndexerForwardSm100_object
      0.65s  x304    void at::native::(anonymous namespace)::CatArrayBatchedCopy<at::native::(anonymous namespace)::OpaqueType<2u>,
      0.63s  x1976   void at::native::elementwise_kernel<128, 4, at::native::gpu_kernel_impl_nocast<at::native::direct_copy_kernel_
      0.58s  x420    _permute_kernel
      0.54s  x344    nvjet_sm103_tst_256x256_64x4_2x2f_2cta_h_bz_TNT
      0.53s  x7880   void at::native::vectorized_elementwise_kernel<8, at::native::CUDAFunctor_add<c10::BFloat16>, std::array<char*
      0.48s  x420    _unpermute_kernel
      0.39s  x152    ncclDevKernel_ReduceScatter_Sum_bf16_RING_LL(ncclDevKernelArgsStorage<4096ul>)
      0.33s  x2048   void at::native::(anonymous namespace)::CatArrayBatchedCopy<at::native::(anonymous namespace)::OpaqueType<2u>,
      0.27s  x284    void at::native::elementwise_kernel<128, 4, at::native::gpu_kernel_impl<at::native::BinaryFunctor<float, float
      0.26s  x588    void at::native::elementwise_kernel<128, 4, at::native::gpu_kernel_impl_nocast<at::native::(anonymous namespac
      0.25s  x440    kernel_cutlass_indexer_topk_kernel_cudnndeepseek_sparse_attentionindexer_top_kindexer_top_k_decode_varlenIndex
      0.25s  x1812   void at::native::elementwise_kernel<128, 4, at::native::gpu_kernel_impl_nocast<at::native::BinaryFunctor<c10::
      0.24s  x152    void at::native::index_elementwise_kernel<128, 4, at::native::index_copy_kernel_impl<at::native::OpaqueType<2>
      0.24s  x1156   void at::native::vectorized_gather_kernel<16, long>(char*, char*, long*, int, long, long, long, long, bool)
      0.21s  x2914   void at::native::vectorized_elementwise_kernel<8, at::native::AUnaryFunctor<c10::BFloat16, c10::BFloat16, c10:
