
=== [1/13] preflight (laptop checks, no side effects)
09:50:30  project jrao123-ali = dq47r1q; tokens present; truss/ssh config OK

=== [2/13] create workstation job
09:50:31  creating: truss train workstation --node-count 2 --accelerator B300 --project-id jrao123-ali --team Parsed
Launching workstation jrao123-ali with 2x 8x B300...

Workstation created!

Once the job is running, SSH in with:
  ssh training-job-wpr77p3-0.ssh.baseten.co (leader)
  ssh training-job-wpr77p3-1.ssh.baseten.co

If you haven't set up SSH yet, run:
  truss ssh setup

Multi-node env vars available on each node:
  BT_LEADER_ADDR, BT_NODE_RANK, BT_GROUP_SIZE

View logs:
  truss train logs --job-id wpr77p3 --tail

Stop the workstation:
  truss train stop --job-id wpr77p3
09:50:47  created job wpr77p3

=== [3/13] wait for job wpr77p3 to reach RUNNING
09:50:47    status=TRAINING_JOB_CREATED; waiting 15s
09:51:02    status=TRAINING_JOB_DEPLOYING; waiting 15s
09:51:18    status=TRAINING_JOB_DEPLOYING; waiting 15s
09:51:33    status=TRAINING_JOB_DEPLOYING; waiting 15s
09:51:48  status TRAINING_JOB_RUNNING

=== [4/13] ssh reachability + topology

09:51:51  FATAL [step ssh reachability + topology]: job wpr77p3 left RUNNING mid-provision — now TRAINING_JOB_FAILED: (no error_message). The box is gone (infra flake); create a fresh one: devbox-up <num_nodes>
