
=== [1/13] preflight (laptop checks, no side effects)
10:18:37  project jrao123-ali = dq47r1q; tokens present; truss/ssh config OK

=== [2/13] create workstation job
10:18:37  creating: truss train workstation --node-count 2 --accelerator B300 --project-id jrao123-ali --team Parsed
Launching workstation jrao123-ali with 2x 8x B300...

Workstation created!

Once the job is running, SSH in with:
  ssh training-job-3ylkxvq-0.ssh.baseten.co (leader)
  ssh training-job-3ylkxvq-1.ssh.baseten.co

If you haven't set up SSH yet, run:
  truss ssh setup

Multi-node env vars available on each node:
  BT_LEADER_ADDR, BT_NODE_RANK, BT_GROUP_SIZE

View logs:
  truss train logs --job-id 3ylkxvq --tail

Stop the workstation:
  truss train stop --job-id 3ylkxvq
10:18:51  created job 3ylkxvq

=== [3/13] wait for job 3ylkxvq to reach RUNNING
10:18:51    status=TRAINING_JOB_CREATED; waiting 15s
10:19:06    status=TRAINING_JOB_DEPLOYING; waiting 15s
10:19:22  status TRAINING_JOB_RUNNING

=== [4/13] ssh reachability + topology
10:19:24    [rank0] ssh not up yet (boot grace, 897s left): baseten-ssh: SSH proxy rejected the connection. Is the workload and SSH server r

10:19:45  FATAL [step ssh reachability + topology]: job 3ylkxvq left RUNNING mid-provision — now TRAINING_JOB_FAILED: (no error_message). The box is gone (infra flake); create a fresh one: devbox-up <num_nodes>
