
=== [1/13] preflight (laptop checks, no side effects)
09:16:58  project jrao123-ali = dq47r1q; tokens present; truss/ssh config OK

=== [2/13] create workstation job
09:16:58  creating: truss train workstation --node-count 2 --accelerator B300 --project-id jrao123-ali --team Parsed
Launching workstation jrao123-ali with 2x 8x B300...

Workstation created!

Once the job is running, SSH in with:
  ssh training-job-wlxpv1w-0.ssh.baseten.co (leader)
  ssh training-job-wlxpv1w-1.ssh.baseten.co

If you haven't set up SSH yet, run:
  truss ssh setup

Multi-node env vars available on each node:
  BT_LEADER_ADDR, BT_NODE_RANK, BT_GROUP_SIZE

View logs:
  truss train logs --job-id wlxpv1w --tail

Stop the workstation:
  truss train stop --job-id wlxpv1w
09:17:12  created job wlxpv1w

=== [3/13] wait for job wlxpv1w to reach RUNNING
09:17:12    status=TRAINING_JOB_CREATED; waiting 15s
09:17:28    status=TRAINING_JOB_DEPLOYING; waiting 15s
09:17:43    status=TRAINING_JOB_DEPLOYING; waiting 15s
09:17:59    status=TRAINING_JOB_DEPLOYING; waiting 15s
09:18:14    status=TRAINING_JOB_DEPLOYING; waiting 15s
09:18:29    status=TRAINING_JOB_DEPLOYING; waiting 15s
09:18:45    status=TRAINING_JOB_DEPLOYING; waiting 15s
09:19:00    status=TRAINING_JOB_DEPLOYING; waiting 15s
09:19:15    status=TRAINING_JOB_DEPLOYING; waiting 15s
09:19:31    status=TRAINING_JOB_DEPLOYING; waiting 15s
09:19:46    status=TRAINING_JOB_DEPLOYING; waiting 15s
09:20:02    status=TRAINING_JOB_DEPLOYING; waiting 15s
09:20:17    status=TRAINING_JOB_DEPLOYING; waiting 15s
09:20:32    status=TRAINING_JOB_DEPLOYING; waiting 15s
09:20:48    status=TRAINING_JOB_DEPLOYING; waiting 15s
09:21:03    status=TRAINING_JOB_DEPLOYING; waiting 15s
09:21:18    status=TRAINING_JOB_DEPLOYING; waiting 15s
09:21:34    status=TRAINING_JOB_DEPLOYING; waiting 15s
09:21:49    status=TRAINING_JOB_DEPLOYING; waiting 15s
09:22:05    status=TRAINING_JOB_DEPLOYING; waiting 15s
09:22:20    status=TRAINING_JOB_DEPLOYING; waiting 15s
09:22:35    status=TRAINING_JOB_DEPLOYING; waiting 15s
09:22:51    status=TRAINING_JOB_DEPLOYING; waiting 15s
09:23:06  status TRAINING_JOB_RUNNING

=== [4/13] ssh reachability + topology
09:23:08    [rank0] ssh not up yet (boot grace, 897s left): baseten-ssh: SSH proxy rejected the connection. Is the workload and SSH server r

09:23:29  FATAL [step ssh reachability + topology]: job wlxpv1w left RUNNING mid-provision — now TRAINING_JOB_FAILED: (no error_message). The box is gone (infra flake); create a fresh one: devbox-up <num_nodes>
