
=== [1/13] preflight (laptop checks, no side effects)
10:09:03  project jrao123-ali = dq47r1q; tokens present; truss/ssh config OK

=== [2/13] create workstation job
10:09:04  creating: truss train workstation --node-count 2 --accelerator B300 --project-id jrao123-ali --team Parsed
Launching workstation jrao123-ali with 2x 8x B300...

Workstation created!

Once the job is running, SSH in with:
  ssh training-job-wovndgq-0.ssh.baseten.co (leader)
  ssh training-job-wovndgq-1.ssh.baseten.co

If you haven't set up SSH yet, run:
  truss ssh setup

Multi-node env vars available on each node:
  BT_LEADER_ADDR, BT_NODE_RANK, BT_GROUP_SIZE

View logs:
  truss train logs --job-id wovndgq --tail

Stop the workstation:
  truss train stop --job-id wovndgq
10:09:18  created job wovndgq

=== [3/13] wait for job wovndgq to reach RUNNING
10:09:19    status=TRAINING_JOB_CREATED; waiting 15s
10:09:34    status=TRAINING_JOB_DEPLOYING; waiting 15s
10:09:49    status=TRAINING_JOB_DEPLOYING; waiting 15s
10:10:05    status=TRAINING_JOB_DEPLOYING; waiting 15s
10:10:20    status=TRAINING_JOB_DEPLOYING; waiting 15s

10:10:35  FATAL [step wait for job wovndgq to reach RUNNING]: job wovndgq entered terminal state TRAINING_JOB_FAILED: (no error_message)
