
=== [1/13] preflight (laptop checks, no side effects)
08:38:28  project jrao123-ali = dq47r1q; tokens present; truss/ssh config OK

=== [2/13] create workstation job
08:38:29  creating: truss train workstation --node-count 2 --accelerator B300 --project-id jrao123-ali --team Parsed
Launching workstation jrao123-ali with 2x 8x B300...

Workstation created!

Once the job is running, SSH in with:
  ssh training-job-qe5pd2q-0.ssh.baseten.co (leader)
  ssh training-job-qe5pd2q-1.ssh.baseten.co

If you haven't set up SSH yet, run:
  truss ssh setup

Multi-node env vars available on each node:
  BT_LEADER_ADDR, BT_NODE_RANK, BT_GROUP_SIZE

View logs:
  truss train logs --job-id qe5pd2q --tail

Stop the workstation:
  truss train stop --job-id qe5pd2q
08:38:40  created job qe5pd2q

=== [3/13] wait for job qe5pd2q to reach RUNNING
08:38:41    status=TRAINING_JOB_CREATED; waiting 15s
08:38:56    status=TRAINING_JOB_DEPLOYING; waiting 15s
08:39:12  status TRAINING_JOB_RUNNING

=== [4/13] ssh reachability + topology
08:39:13    [rank0] ssh not up yet (boot grace, 898s left): baseten-ssh: SSH proxy rejected the connection. Is the workload and SSH server r

08:39:34  FATAL [step ssh reachability + topology]: job qe5pd2q left RUNNING mid-provision — now TRAINING_JOB_FAILED: (no error_message). The box is gone (infra flake); create a fresh one: devbox-up <num_nodes>
