
=== [1/13] preflight (laptop checks, no side effects)
10:42:37  project jrao123-ali = dq47r1q; tokens present; truss/ssh config OK

=== [2/13] create workstation job
10:42:38  creating: truss train workstation --node-count 2 --accelerator B300 --project-id jrao123-ali --team Parsed
Launching workstation jrao123-ali with 2x 8x B300...

Workstation created!

Once the job is running, SSH in with:
  ssh training-job-qr4nz03-0.ssh.baseten.co (leader)
  ssh training-job-qr4nz03-1.ssh.baseten.co

If you haven't set up SSH yet, run:
  truss ssh setup

Multi-node env vars available on each node:
  BT_LEADER_ADDR, BT_NODE_RANK, BT_GROUP_SIZE

View logs:
  truss train logs --job-id qr4nz03 --tail

Stop the workstation:
  truss train stop --job-id qr4nz03
10:42:59  created job qr4nz03

=== [3/13] wait for job qr4nz03 to reach RUNNING
10:43:00    status=TRAINING_JOB_CREATED; waiting 15s
10:43:15    status=TRAINING_JOB_DEPLOYING; waiting 15s
10:43:30    status=TRAINING_JOB_DEPLOYING; waiting 15s
10:43:46    status=TRAINING_JOB_DEPLOYING; waiting 15s

10:44:01  FATAL [step wait for job qr4nz03 to reach RUNNING]: job qr4nz03 entered terminal state TRAINING_JOB_FAILED: (no error_message)
