
=== [1/13] preflight (laptop checks, no side effects)
09:31:31  project jrao123-ali = dq47r1q; tokens present; truss/ssh config OK

=== [2/13] create workstation job
09:31:32  creating: truss train workstation --node-count 2 --accelerator B300 --project-id jrao123-ali --team Parsed
Launching workstation jrao123-ali with 2x 8x B300...

Workstation created!

Once the job is running, SSH in with:
  ssh training-job-wd786nw-0.ssh.baseten.co (leader)
  ssh training-job-wd786nw-1.ssh.baseten.co

If you haven't set up SSH yet, run:
  truss ssh setup

Multi-node env vars available on each node:
  BT_LEADER_ADDR, BT_NODE_RANK, BT_GROUP_SIZE

View logs:
  truss train logs --job-id wd786nw --tail

Stop the workstation:
  truss train stop --job-id wd786nw
09:31:46  created job wd786nw

=== [3/13] wait for job wd786nw to reach RUNNING
09:31:46    status=TRAINING_JOB_CREATED; waiting 15s
09:32:01    status=TRAINING_JOB_DEPLOYING; waiting 15s
09:32:17    status=TRAINING_JOB_DEPLOYING; waiting 15s
09:32:32    status=TRAINING_JOB_DEPLOYING; waiting 15s

09:32:48  FATAL [step wait for job wd786nw to reach RUNNING]: job wd786nw entered terminal state TRAINING_JOB_FAILED: (no error_message)
