
=== [1/13] preflight (laptop checks, no side effects)
08:58:14  project jrao123-ali = dq47r1q; tokens present; truss/ssh config OK

=== [2/13] create workstation job
08:58:15  creating: truss train workstation --node-count 2 --accelerator B300 --project-id jrao123-ali --team Parsed
Launching workstation jrao123-ali with 2x 8x B300...

Workstation created!

Once the job is running, SSH in with:
  ssh training-job-q9vze53-0.ssh.baseten.co (leader)
  ssh training-job-q9vze53-1.ssh.baseten.co

If you haven't set up SSH yet, run:
  truss ssh setup

Multi-node env vars available on each node:
  BT_LEADER_ADDR, BT_NODE_RANK, BT_GROUP_SIZE

View logs:
  truss train logs --job-id q9vze53 --tail

Stop the workstation:
  truss train stop --job-id q9vze53
08:58:29  created job q9vze53

=== [3/13] wait for job q9vze53 to reach RUNNING
08:58:30    status=TRAINING_JOB_CREATED; waiting 15s
08:58:45    status=TRAINING_JOB_DEPLOYING; waiting 15s
08:59:00    status=TRAINING_JOB_DEPLOYING; waiting 15s
08:59:16    status=TRAINING_JOB_DEPLOYING; waiting 15s

08:59:31  FATAL [step wait for job q9vze53 to reach RUNNING]: job q9vze53 entered terminal state TRAINING_JOB_FAILED: (no error_message)
