
=== [1/13] preflight (laptop checks, no side effects)
00:41:19  project jrao123-ali = dq47r1q; tokens present; truss/ssh config OK

=== [2/13] create workstation job
00:41:20  creating: truss train workstation --node-count 2 --accelerator B300 --project-id jrao123-ali --team Parsed
Launching workstation jrao123-ali with 2x 8x B300...

Workstation created!

Once the job is running, SSH in with:
  ssh training-job-qk7rndw-0.ssh.baseten.co (leader)
  ssh training-job-qk7rndw-1.ssh.baseten.co

If you haven't set up SSH yet, run:
  truss ssh setup

Multi-node env vars available on each node:
  BT_LEADER_ADDR, BT_NODE_RANK, BT_GROUP_SIZE

View logs:
  truss train logs --job-id qk7rndw --tail

Stop the workstation:
  truss train stop --job-id qk7rndw
00:41:33  created job qk7rndw

=== [3/13] wait for job qk7rndw to reach RUNNING
00:41:34    status=TRAINING_JOB_CREATED; waiting 15s
00:41:50    status=TRAINING_JOB_DEPLOYING; waiting 15s
00:42:09  status TRAINING_JOB_RUNNING

=== [4/13] ssh reachability + topology

00:42:15  FATAL [step ssh reachability + topology]: job qk7rndw left RUNNING mid-provision — now TRAINING_JOB_FAILED: (no error_message). The box is gone (infra flake); create a fresh one: devbox-up <num_nodes>
