
=== [1/13] preflight (laptop checks, no side effects)
10:56:50  project jrao123-ali = dq47r1q; tokens present; truss/ssh config OK

=== [2/13] create workstation job
Traceback (most recent call last):
  File "/Users/jackrao/.local/bin/devbox-up", line 25, in <module>
    main()
  File "/Users/jackrao/.local/bin/devbox_up/devbox_up/cli.py", line 17, in main
    provision.create(ctx)  # step 2
    ^^^^^^^^^^^^^^^^^^^^^
  File "/Users/jackrao/.local/bin/devbox_up/devbox_up/provision.py", line 62, in create
    active = [j for j in api.list_jobs(ctx) if not api.is_terminal(j.get("current_status", ""))]
                         ^^^^^^^^^^^^^^^^^^
  File "/Users/jackrao/.local/bin/devbox_up/devbox_up/api.py", line 23, in list_jobs
    return json.loads(bt_api(ctx, f"/v1/training_projects/{ctx.project_id}/jobs"))["training_jobs"]
           ^^^^^^^^^^^^^^^^^^^^^^^^^^^^^^^^^^^^^^^^^^^^^^^^^^^^^^^^^^^^^^^^^^^^^^^
  File "/Users/jackrao/.local/python-3.12/lib/python3.12/json/__init__.py", line 346, in loads
    return _default_decoder.decode(s)
           ^^^^^^^^^^^^^^^^^^^^^^^^^^
  File "/Users/jackrao/.local/python-3.12/lib/python3.12/json/decoder.py", line 338, in decode
    obj, end = self.raw_decode(s, idx=_w(s, 0).end())
               ^^^^^^^^^^^^^^^^^^^^^^^^^^^^^^^^^^^^^^
  File "/Users/jackrao/.local/python-3.12/lib/python3.12/json/decoder.py", line 354, in raw_decode
    obj, end = self.scan_once(s, idx)
               ^^^^^^^^^^^^^^^^^^^^^^
json.decoder.JSONDecodeError: Expecting ':' delimiter: line 1 column 27139 (char 27138)
