
=== [1/13] preflight (laptop checks, no side effects)
08:49:12  project jrao123-ali = dq47r1q; tokens present; truss/ssh config OK

=== [2/13] create workstation job
08:49:13  creating: truss train workstation --node-count 2 --accelerator B300 --project-id jrao123-ali --team Parsed
Launching workstation jrao123-ali with 2x 8x B300...

Workstation created!

Once the job is running, SSH in with:
  ssh training-job-wd78pkw-0.ssh.baseten.co (leader)
  ssh training-job-wd78pkw-1.ssh.baseten.co

If you haven't set up SSH yet, run:
  truss ssh setup

Multi-node env vars available on each node:
  BT_LEADER_ADDR, BT_NODE_RANK, BT_GROUP_SIZE

View logs:
  truss train logs --job-id wd78pkw --tail

Stop the workstation:
  truss train stop --job-id wd78pkw
08:49:27  created job wd78pkw

=== [3/13] wait for job wd78pkw to reach RUNNING
08:49:27    status=TRAINING_JOB_CREATED; waiting 15s
08:49:42    status=TRAINING_JOB_DEPLOYING; waiting 15s
08:49:58    status=TRAINING_JOB_DEPLOYING; waiting 15s

08:50:13  FATAL [step wait for job wd78pkw to reach RUNNING]: job wd78pkw entered terminal state TRAINING_JOB_FAILED: (no error_message)
