
=== [1/13] preflight (laptop checks, no side effects)
10:27:46  project jrao123-ali = dq47r1q; tokens present; truss/ssh config OK

=== [2/13] create workstation job
10:27:47  creating: truss train workstation --node-count 2 --accelerator B300 --project-id jrao123-ali --team Parsed
Launching workstation jrao123-ali with 2x 8x B300...

Workstation created!

Once the job is running, SSH in with:
  ssh training-job-w569lpq-0.ssh.baseten.co (leader)
  ssh training-job-w569lpq-1.ssh.baseten.co

If you haven't set up SSH yet, run:
  truss ssh setup

Multi-node env vars available on each node:
  BT_LEADER_ADDR, BT_NODE_RANK, BT_GROUP_SIZE

View logs:
  truss train logs --job-id w569lpq --tail

Stop the workstation:
  truss train stop --job-id w569lpq
10:28:00  created job w569lpq

=== [3/13] wait for job w569lpq to reach RUNNING
10:28:01    status=TRAINING_JOB_CREATED; waiting 15s
10:28:20    status=TRAINING_JOB_DEPLOYING; waiting 15s
10:28:35    status=TRAINING_JOB_DEPLOYING; waiting 15s
10:28:51    status=TRAINING_JOB_DEPLOYING; waiting 15s
10:29:06  status TRAINING_JOB_RUNNING

=== [4/13] ssh reachability + topology

10:29:07  FATAL [step ssh reachability + topology]: job w569lpq left RUNNING mid-provision — now TRAINING_JOB_FAILED: (no error_message). The box is gone (infra flake); create a fresh one: devbox-up <num_nodes>
