
=== [1/13] preflight (laptop checks, no side effects)
20:39:07  project jrao123-ali = dq47r1q; tokens present; truss/ssh config OK

=== [2/13] create workstation job
20:39:12  creating: truss train workstation --node-count 2 --accelerator B300 --project-id jrao123-ali --team Parsed
Launching workstation jrao123-ali with 2x 8x B300...

Workstation created!

Once the job is running, SSH in with:
  ssh training-job-qk7e72w-0.ssh.baseten.co (leader)
  ssh training-job-qk7e72w-1.ssh.baseten.co

If you haven't set up SSH yet, run:
  truss ssh setup

Multi-node env vars available on each node:
  BT_LEADER_ADDR, BT_NODE_RANK, BT_GROUP_SIZE

View logs:
  truss train logs --job-id qk7e72w --tail

Stop the workstation:
  truss train stop --job-id qk7e72w
20:39:36  created job qk7e72w

=== [3/13] wait for job qk7e72w to reach RUNNING
20:39:37    status=TRAINING_JOB_CREATED; waiting 15s
20:39:52    status=TRAINING_JOB_DEPLOYING; waiting 15s
20:40:08    status=TRAINING_JOB_DEPLOYING; waiting 15s
20:40:23  status TRAINING_JOB_RUNNING

=== [4/13] ssh reachability + topology
20:40:27    [rank0] ssh not up yet (boot grace, 896s left): baseten-ssh: SSH proxy rejected the connection. Is the workload and SSH server r

20:40:48  FATAL [step ssh reachability + topology]: job qk7e72w left RUNNING mid-provision — now TRAINING_JOB_FAILED: (no error_message). The box is gone (infra flake); create a fresh one: devbox-up <num_nodes>
