
=== [1/13] preflight (laptop checks, no side effects)
10:54:02  project jrao123-ali = dq47r1q; tokens present; truss/ssh config OK

=== [2/13] create workstation job
10:54:03  creating: truss train workstation --node-count 2 --accelerator B300 --project-id jrao123-ali --team Parsed
Launching workstation jrao123-ali with 2x 8x B300...

Workstation created!

Once the job is running, SSH in with:
  ssh training-job-3286kx3-0.ssh.baseten.co (leader)
  ssh training-job-3286kx3-1.ssh.baseten.co

If you haven't set up SSH yet, run:
  truss ssh setup

Multi-node env vars available on each node:
  BT_LEADER_ADDR, BT_NODE_RANK, BT_GROUP_SIZE

View logs:
  truss train logs --job-id 3286kx3 --tail

Stop the workstation:
  truss train stop --job-id 3286kx3
10:54:20  created job 3286kx3

=== [3/13] wait for job 3286kx3 to reach RUNNING
10:54:21    status=TRAINING_JOB_CREATED; waiting 15s
10:54:37    status=TRAINING_JOB_DEPLOYING; waiting 15s

10:55:11  FATAL [step wait for job 3286kx3 to reach RUNNING]: job 3286kx3 entered terminal state TRAINING_JOB_FAILED: (no error_message)
