
=== [1/13] preflight (laptop checks, no side effects)
00:39:53  project jrao123-ali = dq47r1q; tokens present; truss/ssh config OK

=== [2/13] create workstation job
00:39:54  creating: truss train workstation --node-count 2 --accelerator B300 --project-id jrao123-ali --team Parsed
Launching workstation jrao123-ali with 2x 8x B300...

Workstation created!

Once the job is running, SSH in with:
  ssh training-job-w56zrvq-0.ssh.baseten.co (leader)
  ssh training-job-w56zrvq-1.ssh.baseten.co

If you haven't set up SSH yet, run:
  truss ssh setup

Multi-node env vars available on each node:
  BT_LEADER_ADDR, BT_NODE_RANK, BT_GROUP_SIZE

View logs:
  truss train logs --job-id w56zrvq --tail

Stop the workstation:
  truss train stop --job-id w56zrvq
00:40:06  created job w56zrvq

=== [3/13] wait for job w56zrvq to reach RUNNING
00:40:07    status=TRAINING_JOB_CREATED; waiting 15s
00:40:24    status=TRAINING_JOB_DEPLOYING; waiting 15s

00:40:40  FATAL [step wait for job w56zrvq to reach RUNNING]: job w56zrvq entered terminal state TRAINING_JOB_FAILED: (no error_message)
