
=== [1/13] preflight (laptop checks, no side effects)
22:28:25  project jrao123-ali = dq47r1q; tokens present; truss/ssh config OK

=== [2/13] create workstation job
22:28:27  note: 1 other active box(es) in jrao123-ali: w56lorq (creating a new one anyway)
22:28:27  creating: truss train workstation --node-count 2 --accelerator B300 --project-id jrao123-ali --team Parsed
Launching workstation jrao123-ali with 2x 8x B300...

Workstation created!

Once the job is running, SSH in with:
  ssh training-job-3m9o7kq-0.ssh.baseten.co (leader)
  ssh training-job-3m9o7kq-1.ssh.baseten.co

If you haven't set up SSH yet, run:
  truss ssh setup

Multi-node env vars available on each node:
  BT_LEADER_ADDR, BT_NODE_RANK, BT_GROUP_SIZE

View logs:
  truss train logs --job-id 3m9o7kq --tail

Stop the workstation:
  truss train stop --job-id 3m9o7kq
22:28:42  created job 3m9o7kq

=== [3/13] wait for job 3m9o7kq to reach RUNNING
22:28:43    status=TRAINING_JOB_CREATED; waiting 15s
22:28:59    status=TRAINING_JOB_DEPLOYING; waiting 15s
22:29:19    status=TRAINING_JOB_DEPLOYING; waiting 15s
22:29:35    status=TRAINING_JOB_DEPLOYING; waiting 15s
22:29:51    status=TRAINING_JOB_DEPLOYING; waiting 15s
22:30:07  status TRAINING_JOB_RUNNING

=== [4/13] ssh reachability + topology
22:30:11    [rank0] ssh not up yet (boot grace, 896s left): baseten-ssh: SSH proxy rejected the connection. Is the workload and SSH server r
22:30:34    [rank0] ssh not up yet (boot grace, 873s left): baseten-ssh: SSH proxy rejected the connection. Is the workload and SSH server r
22:31:03    rank 0 (leader) reachable
22:31:07  leader reports BT_GROUP_SIZE=2 BT_NUM_GPUS=8 job=3m9o7kq
22:31:11    rank 1 reachable

=== [5/13] cluster sanity: slurm, shared FS, capacity
22:31:21  srun fan-out OK: 2/2 nodes
22:31:26  shared FS OK: all 2 nodes read the sentinel
22:31:30  user_artifacts free: 190038G

=== [6/13] apt deps on every node (python3.12 python3.12-dev python3.12-venv ninja-build curl)
debconf: delaying package configuration, since apt-utils is not installed
INSTALLED
22:31:49    rank 0: apt deps OK
debconf: delaying package configuration, since apt-utils is not installed
INSTALLED
22:32:01    rank 1: apt deps OK

=== [7/13] stage uv at /root/.cache/user_artifacts/bin/uv
22:32:11  SKIP (uv already staged: uv 0.11.32 (x86_64-unknown-linux-gnu))

=== [8/13] configure GitHub token + clone basetenlabs/trainers
W: https://developer.download.nvidia.com/compute/cuda/repos/ubuntu2404/x86_64/InRelease: Key is stored in legacy trusted.gpg keyring (/etc/apt/trusted.gpg), see the DEPRECATION section in apt-key(8) for details.
debconf: delaying package configuration, since apt-utils is not installed
Cloning into '/root/trainers'...
shared clone exists @ 73c24b00 (not pulling — run git pull manually to update)
submodules already initialized
   81c086ba4f45380154ec170a27417de2a588618e loops (baseten-loops-tinker-v0.11.0-2-g81c086b)
   20fcf2ea7c4d2db4ab447dba9954410304183467 server/vendor/megatron-bridge (v0.2.0rc6-1820-g20fcf2ea)
22:33:28  GitHub credential + clones + submodules OK

=== [9/13] build server + sampler venvs in the shared clone
22:33:40    server_venv: SKIP (probe passed)
22:33:45    sampler_venv: SKIP (probe passed)

=== [10/13] write /root/.cache/user_artifacts/env.sh + launch helper scripts
env + trainer/sampler helpers written
22:33:50  env file + trainer/sampler helpers written

=== [11/13] verification gate
22:33:54    PASS srun-hostnames (2/2)
22:34:00    PASS per-node-tools (2/2)
22:34:34    PASS server-venv-all-nodes (2/2)
22:34:58    PASS sampler-venv-leader (1/1)
22:35:02    PASS env-file-all-nodes (2/2)

=== [12/13] tj-3m9o7kq aliases in ~/.ssh/config
22:35:03  added Host blocks tj-3m9o7kq .. tj-3m9o7kq-1 (backup: ~/.ssh/config.devbox-up.bak)

=== [13/13] DEVBOX READY

  DEVBOX READY   job=3m9o7kq   nodes=2x8 B300   project=jrao123-ali
  leader : ssh tj-3m9o7kq          (= training-job-3m9o7kq-0.ssh.baseten.co)
  workers: tj-3m9o7kq-1..1         (= training-job-3m9o7kq-<rank>.ssh.baseten.co)
  build clone: /root/.cache/user_artifacts/trainers_main  @ 73c24b00
  git clone  : /root/trainers  @ f51fae2e (token-backed HTTPS)
  env    : source /root/.cache/user_artifacts/env.sh
  logs   : /root/.cache/user_artifacts/.devbox_up/

--- MULTINODE TRAINER (port 8001, all 2 nodes; run on the leader) ---------
  ssh tj-3m9o7kq
  BT_TRAINER_CONFIG_PATH=<your config .json on /root/.cache/user_artifacts> bash /root/.cache/user_artifacts/.devbox_up/start_trainer.sh
  # configs: see /root/.cache/user_artifacts/trainers_main/examples/trainer-configs/ (weight_sync type=local)
  # health : curl -sf http://127.0.0.1:8001/health ; status: curl -s http://127.0.0.1:8001/status
  # wait   : bash /root/.cache/user_artifacts/.devbox_up/wait_trainer_health.sh  (background)
  # stop   : bash /root/.cache/user_artifacts/.devbox_up/stop_trainer.sh

--- SINGLE-NODE SAMPLER (port 8000; run on any node) -----------------------
  ssh tj-3m9o7kq
  MODEL_PATH=<hf id or weights path> bash /root/.cache/user_artifacts/.devbox_up/start_sampler.sh
  # health : curl -sf http://127.0.0.1:8000/health
  # wait   : bash /root/.cache/user_artifacts/.devbox_up/wait_sampler_health.sh  (background)
  # stop   : bash /root/.cache/user_artifacts/.devbox_up/stop_sampler.sh

--- HOUSEKEEPING -----------------------------------------------------------
  stop box     : truss train stop --remote baseten --job-id 3m9o7kq
  job logs     : truss train logs --remote baseten --job-id 3m9o7kq --tail
  new box      : devbox-up <num_nodes>   (always creates a fresh one)

