08-11 00:12:53 [b300ali] job q0lme2q status=TRAINING_JOB_DEPLOYING age=0m resumes=0
08-11 00:14:23 [b300ali] job q0lme2q status=TRAINING_JOB_DEPLOYING age=1m resumes=0
08-11 00:15:53 [b300ali] job q0lme2q status=TRAINING_JOB_DEPLOYING age=3m resumes=0
08-11 00:17:24 [b300ali] job q0lme2q status=TRAINING_JOB_DEPLOYING age=4m resumes=0
08-11 00:18:54 [b300ali] job q0lme2q status=TRAINING_JOB_DEPLOYING age=6m resumes=0
08-11 00:20:25 [b300ali] job q0lme2q status=TRAINING_JOB_DEPLOYING age=7m resumes=0
08-11 00:21:55 [b300ali] job q0lme2q status=TRAINING_JOB_DEPLOYING age=9m resumes=0
08-11 00:23:25 [b300ali] job q0lme2q status=TRAINING_JOB_DEPLOYING age=10m resumes=0
08-11 00:24:56 [b300ali] job q0lme2q status=TRAINING_JOB_DEPLOYING age=12m resumes=0
08-11 00:26:26 [b300ali] job q0lme2q status=TRAINING_JOB_DEPLOYING age=13m resumes=0
08-11 00:27:57 [b300ali] job q0lme2q status=TRAINING_JOB_DEPLOYING age=15m resumes=0
08-11 00:29:27 [b300ali] job q0lme2q status=TRAINING_JOB_DEPLOYING age=16m resumes=0
08-11 00:30:57 [b300ali] job q0lme2q status=TRAINING_JOB_DEPLOYING age=18m resumes=0
08-11 00:32:28 [b300ali] job q0lme2q status=TRAINING_JOB_DEPLOYING age=19m resumes=0
08-11 00:33:58 [b300ali] job q0lme2q status=TRAINING_JOB_DEPLOYING age=21m resumes=0
08-11 00:35:29 [b300ali] job q0lme2q status=TRAINING_JOB_DEPLOYING age=22m resumes=0
08-11 00:36:59 [b300ali] job q0lme2q status=TRAINING_JOB_DEPLOYING age=24m resumes=0
08-11 00:38:29 [b300ali] job q0lme2q status=TRAINING_JOB_DEPLOYING age=25m resumes=0
08-11 00:40:00 [b300ali] job q0lme2q status=TRAINING_JOB_DEPLOYING age=27m resumes=0
08-11 00:41:30 [b300ali] job q0lme2q status=TRAINING_JOB_DEPLOYING age=28m resumes=0
08-11 00:43:01 [b300ali] job q0lme2q status=TRAINING_JOB_DEPLOYING age=30m resumes=0
08-11 00:44:31 [b300ali] job q0lme2q status=TRAINING_JOB_DEPLOYING age=31m resumes=0
08-11 00:46:01 [b300ali] job q0lme2q status=TRAINING_JOB_DEPLOYING age=33m resumes=0
08-11 00:47:32 [b300ali] job q0lme2q status=TRAINING_JOB_DEPLOYING age=34m resumes=0
08-11 00:49:02 [b300ali] job q0lme2q status=TRAINING_JOB_DEPLOYING age=36m resumes=0
08-11 00:50:33 [b300ali] job q0lme2q status=TRAINING_JOB_DEPLOYING age=37m resumes=0
08-11 00:52:03 [b300ali] job q0lme2q status=TRAINING_JOB_DEPLOYING age=39m resumes=0
08-11 00:53:34 [b300ali] job q0lme2q status=TRAINING_JOB_DEPLOYING age=40m resumes=0
08-11 00:55:04 [b300ali] job q0lme2q status=TRAINING_JOB_DEPLOYING age=42m resumes=0
08-11 00:56:35 [b300ali] job q0lme2q status=TRAINING_JOB_DEPLOYING age=43m resumes=0
08-11 00:58:05 [b300ali] job q0lme2q status=TRAINING_JOB_FAILED age=45m resumes=0
08-11 00:58:05 [b300ali] job q0lme2q terminal (TRAINING_JOB_FAILED); fresh create next
08-11 00:58:05 [b300ali] fresh create #1: devbox-up 2 b300 ali
08-11 01:04:47 [b300ali] fresh create #1 failed (job=q0lm74q status=TRAINING_JOB_FAILED)
08-11 01:04:47 [b300ali] no salvageable job; backoff 8 min
08-11 01:12:47 [b300ali] fresh create #2: devbox-up 2 b300 ali
08-11 01:38:37 [b300ali] fresh create #2 failed (job=qv25o93 status=TRAINING_JOB_FAILED)
08-11 01:38:37 [b300ali] no salvageable job; backoff 8 min
08-11 01:46:37 [b300ali] fresh create #3: devbox-up 2 b300 ali
08-11 02:04:29 [b300ali] fresh create #3 failed (job=w56e07q status=TRAINING_JOB_FAILED)
08-11 02:04:29 [b300ali] no salvageable job; backoff 8 min
08-11 02:12:30 [b300ali] fresh create #4: devbox-up 2 b300 ali
08-11 02:52:35 [b300ali] fresh create #4 failed (job=wlxvo2w status=TRAINING_JOB_FAILED)
08-11 02:52:35 [b300ali] no salvageable job; backoff 8 min
08-11 03:00:35 [b300ali] fresh create #5: devbox-up 2 b300 ali
08-11 03:02:20 [b300ali] fresh create #5 failed (job=w79re03 status=TRAINING_JOB_FAILED)
08-11 03:02:20 [b300ali] no salvageable job; backoff 8 min
08-11 03:10:20 [b300ali] fresh create #6: devbox-up 2 b300 ali
08-11 04:10:42 [b300ali] fresh create #6 failed (job=q489213 status=TRAINING_JOB_DEPLOYING)
08-11 04:10:42 [b300ali] job q489213 status=TRAINING_JOB_DEPLOYING age=0m resumes=0
08-11 04:12:12 [b300ali] job q489213 status=TRAINING_JOB_FAILED age=1m resumes=0
08-11 04:12:12 [b300ali] job q489213 terminal (TRAINING_JOB_FAILED); fresh create next
08-11 04:12:12 [b300ali] fresh create #7: devbox-up 2 b300 ali
08-11 04:28:30 [b300ali] fresh create #7 failed (job=wovnp7q status=TRAINING_JOB_FAILED)
08-11 04:28:30 [b300ali] no salvageable job; backoff 8 min
08-11 04:36:30 [b300ali] fresh create #8: devbox-up 2 b300 ali
08-11 04:53:11 [b300ali] fresh create #8 failed (job=qr4nj53 status=TRAINING_JOB_FAILED)
08-11 04:53:11 [b300ali] no salvageable job; backoff 8 min
08-11 05:01:12 [b300ali] fresh create #9: devbox-up 2 b300 ali
08-11 05:25:48 [b300ali] fresh create #9 failed (job=3286pv3 status=TRAINING_JOB_FAILED)
08-11 05:25:48 [b300ali] no salvageable job; backoff 8 min
08-11 05:33:48 [b300ali] fresh create #10: devbox-up 2 b300 ali
08-11 05:50:07 [b300ali] fresh create #10 failed (job=qr4np53 status=TRAINING_JOB_FAILED)
08-11 05:50:07 [b300ali] no salvageable job; backoff 8 min
08-11 05:58:07 [b300ali] fresh create #11: devbox-up 2 b300 ali
08-11 06:51:22 [b300ali] fresh create #11 failed (job=32864v3 status=POLL_ERROR)
08-11 06:51:22 [b300ali] no salvageable job; backoff 8 min
08-11 07:05:29 [b300ali] fresh create #12: devbox-up 2 b300 ali
08-11 07:10:35 [b300ali] fresh create #12 failed (job=none status=ABSENT)
08-11 07:10:35 [b300ali] no salvageable job; backoff 8 min
08-11 07:20:40 [b300ali] SUPERVISOR_GAVE_UP deadline reached
