08-11 00:12:52 [b200vul] job 318mv1w status=TRAINING_JOB_DEPLOYING age=0m resumes=0
08-11 00:14:23 [b200vul] job 318mv1w status=TRAINING_JOB_DEPLOYING age=1m resumes=0
08-11 00:15:53 [b200vul] job 318mv1w status=TRAINING_JOB_DEPLOYING age=3m resumes=0
08-11 00:17:23 [b200vul] job 318mv1w status=TRAINING_JOB_DEPLOYING age=4m resumes=0
08-11 00:18:54 [b200vul] job 318mv1w status=TRAINING_JOB_DEPLOYING age=6m resumes=0
08-11 00:20:24 [b200vul] job 318mv1w status=TRAINING_JOB_DEPLOYING age=7m resumes=0
08-11 00:21:55 [b200vul] job 318mv1w status=TRAINING_JOB_DEPLOYING age=9m resumes=0
08-11 00:23:25 [b200vul] job 318mv1w status=TRAINING_JOB_DEPLOYING age=10m resumes=0
08-11 00:24:55 [b200vul] job 318mv1w status=TRAINING_JOB_DEPLOYING age=12m resumes=0
08-11 00:26:26 [b200vul] job 318mv1w status=TRAINING_JOB_DEPLOYING age=13m resumes=0
08-11 00:27:56 [b200vul] job 318mv1w status=TRAINING_JOB_DEPLOYING age=15m resumes=0
08-11 00:29:27 [b200vul] job 318mv1w status=TRAINING_JOB_DEPLOYING age=16m resumes=0
08-11 00:30:57 [b200vul] job 318mv1w status=TRAINING_JOB_DEPLOYING age=18m resumes=0
08-11 00:32:27 [b200vul] job 318mv1w status=TRAINING_JOB_DEPLOYING age=19m resumes=0
08-11 00:33:58 [b200vul] job 318mv1w status=TRAINING_JOB_DEPLOYING age=21m resumes=0
08-11 00:35:28 [b200vul] job 318mv1w status=TRAINING_JOB_DEPLOYING age=22m resumes=0
08-11 00:36:59 [b200vul] job 318mv1w status=TRAINING_JOB_DEPLOYING age=24m resumes=0
08-11 00:38:29 [b200vul] job 318mv1w status=TRAINING_JOB_DEPLOYING age=25m resumes=0
08-11 00:40:00 [b200vul] job 318mv1w status=TRAINING_JOB_DEPLOYING age=27m resumes=0
08-11 00:41:30 [b200vul] job 318mv1w status=TRAINING_JOB_DEPLOYING age=28m resumes=0
08-11 00:43:00 [b200vul] job 318mv1w status=TRAINING_JOB_DEPLOYING age=30m resumes=0
08-11 00:44:31 [b200vul] job 318mv1w status=TRAINING_JOB_DEPLOYING age=31m resumes=0
08-11 00:46:01 [b200vul] job 318mv1w status=TRAINING_JOB_DEPLOYING age=33m resumes=0
08-11 00:47:32 [b200vul] job 318mv1w status=TRAINING_JOB_DEPLOYING age=34m resumes=0
08-11 00:49:02 [b200vul] job 318mv1w status=TRAINING_JOB_DEPLOYING age=36m resumes=0
08-11 00:50:32 [b200vul] job 318mv1w status=TRAINING_JOB_DEPLOYING age=37m resumes=0
08-11 00:52:03 [b200vul] job 318mv1w status=TRAINING_JOB_DEPLOYING age=39m resumes=0
08-11 00:53:33 [b200vul] job 318mv1w status=TRAINING_JOB_FAILED age=40m resumes=0
08-11 00:53:33 [b200vul] job 318mv1w terminal (TRAINING_JOB_FAILED); fresh create next
08-11 00:53:33 [b200vul] fresh create #1: devbox-up 1 b200 vul
08-11 01:54:05 [b200vul] fresh create #1 failed (job=3m9re2q status=TRAINING_JOB_DEPLOYING)
08-11 01:54:05 [b200vul] job 3m9re2q status=TRAINING_JOB_DEPLOYING age=0m resumes=0
08-11 01:55:36 [b200vul] job 3m9re2q status=TRAINING_JOB_FAILED age=1m resumes=0
08-11 01:55:36 [b200vul] job 3m9re2q terminal (TRAINING_JOB_FAILED); fresh create next
08-11 01:55:36 [b200vul] fresh create #2: devbox-up 1 b200 vul
08-11 02:56:03 [b200vul] fresh create #2 failed (job=qv25ee3 status=TRAINING_JOB_DEPLOYING)
08-11 02:56:04 [b200vul] job qv25ee3 status=TRAINING_JOB_DEPLOYING age=0m resumes=0
08-11 02:57:34 [b200vul] job qv25ee3 status=TRAINING_JOB_FAILED age=1m resumes=0
08-11 02:57:34 [b200vul] job qv25ee3 terminal (TRAINING_JOB_FAILED); fresh create next
08-11 02:57:34 [b200vul] fresh create #3: devbox-up 1 b200 vul
08-11 03:58:01 [b200vul] fresh create #3 failed (job=3ylpenq status=TRAINING_JOB_DEPLOYING)
08-11 03:58:01 [b200vul] job 3ylpenq status=TRAINING_JOB_DEPLOYING age=0m resumes=0
08-11 03:59:32 [b200vul] job 3ylpenq status=TRAINING_JOB_FAILED age=1m resumes=0
08-11 03:59:32 [b200vul] job 3ylpenq terminal (TRAINING_JOB_FAILED); fresh create next
08-11 03:59:32 [b200vul] fresh create #4: devbox-up 1 b200 vul
08-11 05:00:01 [b200vul] fresh create #4 failed (job=3m9kd9q status=TRAINING_JOB_DEPLOYING)
08-11 05:00:01 [b200vul] job 3m9kd9q status=TRAINING_JOB_DEPLOYING age=0m resumes=0
08-11 05:01:31 [b200vul] job 3m9kd9q status=TRAINING_JOB_FAILED age=1m resumes=0
08-11 05:01:31 [b200vul] job 3m9kd9q terminal (TRAINING_JOB_FAILED); fresh create next
08-11 05:01:31 [b200vul] fresh create #5: devbox-up 1 b200 vul
08-11 06:01:59 [b200vul] fresh create #5 failed (job=q0l64mq status=TRAINING_JOB_DEPLOYING)
08-11 06:01:59 [b200vul] job q0l64mq status=TRAINING_JOB_DEPLOYING age=0m resumes=0
08-11 06:03:29 [b200vul] job q0l64mq status=TRAINING_JOB_FAILED age=1m resumes=0
08-11 06:03:29 [b200vul] job q0l64mq terminal (TRAINING_JOB_FAILED); fresh create next
08-11 06:03:29 [b200vul] fresh create #6: devbox-up 1 b200 vul
08-11 06:50:18 [b200vul] fresh create #6 failed (job=q0l6pmq status=POLL_ERROR)
08-11 06:50:18 [b200vul] no salvageable job; backoff 8 min
08-11 07:04:56 [b200vul] fresh create #7: devbox-up 1 b200 vul
08-11 07:09:15 [b200vul] fresh create #7 failed (job=none status=ABSENT)
08-11 07:09:15 [b200vul] no salvageable job; backoff 8 min
08-11 07:20:15 [b200vul] SUPERVISOR_GAVE_UP deadline reached
