08-11 02:05:50 [b200hyd2n] fresh create #1: devbox-up 2 b200 hyd
08-11 03:06:11 [b200hyd2n] fresh create #1 failed (job=wgop0o3 status=TRAINING_JOB_DEPLOYING)
08-11 03:06:11 [b200hyd2n] job wgop0o3 status=TRAINING_JOB_DEPLOYING age=0m resumes=0
08-11 03:07:41 [b200hyd2n] job wgop0o3 status=TRAINING_JOB_FAILED age=1m resumes=0
08-11 03:07:41 [b200hyd2n] job wgop0o3 terminal (TRAINING_JOB_FAILED); fresh create next
08-11 03:07:41 [b200hyd2n] fresh create #2: devbox-up 2 b200 hyd
08-11 04:08:01 [b200hyd2n] fresh create #2 failed (job=wd765ew status=TRAINING_JOB_DEPLOYING)
08-11 04:08:02 [b200hyd2n] job wd765ew status=TRAINING_JOB_DEPLOYING age=0m resumes=0
08-11 04:09:32 [b200hyd2n] job wd765ew status=TRAINING_JOB_FAILED age=1m resumes=0
08-11 04:09:32 [b200hyd2n] job wd765ew terminal (TRAINING_JOB_FAILED); fresh create next
08-11 04:09:32 [b200hyd2n] fresh create #3: devbox-up 2 b200 hyd
08-11 05:09:49 [b200hyd2n] fresh create #3 failed (job=w569prq status=TRAINING_JOB_DEPLOYING)
08-11 05:09:50 [b200hyd2n] job w569prq status=TRAINING_JOB_DEPLOYING age=0m resumes=0
08-11 05:11:20 [b200hyd2n] job w569prq status=TRAINING_JOB_FAILED age=1m resumes=0
08-11 05:11:20 [b200hyd2n] job w569prq terminal (TRAINING_JOB_FAILED); fresh create next
08-11 05:11:20 [b200hyd2n] fresh create #4: devbox-up 2 b200 hyd
08-11 06:11:41 [b200hyd2n] fresh create #4 failed (job=wlxp10w status=TRAINING_JOB_DEPLOYING)
08-11 06:11:42 [b200hyd2n] job wlxp10w status=TRAINING_JOB_DEPLOYING age=0m resumes=0
08-11 06:27:44 [b200hyd2n] job wlxp10w status=POLL_ERROR age=16m resumes=0
08-11 06:50:21 [b200hyd2n] job wlxp10w status=POLL_ERROR age=38m resumes=0
08-11 06:56:51 [b200hyd2n] job wlxp10w status=POLL_ERROR age=45m resumes=0
08-11 06:58:22 [b200hyd2n] job wlxp10w status=POLL_ERROR age=46m resumes=0
08-11 07:00:24 [b200hyd2n] job wlxp10w status=POLL_ERROR age=48m resumes=0
08-11 07:02:05 [b200hyd2n] job wlxp10w status=POLL_ERROR age=50m resumes=0
08-11 07:03:52 [b200hyd2n] job wlxp10w status=POLL_ERROR age=52m resumes=0
08-11 07:05:37 [b200hyd2n] job wlxp10w status=POLL_ERROR age=53m resumes=0
08-11 07:09:10 [b200hyd2n] job wlxp10w status=POLL_ERROR age=57m resumes=0
08-11 07:12:00 [b200hyd2n] job wlxp10w status=POLL_ERROR age=60m resumes=0
08-11 07:14:07 [b200hyd2n] job wlxp10w status=POLL_ERROR age=62m resumes=0
08-11 07:15:55 [b200hyd2n] job wlxp10w status=POLL_ERROR age=64m resumes=0
08-11 07:17:50 [b200hyd2n] job wlxp10w status=POLL_ERROR age=66m resumes=0
08-11 07:19:40 [b200hyd2n] job wlxp10w status=POLL_ERROR age=67m resumes=0
08-11 07:21:12 [b200hyd2n] job wlxp10w status=POLL_ERROR age=69m resumes=0
08-11 07:22:57 [b200hyd2n] job wlxp10w status=POLL_ERROR age=71m resumes=0
08-11 07:24:37 [b200hyd2n] job wlxp10w status=POLL_ERROR age=72m resumes=0
08-11 07:26:33 [b200hyd2n] job wlxp10w status=POLL_ERROR age=74m resumes=0
08-11 07:28:13 [b200hyd2n] job wlxp10w status=POLL_ERROR age=76m resumes=0
08-11 07:30:10 [b200hyd2n] job wlxp10w status=POLL_ERROR age=78m resumes=0
08-11 07:32:09 [b200hyd2n] job wlxp10w status=POLL_ERROR age=80m resumes=0
08-11 07:37:35 [b200hyd2n] job wlxp10w status=POLL_ERROR age=85m resumes=0
08-11 07:41:58 [b200hyd2n] job wlxp10w status=POLL_ERROR age=90m resumes=0
08-11 07:45:54 [b200hyd2n] job wlxp10w status=POLL_ERROR age=94m resumes=0
08-11 07:52:40 [b200hyd2n] job wlxp10w status=POLL_ERROR age=100m resumes=0
08-11 07:55:19 [b200hyd2n] job wlxp10w status=POLL_ERROR age=103m resumes=0
08-11 07:57:57 [b200hyd2n] job wlxp10w status=POLL_ERROR age=106m resumes=0
08-11 08:00:08 [b200hyd2n] job wlxp10w status=POLL_ERROR age=108m resumes=0
08-11 08:01:41 [b200hyd2n] job wlxp10w status=TRAINING_JOB_FAILED age=110m resumes=0
08-11 08:01:41 [b200hyd2n] job wlxp10w terminal (TRAINING_JOB_FAILED); fresh create next
08-11 08:01:41 [b200hyd2n] fresh create #5: devbox-up 2 b200 hyd
08-11 08:02:06 [b200hyd2n] fresh create #5 failed (job=none status=ABSENT)
08-11 08:02:06 [b200hyd2n] no salvageable job; backoff 8 min
08-11 08:10:06 [b200hyd2n] fresh create #6: devbox-up 2 b200 hyd
