08-11 08:40:10 [b300ali] fresh create #1: devbox-up 2 b300 ali
08-11 08:41:12 [b300ali] fresh create #1 failed (job=qr4ng93 status=TRAINING_JOB_FAILED)
08-11 08:41:12 [b300ali] no salvageable job; backoff 8 min
08-11 08:49:12 [b300ali] fresh create #2: devbox-up 2 b300 ali
08-11 08:50:14 [b300ali] fresh create #2 failed (job=wd78pkw status=TRAINING_JOB_FAILED)
08-11 08:50:14 [b300ali] no salvageable job; backoff 8 min
08-11 08:58:14 [b300ali] fresh create #3: devbox-up 2 b300 ali
08-11 08:59:31 [b300ali] fresh create #3 failed (job=q9vze53 status=TRAINING_JOB_FAILED)
08-11 08:59:31 [b300ali] no salvageable job; backoff 8 min
08-11 09:07:31 [b300ali] fresh create #4: devbox-up 2 b300 ali
08-11 09:08:57 [b300ali] fresh create #4 failed (job=q8er9gq status=TRAINING_JOB_FAILED)
08-11 09:08:57 [b300ali] no salvageable job; backoff 8 min
08-11 09:16:57 [b300ali] fresh create #5: devbox-up 2 b300 ali
08-11 09:23:30 [b300ali] fresh create #5 failed (job=wlxpv1w status=TRAINING_JOB_FAILED)
08-11 09:23:30 [b300ali] no salvageable job; backoff 8 min
08-11 09:31:30 [b300ali] fresh create #6: devbox-up 2 b300 ali
08-11 09:32:48 [b300ali] fresh create #6 failed (job=wd786nw status=TRAINING_JOB_FAILED)
08-11 09:32:48 [b300ali] no salvageable job; backoff 8 min
08-11 09:40:48 [b300ali] fresh create #7: devbox-up 2 b300 ali
08-11 09:42:30 [b300ali] fresh create #7 failed (job=3286o13 status=TRAINING_JOB_FAILED)
08-11 09:42:30 [b300ali] no salvageable job; backoff 8 min
08-11 09:50:30 [b300ali] fresh create #8: devbox-up 2 b300 ali
08-11 09:51:51 [b300ali] fresh create #8 failed (job=wpr77p3 status=TRAINING_JOB_FAILED)
08-11 09:51:51 [b300ali] no salvageable job; backoff 8 min
08-11 09:59:51 [b300ali] fresh create #9: devbox-up 2 b300 ali
08-11 10:01:02 [b300ali] fresh create #9 failed (job=qv2krg3 status=TRAINING_JOB_FAILED)
08-11 10:01:02 [b300ali] no salvageable job; backoff 8 min
08-11 10:09:03 [b300ali] fresh create #10: devbox-up 2 b300 ali
08-11 10:10:36 [b300ali] fresh create #10 failed (job=wovndgq status=TRAINING_JOB_FAILED)
08-11 10:10:36 [b300ali] no salvageable job; backoff 8 min
08-11 10:18:36 [b300ali] fresh create #11: devbox-up 2 b300 ali
08-11 10:19:46 [b300ali] fresh create #11 failed (job=3ylkxvq status=TRAINING_JOB_FAILED)
08-11 10:19:46 [b300ali] no salvageable job; backoff 8 min
08-11 10:27:46 [b300ali] fresh create #12: devbox-up 2 b300 ali
08-11 10:29:08 [b300ali] fresh create #12 failed (job=w569lpq status=TRAINING_JOB_FAILED)
08-11 10:29:08 [b300ali] no salvageable job; backoff 8 min
08-11 10:42:37 [b300ali] fresh create #13: devbox-up 2 b300 ali
08-11 10:44:02 [b300ali] fresh create #13 failed (job=qr4nz03 status=TRAINING_JOB_FAILED)
08-11 10:44:02 [b300ali] no salvageable job; backoff 8 min
08-11 10:54:01 [b300ali] fresh create #14: devbox-up 2 b300 ali
08-11 10:55:11 [b300ali] fresh create #14 failed (job=3286kx3 status=TRAINING_JOB_FAILED)
08-11 10:55:11 [b300ali] no salvageable job; backoff 8 min
