=== autograd/backward node names containing AllToAll or Dispatcher or MoE ===
                                                                                                       name
0                                                                              te_moe::permute_mask_map_fwd
1                                                                                                 _AllToAll
2                                                                                      c10d::alltoall_base_
3                                                                                    te_moe::chunk_sort_fwd
4                                                                            te_moe::unpermute_mask_map_fwd
5                                                  GeneratedBackwardFor_te_moe_permute_mask_map_fwd_default
6                                                        GeneratedBackwardFor_te_moe_chunk_sort_fwd_default
7                                                GeneratedBackwardFor_te_moe_unpermute_mask_map_fwd_default
8   autograd::engine::evaluate_function: GeneratedBackwardFor_te_moe_unpermute_mask_map_fwd_defaultBackward
9                                        GeneratedBackwardFor_te_moe_unpermute_mask_map_fwd_defaultBackward
10                                                                  te_moe::unpermute_mask_map_bwd_no_probs
11                                                   autograd::engine::evaluate_function: _AllToAllBackward
12                                                                                        _AllToAllBackward
13          autograd::engine::evaluate_function: GeneratedBackwardFor_te_moe_chunk_sort_fwd_defaultBackward
14                                               GeneratedBackwardFor_te_moe_chunk_sort_fwd_defaultBackward
15                                                                                   te_moe::chunk_sort_bwd
16    autograd::engine::evaluate_function: GeneratedBackwardFor_te_moe_permute_mask_map_fwd_defaultBackward
17                                         GeneratedBackwardFor_te_moe_permute_mask_map_fwd_defaultBackward
18                                                                             te_moe::permute_mask_map_bwd
=== deep ancestors of nccl:all_to_all annotations (depth 2-5) ===
                     L2         L3                          L4     c
0  c10d::alltoall_base_  _AllToAll          CheckpointFunction  1920
1  c10d::alltoall_base_  _AllToAll  CheckpointFunctionBackward  1920
2  c10d::alltoall_base_  _AllToAll           _AllToAllBackward  1920
=== achieved BW distribution, BF16 token calls (nelems*2 bytes / dur) ===
      c        avg_gbs      min_gbs        max_gbs
0  3840  313710.776944  2924.279787  733313.379327
=== BF16 duration percentiles ===
        dur_ms  bytes_gb
0   270.790258  2.402894
1   205.291656   0.60033
2   182.036718  0.584516
3   157.243253  0.485671
4   112.997166  1.798889
5   112.839953  0.471478
6    111.95176  0.501572
7   103.632323  0.615961
8   101.567498  1.218023
9   100.948159  1.791074
10   93.209228  1.087648
11   93.204424  1.288839
12   77.985947  0.440672
13   71.660791  2.092585
14    70.40678  1.694626
15   65.480302  0.604054
16   50.358296  0.455664
17   42.392402  1.103143
18   38.197303  0.921268
19    30.12517  0.901399
