[27s] step 136.32s
[29s] compute union built (881452 intervals)
[29s] a2a kernels 5,760
[36s] trees built
[36s] classified passes
pass x dtype counts: {('FWD', 'BFloat16'): 1280, ('FWD', 'Float'): 640, ('REPLAY', 'BFloat16'): 1280, ('REPLAY', 'Float'): 640, ('BWD', 'BFloat16'): 1280, ('BWD', 'Float'): 640}
[36s] wire rate p95 = 613 GB/s (max 733)
{
 "trace": "traces/l3_d16_rank8.pt.trace.json",
 "layers_per_pass": {
  "FWD": 40,
  "REPLAY": 40,
  "BWD": 40
 },
 "step_window_s": 136.316901249,
 "wire_rate_p95_gbs": 612.9509590608445,
 "wire_rate_max_gbs": 733.3133793266339,
 "total_a2a_calls": 5760,
 "total_dur_s": 34.153101033,
 "total_exposed_s": 31.375058484,
 "total_transfer_floor_s": 10.196839303,
 "total_wait_s": 24.022184034,
 "by_pass": {
  "REPLAY": {
   "calls": 1920,
   "dur_s": 12.487228244,
   "exposed_s": 11.673190995,
   "transfer_floor_s": 3.398942686,
   "wait_s": 9.108301172
  },
  "FWD": {
   "calls": 1920,
   "dur_s": 10.696399362,
   "exposed_s": 9.853260336,
   "transfer_floor_s": 3.398942626,
   "wait_s": 7.320426943
  },
  "BWD": {
   "calls": 1920,
   "dur_s": 10.969473427,
   "exposed_s": 9.848607153,
   "transfer_floor_s": 3.398953991,
   "wait_s": 7.593455919
  }
 },
 "by_role": {
  "combine": {
   "calls": 1280,
   "dur_s": 16.63892622,
   "exposed_s": 16.28378988,
   "transfer_floor_s": 3.433415552,
   "wait_s": 13.248499049
  },
  "probs_grad": {
   "calls": 640,
   "dur_s": 5.406276792,
   "exposed_s": 5.406276792,
   "transfer_floor_s": 0.000558505,
   "wait_s": 5.405717647
  },
  "dispatch": {
   "calls": 1280,
   "dur_s": 6.114726318,
   "exposed_s": 4.812703471,
   "transfer_floor_s": 3.36337536,
   "wait_s": 2.751349678
  },
  "dispatch_grad": {
   "calls": 640,
   "dur_s": 2.730430827,
   "exposed_s": 2.22498683,
   "transfer_floor_s": 1.716707806,
   "wait_s": 1.036648527
  },
  "combine_grad": {
   "calls": 640,
   "dur_s": 2.832765808,
   "exposed_s": 2.217343531,
   "transfer_floor_s": 1.68168768,
   "wait_s": 1.151089745
  },
  "probs": {
   "calls": 1280,
   "dur_s": 0.429975068,
   "exposed_s": 0.42995798,
   "transfer_floor_s": 0.0010944,
   "wait_s": 0.428879388
  }
 },
 "by_pass_role": {
  "('REPLAY', 'combine')": {
   "calls": 640,
   "dur_s": 9.212656975,
   "exposed_s": 9.052079298,
   "transfer_floor_s": 1.716707806,
   "wait_s": 7.515966063
  },
  "('FWD', 'combine')": {
   "calls": 640,
   "dur_s": 7.426269245,
   "exposed_s": 7.231710582,
   "transfer_floor_s": 1.716707746,
   "wait_s": 5.732532986
  },
  "('BWD', 'probs_grad')": {
   "calls": 640,
   "dur_s": 5.406276792,
   "exposed_s": 5.406276792,
   "transfer_floor_s": 0.000558505,
   "wait_s": 5.405717647
  },
  "('FWD', 'dispatch')": {
   "calls": 640,
   "dur_s": 3.059314761,
   "exposed_s": 2.410751486,
   "transfer_floor_s": 1.68168768,
   "wait_s": 1.377626441
  },
  "('REPLAY', 'dispatch')": {
   "calls": 640,
   "dur_s": 3.055411557,
   "exposed_s": 2.401951985,
   "transfer_floor_s": 1.68168768,
   "wait_s": 1.373723237
  },
  "('BWD', 'dispatch_grad')": {
   "calls": 640,
   "dur_s": 2.730430827,
   "exposed_s": 2.22498683,
   "transfer_floor_s": 1.716707806,
   "wait_s": 1.036648527
  },
  "('BWD', 'combine_grad')": {
   "calls": 640,
   "dur_s": 2.832765808,
   "exposed_s": 2.217343531,
   "transfer_floor_s": 1.68168768,
   "wait_s": 1.151089745
  },
  "('REPLAY', 'probs')": {
   "calls": 640,
   "dur_s": 0.219159712,
   "exposed_s": 0.219159712,
   "transfer_floor_s": 0.0005472,
   "wait_s": 0.218611872
  },
  "('FWD', 'probs')": {
   "calls": 640,
   "dur_s": 0.210815356,
   "exposed_s": 0.210798268,
   "transfer_floor_s": 0.0005472,
   "wait_s": 0.210267516
  }
 },
 "layer_mean_wait_ms": {
  "0": 2.508746125,
  "1": 2.3495059375,
  "2": 2.4059643125,
  "3": 2.053859625,
  "4": 2.05710328125,
  "5": 2.241524,
  "6": 2.22252415625,
  "7": 2.06708203125,
  "8": 1.8180144375,
  "9": 2.11663178125,
  "10": 2.022013,
  "11": 2.52027540625,
  "12": 1.95879265625,
  "13": 2.3355586875,
  "14": 1.85345890625,
  "15": 2.160592375,
  "16": 2.3574888125,
  "17": 1.49233278125,
  "18": 2.20471159375,
  "19": 2.27253115625,
  "20": 2.226547875,
  "21": 2.1780885625,
  "22": 1.5158181875,
  "23": 2.3768123125,
  "24": 2.170824,
  "25": 1.84825821875,
  "26": 2.32909478125,
  "27": 1.9472705,
  "28": 2.5085600625,
  "29": 2.01731921875,
  "30": 2.15119928125,
  "31": 1.84345171875,
  "32": 2.05983346875,
  "33": 2.222909125,
  "34": 2.243496125,
  "35": 2.03448928125,
  "36": 2.07713921875,
  "37": 2.3998178125,
  "38": 2.340577375,
  "39": 2.46945925
 },
 "dispatch_size_wait_corr": -1.0692346601630134e-16,
 "role_duration_percentiles": {
  "('FWD', 'dispatch')": {
   "p50_ms": 4.7828219999999995,
   "p90_ms": 5.318669900000001,
   "p99_ms": 5.65523217,
   "max_ms": 5.949424
  },
  "('FWD', 'combine')": {
   "p50_ms": 10.553584,
   "p90_ms": 19.221823500000003,
   "p99_ms": 26.74992449,
   "max_ms": 26.956891
  },
  "('FWD', 'probs')": {
   "p50_ms": 0.3026585,
   "p90_ms": 0.6626331,
   "p99_ms": 1.1641619900000004,
   "max_ms": 1.305482
  },
  "('REPLAY', 'dispatch')": {
   "p50_ms": 4.769013,
   "p90_ms": 5.3068319,
   "p99_ms": 5.697500010000001,
   "max_ms": 5.993841
  },
  "('REPLAY', 'combine')": {
   "p50_ms": 10.562769,
   "p90_ms": 21.869988700000004,
   "p99_ms": 108.70717957000011,
   "max_ms": 270.790258
  },
  "('REPLAY', 'probs')": {
   "p50_ms": 0.30723449999999997,
   "p90_ms": 0.6970451000000001,
   "p99_ms": 1.1463296700000005,
   "max_ms": 1.307064
  },
  "('BWD', 'combine_grad')": {
   "p50_ms": 4.4450115,
   "p90_ms": 5.0454353,
   "p99_ms": 5.626328270000001,
   "max_ms": 5.947244
  },
  "('BWD', 'dispatch_grad')": {
   "p50_ms": 4.149025,
   "p90_ms": 5.055499200000001,
   "p99_ms": 6.4757169600000015,
   "max_ms": 6.673686
  },
  "('BWD', 'probs_grad')": {
   "p50_ms": 7.873503,
   "p90_ms": 16.978685000000002,
   "p99_ms": 24.276549990000003,
   "max_ms": 24.593436
  }
 },
 "elapsed_s": 36.11208963394165
}
