[6s] step ProfilerStep#0: 36.46s
[6s] gpu busy 32.22s idle 4.24s kernels 238,059
[6s] hostapi 37,123; ops 896,100; gaps 229,038
[7s] classified
{
 "trace": "traces/mn_d4_rank0.pt.trace.json",
 "step_window_s": 36.463485278,
 "gpu_idle_s": 4.238680158,
 "kernel_count": 238059,
 "gap_histogram": [
  {
   "range_us": [
    0.0,
    100.0
   ],
   "count": 226996,
   "total_s": 2.534324904
  },
  {
   "range_us": [
    100.0,
    1000.0
   ],
   "count": 1800,
   "total_s": 0.373453379
  },
  {
   "range_us": [
    1000.0,
    10000.0
   ],
   "count": 238,
   "total_s": 0.499692278
  },
  {
   "range_us": [
    10000.0,
    -1
   ],
   "count": 4,
   "total_s": 0.63918822
  }
 ],
 "gap_attribution_gt0.1ms": {
  "FIXB_LAYOUT": {
   "gaps": 625,
   "idle_s": 0.127029112
  },
  "FIXA_DSA_BWD": {
   "gaps": 24,
   "idle_s": 0.00783204
  },
  "DISPATCH_REPLAY": {
   "gaps": 0,
   "idle_s": 0.0
  },
  "DISPATCH_FWD": {
   "gaps": 0,
   "idle_s": 0.0
  },
  "ROPE_HOST_F": {
   "gaps": 397,
   "idle_s": 0.073198028
  },
  "OTHER_ITEM": {
   "gaps": 94,
   "idle_s": 0.774438462
  },
  "OTHER": {
   "gaps": 9,
   "idle_s": 0.015616335
  },
  "UNATTRIBUTED": {
   "gaps": 893,
   "idle_s": 0.5142199
  }
 },
 "aten_nonzero": {
  "calls": 13832,
  "cpu_s": 7.975526813,
  "layout_calls": 13680,
  "gt5ms": 152
 },
 "kernels_in_layout_index_windows": 47485,
 "devsync_count": 11,
 "devsync_cpu_s": 8.812315734,
 "devsync_first_last_rel_s": [
  2.323309458,
  36.463528364
 ],
 "classes": {
  "FIXB_LAYOUT": {
   "calls": 27360,
   "cpu_s": 0.291665012
  },
  "FIXA_DSA_BWD": {
   "calls": 304,
   "cpu_s": 7.082670437
  },
  "DISPATCH_REPLAY": {
   "calls": 140,
   "cpu_s": 1.215059745
  },
  "DISPATCH_FWD": {
   "calls": 140,
   "cpu_s": 1.225350092
  },
  "ROPE_HOST_F": {
   "calls": 5824,
   "cpu_s": 8.138499137
  },
  "OTHER_ITEM": {
   "calls": 2469,
   "cpu_s": 0.131663472
  },
  "OTHER": {
   "calls": 886,
   "cpu_s": 8.822552099
  }
 },
 "other_top": [
  {
   "sig": "cudaDeviceSynchronize <- ProfilerStep#0",
   "calls": 10,
   "cpu_s": 8.812256837
  },
  {
   "sig": "aten::copy_ <- aten::_to_copy",
   "calls": 96,
   "cpu_s": 0.098747506
  },
  {
   "sig": "aten::copy_ <- aten::clone",
   "calls": 597,
   "cpu_s": 0.009391667
  },
  {
   "sig": "aten::copy_ <- aten::sort",
   "calls": 656,
   "cpu_s": 0.008793199
  },
  {
   "sig": "cudaMemcpyAsync <- aten::cat <- CheckpointFunctionBackward",
   "calls": 436,
   "cpu_s": 0.005255005
  },
  {
   "sig": "cudaMemcpyAsync <- aten::cat <- CheckpointFunction",
   "calls": 436,
   "cpu_s": 0.004909923
  },
  {
   "sig": "aten::copy_ <- AsStridedBackward0",
   "calls": 140,
   "cpu_s": 0.004172316
  },
  {
   "sig": "aten::copy_ <- aten::scatter",
   "calls": 560,
   "cpu_s": 0.00414154
  },
  {
   "sig": "aten::copy_ <- torch::autograd::CopySlices",
   "calls": 280,
   "cpu_s": 0.003120936
  },
  {
   "sig": "aten::_local_scalar_dense <- aten::item",
   "calls": 44,
   "cpu_s": 0.001854259
  },
  {
   "sig": "aten::copy_ <- aten::repeat",
   "calls": 88,
   "cpu_s": 0.001359732
  },
  {
   "sig": "aten::copy_ <- ProfilerStep#0",
   "calls": 8,
   "cpu_s": 8.2317e-05
  }
 ],
 "elapsed_s": 7.282533168792725
}
