[6s] step ProfilerStep#0: 36.46s
[6s] gpu busy 32.57s idle 3.89s kernels 253,632
[7s] hostapi 39,261; ops 950,998; gaps 242,128
[8s] classified
{
 "trace": "traces/mn_d4_rank8.pt.trace.json",
 "step_window_s": 36.463210148,
 "gpu_idle_s": 3.894941482,
 "kernel_count": 253632,
 "gap_histogram": [
  {
   "range_us": [
    0.0,
    100.0
   ],
   "count": 240150,
   "total_s": 2.606302019
  },
  {
   "range_us": [
    100.0,
    1000.0
   ],
   "count": 1665,
   "total_s": 0.382841049
  },
  {
   "range_us": [
    1000.0,
    10000.0
   ],
   "count": 310,
   "total_s": 0.655430318
  },
  {
   "range_us": [
    10000.0,
    -1
   ],
   "count": 3,
   "total_s": 0.248621311
  }
 ],
 "gap_attribution_gt0.1ms": {
  "FIXB_LAYOUT": {
   "gaps": 486,
   "idle_s": 0.102270504
  },
  "FIXA_DSA_BWD": {
   "gaps": 26,
   "idle_s": 0.008549824
  },
  "DISPATCH_REPLAY": {
   "gaps": 0,
   "idle_s": 0.0
  },
  "DISPATCH_FWD": {
   "gaps": 0,
   "idle_s": 0.0
  },
  "ROPE_HOST_F": {
   "gaps": 288,
   "idle_s": 0.041933142
  },
  "OTHER_ITEM": {
   "gaps": 165,
   "idle_s": 0.490711161
  },
  "OTHER": {
   "gaps": 16,
   "idle_s": 0.013122627
  },
  "UNATTRIBUTED": {
   "gaps": 997,
   "idle_s": 0.63030542
  }
 },
 "aten_nonzero": {
  "calls": 14576,
  "cpu_s": 8.513117616,
  "layout_calls": 14408,
  "gt5ms": 168
 },
 "kernels_in_layout_index_windows": 50134,
 "devsync_count": 11,
 "devsync_cpu_s": 2.026004981,
 "devsync_first_last_rel_s": [
  0.323075406,
  36.463260588
 ],
 "classes": {
  "FIXB_LAYOUT": {
   "calls": 28816,
   "cpu_s": 0.314601167
  },
  "FIXA_DSA_BWD": {
   "calls": 320,
   "cpu_s": 7.498679347
  },
  "DISPATCH_REPLAY": {
   "calls": 160,
   "cpu_s": 1.455868344
  },
  "DISPATCH_FWD": {
   "calls": 160,
   "cpu_s": 1.466979733
  },
  "ROPE_HOST_F": {
   "calls": 6080,
   "cpu_s": 8.860071209
  },
  "OTHER_ITEM": {
   "calls": 2817,
   "cpu_s": 5.52434156
  },
  "OTHER": {
   "calls": 908,
   "cpu_s": 2.119399295
  }
 },
 "other_top": [
  {
   "sig": "aten::_local_scalar_dense <- aten::item",
   "calls": 152,
   "cpu_s": 5.283609238
  },
  {
   "sig": "cudaDeviceSynchronize <- ProfilerStep#0",
   "calls": 10,
   "cpu_s": 2.02596301
  },
  {
   "sig": "aten::copy_ <- aten::_to_copy",
   "calls": 132,
   "cpu_s": 0.208870246
  },
  {
   "sig": "cudaStreamSynchronize <- aten::nonzero <- aten::_index_put_impl_",
   "calls": 8,
   "cpu_s": 0.084161701
  },
  {
   "sig": "aten::copy_ <- aten::clone",
   "calls": 641,
   "cpu_s": 0.009410408
  },
  {
   "sig": "aten::copy_ <- aten::sort",
   "calls": 640,
   "cpu_s": 0.008192613
  },
  {
   "sig": "aten::copy_ <- aten::scatter",
   "calls": 640,
   "cpu_s": 0.004765893
  },
  {
   "sig": "cudaMemcpyAsync <- aten::cat <- CheckpointFunction",
   "calls": 440,
   "cpu_s": 0.004725061
  },
  {
   "sig": "cudaMemcpyAsync <- aten::cat <- CheckpointFunctionBackward",
   "calls": 440,
   "cpu_s": 0.004384461
  },
  {
   "sig": "aten::copy_ <- AsStridedBackward0",
   "calls": 160,
   "cpu_s": 0.004278066
  },
  {
   "sig": "aten::copy_ <- torch::autograd::CopySlices",
   "calls": 320,
   "cpu_s": 0.003255253
  },
  {
   "sig": "aten::copy_ <- aten::repeat",
   "calls": 80,
   "cpu_s": 0.001271026
  }
 ],
 "elapsed_s": 7.742067337036133
}
