
=== [1/13] preflight (laptop checks, no side effects)
00:27:50  project jrao123-hyd = 2qjn9j3; tokens present; truss/ssh config OK

=== [2/13] create workstation job
00:27:51  creating: truss train workstation --node-count 4 --accelerator B200 --project-id jrao123-hyd --team Parsed
Launching workstation jrao123-hyd with 4x 8x B200...

Workstation created!

Once the job is running, SSH in with:
  ssh training-job-w56y2mq-0.ssh.baseten.co (leader)
  ssh training-job-w56y2mq-1.ssh.baseten.co
  ssh training-job-w56y2mq-2.ssh.baseten.co
  ssh training-job-w56y2mq-3.ssh.baseten.co

If you haven't set up SSH yet, run:
  truss ssh setup

Multi-node env vars available on each node:
  BT_LEADER_ADDR, BT_NODE_RANK, BT_GROUP_SIZE

View logs:
  truss train logs --job-id w56y2mq --tail

Stop the workstation:
  truss train stop --job-id w56y2mq
00:28:03  created job w56y2mq

=== [3/13] wait for job w56y2mq to reach RUNNING
00:28:03    status=TRAINING_JOB_CREATED; waiting 15s
