
=== [1/13] preflight (laptop checks, no side effects)
00:29:02  project jrao123-ali = dq47r1q; tokens present; truss/ssh config OK

=== [2/13] create workstation job
00:29:03  creating: truss train workstation --node-count 4 --accelerator B300 --project-id jrao123-ali --team Parsed
Launching workstation jrao123-ali with 4x 8x B300...

Workstation created!

Once the job is running, SSH in with:
  ssh training-job-wpr25e3-0.ssh.baseten.co (leader)
  ssh training-job-wpr25e3-1.ssh.baseten.co
  ssh training-job-wpr25e3-2.ssh.baseten.co
  ssh training-job-wpr25e3-3.ssh.baseten.co

If you haven't set up SSH yet, run:
  truss ssh setup

Multi-node env vars available on each node:
  BT_LEADER_ADDR, BT_NODE_RANK, BT_GROUP_SIZE

View logs:
  truss train logs --job-id wpr25e3 --tail

Stop the workstation:
  truss train stop --job-id wpr25e3
00:29:14  created job wpr25e3

=== [3/13] wait for job wpr25e3 to reach RUNNING
00:29:14    status=TRAINING_JOB_CREATED; waiting 15s
00:29:30    status=TRAINING_JOB_DEPLOYING; waiting 15s
00:29:45    status=TRAINING_JOB_DEPLOYING; waiting 15s
