[status] world_size=16
[wxlgv5w/f2c2-flagON-fresh-131k-d4 warmup0] fb=38.3s (428 tok/s/GPU) optim=2.7s loss=12.316429645001564 gn=0.7955591082572937
[wxlgv5w/f2c2-flagON-fresh-131k-d4 main0] fb=49.7s (659 tok/s/GPU) optim=0.0s loss=12.318751859679105 gn=0.9002612829208374
[wxlgv5w/f2c2-flagON-fresh-131k-d4 main1] fb=47.6s (688 tok/s/GPU) optim=0.0s loss=12.308911773008521 gn=0.6633810997009277
[wxlgv5w/f2c2-flagON-fresh-131k-d4 main2] fb=45.9s (714 tok/s/GPU) optim=0.0s loss=12.294840201112374 gn=0.6691521406173706
[wxlgv5w/f2c2-flagON-fresh-131k-d4 main3] fb=45.4s (722 tok/s/GPU) optim=0.0s loss=12.28654889334788 gn=0.6206000447273254
[wxlgv5w/f2c2-flagON-fresh-131k-d4 main4] fb=45.6s (718 tok/s/GPU) optim=0.0s loss=12.275371745084724 gn=0.7856496572494507
[wxlgv5w/f2c2-flagON-fresh-131k-d4 main5] fb=46.2s (710 tok/s/GPU) optim=0.8s loss=12.244704206117294 gn=0.5557194948196411
[wxlgv5w/f2c2-flagON-fresh-131k-d4 main6] fb=46.4s (706 tok/s/GPU) optim=0.0s loss=12.233713025764661 gn=0.5115793347358704
[wxlgv5w/f2c2-flagON-fresh-131k-d4 main7] fb=47.1s (695 tok/s/GPU) optim=0.0s loss=12.219886550037765 gn=0.4888297915458679
[wxlgv5w/f2c2-flagON-fresh-131k-d4 main8] fb=46.3s (707 tok/s/GPU) optim=0.0s loss=12.203149438090806 gn=0.4462607204914093
[wxlgv5w/f2c2-flagON-fresh-131k-d4 main9] fb=46.7s (702 tok/s/GPU) optim=0.0s loss=12.17933791609128 gn=0.4199548065662384
[wxlgv5w/f2c2-flagON-fresh-131k-d4 main10] fb=45.9s (714 tok/s/GPU) optim=0.0s loss=12.175197984298586 gn=0.4044082760810852
[wxlgv5w/f2c2-flagON-fresh-131k-d4 main11] fb=46.6s (702 tok/s/GPU) optim=0.1s loss=12.158011688321597 gn=0.3872702717781067
[wxlgv5w/f2c2-flagON-fresh-131k-d4 main12] fb=46.7s (702 tok/s/GPU) optim=0.0s loss=12.145188485629927 gn=0.3659488558769226
[wxlgv5w/f2c2-flagON-fresh-131k-d4 main13] fb=47.0s (697 tok/s/GPU) optim=0.0s loss=12.128301645672956 gn=0.3527492582798004
[wxlgv5w/f2c2-flagON-fresh-131k-d4 main14] fb=46.6s (702 tok/s/GPU) optim=0.0s loss=12.12822439746397 gn=0.3351604640483856
[wxlgv5w/f2c2-flagON-fresh-131k-d4 main15] fb=47.0s (698 tok/s/GPU) optim=0.0s loss=12.114632527408808 gn=0.33493682742118835
[wxlgv5w/f2c2-flagON-fresh-131k-d4 main16] fb=47.6s (688 tok/s/GPU) optim=0.0s loss=12.10631547024132 gn=0.32720133662223816
[wxlgv5w/f2c2-flagON-fresh-131k-d4 main17] fb=47.2s (694 tok/s/GPU) optim=0.0s loss=12.096140641331797 gn=0.3247002363204956
[wxlgv5w/f2c2-flagON-fresh-131k-d4 main18] fb=47.2s (695 tok/s/GPU) optim=0.0s loss=12.089871138543232 gn=0.3164256811141968
[wxlgv5w/f2c2-flagON-fresh-131k-d4 main19] fb=47.6s (689 tok/s/GPU) optim=0.0s loss=12.077995895354427 gn=0.3085983991622925
[done] -> /root/.cache/user_artifacts/lps1062_bench/wxlgv5w/f2c2-flagON-fresh-131k-d4.json
SUMMARY wxlgv5w/f2c2-flagON-fresh-131k-d4: 700 tok/s/GPU | step 46.8s (524288 tok) | mfu3x 6.4% | hfu 9.2% | peak_mem 214 GiB
