[status] world_size=16
[wxlgv5w/f2c2-flagOFF-131k-d4 warmup0] fb=146.4s (112 tok/s/GPU) optim=2.1s loss=12.317383326593983 gn=0.7967395186424255
[wxlgv5w/f2c2-flagOFF-131k-d4 main0] fb=55.5s (590 tok/s/GPU) optim=0.1s loss=12.317142998832693 gn=0.8826314210891724
[wxlgv5w/f2c2-flagOFF-131k-d4 main1] fb=43.8s (748 tok/s/GPU) optim=0.0s loss=12.310561642163407 gn=0.6846010088920593
[wxlgv5w/f2c2-flagOFF-131k-d4 main2] fb=42.8s (765 tok/s/GPU) optim=0.0s loss=12.293980933997604 gn=0.6644090414047241
[wxlgv5w/f2c2-flagOFF-131k-d4 main3] fb=43.3s (757 tok/s/GPU) optim=0.0s loss=12.286516468173739 gn=0.6197354197502136
[wxlgv5w/f2c2-flagOFF-131k-d4 main4] fb=43.1s (760 tok/s/GPU) optim=0.0s loss=12.276625836378756 gn=0.790012001991272
[wxlgv5w/f2c2-flagOFF-131k-d4 main5] fb=44.6s (735 tok/s/GPU) optim=0.0s loss=12.24536415377925 gn=0.5587342977523804
[wxlgv5w/f2c2-flagOFF-131k-d4 main6] fb=42.9s (765 tok/s/GPU) optim=0.0s loss=12.234411120690313 gn=0.5132459998130798
[wxlgv5w/f2c2-flagOFF-131k-d4 main7] fb=43.6s (752 tok/s/GPU) optim=0.0s loss=12.219183686704152 gn=0.487188458442688
[wxlgv5w/f2c2-flagOFF-131k-d4 main8] fb=42.9s (763 tok/s/GPU) optim=0.1s loss=12.202705022468738 gn=0.4453299343585968
[wxlgv5w/f2c2-flagOFF-131k-d4 main9] fb=43.2s (758 tok/s/GPU) optim=0.1s loss=12.178702764150728 gn=0.41816169023513794
[wxlgv5w/f2c2-flagOFF-131k-d4 main10] fb=43.3s (757 tok/s/GPU) optim=0.0s loss=12.17463626584065 gn=0.40235012769699097
[wxlgv5w/f2c2-flagOFF-131k-d4 main11] fb=43.5s (753 tok/s/GPU) optim=0.0s loss=12.157493839216913 gn=0.3855394124984741
[wxlgv5w/f2c2-flagOFF-131k-d4 main12] fb=43.9s (747 tok/s/GPU) optim=0.0s loss=12.145054970206987 gn=0.3660058379173279
[wxlgv5w/f2c2-flagOFF-131k-d4 main13] fb=44.2s (741 tok/s/GPU) optim=0.0s loss=12.128367449702832 gn=0.35455378890037537
[wxlgv5w/f2c2-flagOFF-131k-d4 main14] fb=43.8s (749 tok/s/GPU) optim=0.0s loss=12.12827971099633 gn=0.33595895767211914
[wxlgv5w/f2c2-flagOFF-131k-d4 main15] fb=44.2s (741 tok/s/GPU) optim=0.0s loss=12.114205278055405 gn=0.3333129286766052
[wxlgv5w/f2c2-flagOFF-131k-d4 main16] fb=44.2s (742 tok/s/GPU) optim=0.0s loss=12.106654980888221 gn=0.3273903429508209
[wxlgv5w/f2c2-flagOFF-131k-d4 main17] fb=44.3s (740 tok/s/GPU) optim=0.0s loss=12.09546352740118 gn=0.32254189252853394
[wxlgv5w/f2c2-flagOFF-131k-d4 main18] fb=44.3s (740 tok/s/GPU) optim=0.0s loss=12.089836806005906 gn=0.3159857392311096
[wxlgv5w/f2c2-flagOFF-131k-d4 main19] fb=44.6s (735 tok/s/GPU) optim=0.0s loss=12.078256250429156 gn=0.30966103076934814
[done] -> /root/.cache/user_artifacts/lps1062_bench/wxlgv5w/f2c2-flagOFF-131k-d4.json
SUMMARY wxlgv5w/f2c2-flagOFF-131k-d4: 740 tok/s/GPU | step 44.3s (524288 tok) | mfu3x 6.7% | hfu 9.8% | peak_mem 214 GiB
