[09:55:16] B1_det_H9 cyc-1 install wall=15s 3.880 3.626 4.413 2.861 3.488 4.092 3.849
  poll err: HTTP Error 408: Request Timeout
  poll err: HTTP Error 408: Request Timeout
  poll err: HTTP Error 408: Request Timeout
[09:57:31] B1_det_H9 cyc0 treated wall=135s 3.884 3.625 4.440 2.842 3.472 4.022 3.848
[09:57:40] B1_det_H9 cyc0 heal wall=9s 3.885 3.634 4.402 2.826 3.466 4.056 3.854
  poll err: HTTP Error 408: Request Timeout
  poll err: HTTP Error 408: Request Timeout
  poll err: HTTP Error 408: Request Timeout
  poll err: HTTP Error 408: Request Timeout
[10:00:07] B1_det_H9 cyc1 treated wall=146s 3.852 3.629 4.430 2.840 3.479 4.051 3.897
[10:00:16] B1_det_H9 cyc1 heal wall=9s 3.836 3.641 4.391 2.853 3.510 4.092 3.864
  poll err: HTTP Error 408: Request Timeout
  poll err: HTTP Error 408: Request Timeout
  poll err: HTTP Error 408: Request Timeout
  poll err: HTTP Error 408: Request Timeout
[10:02:36] B1_det_H9 cyc2 treated wall=140s 3.810 3.593 4.435 2.824 3.484 4.059 3.861
[10:02:46] B1_det_H9 cyc2 heal wall=10s 3.851 3.609 4.379 2.812 3.541 4.062 3.879
  poll err: HTTP Error 408: Request Timeout
  poll err: HTTP Error 408: Request Timeout
  poll err: HTTP Error 408: Request Timeout
[10:04:39] B1_det_H9 cyc3 treated wall=112s 3.867 3.615 4.450 2.825 3.483 4.073 3.888
[10:04:49] B1_det_H9 cyc3 heal wall=10s 3.860 3.634 4.437 2.805 3.467 4.057 3.894
  poll err: HTTP Error 408: Request Timeout
  poll err: HTTP Error 408: Request Timeout
  poll err: HTTP Error 408: Request Timeout
[10:06:37] B1_det_H9 cyc4 treated wall=108s 3.860 3.643 4.417 2.826 3.496 4.054 3.874
[10:06:47] B1_det_H9 cyc4 heal wall=10s 3.857 3.662 4.417 2.832 3.531 4.063 3.821
  poll err: HTTP Error 408: Request Timeout
  poll err: HTTP Error 408: Request Timeout
  poll err: HTTP Error 408: Request Timeout
[10:08:36] B1_det_H9 cyc5 treated wall=109s 3.875 3.628 4.412 2.828 3.497 4.044 3.876
[10:08:45] B1_det_H9 cyc5 heal wall=9s 3.845 3.662 4.422 2.824 3.498 4.071 3.890
  poll err: HTTP Error 408: Request Timeout
  poll err: HTTP Error 408: Request Timeout
  poll err: HTTP Error 408: Request Timeout
  poll err: HTTP Error 408: Request Timeout
[10:11:12] B1_det_H9 cyc6 treated wall=147s 3.845 3.681 4.383 2.818 3.485 4.071 3.860
[10:11:21] B1_det_H9 cyc6 heal wall=9s 3.883 3.578 4.424 2.815 3.472 4.062 3.875
  poll err: HTTP Error 408: Request Timeout
  poll err: HTTP Error 408: Request Timeout
  poll err: HTTP Error 408: Request Timeout
  poll err: HTTP Error 408: Request Timeout
[10:13:49] B1_det_H9 cyc7 treated wall=148s 3.852 3.660 4.405 2.812 3.519 4.090 3.853
[10:13:59] B1_det_H9 cyc7 heal wall=10s 3.840 3.624 4.452 2.821 3.503 4.032 3.879
  poll err: HTTP Error 408: Request Timeout
  poll err: HTTP Error 408: Request Timeout
  poll err: HTTP Error 408: Request Timeout
[10:16:13] B1_det_H9 cyc8 treated wall=134s 3.879 3.616 4.456 2.837 3.491 4.075 3.872
[10:16:22] B1_det_H9 cyc8 heal wall=9s 3.816 3.645 4.337 2.843 3.505 4.092 3.882
  poll err: HTTP Error 408: Request Timeout
  poll err: HTTP Error 408: Request Timeout
  poll err: HTTP Error 408: Request Timeout
[10:18:13] B1_det_H9 cyc9 treated wall=111s 3.873 3.615 4.459 2.825 3.469 4.095 3.853
[10:18:23] B1_det_H9 cyc9 heal wall=10s 3.881 3.628 4.406 2.845 3.493 4.062 3.916
PHASE B1_det_H9 DONE fired=0/10
