[10:19:01] rep0 wall=10s [3.8846, 3.6164, 4.3726, 2.8219, 3.5003, 4.0416, 3.8825]
[10:19:11] rep1 wall=9s [3.8872, 3.6101, 4.427, 2.8212, 3.4933, 4.0672, 3.8852]
[10:19:20] rep2 wall=9s [3.8228, 3.6252, 4.4555, 2.8171, 3.4574, 4.0772, 3.889]
[10:19:30] rep3 wall=10s [3.8619, 3.6328, 4.386, 2.8238, 3.5336, 4.0855, 3.8809]
[10:19:39] rep4 wall=10s [3.861, 3.6338, 4.43, 2.8382, 3.4926, 4.1081, 3.8528]
[10:19:49] rep5 wall=9s [3.8284, 3.6655, 4.4392, 2.8077, 3.4554, 4.0467, 3.8948]
[10:19:58] rep6 wall=10s [3.8845, 3.6222, 4.4366, 2.8494, 3.4942, 4.0328, 3.8919]
[10:20:08] rep7 wall=9s [3.8535, 3.612, 4.4148, 2.8233, 3.4827, 4.0742, 3.8575]
[10:20:17] rep8 wall=10s [3.8389, 3.6037, 4.3757, 2.851, 3.4577, 4.0653, 3.8913]
[10:20:27] rep9 wall=9s [3.8478, 3.6715, 4.4228, 2.8174, 3.5127, 4.0649, 3.9001]
[10:20:37] rep10 wall=10s [3.8991, 3.6176, 4.4319, 2.8177, 3.5066, 4.0816, 3.8583]
[10:20:46] rep11 wall=9s [3.8727, 3.623, 4.41, 2.8155, 3.4744, 4.0665, 3.86]
[10:20:55] rep12 wall=9s [3.8832, 3.6424, 4.4329, 2.8425, 3.4771, 4.0332, 3.8767]
[10:21:05] rep13 wall=9s [3.8691, 3.6489, 4.4496, 2.8319, 3.502, 4.1048, 3.8948]
[10:21:14] rep14 wall=9s [3.8436, 3.6436, 4.4375, 2.8376, 3.5011, 4.0463, 3.8766]
[10:21:24] rep15 wall=9s [3.8772, 3.6521, 4.4566, 2.8415, 3.4977, 4.0505, 3.8705]
[10:21:33] rep16 wall=9s [3.8141, 3.6687, 4.436, 2.8306, 3.4953, 4.0475, 3.8572]
[10:21:42] rep17 wall=9s [3.8873, 3.6045, 4.4606, 2.7998, 3.4552, 4.0835, 3.867]
[10:21:52] rep18 wall=9s [3.8566, 3.6344, 4.394, 2.8596, 3.4749, 4.0565, 3.8802]
[10:22:01] rep19 wall=9s [3.8361, 3.6196, 4.4544, 2.8301, 3.4897, 4.0498, 3.8937]
[10:22:11] rep20 wall=9s [3.8758, 3.6266, 4.4362, 2.8287, 3.4955, 4.0567, 3.9053]
[10:22:20] rep21 wall=9s [3.8453, 3.6178, 4.3546, 2.844, 3.4574, 4.0578, 3.9299]
[10:22:29] rep22 wall=9s [3.8617, 3.6339, 4.4161, 2.8508, 3.4952, 4.0707, 3.8843]
[10:22:39] rep23 wall=9s [3.8719, 3.6606, 4.4678, 2.8155, 3.5042, 4.043, 3.8794]
[10:22:48] rep24 wall=9s [3.8717, 3.62, 4.4346, 2.8184, 3.4883, 4.0649, 3.8862]
[10:22:58] rep25 wall=10s [3.8836, 3.5852, 4.4256, 2.8251, 3.4835, 4.0689, 3.8843]
[10:23:07] rep26 wall=9s [3.8116, 3.6217, 4.472, 2.8194, 3.4943, 4.062, 3.8844]
[10:23:16] rep27 wall=9s [3.9141, 3.6548, 4.4075, 2.8088, 3.4977, 4.016, 3.8911]
[10:23:26] rep28 wall=9s [3.8782, 3.6587, 4.3954, 2.8311, 3.4752, 4.0587, 3.8766]
[10:23:35] rep29 wall=9s [3.8497, 3.6279, 4.3912, 2.8217, 3.4781, 4.0648, 3.8957]
[10:23:45] rep30 wall=10s [3.859, 3.6611, 4.3685, 2.853, 3.495, 4.0734, 3.9068]
[10:23:54] rep31 wall=9s [3.9018, 3.5968, 4.4125, 2.8109, 3.4959, 4.0775, 3.87]
[10:24:04] rep32 wall=10s [3.8454, 3.5969, 4.4549, 2.8356, 3.5008, 4.1165, 3.8747]
[10:24:13] rep33 wall=9s [3.8468, 3.6601, 4.356, 2.805, 3.506, 4.0449, 3.8938]
[10:24:23] rep34 wall=9s [3.8462, 3.6277, 4.4449, 2.8352, 3.4788, 4.0754, 3.9233]
[10:24:32] rep35 wall=9s [3.8237, 3.6346, 4.435, 2.8209, 3.5357, 4.0911, 3.8463]
[10:24:41] rep36 wall=9s [3.8818, 3.6172, 4.4403, 2.8399, 3.4751, 4.0714, 3.8675]
[10:24:51] rep37 wall=9s [3.8554, 3.6085, 4.4714, 2.8539, 3.4953, 4.0532, 3.881]
[10:25:00] rep38 wall=9s [3.8759, 3.6775, 4.4977, 2.8461, 3.5054, 4.0177, 3.8977]
[10:25:10] rep39 wall=9s [3.8683, 3.6664, 4.4326, 2.826, 3.4339, 4.065, 3.8975]
[10:25:19] rep40 wall=9s [3.8791, 3.6157, 4.479, 2.8304, 3.4552, 4.0731, 3.9141]
[10:25:28] rep41 wall=9s [3.8284, 3.6179, 4.4953, 2.8484, 3.4687, 4.1058, 3.8707]
[10:25:38] rep42 wall=9s [3.9174, 3.603, 4.4252, 2.8083, 3.5315, 4.0632, 3.8791]
[10:25:47] rep43 wall=9s [3.8735, 3.6393, 4.4219, 2.8556, 3.5114, 4.0484, 3.8459]
[10:25:57] rep44 wall=9s [3.8508, 3.6169, 4.4175, 2.8342, 3.4901, 4.0629, 3.8718]
[10:26:06] rep45 wall=9s [3.8638, 3.5924, 4.4443, 2.8056, 3.5072, 4.0609, 3.884]
[10:26:15] rep46 wall=9s [3.8172, 3.6273, 4.4483, 2.8346, 3.4639, 4.0326, 3.8884]
[10:26:25] rep47 wall=9s [3.8506, 3.6346, 4.4196, 2.852, 3.4757, 4.094, 3.9026]
[10:26:34] rep48 wall=9s [3.8403, 3.6211, 4.3822, 2.8194, 3.5044, 4.1078, 3.9001]
[10:26:43] rep49 wall=9s [3.8612, 3.5831, 4.4003, 2.8161, 3.4654, 4.0987, 3.8611]
[10:26:53] rep50 wall=9s [3.8865, 3.6152, 4.4581, 2.8137, 3.487, 4.0626, 3.9077]
[10:27:02] rep51 wall=9s [3.8541, 3.6122, 4.4022, 2.84, 3.4916, 4.0557, 3.865]
[10:27:12] rep52 wall=9s [3.8975, 3.652, 4.4347, 2.8023, 3.4778, 4.0659, 3.8931]
[10:27:21] rep53 wall=9s [3.858, 3.6369, 4.3886, 2.8385, 3.4514, 4.1026, 3.9333]
[10:27:31] rep54 wall=9s [3.8521, 3.6711, 4.4059, 2.8243, 3.4918, 4.0931, 3.8519]
[10:27:40] rep55 wall=9s [3.8505, 3.6285, 4.4188, 2.8105, 3.5064, 4.0197, 3.9333]
[10:27:49] rep56 wall=9s [3.8452, 3.6295, 4.4353, 2.8353, 3.4589, 4.1025, 3.8893]
[10:27:59] rep57 wall=9s [3.8716, 3.5701, 4.4579, 2.82, 3.4747, 4.1125, 3.9014]
[10:28:08] rep58 wall=9s [3.8482, 3.6411, 4.4328, 2.838, 3.4693, 4.0464, 3.8672]
[10:28:17] rep59 wall=9s [3.853, 3.6511, 4.4169, 2.8285, 3.5188, 4.0487, 3.8451]
[10:28:27] rep60 wall=9s [3.8156, 3.6264, 4.4098, 2.8438, 3.5043, 4.044, 3.898]
[10:28:36] rep61 wall=9s [3.8132, 3.5943, 4.4494, 2.8231, 3.5213, 4.0612, 3.9006]
[10:28:45] rep62 wall=9s [3.8704, 3.677, 4.4226, 2.823, 3.4874, 4.0721, 3.9036]
[10:28:55] rep63 wall=9s [3.7954, 3.6079, 4.4283, 2.7937, 3.4898, 4.0638, 3.9188]
[10:29:04] rep64 wall=9s [3.8473, 3.6587, 4.4198, 2.8486, 3.4988, 4.06, 3.8689]
[10:29:14] rep65 wall=9s [3.8448, 3.6303, 4.4494, 2.8453, 3.5187, 4.063, 3.8845]
[10:29:23] rep66 wall=9s [3.8552, 3.6222, 4.3857, 2.8105, 3.5059, 4.0864, 3.8597]
[10:29:32] rep67 wall=9s [3.8691, 3.6188, 4.4057, 2.8163, 3.4824, 4.0615, 3.9277]
[10:29:42] rep68 wall=9s [3.8602, 3.644, 4.4524, 2.8274, 3.5211, 4.0456, 3.9076]
[10:29:51] rep69 wall=9s [3.8665, 3.6422, 4.392, 2.831, 3.4549, 4.0537, 3.8804]
[10:30:00] rep70 wall=9s [3.8848, 3.6093, 4.4678, 2.8079, 3.5, 4.079, 3.8633]
[10:30:10] rep71 wall=9s [3.873, 3.6511, 4.4385, 2.8303, 3.5279, 4.0658, 3.9085]
[10:30:19] rep72 wall=9s [3.9065, 3.6416, 4.4037, 2.8246, 3.4897, 4.0467, 3.8965]
[10:30:29] rep73 wall=9s [3.8725, 3.645, 4.3769, 2.818, 3.511, 4.0616, 3.8697]
[10:30:38] rep74 wall=9s [3.8873, 3.639, 4.4524, 2.8295, 3.4629, 4.0767, 3.8893]
[10:30:47] rep75 wall=9s [3.8398, 3.6478, 4.3981, 2.8127, 3.5101, 4.0487, 3.8876]
[10:30:57] rep76 wall=9s [3.8516, 3.5989, 4.4619, 2.8043, 3.5047, 4.0644, 3.8501]
[10:31:06] rep77 wall=9s [3.8747, 3.6859, 4.4075, 2.8316, 3.5011, 4.086, 3.8701]
[10:31:16] rep78 wall=9s [3.8944, 3.5968, 4.4387, 2.8215, 3.4883, 4.0534, 3.8554]
[10:31:25] rep79 wall=9s [3.8155, 3.5999, 4.4712, 2.8119, 3.4793, 4.0919, 3.8714]
[10:31:34] rep80 wall=9s [3.8712, 3.6258, 4.4597, 2.8354, 3.4879, 4.0599, 3.8801]
[10:31:44] rep81 wall=9s [3.8953, 3.614, 4.4407, 2.8328, 3.5112, 4.0524, 3.8612]
[10:31:53] rep82 wall=9s [3.8595, 3.6186, 4.3999, 2.8419, 3.4518, 4.085, 3.8779]
[10:32:02] rep83 wall=9s [3.8544, 3.6584, 4.445, 2.8566, 3.5449, 4.0723, 3.8727]
[10:32:12] rep84 wall=9s [3.8339, 3.6185, 4.453, 2.8364, 3.491, 4.0687, 3.8877]
[10:32:21] rep85 wall=9s [3.8272, 3.6332, 4.37, 2.8415, 3.4852, 4.0846, 3.8674]
[10:32:31] rep86 wall=9s [3.8502, 3.6541, 4.4507, 2.8378, 3.5067, 4.0839, 3.8457]
[10:32:40] rep87 wall=9s [3.8842, 3.6145, 4.4345, 2.8326, 3.536, 4.0634, 3.8246]
[10:32:49] rep88 wall=9s [3.8644, 3.6272, 4.3945, 2.8527, 3.4811, 4.0511, 3.9128]
[10:32:59] rep89 wall=9s [3.8608, 3.6413, 4.4737, 2.8254, 3.5001, 4.036, 3.8831]
[10:33:08] rep90 wall=9s [3.868, 3.6136, 4.4699, 2.7975, 3.4849, 4.0895, 3.9347]
[10:33:17] rep91 wall=9s [3.8656, 3.6354, 4.4064, 2.8133, 3.4883, 4.0578, 3.8447]
[10:33:27] rep92 wall=9s [3.8761, 3.6296, 4.4124, 2.832, 3.4719, 4.064, 3.8716]
[10:33:36] rep93 wall=9s [3.8566, 3.6305, 4.4327, 2.8387, 3.4978, 4.0595, 3.8781]
[10:33:46] rep94 wall=9s [3.8703, 3.6111, 4.4426, 2.8531, 3.4892, 4.031, 3.9303]
[10:33:55] rep95 wall=9s [3.8441, 3.6027, 4.4208, 2.8116, 3.4752, 4.0658, 3.8574]
[10:34:05] rep96 wall=10s [3.8871, 3.6212, 4.4235, 2.8323, 3.4518, 4.076, 3.8657]
[10:34:14] rep97 wall=9s [3.8358, 3.6145, 4.4505, 2.8178, 3.4939, 4.074, 3.8906]
[10:34:23] rep98 wall=9s [3.8389, 3.6333, 4.4264, 2.8206, 3.4906, 4.0474, 3.8375]
[10:34:33] rep99 wall=9s [3.8616, 3.6436, 4.3869, 2.8364, 3.4787, 4.0588, 3.8684]
[10:34:42] rep100 wall=9s [3.8669, 3.6086, 4.4123, 2.8035, 3.4913, 4.0767, 3.8972]
[10:34:52] rep101 wall=9s [3.8609, 3.6665, 4.4333, 2.8489, 3.4789, 4.0443, 3.8903]
[10:35:01] rep102 wall=9s [3.8994, 3.6188, 4.4558, 2.8156, 3.5041, 4.0741, 3.8988]
[10:35:10] rep103 wall=9s [3.8763, 3.6041, 4.443, 2.8341, 3.4821, 4.0662, 3.8414]
[10:35:20] rep104 wall=10s [3.8812, 3.6323, 4.4152, 2.8112, 3.4717, 4.0832, 3.8918]
[10:35:29] rep105 wall=9s [3.8698, 3.6372, 4.4383, 2.8341, 3.4838, 4.0281, 3.9085]
[10:35:39] rep106 wall=9s [3.8394, 3.6508, 4.3664, 2.8157, 3.5174, 4.0671, 3.8671]
[10:35:48] rep107 wall=9s [3.8508, 3.6348, 4.3814, 2.8066, 3.5046, 4.0457, 3.8779]
[10:35:58] rep108 wall=9s [3.8486, 3.63, 4.4023, 2.8121, 3.4776, 4.0804, 3.8674]
[10:36:07] rep109 wall=9s [3.8438, 3.6447, 4.4136, 2.8634, 3.4842, 4.0621, 3.8663]
[10:36:16] rep110 wall=9s [3.833, 3.6254, 4.4494, 2.8231, 3.5009, 4.0701, 3.8742]
[10:36:26] rep111 wall=9s [3.8682, 3.6333, 4.3923, 2.7937, 3.4474, 4.07, 3.8686]
[10:36:35] rep112 wall=9s [3.8371, 3.6225, 4.4153, 2.8376, 3.46, 4.0782, 3.8817]
[10:36:45] rep113 wall=9s [3.8946, 3.6426, 4.4672, 2.8381, 3.4649, 4.0952, 3.8706]
[10:36:54] rep114 wall=9s [3.819, 3.6346, 4.4554, 2.8275, 3.5087, 4.097, 3.8848]
[10:37:03] rep115 wall=9s [3.8562, 3.6167, 4.4394, 2.8118, 3.4554, 4.0141, 3.8765]
[10:37:13] rep116 wall=9s [3.9074, 3.6324, 4.4446, 2.8466, 3.4718, 4.0664, 3.8814]
[10:37:22] rep117 wall=9s [3.8514, 3.6476, 4.435, 2.8393, 3.4764, 4.0199, 3.8673]
[10:37:31] rep118 wall=9s [3.9029, 3.6414, 4.4256, 2.8126, 3.5077, 4.0711, 3.8549]
[10:37:41] rep119 wall=9s [3.8737, 3.6062, 4.4326, 2.8348, 3.5016, 4.0625, 3.8368]
[10:37:50] rep120 wall=9s [3.8625, 3.6284, 4.438, 2.8529, 3.5022, 4.0708, 3.8877]
[10:38:00] rep121 wall=9s [3.8584, 3.6189, 4.4443, 2.8469, 3.5141, 4.0615, 3.8967]
[10:38:09] rep122 wall=9s [3.8163, 3.6231, 4.4399, 2.8017, 3.4951, 4.0683, 3.8186]
[10:38:18] rep123 wall=9s [3.8451, 3.6659, 4.4083, 2.8092, 3.4516, 4.0546, 3.8642]
[10:38:28] rep124 wall=9s [3.8651, 3.6733, 4.4304, 2.8112, 3.4803, 4.0607, 3.8686]
[10:38:37] rep125 wall=9s [3.8623, 3.6651, 4.4519, 2.8623, 3.4771, 4.0836, 3.8667]
[10:38:46] rep126 wall=9s [3.836, 3.6122, 4.4223, 2.8366, 3.4684, 4.0418, 3.8814]
[10:38:56] rep127 wall=9s [3.8497, 3.6611, 4.4194, 2.8296, 3.4843, 4.0553, 3.8771]
[10:39:05] rep128 wall=9s [3.8732, 3.6478, 4.4391, 2.7992, 3.4893, 4.0292, 3.8812]
[10:39:15] rep129 wall=9s [3.8267, 3.6205, 4.4362, 2.8437, 3.4825, 4.0597, 3.8531]
[10:39:24] rep130 wall=9s [3.9104, 3.6154, 4.4019, 2.8334, 3.4721, 4.0917, 3.8468]
[10:39:33] rep131 wall=9s [3.8438, 3.6393, 4.4404, 2.8267, 3.5412, 4.0405, 3.8744]
[10:39:43] rep132 wall=9s [3.8492, 3.6319, 4.3934, 2.825, 3.4697, 4.0526, 3.8698]
[10:39:52] rep133 wall=9s [3.8524, 3.6041, 4.4108, 2.8333, 3.4709, 4.0765, 3.8777]
[10:40:01] rep134 wall=9s [3.8122, 3.6419, 4.415, 2.8597, 3.499, 4.0916, 3.8783]
[10:40:11] rep135 wall=9s [3.8641, 3.6506, 4.4269, 2.8422, 3.4622, 4.0954, 3.8867]
[10:40:20] rep136 wall=9s [3.8469, 3.6218, 4.4029, 2.8566, 3.4821, 4.0764, 3.8964]
[10:40:29] rep137 wall=9s [3.8581, 3.6123, 4.4159, 2.8315, 3.4905, 4.0577, 3.8659]
[10:40:39] rep138 wall=9s [3.8341, 3.6121, 4.386, 2.825, 3.4952, 4.0492, 3.8663]
[10:40:48] rep139 wall=9s [3.885, 3.6461, 4.4448, 2.8308, 3.4728, 4.0577, 3.8898]
[10:40:58] rep140 wall=9s [3.8575, 3.6298, 4.3926, 2.8379, 3.4777, 4.062, 3.8468]
[10:41:07] rep141 wall=9s [3.8466, 3.6198, 4.4531, 2.8221, 3.5044, 4.0393, 3.8724]
[10:41:16] rep142 wall=9s [3.8504, 3.6444, 4.4461, 2.8199, 3.4849, 4.0802, 3.8955]
[10:41:26] rep143 wall=9s [3.8524, 3.5898, 4.4445, 2.8403, 3.4531, 4.0651, 3.8702]
[10:41:35] rep144 wall=9s [3.8233, 3.5998, 4.4233, 2.8291, 3.4731, 4.0625, 3.8731]
[10:41:45] rep145 wall=9s [3.8614, 3.5686, 4.4188, 2.8438, 3.5196, 4.0492, 3.8898]
[10:41:54] rep146 wall=9s [3.8306, 3.6263, 4.4245, 2.8323, 3.5184, 4.0776, 3.8943]
[10:42:03] rep147 wall=9s [3.8709, 3.6235, 4.4216, 2.8215, 3.4931, 4.0738, 3.8906]
[10:42:13] rep148 wall=9s [3.8581, 3.6148, 4.4234, 2.8227, 3.5484, 4.0868, 3.8612]
[10:42:22] rep149 wall=9s [3.8684, 3.6479, 4.4315, 2.8213, 3.4862, 4.1015, 3.8632]
B4 SOAK DONE
