  poll err: HTTP Error 408: Request Timeout
  poll err: HTTP Error 408: Request Timeout
[08:39:01] P5_fix cyc-1 install wall=70s 3.827 3.635 4.403 2.795 4.412 4.533 5.354  *** DESTROYED
  poll err: HTTP Error 408: Request Timeout
  poll err: HTTP Error 408: Request Timeout
  poll err: HTTP Error 408: Request Timeout
[08:40:52] P5_fix cyc0 treated wall=111s 3.862 3.636 4.396 2.821 5.474 9.104 9.707  *** DESTROYED
[08:41:01] P5_fix cyc0 heal wall=9s 3.875 3.639 4.356 2.823 3.457 3.971 4.118
  poll err: HTTP Error 408: Request Timeout
  poll err: HTTP Error 408: Request Timeout
  poll err: HTTP Error 408: Request Timeout
[08:42:46] P5_fix cyc1 treated wall=105s 3.884 3.646 4.460 2.826 5.081 8.617 8.978  *** DESTROYED
[08:42:55] P5_fix cyc1 heal wall=9s 3.850 3.641 4.408 2.835 3.785 4.277 3.945
  poll err: HTTP Error 408: Request Timeout
  poll err: HTTP Error 408: Request Timeout
[08:44:25] P5_fix cyc2 treated wall=89s 3.863 3.631 4.443 2.803 5.556 9.020 9.274  *** DESTROYED
[08:44:34] P5_fix cyc2 heal wall=9s 3.839 3.593 4.441 2.827 3.821 4.180 5.597  *** DESTROYED
  poll err: HTTP Error 408: Request Timeout
  poll err: HTTP Error 408: Request Timeout
[08:45:56] P5_fix cyc3 treated wall=82s 3.834 3.589 4.456 2.823 5.121 8.444 9.143  *** DESTROYED
[08:46:06] P5_fix cyc3 heal wall=9s 3.861 3.643 4.423 2.862 2.517 3.055 2.723  (low)
PHASE P5_fix DONE fired=4/4
