node 0: rendezvous master=b300-1-izksekdp-0001 (10.1.77.46)
node 0: NCCL_IB_HCA=mlx5_bond
/root/.cache/user_artifacts/devboxes/q4grmdq/trainers/server-megatron-bridge/.venv/lib/python3.12/site-packages/torch/cuda/__init__.py:61: FutureWarning: The pynvml package is deprecated. Please install nvidia-ml-py instead. If you did not install pynvml directly, please report this to the maintainers of the package that installed pynvml for you.
  import pynvml  # type: ignore[import]
/root/.cache/user_artifacts/devboxes/q4grmdq/trainers/server-megatron-bridge/.venv/lib/python3.12/site-packages/torch/cuda/__init__.py:61: FutureWarning: The pynvml package is deprecated. Please install nvidia-ml-py instead. If you did not install pynvml directly, please report this to the maintainers of the package that installed pynvml for you.
  import pynvml  # type: ignore[import]
/root/.cache/user_artifacts/devboxes/q4grmdq/trainers/server-megatron-bridge/.venv/lib/python3.12/site-packages/torch/cuda/__init__.py:61: FutureWarning: The pynvml package is deprecated. Please install nvidia-ml-py instead. If you did not install pynvml directly, please report this to the maintainers of the package that installed pynvml for you.
  import pynvml  # type: ignore[import]
/root/.cache/user_artifacts/devboxes/q4grmdq/trainers/server-megatron-bridge/.venv/lib/python3.12/site-packages/torch/cuda/__init__.py:61: FutureWarning: The pynvml package is deprecated. Please install nvidia-ml-py instead. If you did not install pynvml directly, please report this to the maintainers of the package that installed pynvml for you.
  import pynvml  # type: ignore[import]
/root/.cache/user_artifacts/devboxes/q4grmdq/trainers/server-megatron-bridge/.venv/lib/python3.12/site-packages/torch/cuda/__init__.py:61: FutureWarning: The pynvml package is deprecated. Please install nvidia-ml-py instead. If you did not install pynvml directly, please report this to the maintainers of the package that installed pynvml for you.
  import pynvml  # type: ignore[import]
/root/.cache/user_artifacts/devboxes/q4grmdq/trainers/server-megatron-bridge/.venv/lib/python3.12/site-packages/torch/cuda/__init__.py:61: FutureWarning: The pynvml package is deprecated. Please install nvidia-ml-py instead. If you did not install pynvml directly, please report this to the maintainers of the package that installed pynvml for you.
  import pynvml  # type: ignore[import]
/root/.cache/user_artifacts/devboxes/q4grmdq/trainers/server-megatron-bridge/.venv/lib/python3.12/site-packages/torch/cuda/__init__.py:61: FutureWarning: The pynvml package is deprecated. Please install nvidia-ml-py instead. If you did not install pynvml directly, please report this to the maintainers of the package that installed pynvml for you.
  import pynvml  # type: ignore[import]
/root/.cache/user_artifacts/devboxes/q4grmdq/trainers/server-megatron-bridge/.venv/lib/python3.12/site-packages/torch/cuda/__init__.py:61: FutureWarning: The pynvml package is deprecated. Please install nvidia-ml-py instead. If you did not install pynvml directly, please report this to the maintainers of the package that installed pynvml for you.
  import pynvml  # type: ignore[import]
/root/.cache/user_artifacts/devboxes/q4grmdq/trainers/server-megatron-bridge/.venv/lib/python3.12/site-packages/torch/cuda/__init__.py:61: FutureWarning: The pynvml package is deprecated. Please install nvidia-ml-py instead. If you did not install pynvml directly, please report this to the maintainers of the package that installed pynvml for you.
  import pynvml  # type: ignore[import]
/root/.cache/user_artifacts/devboxes/q4grmdq/trainers/server-megatron-bridge/vendor/megatron-bridge/3rdparty/Megatron-LM/megatron/core/models/backends.py:34: UserWarning: Apex is not installed. Falling back to Torch Norm
  warnings.warn("Apex is not installed. Falling back to Torch Norm")
/root/.cache/user_artifacts/devboxes/q4grmdq/trainers/server-megatron-bridge/vendor/megatron-bridge/3rdparty/Megatron-LM/megatron/core/models/backends.py:34: UserWarning: Apex is not installed. Falling back to Torch Norm
  warnings.warn("Apex is not installed. Falling back to Torch Norm")
/root/.cache/user_artifacts/devboxes/q4grmdq/trainers/server-megatron-bridge/vendor/megatron-bridge/3rdparty/Megatron-LM/megatron/core/models/backends.py:34: UserWarning: Apex is not installed. Falling back to Torch Norm
  warnings.warn("Apex is not installed. Falling back to Torch Norm")
/root/.cache/user_artifacts/devboxes/q4grmdq/trainers/server-megatron-bridge/vendor/megatron-bridge/3rdparty/Megatron-LM/megatron/core/models/backends.py:34: UserWarning: Apex is not installed. Falling back to Torch Norm
  warnings.warn("Apex is not installed. Falling back to Torch Norm")
/root/.cache/user_artifacts/devboxes/q4grmdq/trainers/server-megatron-bridge/vendor/megatron-bridge/3rdparty/Megatron-LM/megatron/core/models/backends.py:34: UserWarning: Apex is not installed. Falling back to Torch Norm
  warnings.warn("Apex is not installed. Falling back to Torch Norm")
/root/.cache/user_artifacts/devboxes/q4grmdq/trainers/server-megatron-bridge/vendor/megatron-bridge/3rdparty/Megatron-LM/megatron/core/models/backends.py:34: UserWarning: Apex is not installed. Falling back to Torch Norm
  warnings.warn("Apex is not installed. Falling back to Torch Norm")
/root/.cache/user_artifacts/devboxes/q4grmdq/trainers/server-megatron-bridge/vendor/megatron-bridge/3rdparty/Megatron-LM/megatron/core/models/backends.py:34: UserWarning: Apex is not installed. Falling back to Torch Norm
  warnings.warn("Apex is not installed. Falling back to Torch Norm")
/root/.cache/user_artifacts/devboxes/q4grmdq/trainers/server-megatron-bridge/vendor/megatron-bridge/3rdparty/Megatron-LM/megatron/core/models/backends.py:34: UserWarning: Apex is not installed. Falling back to Torch Norm
  warnings.warn("Apex is not installed. Falling back to Torch Norm")
/root/.cache/user_artifacts/devboxes/q4grmdq/trainers/server-megatron-bridge/vendor/megatron-bridge/3rdparty/Megatron-LM/megatron/core/models/gpt/gpt_layer_specs.py:74: UserWarning: Apex is not installed. Falling back to Torch Norm
  warnings.warn("Apex is not installed. Falling back to Torch Norm")
/root/.cache/user_artifacts/devboxes/q4grmdq/trainers/server-megatron-bridge/.venv/lib/python3.12/site-packages/modelopt/torch/__init__.py:53: UserWarning: transformers>=5.0 support is experimental. Unified Hugging Face checkpoint export for quantized checkpoints may not work for some models yet.
  _warnings.warn(
/root/.cache/user_artifacts/devboxes/q4grmdq/trainers/server-megatron-bridge/vendor/megatron-bridge/3rdparty/Megatron-LM/megatron/core/models/gpt/gpt_layer_specs.py:74: UserWarning: Apex is not installed. Falling back to Torch Norm
  warnings.warn("Apex is not installed. Falling back to Torch Norm")
/root/.cache/user_artifacts/devboxes/q4grmdq/trainers/server-megatron-bridge/vendor/megatron-bridge/3rdparty/Megatron-LM/megatron/core/models/gpt/heterogeneous/heterogeneous_layer_specs.py:68: UserWarning: Apex is not installed. Falling back to Torch Norm
  warnings.warn("Apex is not installed. Falling back to Torch Norm")
/root/.cache/user_artifacts/devboxes/q4grmdq/trainers/server-megatron-bridge/.venv/lib/python3.12/site-packages/modelopt/torch/__init__.py:53: UserWarning: transformers>=5.0 support is experimental. Unified Hugging Face checkpoint export for quantized checkpoints may not work for some models yet.
  _warnings.warn(
/root/.cache/user_artifacts/devboxes/q4grmdq/trainers/server-megatron-bridge/vendor/megatron-bridge/3rdparty/Megatron-LM/megatron/core/models/gpt/heterogeneous/heterogeneous_layer_specs.py:68: UserWarning: Apex is not installed. Falling back to Torch Norm
  warnings.warn("Apex is not installed. Falling back to Torch Norm")
/root/.cache/user_artifacts/devboxes/q4grmdq/trainers/server-megatron-bridge/vendor/megatron-bridge/3rdparty/Megatron-LM/megatron/core/models/vision/vit_layer_specs.py:31: UserWarning: Apex is not installed. Falling back to Torch Norm
  warnings.warn("Apex is not installed. Falling back to Torch Norm")
/root/.cache/user_artifacts/devboxes/q4grmdq/trainers/server-megatron-bridge/vendor/megatron-bridge/3rdparty/Megatron-LM/megatron/core/models/vision/vit_layer_specs.py:31: UserWarning: Apex is not installed. Falling back to Torch Norm
  warnings.warn("Apex is not installed. Falling back to Torch Norm")
/root/.cache/user_artifacts/devboxes/q4grmdq/trainers/server-megatron-bridge/vendor/megatron-bridge/3rdparty/Megatron-LM/megatron/core/models/gpt/gpt_layer_specs.py:74: UserWarning: Apex is not installed. Falling back to Torch Norm
  warnings.warn("Apex is not installed. Falling back to Torch Norm")
/root/.cache/user_artifacts/devboxes/q4grmdq/trainers/server-megatron-bridge/vendor/megatron-bridge/3rdparty/Megatron-LM/megatron/core/models/gpt/gpt_layer_specs.py:74: UserWarning: Apex is not installed. Falling back to Torch Norm
  warnings.warn("Apex is not installed. Falling back to Torch Norm")
/root/.cache/user_artifacts/devboxes/q4grmdq/trainers/server-megatron-bridge/.venv/lib/python3.12/site-packages/modelopt/torch/__init__.py:53: UserWarning: transformers>=5.0 support is experimental. Unified Hugging Face checkpoint export for quantized checkpoints may not work for some models yet.
  _warnings.warn(
/root/.cache/user_artifacts/devboxes/q4grmdq/trainers/server-megatron-bridge/.venv/lib/python3.12/site-packages/modelopt/torch/__init__.py:53: UserWarning: transformers>=5.0 support is experimental. Unified Hugging Face checkpoint export for quantized checkpoints may not work for some models yet.
  _warnings.warn(
/root/.cache/user_artifacts/devboxes/q4grmdq/trainers/server-megatron-bridge/vendor/megatron-bridge/3rdparty/Megatron-LM/megatron/core/models/gpt/gpt_layer_specs.py:74: UserWarning: Apex is not installed. Falling back to Torch Norm
  warnings.warn("Apex is not installed. Falling back to Torch Norm")
/root/.cache/user_artifacts/devboxes/q4grmdq/trainers/server-megatron-bridge/vendor/megatron-bridge/3rdparty/Megatron-LM/megatron/core/models/gpt/heterogeneous/heterogeneous_layer_specs.py:68: UserWarning: Apex is not installed. Falling back to Torch Norm
  warnings.warn("Apex is not installed. Falling back to Torch Norm")
/root/.cache/user_artifacts/devboxes/q4grmdq/trainers/server-megatron-bridge/vendor/megatron-bridge/3rdparty/Megatron-LM/megatron/core/models/gpt/heterogeneous/heterogeneous_layer_specs.py:68: UserWarning: Apex is not installed. Falling back to Torch Norm
  warnings.warn("Apex is not installed. Falling back to Torch Norm")
/root/.cache/user_artifacts/devboxes/q4grmdq/trainers/server-megatron-bridge/.venv/lib/python3.12/site-packages/modelopt/torch/__init__.py:53: UserWarning: transformers>=5.0 support is experimental. Unified Hugging Face checkpoint export for quantized checkpoints may not work for some models yet.
  _warnings.warn(
/root/.cache/user_artifacts/devboxes/q4grmdq/trainers/server-megatron-bridge/vendor/megatron-bridge/3rdparty/Megatron-LM/megatron/core/models/gpt/heterogeneous/heterogeneous_layer_specs.py:68: UserWarning: Apex is not installed. Falling back to Torch Norm
  warnings.warn("Apex is not installed. Falling back to Torch Norm")
/root/.cache/user_artifacts/devboxes/q4grmdq/trainers/server-megatron-bridge/vendor/megatron-bridge/3rdparty/Megatron-LM/megatron/core/models/vision/vit_layer_specs.py:31: UserWarning: Apex is not installed. Falling back to Torch Norm
  warnings.warn("Apex is not installed. Falling back to Torch Norm")
/root/.cache/user_artifacts/devboxes/q4grmdq/trainers/server-megatron-bridge/vendor/megatron-bridge/3rdparty/Megatron-LM/megatron/core/models/vision/vit_layer_specs.py:31: UserWarning: Apex is not installed. Falling back to Torch Norm
  warnings.warn("Apex is not installed. Falling back to Torch Norm")
/root/.cache/user_artifacts/devboxes/q4grmdq/trainers/server-megatron-bridge/vendor/megatron-bridge/3rdparty/Megatron-LM/megatron/core/models/gpt/gpt_layer_specs.py:74: UserWarning: Apex is not installed. Falling back to Torch Norm
  warnings.warn("Apex is not installed. Falling back to Torch Norm")
/root/.cache/user_artifacts/devboxes/q4grmdq/trainers/server-megatron-bridge/vendor/megatron-bridge/3rdparty/Megatron-LM/megatron/core/models/gpt/gpt_layer_specs.py:74: UserWarning: Apex is not installed. Falling back to Torch Norm
  warnings.warn("Apex is not installed. Falling back to Torch Norm")
/root/.cache/user_artifacts/devboxes/q4grmdq/trainers/server-megatron-bridge/.venv/lib/python3.12/site-packages/modelopt/torch/__init__.py:53: UserWarning: transformers>=5.0 support is experimental. Unified Hugging Face checkpoint export for quantized checkpoints may not work for some models yet.
  _warnings.warn(
/root/.cache/user_artifacts/devboxes/q4grmdq/trainers/server-megatron-bridge/vendor/megatron-bridge/3rdparty/Megatron-LM/megatron/core/models/vision/vit_layer_specs.py:31: UserWarning: Apex is not installed. Falling back to Torch Norm
  warnings.warn("Apex is not installed. Falling back to Torch Norm")
/root/.cache/user_artifacts/devboxes/q4grmdq/trainers/server-megatron-bridge/.venv/lib/python3.12/site-packages/modelopt/torch/__init__.py:53: UserWarning: transformers>=5.0 support is experimental. Unified Hugging Face checkpoint export for quantized checkpoints may not work for some models yet.
  _warnings.warn(
/root/.cache/user_artifacts/devboxes/q4grmdq/trainers/server-megatron-bridge/vendor/megatron-bridge/3rdparty/Megatron-LM/megatron/core/models/gpt/heterogeneous/heterogeneous_layer_specs.py:68: UserWarning: Apex is not installed. Falling back to Torch Norm
  warnings.warn("Apex is not installed. Falling back to Torch Norm")
/root/.cache/user_artifacts/devboxes/q4grmdq/trainers/server-megatron-bridge/vendor/megatron-bridge/3rdparty/Megatron-LM/megatron/core/models/gpt/heterogeneous/heterogeneous_layer_specs.py:68: UserWarning: Apex is not installed. Falling back to Torch Norm
  warnings.warn("Apex is not installed. Falling back to Torch Norm")
/root/.cache/user_artifacts/devboxes/q4grmdq/trainers/server-megatron-bridge/vendor/megatron-bridge/3rdparty/Megatron-LM/megatron/core/models/vision/vit_layer_specs.py:31: UserWarning: Apex is not installed. Falling back to Torch Norm
  warnings.warn("Apex is not installed. Falling back to Torch Norm")
/root/.cache/user_artifacts/devboxes/q4grmdq/trainers/server-megatron-bridge/vendor/megatron-bridge/3rdparty/Megatron-LM/megatron/core/models/vision/vit_layer_specs.py:31: UserWarning: Apex is not installed. Falling back to Torch Norm
  warnings.warn("Apex is not installed. Falling back to Torch Norm")
/root/.cache/user_artifacts/devboxes/q4grmdq/trainers/server-megatron-bridge/vendor/megatron-bridge/3rdparty/Megatron-LM/megatron/core/models/mimo/config/base_configs.py:12: UserWarning: MimoModelConfig is experimental and still under active development. The API may change without notice in future releases.
  class MimoModelConfig:
/root/.cache/user_artifacts/devboxes/q4grmdq/trainers/server-megatron-bridge/vendor/megatron-bridge/3rdparty/Megatron-LM/megatron/core/models/mimo/config/base_configs.py:12: UserWarning: MimoModelConfig is experimental and still under active development. The API may change without notice in future releases.
  class MimoModelConfig:
WARNING:megatron.bridge.models.conversion.auto_bridge:Loading a model with trust_remote_code=True allows arbitrary code execution from the model repository. Only use this with models you trust.
WARNING:megatron.bridge.models.conversion.auto_bridge:Loading a model with trust_remote_code=True allows arbitrary code execution from the model repository. Only use this with models you trust.
/root/.cache/user_artifacts/devboxes/q4grmdq/trainers/server-megatron-bridge/vendor/megatron-bridge/src/megatron/bridge/models/glm_moe_dsa/glm5_bridge.py:90: FutureWarning: GLM5Bridge.provider_bridge() and AutoBridge.to_megatron_provider() are deprecated for builder-backed models. Use AutoBridge.get_model_config() for training recipes or AutoBridge.get_model() to construct a model. Legacy provider support will be removed in a future release.
  provider = super().provider_bridge(hf_pretrained)
[transformers] `torch_dtype` is deprecated! Use `dtype` instead!
INFO:trainers_server_interface.startup:trainer startup phase=bridge_provider rank=1 duration_s=0.005 cumulative_s=0.005
INFO:trainers_server_interface.startup:trainer startup phase=lora_config rank=1 duration_s=0.000 cumulative_s=0.005
/root/.cache/user_artifacts/devboxes/q4grmdq/trainers/server-megatron-bridge/vendor/megatron-bridge/3rdparty/Megatron-LM/megatron/core/transformer/transformer_config.py:2696: UserWarning: full scope is deprecated. Use empty cuda_graph_modules to capture the whole layer.
  warnings.warn(
INFO:trainers_server_interface.startup:trainer startup phase=build_config rank=1 duration_s=0.002 cumulative_s=0.007
/root/.cache/user_artifacts/devboxes/q4grmdq/trainers/server-megatron-bridge/vendor/megatron-bridge/src/megatron/bridge/models/glm_moe_dsa/glm5_bridge.py:90: FutureWarning: GLM5Bridge.provider_bridge() and AutoBridge.to_megatron_provider() are deprecated for builder-backed models. Use AutoBridge.get_model_config() for training recipes or AutoBridge.get_model() to construct a model. Legacy provider support will be removed in a future release.
  provider = super().provider_bridge(hf_pretrained)
[transformers] `torch_dtype` is deprecated! Use `dtype` instead!
INFO:trainers_server_interface.startup:trainer startup phase=bridge_provider rank=5 duration_s=0.054 cumulative_s=0.054
INFO:trainers_server_interface.startup:trainer startup phase=lora_config rank=5 duration_s=0.000 cumulative_s=0.054
/root/.cache/user_artifacts/devboxes/q4grmdq/trainers/server-megatron-bridge/vendor/megatron-bridge/3rdparty/Megatron-LM/megatron/core/transformer/transformer_config.py:2696: UserWarning: full scope is deprecated. Use empty cuda_graph_modules to capture the whole layer.
  warnings.warn(
INFO:trainers_server_interface.startup:trainer startup phase=build_config rank=5 duration_s=0.002 cumulative_s=0.056
/root/.cache/user_artifacts/devboxes/q4grmdq/trainers/server-megatron-bridge/vendor/megatron-bridge/3rdparty/Megatron-LM/megatron/core/models/mimo/config/base_configs.py:12: UserWarning: MimoModelConfig is experimental and still under active development. The API may change without notice in future releases.
  class MimoModelConfig:
/root/.cache/user_artifacts/devboxes/q4grmdq/trainers/server-megatron-bridge/vendor/megatron-bridge/3rdparty/Megatron-LM/megatron/core/models/mimo/config/base_configs.py:12: UserWarning: MimoModelConfig is experimental and still under active development. The API may change without notice in future releases.
  class MimoModelConfig:
WARNING:megatron.bridge.models.conversion.auto_bridge:Loading a model with trust_remote_code=True allows arbitrary code execution from the model repository. Only use this with models you trust.
/root/.cache/user_artifacts/devboxes/q4grmdq/trainers/server-megatron-bridge/vendor/megatron-bridge/src/megatron/bridge/models/glm_moe_dsa/glm5_bridge.py:90: FutureWarning: GLM5Bridge.provider_bridge() and AutoBridge.to_megatron_provider() are deprecated for builder-backed models. Use AutoBridge.get_model_config() for training recipes or AutoBridge.get_model() to construct a model. Legacy provider support will be removed in a future release.
  provider = super().provider_bridge(hf_pretrained)
[transformers] `torch_dtype` is deprecated! Use `dtype` instead!
INFO:trainers_server_interface.startup:trainer startup phase=bridge_provider rank=7 duration_s=0.004 cumulative_s=0.004
INFO:trainers_server_interface.startup:trainer startup phase=lora_config rank=7 duration_s=0.000 cumulative_s=0.004
/root/.cache/user_artifacts/devboxes/q4grmdq/trainers/server-megatron-bridge/vendor/megatron-bridge/3rdparty/Megatron-LM/megatron/core/transformer/transformer_config.py:2696: UserWarning: full scope is deprecated. Use empty cuda_graph_modules to capture the whole layer.
  warnings.warn(
INFO:trainers_server_interface.startup:trainer startup phase=build_config rank=7 duration_s=0.002 cumulative_s=0.006
WARNING:megatron.bridge.models.conversion.auto_bridge:Loading a model with trust_remote_code=True allows arbitrary code execution from the model repository. Only use this with models you trust.
/root/.cache/user_artifacts/devboxes/q4grmdq/trainers/server-megatron-bridge/vendor/megatron-bridge/3rdparty/Megatron-LM/megatron/core/models/mimo/config/base_configs.py:12: UserWarning: MimoModelConfig is experimental and still under active development. The API may change without notice in future releases.
  class MimoModelConfig:
/root/.cache/user_artifacts/devboxes/q4grmdq/trainers/server-megatron-bridge/vendor/megatron-bridge/src/megatron/bridge/models/glm_moe_dsa/glm5_bridge.py:90: FutureWarning: GLM5Bridge.provider_bridge() and AutoBridge.to_megatron_provider() are deprecated for builder-backed models. Use AutoBridge.get_model_config() for training recipes or AutoBridge.get_model() to construct a model. Legacy provider support will be removed in a future release.
  provider = super().provider_bridge(hf_pretrained)
[transformers] `torch_dtype` is deprecated! Use `dtype` instead!
INFO:trainers_server_interface.startup:trainer startup phase=bridge_provider rank=0 duration_s=0.004 cumulative_s=0.004
INFO:trainers_server_interface.startup:trainer startup phase=lora_config rank=0 duration_s=0.000 cumulative_s=0.004
/root/.cache/user_artifacts/devboxes/q4grmdq/trainers/server-megatron-bridge/vendor/megatron-bridge/3rdparty/Megatron-LM/megatron/core/transformer/transformer_config.py:2696: UserWarning: full scope is deprecated. Use empty cuda_graph_modules to capture the whole layer.
  warnings.warn(
INFO:trainers_server_interface.startup:trainer startup phase=build_config rank=0 duration_s=0.002 cumulative_s=0.005
WARNING:megatron.core.rerun_state_machine:RerunStateMachine initialized in mode RerunMode.DISABLED
> initializing torch distributed ...
/root/.cache/user_artifacts/devboxes/q4grmdq/trainers/server-megatron-bridge/vendor/megatron-bridge/3rdparty/Megatron-LM/megatron/core/models/gpt/gpt_layer_specs.py:74: UserWarning: Apex is not installed. Falling back to Torch Norm
  warnings.warn("Apex is not installed. Falling back to Torch Norm")
WARNING:megatron.bridge.models.conversion.auto_bridge:Loading a model with trust_remote_code=True allows arbitrary code execution from the model repository. Only use this with models you trust.
/root/.cache/user_artifacts/devboxes/q4grmdq/trainers/server-megatron-bridge/vendor/megatron-bridge/src/megatron/bridge/models/glm_moe_dsa/glm5_bridge.py:90: FutureWarning: GLM5Bridge.provider_bridge() and AutoBridge.to_megatron_provider() are deprecated for builder-backed models. Use AutoBridge.get_model_config() for training recipes or AutoBridge.get_model() to construct a model. Legacy provider support will be removed in a future release.
  provider = super().provider_bridge(hf_pretrained)
[transformers] `torch_dtype` is deprecated! Use `dtype` instead!
INFO:trainers_server_interface.startup:trainer startup phase=bridge_provider rank=6 duration_s=0.004 cumulative_s=0.004
INFO:trainers_server_interface.startup:trainer startup phase=lora_config rank=6 duration_s=0.000 cumulative_s=0.004
/root/.cache/user_artifacts/devboxes/q4grmdq/trainers/server-megatron-bridge/vendor/megatron-bridge/3rdparty/Megatron-LM/megatron/core/transformer/transformer_config.py:2696: UserWarning: full scope is deprecated. Use empty cuda_graph_modules to capture the whole layer.
  warnings.warn(
INFO:trainers_server_interface.startup:trainer startup phase=build_config rank=6 duration_s=0.002 cumulative_s=0.006
/root/.cache/user_artifacts/devboxes/q4grmdq/trainers/server-megatron-bridge/.venv/lib/python3.12/site-packages/modelopt/torch/__init__.py:53: UserWarning: transformers>=5.0 support is experimental. Unified Hugging Face checkpoint export for quantized checkpoints may not work for some models yet.
  _warnings.warn(
/root/.cache/user_artifacts/devboxes/q4grmdq/trainers/server-megatron-bridge/vendor/megatron-bridge/3rdparty/Megatron-LM/megatron/core/models/gpt/heterogeneous/heterogeneous_layer_specs.py:68: UserWarning: Apex is not installed. Falling back to Torch Norm
  warnings.warn("Apex is not installed. Falling back to Torch Norm")
/root/.cache/user_artifacts/devboxes/q4grmdq/trainers/server-megatron-bridge/vendor/megatron-bridge/3rdparty/Megatron-LM/megatron/core/models/mimo/config/base_configs.py:12: UserWarning: MimoModelConfig is experimental and still under active development. The API may change without notice in future releases.
  class MimoModelConfig:
/root/.cache/user_artifacts/devboxes/q4grmdq/trainers/server-megatron-bridge/vendor/megatron-bridge/3rdparty/Megatron-LM/megatron/core/models/mimo/config/base_configs.py:12: UserWarning: MimoModelConfig is experimental and still under active development. The API may change without notice in future releases.
  class MimoModelConfig:
WARNING:megatron.bridge.models.conversion.auto_bridge:Loading a model with trust_remote_code=True allows arbitrary code execution from the model repository. Only use this with models you trust.
/root/.cache/user_artifacts/devboxes/q4grmdq/trainers/server-megatron-bridge/vendor/megatron-bridge/src/megatron/bridge/models/glm_moe_dsa/glm5_bridge.py:90: FutureWarning: GLM5Bridge.provider_bridge() and AutoBridge.to_megatron_provider() are deprecated for builder-backed models. Use AutoBridge.get_model_config() for training recipes or AutoBridge.get_model() to construct a model. Legacy provider support will be removed in a future release.
  provider = super().provider_bridge(hf_pretrained)
[transformers] `torch_dtype` is deprecated! Use `dtype` instead!
INFO:trainers_server_interface.startup:trainer startup phase=bridge_provider rank=4 duration_s=0.004 cumulative_s=0.004
INFO:trainers_server_interface.startup:trainer startup phase=lora_config rank=4 duration_s=0.000 cumulative_s=0.004
/root/.cache/user_artifacts/devboxes/q4grmdq/trainers/server-megatron-bridge/vendor/megatron-bridge/3rdparty/Megatron-LM/megatron/core/transformer/transformer_config.py:2696: UserWarning: full scope is deprecated. Use empty cuda_graph_modules to capture the whole layer.
  warnings.warn(
INFO:trainers_server_interface.startup:trainer startup phase=build_config rank=4 duration_s=0.002 cumulative_s=0.006
WARNING:megatron.bridge.models.conversion.auto_bridge:Loading a model with trust_remote_code=True allows arbitrary code execution from the model repository. Only use this with models you trust.
/root/.cache/user_artifacts/devboxes/q4grmdq/trainers/server-megatron-bridge/vendor/megatron-bridge/src/megatron/bridge/models/glm_moe_dsa/glm5_bridge.py:90: FutureWarning: GLM5Bridge.provider_bridge() and AutoBridge.to_megatron_provider() are deprecated for builder-backed models. Use AutoBridge.get_model_config() for training recipes or AutoBridge.get_model() to construct a model. Legacy provider support will be removed in a future release.
  provider = super().provider_bridge(hf_pretrained)
[transformers] `torch_dtype` is deprecated! Use `dtype` instead!
INFO:trainers_server_interface.startup:trainer startup phase=bridge_provider rank=2 duration_s=0.004 cumulative_s=0.004
INFO:trainers_server_interface.startup:trainer startup phase=lora_config rank=2 duration_s=0.000 cumulative_s=0.004
/root/.cache/user_artifacts/devboxes/q4grmdq/trainers/server-megatron-bridge/vendor/megatron-bridge/3rdparty/Megatron-LM/megatron/core/transformer/transformer_config.py:2696: UserWarning: full scope is deprecated. Use empty cuda_graph_modules to capture the whole layer.
  warnings.warn(
INFO:trainers_server_interface.startup:trainer startup phase=build_config rank=2 duration_s=0.002 cumulative_s=0.005
/root/.cache/user_artifacts/devboxes/q4grmdq/trainers/server-megatron-bridge/vendor/megatron-bridge/3rdparty/Megatron-LM/megatron/core/models/vision/vit_layer_specs.py:31: UserWarning: Apex is not installed. Falling back to Torch Norm
  warnings.warn("Apex is not installed. Falling back to Torch Norm")
/root/.cache/user_artifacts/devboxes/q4grmdq/trainers/server-megatron-bridge/vendor/megatron-bridge/3rdparty/Megatron-LM/megatron/core/models/mimo/config/base_configs.py:12: UserWarning: MimoModelConfig is experimental and still under active development. The API may change without notice in future releases.
  class MimoModelConfig:
WARNING:megatron.bridge.models.conversion.auto_bridge:Loading a model with trust_remote_code=True allows arbitrary code execution from the model repository. Only use this with models you trust.
/root/.cache/user_artifacts/devboxes/q4grmdq/trainers/server-megatron-bridge/vendor/megatron-bridge/src/megatron/bridge/models/glm_moe_dsa/glm5_bridge.py:90: FutureWarning: GLM5Bridge.provider_bridge() and AutoBridge.to_megatron_provider() are deprecated for builder-backed models. Use AutoBridge.get_model_config() for training recipes or AutoBridge.get_model() to construct a model. Legacy provider support will be removed in a future release.
  provider = super().provider_bridge(hf_pretrained)
[transformers] `torch_dtype` is deprecated! Use `dtype` instead!
INFO:trainers_server_interface.startup:trainer startup phase=bridge_provider rank=3 duration_s=0.004 cumulative_s=0.004
INFO:trainers_server_interface.startup:trainer startup phase=lora_config rank=3 duration_s=0.000 cumulative_s=0.004
/root/.cache/user_artifacts/devboxes/q4grmdq/trainers/server-megatron-bridge/vendor/megatron-bridge/3rdparty/Megatron-LM/megatron/core/transformer/transformer_config.py:2696: UserWarning: full scope is deprecated. Use empty cuda_graph_modules to capture the whole layer.
  warnings.warn(
INFO:trainers_server_interface.startup:trainer startup phase=build_config rank=3 duration_s=0.002 cumulative_s=0.006
> initialized tensor model parallel with size 1
> initialized pipeline model parallel with size 1
> setting random seeds to 1234 ...
> compiling dataset index builder ...
make: Entering directory '/root/.cache/user_artifacts/devboxes/q4grmdq/trainers/server-megatron-bridge/vendor/megatron-bridge/3rdparty/Megatron-LM/megatron/core/datasets'
make: Nothing to be done for 'default'.
make: Leaving directory '/root/.cache/user_artifacts/devboxes/q4grmdq/trainers/server-megatron-bridge/vendor/megatron-bridge/3rdparty/Megatron-LM/megatron/core/datasets'
>>> done with dataset index builder. Compilation time: 0.031 seconds
/root/.cache/user_artifacts/devboxes/q4grmdq/trainers/server-megatron-bridge/.venv/lib/python3.12/site-packages/torch/distributed/c10d_logger.py:83: UserWarning: barrier(): using the device under current context. You can specify `device_id` in `init_process_group` to mute this warning.
  return func(*args, **kwargs)
INFO:trainers_server_interface.startup:trainer startup phase=initialize_runtime rank=4 duration_s=9.847 cumulative_s=9.853
INFO:trainers_server_interface.startup:trainer startup phase=initialize_runtime rank=6 duration_s=10.105 cumulative_s=10.111
INFO:trainers_server_interface.startup:trainer startup phase=initialize_runtime rank=5 duration_s=10.592 cumulative_s=10.648
INFO:trainers_server_interface.startup:trainer startup phase=initialize_runtime rank=2 duration_s=9.819 cumulative_s=9.825
INFO:trainers_server_interface.startup:trainer startup phase=initialize_runtime rank=7 duration_s=10.181 cumulative_s=10.186
INFO:trainers_server_interface.startup:trainer startup phase=initialize_runtime rank=3 duration_s=8.808 cumulative_s=8.814
INFO:trainers_server_interface.startup:trainer startup phase=initialize_runtime rank=0 duration_s=10.172 cumulative_s=10.177
INFO:trainers_server_interface.startup:trainer startup phase=initialize_runtime rank=1 duration_s=10.642 cumulative_s=10.649
INFO:trainers_server_interface.startup:trainer startup phase=jit_fusion rank=7 duration_s=1.979 cumulative_s=12.165
INFO:trainers_server_interface.startup:trainer startup phase=jit_fusion rank=4 duration_s=1.981 cumulative_s=11.833
INFO:trainers_server_interface.startup:trainer startup phase=jit_fusion rank=6 duration_s=2.001 cumulative_s=12.112
INFO:trainers_server_interface.startup:trainer startup phase=jit_fusion rank=5 duration_s=2.013 cumulative_s=12.662
INFO:trainers_server_interface.startup:trainer startup phase=jit_fusion rank=3 duration_s=2.225 cumulative_s=11.039
INFO:trainers_server_interface.startup:trainer startup phase=jit_fusion rank=2 duration_s=2.225 cumulative_s=12.049
INFO:trainers_server_interface.startup:trainer startup phase=jit_fusion rank=0 duration_s=2.226 cumulative_s=12.403
WARNING:megatron.core.models.gpt.gpt_model:GPTModel IS DEPRECATED. GPTModel is only accepting critical bug fixes, no new features. Please reference the migration guide `docs/user-guide/hybrid-model-migration.md` for details on how to use `HybridModel`
INFO:trainers_server_interface.startup:trainer startup phase=jit_fusion rank=1 duration_s=2.239 cumulative_s=12.888
INFO:trainers_server_interface.startup:trainer startup phase=model_construct rank=6 duration_s=0.663
INFO:trainers_server_interface.startup:trainer startup phase=model_construct rank=7 duration_s=0.942
INFO:trainers_server_interface.startup:trainer startup phase=model_construct rank=4 duration_s=1.569
INFO:trainers_server_interface.startup:trainer startup phase=model_construct rank=1 duration_s=1.478
INFO:trainers_server_interface.startup:trainer startup phase=model_construct rank=0 duration_s=1.688
INFO:trainers_server_interface.startup:trainer startup phase=model_construct rank=5 duration_s=2.083
INFO:trainers_server_interface.startup:trainer startup phase=model_construct rank=3 duration_s=2.002
INFO:trainers_server_interface.startup:trainer startup phase=model_construct rank=2 duration_s=2.194

INFO:trainers_server_interface.startup:trainer startup phase=checkpoint_load rank=7 duration_s=2.872
INFO:trainers_server_interface.startup:trainer startup phase=lora_apply rank=7 duration_s=0.032
INFO:trainers_server_interface.startup:trainer startup phase=model_post_wrap rank=7 duration_s=0.017
INFO:trainers_server_interface.startup:trainer startup phase=model_build_load_wrap rank=7 duration_s=3.864 cumulative_s=16.029

INFO:trainers_server_interface.startup:trainer startup phase=checkpoint_load rank=6 duration_s=4.567
INFO:trainers_server_interface.startup:trainer startup phase=lora_apply rank=6 duration_s=0.121
INFO:trainers_server_interface.startup:trainer startup phase=model_post_wrap rank=6 duration_s=0.055
INFO:trainers_server_interface.startup:trainer startup phase=model_build_load_wrap rank=6 duration_s=5.408 cumulative_s=17.520

INFO:trainers_server_interface.startup:trainer startup phase=checkpoint_load rank=4 duration_s=4.212

INFO:trainers_server_interface.startup:trainer startup phase=checkpoint_load rank=5 duration_s=3.701
Loading from /root/.cache/user_artifacts/glm52-debug-fp8-1… 1… (101/1… GLM5Brid…
INFO:trainers_server_interface.startup:trainer startup phase=checkpoint_load rank=0 duration_s=3.913
[PEFT+Recompute] Patched decoder block forward to enable grad on hidden_states input. This ensures checkpoint backward is called when only adapters are trainable (PP=1 with frozen base model).
INFO:trainers_server_interface.startup:trainer startup phase=lora_apply rank=0 duration_s=0.027
 > number of parameters on (tensor, gtp_remat, pipeline) model parallel rank (0, 0, 0): 3736649216
INFO:trainers_server_interface.startup:trainer startup phase=model_post_wrap rank=0 duration_s=0.006
INFO:trainers_server_interface.startup:trainer startup phase=model_build_load_wrap rank=0 duration_s=5.635 cumulative_s=18.038

INFO:trainers_server_interface.startup:trainer startup phase=checkpoint_load rank=1 duration_s=4.155
INFO:trainers_server_interface.startup:trainer startup phase=lora_apply rank=4 duration_s=0.130
INFO:trainers_server_interface.startup:trainer startup phase=model_post_wrap rank=4 duration_s=0.318
INFO:trainers_server_interface.startup:trainer startup phase=model_build_load_wrap rank=4 duration_s=6.229 cumulative_s=18.062
INFO:trainers_server_interface.startup:trainer startup phase=lora_apply rank=5 duration_s=0.414
INFO:trainers_server_interface.startup:trainer startup phase=lora_apply rank=1 duration_s=0.418
INFO:trainers_server_interface.startup:trainer startup phase=model_post_wrap rank=5 duration_s=0.094
INFO:trainers_server_interface.startup:trainer startup phase=model_build_load_wrap rank=5 duration_s=6.293 cumulative_s=18.955
INFO:trainers_server_interface.startup:trainer startup phase=model_post_wrap rank=1 duration_s=0.036
INFO:trainers_server_interface.startup:trainer startup phase=model_build_load_wrap rank=1 duration_s=6.088 cumulative_s=18.976

INFO:trainers_server_interface.startup:trainer startup phase=checkpoint_load rank=3 duration_s=4.330
INFO:trainers_server_interface.startup:trainer startup phase=lora_apply rank=3 duration_s=0.070
INFO:trainers_server_interface.startup:trainer startup phase=model_post_wrap rank=3 duration_s=0.024
INFO:trainers_server_interface.startup:trainer startup phase=model_build_load_wrap rank=3 duration_s=6.426 cumulative_s=17.465

INFO:trainers_server_interface.startup:trainer startup phase=checkpoint_load rank=2 duration_s=4.810
INFO:trainers_server_interface.startup:trainer startup phase=lora_apply rank=2 duration_s=0.024
INFO:trainers_server_interface.startup:trainer startup phase=model_post_wrap rank=2 duration_s=0.005
INFO:trainers_server_interface.startup:trainer startup phase=model_build_load_wrap rank=2 duration_s=7.034 cumulative_s=19.083
INFO:trainers_server_interface.startup:trainer startup phase=optimizer rank=2 duration_s=0.134 cumulative_s=19.217
INFO:trainers_server_interface.startup:trainer startup phase=optimizer rank=4 duration_s=1.183 cumulative_s=19.246
INFO:trainers_server_interface.startup:trainer startup phase=optimizer rank=5 duration_s=1.086 cumulative_s=20.041
INFO:trainers_server_interface.startup:trainer startup phase=optimizer rank=3 duration_s=0.742 cumulative_s=18.207
INFO:trainers_server_interface.startup:trainer startup phase=optimizer rank=7 duration_s=3.550 cumulative_s=19.580
INFO:trainers_server_interface.startup:trainer startup phase=optimizer rank=1 duration_s=1.065 cumulative_s=20.042
INFO:trainers_server_interface.startup:trainer startup phase=optimizer rank=0 duration_s=1.532 cumulative_s=19.570
INFO:trainers_server_interface.startup:trainer startup phase=optimizer rank=6 duration_s=1.985 cumulative_s=19.505
INFO:trainers_server_interface.startup:trainer startup phase=training_stack rank=5 duration_s=0.059 cumulative_s=20.100
INFO:trainers_server_interface.startup:trainer startup phase=training_stack rank=4 duration_s=0.059 cumulative_s=19.304
INFO:trainers_server_interface.startup:trainer startup phase=training_stack rank=2 duration_s=0.059 cumulative_s=19.276
INFO:trainers_server_interface.startup:trainer startup phase=training_stack rank=3 duration_s=0.059 cumulative_s=18.266
INFO:trainers_server_interface.dp_worker.controller.checkpoints.manager:weight_sync disabled
INFO:trainers_server_interface.dp_worker.controller.checkpoints.manager:weight_sync disabled
INFO:trainers_server_interface.dp_worker.controller.checkpoints.manager:weight_sync disabled
INFO:trainers_server_interface.startup:trainer startup phase=training_stack rank=6 duration_s=0.058 cumulative_s=19.563
INFO:trainers_server_interface.dp_worker.controller.checkpoints.manager:weight_sync disabled
INFO:trainers_server_interface.dp_worker.controller.checkpoints.manager:weight_sync disabled
INFO:trainers_server_interface.startup:trainer startup phase=training_stack rank=7 duration_s=0.060 cumulative_s=19.639
INFO:trainers_server_interface.dp_worker.controller.checkpoints.manager:weight_sync disabled
INFO:trainers_server_interface.startup:trainer startup phase=training_stack rank=0 duration_s=0.071 cumulative_s=19.641
INFO:trainers_server_interface.dp_worker.controller.checkpoints.manager:weight_sync disabled
/root/.cache/user_artifacts/devboxes/q4grmdq/trainers/server-megatron-bridge/.venv/lib/python3.12/site-packages/torch/distributed/c10d_logger.py:83: UserWarning: barrier(): using the device under current context. You can specify `device_id` in `init_process_group` to mute this warning.
  return func(*args, **kwargs)
INFO:trainers_server_interface.startup:trainer startup phase=training_stack rank=1 duration_s=0.073 cumulative_s=20.115
INFO:trainers_server_interface.dp_worker.controller.checkpoints.manager:weight_sync disabled
/root/.cache/user_artifacts/devboxes/q4grmdq/trainers/server-megatron-bridge/.venv/lib/python3.12/site-packages/torch/cuda/__init__.py:61: FutureWarning: The pynvml package is deprecated. Please install nvidia-ml-py instead. If you did not install pynvml directly, please report this to the maintainers of the package that installed pynvml for you.
  import pynvml  # type: ignore[import]
/root/.cache/user_artifacts/devboxes/q4grmdq/trainers/server-megatron-bridge/.venv/lib/python3.12/site-packages/torch/cuda/__init__.py:61: FutureWarning: The pynvml package is deprecated. Please install nvidia-ml-py instead. If you did not install pynvml directly, please report this to the maintainers of the package that installed pynvml for you.
  import pynvml  # type: ignore[import]
/root/.cache/user_artifacts/devboxes/q4grmdq/trainers/server-megatron-bridge/.venv/lib/python3.12/site-packages/torch/cuda/__init__.py:61: FutureWarning: The pynvml package is deprecated. Please install nvidia-ml-py instead. If you did not install pynvml directly, please report this to the maintainers of the package that installed pynvml for you.
  import pynvml  # type: ignore[import]
/root/.cache/user_artifacts/devboxes/q4grmdq/trainers/server-megatron-bridge/.venv/lib/python3.12/site-packages/torch/cuda/__init__.py:61: FutureWarning: The pynvml package is deprecated. Please install nvidia-ml-py instead. If you did not install pynvml directly, please report this to the maintainers of the package that installed pynvml for you.
  import pynvml  # type: ignore[import]
/root/.cache/user_artifacts/devboxes/q4grmdq/trainers/server-megatron-bridge/.venv/lib/python3.12/site-packages/torch/cuda/__init__.py:61: FutureWarning: The pynvml package is deprecated. Please install nvidia-ml-py instead. If you did not install pynvml directly, please report this to the maintainers of the package that installed pynvml for you.
  import pynvml  # type: ignore[import]
/root/.cache/user_artifacts/devboxes/q4grmdq/trainers/server-megatron-bridge/.venv/lib/python3.12/site-packages/torch/cuda/__init__.py:61: FutureWarning: The pynvml package is deprecated. Please install nvidia-ml-py instead. If you did not install pynvml directly, please report this to the maintainers of the package that installed pynvml for you.
  import pynvml  # type: ignore[import]
/root/.cache/user_artifacts/devboxes/q4grmdq/trainers/server-megatron-bridge/.venv/lib/python3.12/site-packages/torch/cuda/__init__.py:61: FutureWarning: The pynvml package is deprecated. Please install nvidia-ml-py instead. If you did not install pynvml directly, please report this to the maintainers of the package that installed pynvml for you.
  import pynvml  # type: ignore[import]
/root/.cache/user_artifacts/devboxes/q4grmdq/trainers/server-megatron-bridge/.venv/lib/python3.12/site-packages/torch/cuda/__init__.py:61: FutureWarning: The pynvml package is deprecated. Please install nvidia-ml-py instead. If you did not install pynvml directly, please report this to the maintainers of the package that installed pynvml for you.
  import pynvml  # type: ignore[import]
/root/.cache/user_artifacts/devboxes/q4grmdq/trainers/server-megatron-bridge/.venv/lib/python3.12/site-packages/torch/autograd/graph.py:869: UserWarning: The AccumulateGrad node's stream does not match the stream of the node that produced the incoming gradient. This may incur unnecessary synchronization and break CUDA graph capture if the AccumulateGrad node's stream is the default stream. This mismatch is caused by an AccumulateGrad node created prior to the current iteration being kept alive. This can happen if the autograd graph is still being kept alive by tensors such as the loss, or if you are using DDP, which will stash a reference to the node. To resolve the mismatch, delete all references to the autograd graph or ensure that DDP initialization is performed under the same stream as subsequent forwards. If the mismatch is intentional, you can use torch.autograd.graph.set_warn_on_accumulate_grad_stream_mismatch(False) to suppress this warning. (Triggered internally at /pytorch/torch/csrc/autograd/input_buffer.cpp:240.)
  return Variable._execution_engine.run_backward(  # Calls into the C++ engine to run the backward pass
/root/.cache/user_artifacts/devboxes/q4grmdq/trainers/server-megatron-bridge/.venv/lib/python3.12/site-packages/torch/autograd/graph.py:869: UserWarning: The AccumulateGrad node's stream does not match the stream of the node that produced the incoming gradient. This may incur unnecessary synchronization and break CUDA graph capture if the AccumulateGrad node's stream is the default stream. This mismatch is caused by an AccumulateGrad node created prior to the current iteration being kept alive. This can happen if the autograd graph is still being kept alive by tensors such as the loss, or if you are using DDP, which will stash a reference to the node. To resolve the mismatch, delete all references to the autograd graph or ensure that DDP initialization is performed under the same stream as subsequent forwards. If the mismatch is intentional, you can use torch.autograd.graph.set_warn_on_accumulate_grad_stream_mismatch(False) to suppress this warning. (Triggered internally at /pytorch/torch/csrc/autograd/input_buffer.cpp:240.)
  return Variable._execution_engine.run_backward(  # Calls into the C++ engine to run the backward pass
/root/.cache/user_artifacts/devboxes/q4grmdq/trainers/server-megatron-bridge/.venv/lib/python3.12/site-packages/torch/autograd/graph.py:869: UserWarning: The AccumulateGrad node's stream does not match the stream of the node that produced the incoming gradient. This may incur unnecessary synchronization and break CUDA graph capture if the AccumulateGrad node's stream is the default stream. This mismatch is caused by an AccumulateGrad node created prior to the current iteration being kept alive. This can happen if the autograd graph is still being kept alive by tensors such as the loss, or if you are using DDP, which will stash a reference to the node. To resolve the mismatch, delete all references to the autograd graph or ensure that DDP initialization is performed under the same stream as subsequent forwards. If the mismatch is intentional, you can use torch.autograd.graph.set_warn_on_accumulate_grad_stream_mismatch(False) to suppress this warning. (Triggered internally at /pytorch/torch/csrc/autograd/input_buffer.cpp:240.)
  return Variable._execution_engine.run_backward(  # Calls into the C++ engine to run the backward pass
/root/.cache/user_artifacts/devboxes/q4grmdq/trainers/server-megatron-bridge/.venv/lib/python3.12/site-packages/torch/autograd/graph.py:869: UserWarning: The AccumulateGrad node's stream does not match the stream of the node that produced the incoming gradient. This may incur unnecessary synchronization and break CUDA graph capture if the AccumulateGrad node's stream is the default stream. This mismatch is caused by an AccumulateGrad node created prior to the current iteration being kept alive. This can happen if the autograd graph is still being kept alive by tensors such as the loss, or if you are using DDP, which will stash a reference to the node. To resolve the mismatch, delete all references to the autograd graph or ensure that DDP initialization is performed under the same stream as subsequent forwards. If the mismatch is intentional, you can use torch.autograd.graph.set_warn_on_accumulate_grad_stream_mismatch(False) to suppress this warning. (Triggered internally at /pytorch/torch/csrc/autograd/input_buffer.cpp:240.)
  return Variable._execution_engine.run_backward(  # Calls into the C++ engine to run the backward pass
/root/.cache/user_artifacts/devboxes/q4grmdq/trainers/server-megatron-bridge/.venv/lib/python3.12/site-packages/torch/autograd/graph.py:869: UserWarning: The AccumulateGrad node's stream does not match the stream of the node that produced the incoming gradient. This may incur unnecessary synchronization and break CUDA graph capture if the AccumulateGrad node's stream is the default stream. This mismatch is caused by an AccumulateGrad node created prior to the current iteration being kept alive. This can happen if the autograd graph is still being kept alive by tensors such as the loss, or if you are using DDP, which will stash a reference to the node. To resolve the mismatch, delete all references to the autograd graph or ensure that DDP initialization is performed under the same stream as subsequent forwards. If the mismatch is intentional, you can use torch.autograd.graph.set_warn_on_accumulate_grad_stream_mismatch(False) to suppress this warning. (Triggered internally at /pytorch/torch/csrc/autograd/input_buffer.cpp:240.)
  return Variable._execution_engine.run_backward(  # Calls into the C++ engine to run the backward pass
/root/.cache/user_artifacts/devboxes/q4grmdq/trainers/server-megatron-bridge/.venv/lib/python3.12/site-packages/torch/autograd/graph.py:869: UserWarning: The AccumulateGrad node's stream does not match the stream of the node that produced the incoming gradient. This may incur unnecessary synchronization and break CUDA graph capture if the AccumulateGrad node's stream is the default stream. This mismatch is caused by an AccumulateGrad node created prior to the current iteration being kept alive. This can happen if the autograd graph is still being kept alive by tensors such as the loss, or if you are using DDP, which will stash a reference to the node. To resolve the mismatch, delete all references to the autograd graph or ensure that DDP initialization is performed under the same stream as subsequent forwards. If the mismatch is intentional, you can use torch.autograd.graph.set_warn_on_accumulate_grad_stream_mismatch(False) to suppress this warning. (Triggered internally at /pytorch/torch/csrc/autograd/input_buffer.cpp:240.)
  return Variable._execution_engine.run_backward(  # Calls into the C++ engine to run the backward pass
/root/.cache/user_artifacts/devboxes/q4grmdq/trainers/server-megatron-bridge/.venv/lib/python3.12/site-packages/torch/autograd/graph.py:869: UserWarning: The AccumulateGrad node's stream does not match the stream of the node that produced the incoming gradient. This may incur unnecessary synchronization and break CUDA graph capture if the AccumulateGrad node's stream is the default stream. This mismatch is caused by an AccumulateGrad node created prior to the current iteration being kept alive. This can happen if the autograd graph is still being kept alive by tensors such as the loss, or if you are using DDP, which will stash a reference to the node. To resolve the mismatch, delete all references to the autograd graph or ensure that DDP initialization is performed under the same stream as subsequent forwards. If the mismatch is intentional, you can use torch.autograd.graph.set_warn_on_accumulate_grad_stream_mismatch(False) to suppress this warning. (Triggered internally at /pytorch/torch/csrc/autograd/input_buffer.cpp:240.)
  return Variable._execution_engine.run_backward(  # Calls into the C++ engine to run the backward pass
/root/.cache/user_artifacts/devboxes/q4grmdq/trainers/server-megatron-bridge/.venv/lib/python3.12/site-packages/torch/autograd/graph.py:869: UserWarning: The AccumulateGrad node's stream does not match the stream of the node that produced the incoming gradient. This may incur unnecessary synchronization and break CUDA graph capture if the AccumulateGrad node's stream is the default stream. This mismatch is caused by an AccumulateGrad node created prior to the current iteration being kept alive. This can happen if the autograd graph is still being kept alive by tensors such as the loss, or if you are using DDP, which will stash a reference to the node. To resolve the mismatch, delete all references to the autograd graph or ensure that DDP initialization is performed under the same stream as subsequent forwards. If the mismatch is intentional, you can use torch.autograd.graph.set_warn_on_accumulate_grad_stream_mismatch(False) to suppress this warning. (Triggered internally at /pytorch/torch/csrc/autograd/input_buffer.cpp:240.)
  return Variable._execution_engine.run_backward(  # Calls into the C++ engine to run the backward pass
INFO:trainers_server_interface.dp_worker.cuda_memory:release_cached_vram(finalize_model_grads): reserved 10.9 GiB, active 7.2 GiB, reclaimed 3.6 GiB
INFO:trainers_server_interface.dp_worker.cuda_memory:release_cached_vram(finalize_model_grads): reserved 10.9 GiB, active 7.2 GiB, reclaimed 3.6 GiB
INFO:trainers_server_interface.dp_worker.cuda_memory:release_cached_vram(finalize_model_grads): reserved 10.9 GiB, active 7.2 GiB, reclaimed 3.6 GiB
INFO:trainers_server_interface.dp_worker.cuda_memory:release_cached_vram(finalize_model_grads): reserved 10.9 GiB, active 7.2 GiB, reclaimed 3.6 GiB
INFO:trainers_server_interface.dp_worker.cuda_memory:release_cached_vram(finalize_model_grads): reserved 10.9 GiB, active 7.2 GiB, reclaimed 3.6 GiB
INFO:trainers_server_interface.dp_worker.cuda_memory:release_cached_vram(finalize_model_grads): reserved 10.9 GiB, active 7.2 GiB, reclaimed 3.6 GiB
INFO:trainers_server_interface.dp_worker.cuda_memory:release_cached_vram(finalize_model_grads): reserved 10.9 GiB, active 7.2 GiB, reclaimed 3.6 GiB
INFO:trainers_server_interface.dp_worker.cuda_memory:release_cached_vram(finalize_model_grads): reserved 11.0 GiB, active 7.2 GiB, reclaimed 3.7 GiB
INFO:trainers_server_interface.dp_worker.cuda_memory:release_cached_vram(dp_loss_gather): reserved 7.3 GiB, active 7.2 GiB, reclaimed 0.0 GiB
INFO:trainers_server_interface.dp_worker.cuda_memory:release_cached_vram(dp_loss_gather): reserved 7.3 GiB, active 7.2 GiB, reclaimed 0.0 GiB
INFO:trainers_server_interface.dp_worker.cuda_memory:release_cached_vram(dp_loss_gather): reserved 7.3 GiB, active 7.2 GiB, reclaimed 0.0 GiB
INFO:trainers_server_interface.dp_worker.cuda_memory:release_cached_vram(dp_loss_gather): reserved 7.3 GiB, active 7.2 GiB, reclaimed 0.0 GiB
INFO:trainers_server_interface.dp_worker.cuda_memory:release_cached_vram(dp_loss_gather): reserved 7.3 GiB, active 7.2 GiB, reclaimed 0.0 GiB
INFO:trainers_server_interface.dp_worker.cuda_memory:release_cached_vram(dp_loss_gather): reserved 7.3 GiB, active 7.2 GiB, reclaimed 0.0 GiB
INFO:trainers_server_interface.dp_worker.cuda_memory:release_cached_vram(dp_loss_gather): reserved 7.3 GiB, active 7.2 GiB, reclaimed 0.0 GiB
INFO:trainers_server_interface.dp_worker.cuda_memory:release_cached_vram(dp_loss_gather): reserved 7.3 GiB, active 7.2 GiB, reclaimed 0.0 GiB
INFO:trainers_server_interface.startup:trainer startup phase=warmup_forward_backward rank=6 duration_s=63.494
INFO:trainers_server_interface.startup:trainer startup phase=warmup_forward_backward rank=4 duration_s=63.494
INFO:trainers_server_interface.startup:trainer startup phase=warmup_forward_backward rank=5 duration_s=63.494
INFO:trainers_server_interface.startup:trainer startup phase=warmup_forward_backward rank=2 duration_s=63.493
INFO:trainers_server_interface.startup:trainer startup phase=warmup_forward_backward rank=1 duration_s=63.493
INFO:trainers_server_interface.startup:trainer startup phase=warmup_forward_backward rank=0 duration_s=63.493
INFO:trainers_server_interface.startup:trainer startup phase=warmup_forward_backward rank=7 duration_s=63.494
INFO:trainers_server_interface.startup:trainer startup phase=warmup_forward_backward rank=3 duration_s=63.494
INFO:trainers_server_interface.startup:trainer startup phase=warmup_finalize rank=0 duration_s=0.001 cumulative_s=63.495
INFO:trainers_server_interface.startup:trainer startup phase=warmup_finalize rank=2 duration_s=0.002 cumulative_s=63.495
INFO:trainers_server_interface.startup:trainer startup phase=warmup_finalize rank=4 duration_s=0.002 cumulative_s=63.496
INFO:trainers_server_interface.startup:trainer startup phase=warmup_finalize rank=5 duration_s=0.002 cumulative_s=63.496
INFO:trainers_server_interface.startup:trainer startup phase=warmup_finalize rank=1 duration_s=0.001 cumulative_s=63.494
INFO:trainers_server_interface.startup:trainer startup phase=warmup_finalize rank=6 duration_s=0.002 cumulative_s=63.495
INFO:trainers_server_interface.startup:trainer startup phase=warmup_finalize rank=3 duration_s=0.001 cumulative_s=63.495
INFO:trainers_server_interface.startup:trainer startup phase=warmup_finalize rank=7 duration_s=0.001 cumulative_s=63.495
INFO:     Started server process [283979]
INFO:     Waiting for application startup.
INFO:     Application startup complete.
INFO:     Uvicorn running on http://0.0.0.0:8001 (Press CTRL+C to quit)
INFO:     10.1.77.49:44908 - "GET /health HTTP/1.1" 200 OK
