/tmp/w6172jq-main/trainers/server-megatron-bridge/.venv/lib/python3.12/site-packages/torch/cuda/__init__.py:61: FutureWarning: The pynvml package is deprecated. Please install nvidia-ml-py instead. If you did not install pynvml directly, please report this to the maintainers of the package that installed pynvml for you.
  import pynvml  # type: ignore[import]
/tmp/w6172jq-main/trainers/server-megatron-bridge/.venv/lib/python3.12/site-packages/torch/cuda/__init__.py:61: FutureWarning: The pynvml package is deprecated. Please install nvidia-ml-py instead. If you did not install pynvml directly, please report this to the maintainers of the package that installed pynvml for you.
  import pynvml  # type: ignore[import]
/tmp/w6172jq-main/trainers/server-megatron-bridge/.venv/lib/python3.12/site-packages/torch/cuda/__init__.py:61: FutureWarning: The pynvml package is deprecated. Please install nvidia-ml-py instead. If you did not install pynvml directly, please report this to the maintainers of the package that installed pynvml for you.
  import pynvml  # type: ignore[import]
/tmp/w6172jq-main/trainers/server-megatron-bridge/.venv/lib/python3.12/site-packages/torch/cuda/__init__.py:61: FutureWarning: The pynvml package is deprecated. Please install nvidia-ml-py instead. If you did not install pynvml directly, please report this to the maintainers of the package that installed pynvml for you.
  import pynvml  # type: ignore[import]
/tmp/w6172jq-main/trainers/server-megatron-bridge/.venv/lib/python3.12/site-packages/torch/cuda/__init__.py:61: FutureWarning: The pynvml package is deprecated. Please install nvidia-ml-py instead. If you did not install pynvml directly, please report this to the maintainers of the package that installed pynvml for you.
  import pynvml  # type: ignore[import]
/tmp/w6172jq-main/trainers/server-megatron-bridge/.venv/lib/python3.12/site-packages/torch/cuda/__init__.py:61: FutureWarning: The pynvml package is deprecated. Please install nvidia-ml-py instead. If you did not install pynvml directly, please report this to the maintainers of the package that installed pynvml for you.
  import pynvml  # type: ignore[import]
/tmp/w6172jq-main/trainers/server-megatron-bridge/.venv/lib/python3.12/site-packages/torch/cuda/__init__.py:61: FutureWarning: The pynvml package is deprecated. Please install nvidia-ml-py instead. If you did not install pynvml directly, please report this to the maintainers of the package that installed pynvml for you.
  import pynvml  # type: ignore[import]
/tmp/w6172jq-main/trainers/server-megatron-bridge/.venv/lib/python3.12/site-packages/torch/cuda/__init__.py:61: FutureWarning: The pynvml package is deprecated. Please install nvidia-ml-py instead. If you did not install pynvml directly, please report this to the maintainers of the package that installed pynvml for you.
  import pynvml  # type: ignore[import]
/tmp/w6172jq-main/trainers/server-megatron-bridge/.venv/lib/python3.12/site-packages/torch/cuda/__init__.py:61: FutureWarning: The pynvml package is deprecated. Please install nvidia-ml-py instead. If you did not install pynvml directly, please report this to the maintainers of the package that installed pynvml for you.
  import pynvml  # type: ignore[import]
/tmp/w6172jq-main/trainers/server-megatron-bridge/vendor/megatron-bridge/3rdparty/Megatron-LM/megatron/core/models/backends.py:34: UserWarning: Apex is not installed. Falling back to Torch Norm
  warnings.warn("Apex is not installed. Falling back to Torch Norm")
/tmp/w6172jq-main/trainers/server-megatron-bridge/vendor/megatron-bridge/3rdparty/Megatron-LM/megatron/core/models/backends.py:34: UserWarning: Apex is not installed. Falling back to Torch Norm
  warnings.warn("Apex is not installed. Falling back to Torch Norm")
/tmp/w6172jq-main/trainers/server-megatron-bridge/vendor/megatron-bridge/3rdparty/Megatron-LM/megatron/core/models/backends.py:34: UserWarning: Apex is not installed. Falling back to Torch Norm
  warnings.warn("Apex is not installed. Falling back to Torch Norm")
/tmp/w6172jq-main/trainers/server-megatron-bridge/vendor/megatron-bridge/3rdparty/Megatron-LM/megatron/core/models/backends.py:34: UserWarning: Apex is not installed. Falling back to Torch Norm
  warnings.warn("Apex is not installed. Falling back to Torch Norm")
/tmp/w6172jq-main/trainers/server-megatron-bridge/vendor/megatron-bridge/3rdparty/Megatron-LM/megatron/core/models/backends.py:34: UserWarning: Apex is not installed. Falling back to Torch Norm
  warnings.warn("Apex is not installed. Falling back to Torch Norm")
/tmp/w6172jq-main/trainers/server-megatron-bridge/vendor/megatron-bridge/3rdparty/Megatron-LM/megatron/core/models/backends.py:34: UserWarning: Apex is not installed. Falling back to Torch Norm
  warnings.warn("Apex is not installed. Falling back to Torch Norm")
/tmp/w6172jq-main/trainers/server-megatron-bridge/vendor/megatron-bridge/3rdparty/Megatron-LM/megatron/core/models/backends.py:34: UserWarning: Apex is not installed. Falling back to Torch Norm
  warnings.warn("Apex is not installed. Falling back to Torch Norm")
/tmp/w6172jq-main/trainers/server-megatron-bridge/vendor/megatron-bridge/3rdparty/Megatron-LM/megatron/core/models/backends.py:34: UserWarning: Apex is not installed. Falling back to Torch Norm
  warnings.warn("Apex is not installed. Falling back to Torch Norm")
/tmp/w6172jq-main/trainers/server-megatron-bridge/vendor/megatron-bridge/3rdparty/Megatron-LM/megatron/core/models/gpt/gpt_layer_specs.py:74: UserWarning: Apex is not installed. Falling back to Torch Norm
  warnings.warn("Apex is not installed. Falling back to Torch Norm")
/tmp/w6172jq-main/trainers/server-megatron-bridge/vendor/megatron-bridge/3rdparty/Megatron-LM/megatron/core/models/gpt/gpt_layer_specs.py:74: UserWarning: Apex is not installed. Falling back to Torch Norm
  warnings.warn("Apex is not installed. Falling back to Torch Norm")
/tmp/w6172jq-main/trainers/server-megatron-bridge/vendor/megatron-bridge/3rdparty/Megatron-LM/megatron/core/models/gpt/gpt_layer_specs.py:74: UserWarning: Apex is not installed. Falling back to Torch Norm
  warnings.warn("Apex is not installed. Falling back to Torch Norm")
/tmp/w6172jq-main/trainers/server-megatron-bridge/vendor/megatron-bridge/3rdparty/Megatron-LM/megatron/core/models/gpt/gpt_layer_specs.py:74: UserWarning: Apex is not installed. Falling back to Torch Norm
  warnings.warn("Apex is not installed. Falling back to Torch Norm")
/tmp/w6172jq-main/trainers/server-megatron-bridge/vendor/megatron-bridge/3rdparty/Megatron-LM/megatron/core/models/gpt/gpt_layer_specs.py:74: UserWarning: Apex is not installed. Falling back to Torch Norm
  warnings.warn("Apex is not installed. Falling back to Torch Norm")
/tmp/w6172jq-main/trainers/server-megatron-bridge/vendor/megatron-bridge/3rdparty/Megatron-LM/megatron/core/models/gpt/gpt_layer_specs.py:74: UserWarning: Apex is not installed. Falling back to Torch Norm
  warnings.warn("Apex is not installed. Falling back to Torch Norm")
/tmp/w6172jq-main/trainers/server-megatron-bridge/vendor/megatron-bridge/3rdparty/Megatron-LM/megatron/core/models/gpt/gpt_layer_specs.py:74: UserWarning: Apex is not installed. Falling back to Torch Norm
  warnings.warn("Apex is not installed. Falling back to Torch Norm")
/tmp/w6172jq-main/trainers/server-megatron-bridge/vendor/megatron-bridge/3rdparty/Megatron-LM/megatron/core/models/gpt/gpt_layer_specs.py:74: UserWarning: Apex is not installed. Falling back to Torch Norm
  warnings.warn("Apex is not installed. Falling back to Torch Norm")
/tmp/w6172jq-main/trainers/server-megatron-bridge/.venv/lib/python3.12/site-packages/modelopt/torch/__init__.py:53: UserWarning: transformers>=5.0 support is experimental. Unified Hugging Face checkpoint export for quantized checkpoints may not work for some models yet.
  _warnings.warn(
/tmp/w6172jq-main/trainers/server-megatron-bridge/.venv/lib/python3.12/site-packages/modelopt/torch/__init__.py:53: UserWarning: transformers>=5.0 support is experimental. Unified Hugging Face checkpoint export for quantized checkpoints may not work for some models yet.
  _warnings.warn(
/tmp/w6172jq-main/trainers/server-megatron-bridge/.venv/lib/python3.12/site-packages/modelopt/torch/__init__.py:53: UserWarning: transformers>=5.0 support is experimental. Unified Hugging Face checkpoint export for quantized checkpoints may not work for some models yet.
  _warnings.warn(
/tmp/w6172jq-main/trainers/server-megatron-bridge/.venv/lib/python3.12/site-packages/modelopt/torch/__init__.py:53: UserWarning: transformers>=5.0 support is experimental. Unified Hugging Face checkpoint export for quantized checkpoints may not work for some models yet.
  _warnings.warn(
/tmp/w6172jq-main/trainers/server-megatron-bridge/.venv/lib/python3.12/site-packages/modelopt/torch/__init__.py:53: UserWarning: transformers>=5.0 support is experimental. Unified Hugging Face checkpoint export for quantized checkpoints may not work for some models yet.
  _warnings.warn(
/tmp/w6172jq-main/trainers/server-megatron-bridge/.venv/lib/python3.12/site-packages/modelopt/torch/__init__.py:53: UserWarning: transformers>=5.0 support is experimental. Unified Hugging Face checkpoint export for quantized checkpoints may not work for some models yet.
  _warnings.warn(
/tmp/w6172jq-main/trainers/server-megatron-bridge/.venv/lib/python3.12/site-packages/modelopt/torch/__init__.py:53: UserWarning: transformers>=5.0 support is experimental. Unified Hugging Face checkpoint export for quantized checkpoints may not work for some models yet.
  _warnings.warn(
/tmp/w6172jq-main/trainers/server-megatron-bridge/.venv/lib/python3.12/site-packages/modelopt/torch/__init__.py:53: UserWarning: transformers>=5.0 support is experimental. Unified Hugging Face checkpoint export for quantized checkpoints may not work for some models yet.
  _warnings.warn(
/tmp/w6172jq-main/trainers/server-megatron-bridge/vendor/megatron-bridge/3rdparty/Megatron-LM/megatron/core/models/gpt/heterogeneous/heterogeneous_layer_specs.py:68: UserWarning: Apex is not installed. Falling back to Torch Norm
  warnings.warn("Apex is not installed. Falling back to Torch Norm")
/tmp/w6172jq-main/trainers/server-megatron-bridge/vendor/megatron-bridge/3rdparty/Megatron-LM/megatron/core/models/gpt/heterogeneous/heterogeneous_layer_specs.py:68: UserWarning: Apex is not installed. Falling back to Torch Norm
  warnings.warn("Apex is not installed. Falling back to Torch Norm")
/tmp/w6172jq-main/trainers/server-megatron-bridge/vendor/megatron-bridge/3rdparty/Megatron-LM/megatron/core/models/gpt/heterogeneous/heterogeneous_layer_specs.py:68: UserWarning: Apex is not installed. Falling back to Torch Norm
  warnings.warn("Apex is not installed. Falling back to Torch Norm")
/tmp/w6172jq-main/trainers/server-megatron-bridge/vendor/megatron-bridge/3rdparty/Megatron-LM/megatron/core/models/gpt/heterogeneous/heterogeneous_layer_specs.py:68: UserWarning: Apex is not installed. Falling back to Torch Norm
  warnings.warn("Apex is not installed. Falling back to Torch Norm")
/tmp/w6172jq-main/trainers/server-megatron-bridge/vendor/megatron-bridge/3rdparty/Megatron-LM/megatron/core/models/gpt/heterogeneous/heterogeneous_layer_specs.py:68: UserWarning: Apex is not installed. Falling back to Torch Norm
  warnings.warn("Apex is not installed. Falling back to Torch Norm")
/tmp/w6172jq-main/trainers/server-megatron-bridge/vendor/megatron-bridge/3rdparty/Megatron-LM/megatron/core/models/gpt/heterogeneous/heterogeneous_layer_specs.py:68: UserWarning: Apex is not installed. Falling back to Torch Norm
  warnings.warn("Apex is not installed. Falling back to Torch Norm")
/tmp/w6172jq-main/trainers/server-megatron-bridge/vendor/megatron-bridge/3rdparty/Megatron-LM/megatron/core/models/gpt/heterogeneous/heterogeneous_layer_specs.py:68: UserWarning: Apex is not installed. Falling back to Torch Norm
  warnings.warn("Apex is not installed. Falling back to Torch Norm")
/tmp/w6172jq-main/trainers/server-megatron-bridge/vendor/megatron-bridge/3rdparty/Megatron-LM/megatron/core/models/gpt/heterogeneous/heterogeneous_layer_specs.py:68: UserWarning: Apex is not installed. Falling back to Torch Norm
  warnings.warn("Apex is not installed. Falling back to Torch Norm")
/tmp/w6172jq-main/trainers/server-megatron-bridge/vendor/megatron-bridge/3rdparty/Megatron-LM/megatron/core/models/vision/vit_layer_specs.py:31: UserWarning: Apex is not installed. Falling back to Torch Norm
  warnings.warn("Apex is not installed. Falling back to Torch Norm")
/tmp/w6172jq-main/trainers/server-megatron-bridge/vendor/megatron-bridge/3rdparty/Megatron-LM/megatron/core/models/vision/vit_layer_specs.py:31: UserWarning: Apex is not installed. Falling back to Torch Norm
  warnings.warn("Apex is not installed. Falling back to Torch Norm")
/tmp/w6172jq-main/trainers/server-megatron-bridge/vendor/megatron-bridge/3rdparty/Megatron-LM/megatron/core/models/vision/vit_layer_specs.py:31: UserWarning: Apex is not installed. Falling back to Torch Norm
  warnings.warn("Apex is not installed. Falling back to Torch Norm")
/tmp/w6172jq-main/trainers/server-megatron-bridge/vendor/megatron-bridge/3rdparty/Megatron-LM/megatron/core/models/vision/vit_layer_specs.py:31: UserWarning: Apex is not installed. Falling back to Torch Norm
  warnings.warn("Apex is not installed. Falling back to Torch Norm")
/tmp/w6172jq-main/trainers/server-megatron-bridge/vendor/megatron-bridge/3rdparty/Megatron-LM/megatron/core/models/vision/vit_layer_specs.py:31: UserWarning: Apex is not installed. Falling back to Torch Norm
  warnings.warn("Apex is not installed. Falling back to Torch Norm")
/tmp/w6172jq-main/trainers/server-megatron-bridge/vendor/megatron-bridge/3rdparty/Megatron-LM/megatron/core/models/vision/vit_layer_specs.py:31: UserWarning: Apex is not installed. Falling back to Torch Norm
  warnings.warn("Apex is not installed. Falling back to Torch Norm")
/tmp/w6172jq-main/trainers/server-megatron-bridge/vendor/megatron-bridge/3rdparty/Megatron-LM/megatron/core/models/vision/vit_layer_specs.py:31: UserWarning: Apex is not installed. Falling back to Torch Norm
  warnings.warn("Apex is not installed. Falling back to Torch Norm")
/tmp/w6172jq-main/trainers/server-megatron-bridge/vendor/megatron-bridge/3rdparty/Megatron-LM/megatron/core/models/vision/vit_layer_specs.py:31: UserWarning: Apex is not installed. Falling back to Torch Norm
  warnings.warn("Apex is not installed. Falling back to Torch Norm")
/tmp/w6172jq-main/trainers/server-megatron-bridge/vendor/megatron-bridge/3rdparty/Megatron-LM/megatron/core/models/mimo/config/base_configs.py:12: UserWarning: MimoModelConfig is experimental and still under active development. The API may change without notice in future releases.
  class MimoModelConfig:
/tmp/w6172jq-main/trainers/server-megatron-bridge/vendor/megatron-bridge/3rdparty/Megatron-LM/megatron/core/models/mimo/config/base_configs.py:12: UserWarning: MimoModelConfig is experimental and still under active development. The API may change without notice in future releases.
  class MimoModelConfig:
/tmp/w6172jq-main/trainers/server-megatron-bridge/vendor/megatron-bridge/3rdparty/Megatron-LM/megatron/core/models/mimo/config/base_configs.py:12: UserWarning: MimoModelConfig is experimental and still under active development. The API may change without notice in future releases.
  class MimoModelConfig:
/tmp/w6172jq-main/trainers/server-megatron-bridge/vendor/megatron-bridge/3rdparty/Megatron-LM/megatron/core/models/mimo/config/base_configs.py:12: UserWarning: MimoModelConfig is experimental and still under active development. The API may change without notice in future releases.
  class MimoModelConfig:
/tmp/w6172jq-main/trainers/server-megatron-bridge/vendor/megatron-bridge/3rdparty/Megatron-LM/megatron/core/models/mimo/config/base_configs.py:12: UserWarning: MimoModelConfig is experimental and still under active development. The API may change without notice in future releases.
  class MimoModelConfig:
/tmp/w6172jq-main/trainers/server-megatron-bridge/vendor/megatron-bridge/3rdparty/Megatron-LM/megatron/core/models/mimo/config/base_configs.py:12: UserWarning: MimoModelConfig is experimental and still under active development. The API may change without notice in future releases.
  class MimoModelConfig:
/tmp/w6172jq-main/trainers/server-megatron-bridge/vendor/megatron-bridge/3rdparty/Megatron-LM/megatron/core/models/mimo/config/base_configs.py:12: UserWarning: MimoModelConfig is experimental and still under active development. The API may change without notice in future releases.
  class MimoModelConfig:
/tmp/w6172jq-main/trainers/server-megatron-bridge/vendor/megatron-bridge/3rdparty/Megatron-LM/megatron/core/models/mimo/config/base_configs.py:12: UserWarning: MimoModelConfig is experimental and still under active development. The API may change without notice in future releases.
  class MimoModelConfig:
WARNING:megatron.bridge.models.conversion.auto_bridge:Loading a model with trust_remote_code=True allows arbitrary code execution from the model repository. Only use this with models you trust.
WARNING:megatron.bridge.models.conversion.auto_bridge:Loading a model with trust_remote_code=True allows arbitrary code execution from the model repository. Only use this with models you trust.
WARNING:megatron.bridge.models.conversion.auto_bridge:Loading a model with trust_remote_code=True allows arbitrary code execution from the model repository. Only use this with models you trust.
WARNING:megatron.bridge.models.conversion.auto_bridge:Loading a model with trust_remote_code=True allows arbitrary code execution from the model repository. Only use this with models you trust.
WARNING:megatron.bridge.models.conversion.auto_bridge:Loading a model with trust_remote_code=True allows arbitrary code execution from the model repository. Only use this with models you trust.
WARNING:megatron.bridge.models.conversion.auto_bridge:Loading a model with trust_remote_code=True allows arbitrary code execution from the model repository. Only use this with models you trust.
WARNING:megatron.bridge.models.conversion.auto_bridge:Loading a model with trust_remote_code=True allows arbitrary code execution from the model repository. Only use this with models you trust.
WARNING:megatron.bridge.models.conversion.auto_bridge:Loading a model with trust_remote_code=True allows arbitrary code execution from the model repository. Only use this with models you trust.
/tmp/w6172jq-main/trainers/server-megatron-bridge/vendor/megatron-bridge/src/megatron/bridge/models/glm_moe_dsa/glm5_bridge.py:97: FutureWarning: GLM5Bridge.provider_bridge() and AutoBridge.to_megatron_provider() are deprecated for builder-backed models. Use AutoBridge.get_model_config() for training recipes or AutoBridge.get_model() to construct a model. Legacy provider support will be removed in a future release.
  provider = super().provider_bridge(hf_pretrained)
[transformers] `torch_dtype` is deprecated! Use `dtype` instead!
/tmp/w6172jq-main/trainers/server-megatron-bridge/vendor/megatron-bridge/3rdparty/Megatron-LM/megatron/core/transformer/transformer_config.py:2688: UserWarning: full scope is deprecated. Use empty cuda_graph_modules to capture the whole layer.
  warnings.warn(
/tmp/w6172jq-main/trainers/server-megatron-bridge/vendor/megatron-bridge/src/megatron/bridge/models/glm_moe_dsa/glm5_bridge.py:97: FutureWarning: GLM5Bridge.provider_bridge() and AutoBridge.to_megatron_provider() are deprecated for builder-backed models. Use AutoBridge.get_model_config() for training recipes or AutoBridge.get_model() to construct a model. Legacy provider support will be removed in a future release.
  provider = super().provider_bridge(hf_pretrained)
[transformers] `torch_dtype` is deprecated! Use `dtype` instead!
/tmp/w6172jq-main/trainers/server-megatron-bridge/vendor/megatron-bridge/3rdparty/Megatron-LM/megatron/core/transformer/transformer_config.py:2688: UserWarning: full scope is deprecated. Use empty cuda_graph_modules to capture the whole layer.
  warnings.warn(
/tmp/w6172jq-main/trainers/server-megatron-bridge/vendor/megatron-bridge/src/megatron/bridge/models/glm_moe_dsa/glm5_bridge.py:97: FutureWarning: GLM5Bridge.provider_bridge() and AutoBridge.to_megatron_provider() are deprecated for builder-backed models. Use AutoBridge.get_model_config() for training recipes or AutoBridge.get_model() to construct a model. Legacy provider support will be removed in a future release.
  provider = super().provider_bridge(hf_pretrained)
[transformers] `torch_dtype` is deprecated! Use `dtype` instead!
/tmp/w6172jq-main/trainers/server-megatron-bridge/vendor/megatron-bridge/3rdparty/Megatron-LM/megatron/core/transformer/transformer_config.py:2688: UserWarning: full scope is deprecated. Use empty cuda_graph_modules to capture the whole layer.
  warnings.warn(
WARNING:megatron.core.rerun_state_machine:RerunStateMachine initialized in mode RerunMode.DISABLED
> initializing torch distributed ...
/tmp/w6172jq-main/trainers/server-megatron-bridge/vendor/megatron-bridge/src/megatron/bridge/models/glm_moe_dsa/glm5_bridge.py:97: FutureWarning: GLM5Bridge.provider_bridge() and AutoBridge.to_megatron_provider() are deprecated for builder-backed models. Use AutoBridge.get_model_config() for training recipes or AutoBridge.get_model() to construct a model. Legacy provider support will be removed in a future release.
  provider = super().provider_bridge(hf_pretrained)
[transformers] `torch_dtype` is deprecated! Use `dtype` instead!
/tmp/w6172jq-main/trainers/server-megatron-bridge/vendor/megatron-bridge/3rdparty/Megatron-LM/megatron/core/transformer/transformer_config.py:2688: UserWarning: full scope is deprecated. Use empty cuda_graph_modules to capture the whole layer.
  warnings.warn(
/tmp/w6172jq-main/trainers/server-megatron-bridge/vendor/megatron-bridge/src/megatron/bridge/models/glm_moe_dsa/glm5_bridge.py:97: FutureWarning: GLM5Bridge.provider_bridge() and AutoBridge.to_megatron_provider() are deprecated for builder-backed models. Use AutoBridge.get_model_config() for training recipes or AutoBridge.get_model() to construct a model. Legacy provider support will be removed in a future release.
  provider = super().provider_bridge(hf_pretrained)
[transformers] `torch_dtype` is deprecated! Use `dtype` instead!
/tmp/w6172jq-main/trainers/server-megatron-bridge/vendor/megatron-bridge/3rdparty/Megatron-LM/megatron/core/transformer/transformer_config.py:2688: UserWarning: full scope is deprecated. Use empty cuda_graph_modules to capture the whole layer.
  warnings.warn(
/tmp/w6172jq-main/trainers/server-megatron-bridge/vendor/megatron-bridge/src/megatron/bridge/models/glm_moe_dsa/glm5_bridge.py:97: FutureWarning: GLM5Bridge.provider_bridge() and AutoBridge.to_megatron_provider() are deprecated for builder-backed models. Use AutoBridge.get_model_config() for training recipes or AutoBridge.get_model() to construct a model. Legacy provider support will be removed in a future release.
  provider = super().provider_bridge(hf_pretrained)
[transformers] `torch_dtype` is deprecated! Use `dtype` instead!
/tmp/w6172jq-main/trainers/server-megatron-bridge/vendor/megatron-bridge/3rdparty/Megatron-LM/megatron/core/transformer/transformer_config.py:2688: UserWarning: full scope is deprecated. Use empty cuda_graph_modules to capture the whole layer.
  warnings.warn(
/tmp/w6172jq-main/trainers/server-megatron-bridge/vendor/megatron-bridge/src/megatron/bridge/models/glm_moe_dsa/glm5_bridge.py:97: FutureWarning: GLM5Bridge.provider_bridge() and AutoBridge.to_megatron_provider() are deprecated for builder-backed models. Use AutoBridge.get_model_config() for training recipes or AutoBridge.get_model() to construct a model. Legacy provider support will be removed in a future release.
  provider = super().provider_bridge(hf_pretrained)
[transformers] `torch_dtype` is deprecated! Use `dtype` instead!
/tmp/w6172jq-main/trainers/server-megatron-bridge/vendor/megatron-bridge/3rdparty/Megatron-LM/megatron/core/transformer/transformer_config.py:2688: UserWarning: full scope is deprecated. Use empty cuda_graph_modules to capture the whole layer.
  warnings.warn(
/tmp/w6172jq-main/trainers/server-megatron-bridge/vendor/megatron-bridge/src/megatron/bridge/models/glm_moe_dsa/glm5_bridge.py:97: FutureWarning: GLM5Bridge.provider_bridge() and AutoBridge.to_megatron_provider() are deprecated for builder-backed models. Use AutoBridge.get_model_config() for training recipes or AutoBridge.get_model() to construct a model. Legacy provider support will be removed in a future release.
  provider = super().provider_bridge(hf_pretrained)
[transformers] `torch_dtype` is deprecated! Use `dtype` instead!
/tmp/w6172jq-main/trainers/server-megatron-bridge/vendor/megatron-bridge/3rdparty/Megatron-LM/megatron/core/transformer/transformer_config.py:2688: UserWarning: full scope is deprecated. Use empty cuda_graph_modules to capture the whole layer.
  warnings.warn(
> initialized tensor model parallel with size 1
> initialized pipeline model parallel with size 1
> setting random seeds to 1234 ...
> compiling dataset index builder ...
make: Entering directory '/tmp/w6172jq-main/trainers/server-megatron-bridge/vendor/megatron-bridge/3rdparty/Megatron-LM/megatron/core/datasets'
make: Nothing to be done for 'default'.
make: Leaving directory '/tmp/w6172jq-main/trainers/server-megatron-bridge/vendor/megatron-bridge/3rdparty/Megatron-LM/megatron/core/datasets'
>>> done with dataset index builder. Compilation time: 0.036 seconds
/tmp/w6172jq-main/trainers/server-megatron-bridge/.venv/lib/python3.12/site-packages/torch/distributed/c10d_logger.py:83: UserWarning: barrier(): using the device under current context. You can specify `device_id` in `init_process_group` to mute this warning.
  return func(*args, **kwargs)
WARNING:megatron.core.models.gpt.gpt_model:GPTModel IS DEPRECATED. GPTModel is only accepting critical bug fixes, no new features. Please reference the migration guide `docs/user-guide/hybrid-model-migration.md` for details on how to use `HybridModel`






Loading from /root/.cache/team_artifacts/huggingface/hub/models--zai-or… (5… GL…

[PEFT+Recompute] Patched decoder block forward to enable grad on hidden_states input. This ensures checkpoint backward is called when only adapters are trainable (PP=1 with frozen base model).
 > number of parameters on (tensor, gtp_remat, pipeline) model parallel rank (0, 0, 0): 109391800576
INFO:trainers_server_interface.dp_worker.controller.checkpoints.manager:weight_sync disabled
INFO:trainers_server_interface.dp_worker.controller.checkpoints.manager:weight_sync disabled
INFO:trainers_server_interface.dp_worker.controller.checkpoints.manager:weight_sync disabled
INFO:trainers_server_interface.dp_worker.controller.checkpoints.manager:weight_sync disabled
/tmp/w6172jq-main/trainers/server-megatron-bridge/.venv/lib/python3.12/site-packages/torch/distributed/c10d_logger.py:83: UserWarning: barrier(): using the device under current context. You can specify `device_id` in `init_process_group` to mute this warning.
  return func(*args, **kwargs)
INFO:trainers_server_interface.dp_worker.controller.checkpoints.manager:weight_sync disabled
INFO:trainers_server_interface.dp_worker.controller.checkpoints.manager:weight_sync disabled
INFO:trainers_server_interface.dp_worker.controller.checkpoints.manager:weight_sync disabled
INFO:trainers_server_interface.dp_worker.controller.checkpoints.manager:weight_sync disabled
/tmp/w6172jq-main/trainers/server-megatron-bridge/.venv/lib/python3.12/site-packages/torch/cuda/__init__.py:61: FutureWarning: The pynvml package is deprecated. Please install nvidia-ml-py instead. If you did not install pynvml directly, please report this to the maintainers of the package that installed pynvml for you.
  import pynvml  # type: ignore[import]
/tmp/w6172jq-main/trainers/server-megatron-bridge/.venv/lib/python3.12/site-packages/torch/cuda/__init__.py:61: FutureWarning: The pynvml package is deprecated. Please install nvidia-ml-py instead. If you did not install pynvml directly, please report this to the maintainers of the package that installed pynvml for you.
  import pynvml  # type: ignore[import]
/tmp/w6172jq-main/trainers/server-megatron-bridge/.venv/lib/python3.12/site-packages/torch/cuda/__init__.py:61: FutureWarning: The pynvml package is deprecated. Please install nvidia-ml-py instead. If you did not install pynvml directly, please report this to the maintainers of the package that installed pynvml for you.
  import pynvml  # type: ignore[import]
/tmp/w6172jq-main/trainers/server-megatron-bridge/.venv/lib/python3.12/site-packages/torch/cuda/__init__.py:61: FutureWarning: The pynvml package is deprecated. Please install nvidia-ml-py instead. If you did not install pynvml directly, please report this to the maintainers of the package that installed pynvml for you.
  import pynvml  # type: ignore[import]
/tmp/w6172jq-main/trainers/server-megatron-bridge/.venv/lib/python3.12/site-packages/torch/cuda/__init__.py:61: FutureWarning: The pynvml package is deprecated. Please install nvidia-ml-py instead. If you did not install pynvml directly, please report this to the maintainers of the package that installed pynvml for you.
  import pynvml  # type: ignore[import]
/tmp/w6172jq-main/trainers/server-megatron-bridge/.venv/lib/python3.12/site-packages/torch/cuda/__init__.py:61: FutureWarning: The pynvml package is deprecated. Please install nvidia-ml-py instead. If you did not install pynvml directly, please report this to the maintainers of the package that installed pynvml for you.
  import pynvml  # type: ignore[import]
/tmp/w6172jq-main/trainers/server-megatron-bridge/.venv/lib/python3.12/site-packages/torch/cuda/__init__.py:61: FutureWarning: The pynvml package is deprecated. Please install nvidia-ml-py instead. If you did not install pynvml directly, please report this to the maintainers of the package that installed pynvml for you.
  import pynvml  # type: ignore[import]
/tmp/w6172jq-main/trainers/server-megatron-bridge/.venv/lib/python3.12/site-packages/torch/cuda/__init__.py:61: FutureWarning: The pynvml package is deprecated. Please install nvidia-ml-py instead. If you did not install pynvml directly, please report this to the maintainers of the package that installed pynvml for you.
  import pynvml  # type: ignore[import]
[rank4]:W0902 02:09:35.019000 447176 torch/_dynamo/variables/tensor.py:1379] [3/0] Graph break from `Tensor.item()`, consider setting:
[rank4]:W0902 02:09:35.019000 447176 torch/_dynamo/variables/tensor.py:1379] [3/0]     torch._dynamo.config.capture_scalar_outputs = True
[rank4]:W0902 02:09:35.019000 447176 torch/_dynamo/variables/tensor.py:1379] [3/0] or:
[rank4]:W0902 02:09:35.019000 447176 torch/_dynamo/variables/tensor.py:1379] [3/0]     env TORCHDYNAMO_CAPTURE_SCALAR_OUTPUTS=1
[rank4]:W0902 02:09:35.019000 447176 torch/_dynamo/variables/tensor.py:1379] [3/0] to include these operations in the captured graph.
[rank4]:W0902 02:09:35.019000 447176 torch/_dynamo/variables/tensor.py:1379] [3/0] 
[rank4]:W0902 02:09:35.019000 447176 torch/_dynamo/variables/tensor.py:1379] [3/0] Graph break: from user code at:
[rank4]:W0902 02:09:35.019000 447176 torch/_dynamo/variables/tensor.py:1379] [3/0]   File "/tmp/w6172jq-main/trainers/server-megatron-bridge/vendor/megatron-bridge/3rdparty/Megatron-LM/megatron/core/transformer/moe/token_dispatcher.py", line 1975, in dispatch_preprocess
[rank4]:W0902 02:09:35.019000 447176 torch/_dynamo/variables/tensor.py:1379] [3/0]     self._comm_manager.setup_metadata(routing_map, probs)
[rank4]:W0902 02:09:35.019000 447176 torch/_dynamo/variables/tensor.py:1379] [3/0]   File "/tmp/w6172jq-main/trainers/server-megatron-bridge/vendor/megatron-bridge/3rdparty/Megatron-LM/megatron/core/transformer/moe/token_dispatcher.py", line 1103, in setup_metadata
[rank4]:W0902 02:09:35.019000 447176 torch/_dynamo/variables/tensor.py:1379] [3/0]     padded_num_tokens = int(max_num_tokens_across_ep.item())
[rank4]:W0902 02:09:35.019000 447176 torch/_dynamo/variables/tensor.py:1379] [3/0] 
[rank4]:W0902 02:09:35.019000 447176 torch/_dynamo/variables/tensor.py:1379] [3/0] 
[rank5]:W0902 02:09:35.019000 447177 torch/_dynamo/variables/tensor.py:1379] [3/0] Graph break from `Tensor.item()`, consider setting:
[rank5]:W0902 02:09:35.019000 447177 torch/_dynamo/variables/tensor.py:1379] [3/0]     torch._dynamo.config.capture_scalar_outputs = True
[rank5]:W0902 02:09:35.019000 447177 torch/_dynamo/variables/tensor.py:1379] [3/0] or:
[rank5]:W0902 02:09:35.019000 447177 torch/_dynamo/variables/tensor.py:1379] [3/0]     env TORCHDYNAMO_CAPTURE_SCALAR_OUTPUTS=1
[rank5]:W0902 02:09:35.019000 447177 torch/_dynamo/variables/tensor.py:1379] [3/0] to include these operations in the captured graph.
[rank5]:W0902 02:09:35.019000 447177 torch/_dynamo/variables/tensor.py:1379] [3/0] 
[rank5]:W0902 02:09:35.019000 447177 torch/_dynamo/variables/tensor.py:1379] [3/0] Graph break: from user code at:
[rank5]:W0902 02:09:35.019000 447177 torch/_dynamo/variables/tensor.py:1379] [3/0]   File "/tmp/w6172jq-main/trainers/server-megatron-bridge/vendor/megatron-bridge/3rdparty/Megatron-LM/megatron/core/transformer/moe/token_dispatcher.py", line 1975, in dispatch_preprocess
[rank5]:W0902 02:09:35.019000 447177 torch/_dynamo/variables/tensor.py:1379] [3/0]     self._comm_manager.setup_metadata(routing_map, probs)
[rank5]:W0902 02:09:35.019000 447177 torch/_dynamo/variables/tensor.py:1379] [3/0]   File "/tmp/w6172jq-main/trainers/server-megatron-bridge/vendor/megatron-bridge/3rdparty/Megatron-LM/megatron/core/transformer/moe/token_dispatcher.py", line 1103, in setup_metadata
[rank5]:W0902 02:09:35.019000 447177 torch/_dynamo/variables/tensor.py:1379] [3/0]     padded_num_tokens = int(max_num_tokens_across_ep.item())
[rank5]:W0902 02:09:35.019000 447177 torch/_dynamo/variables/tensor.py:1379] [3/0] 
[rank5]:W0902 02:09:35.019000 447177 torch/_dynamo/variables/tensor.py:1379] [3/0] 
[rank3]:W0902 02:09:35.020000 447175 torch/_dynamo/variables/tensor.py:1379] [3/0] Graph break from `Tensor.item()`, consider setting:
[rank3]:W0902 02:09:35.020000 447175 torch/_dynamo/variables/tensor.py:1379] [3/0]     torch._dynamo.config.capture_scalar_outputs = True
[rank3]:W0902 02:09:35.020000 447175 torch/_dynamo/variables/tensor.py:1379] [3/0] or:
[rank3]:W0902 02:09:35.020000 447175 torch/_dynamo/variables/tensor.py:1379] [3/0]     env TORCHDYNAMO_CAPTURE_SCALAR_OUTPUTS=1
[rank3]:W0902 02:09:35.020000 447175 torch/_dynamo/variables/tensor.py:1379] [3/0] to include these operations in the captured graph.
[rank3]:W0902 02:09:35.020000 447175 torch/_dynamo/variables/tensor.py:1379] [3/0] 
[rank3]:W0902 02:09:35.020000 447175 torch/_dynamo/variables/tensor.py:1379] [3/0] Graph break: from user code at:
[rank3]:W0902 02:09:35.020000 447175 torch/_dynamo/variables/tensor.py:1379] [3/0]   File "/tmp/w6172jq-main/trainers/server-megatron-bridge/vendor/megatron-bridge/3rdparty/Megatron-LM/megatron/core/transformer/moe/token_dispatcher.py", line 1975, in dispatch_preprocess
[rank3]:W0902 02:09:35.020000 447175 torch/_dynamo/variables/tensor.py:1379] [3/0]     self._comm_manager.setup_metadata(routing_map, probs)
[rank3]:W0902 02:09:35.020000 447175 torch/_dynamo/variables/tensor.py:1379] [3/0]   File "/tmp/w6172jq-main/trainers/server-megatron-bridge/vendor/megatron-bridge/3rdparty/Megatron-LM/megatron/core/transformer/moe/token_dispatcher.py", line 1103, in setup_metadata
[rank3]:W0902 02:09:35.020000 447175 torch/_dynamo/variables/tensor.py:1379] [3/0]     padded_num_tokens = int(max_num_tokens_across_ep.item())
[rank3]:W0902 02:09:35.020000 447175 torch/_dynamo/variables/tensor.py:1379] [3/0] 
[rank3]:W0902 02:09:35.020000 447175 torch/_dynamo/variables/tensor.py:1379] [3/0] 
[rank7]:W0902 02:09:35.020000 447179 torch/_dynamo/variables/tensor.py:1379] [3/0] Graph break from `Tensor.item()`, consider setting:
[rank7]:W0902 02:09:35.020000 447179 torch/_dynamo/variables/tensor.py:1379] [3/0]     torch._dynamo.config.capture_scalar_outputs = True
[rank7]:W0902 02:09:35.020000 447179 torch/_dynamo/variables/tensor.py:1379] [3/0] or:
[rank7]:W0902 02:09:35.020000 447179 torch/_dynamo/variables/tensor.py:1379] [3/0]     env TORCHDYNAMO_CAPTURE_SCALAR_OUTPUTS=1
[rank7]:W0902 02:09:35.020000 447179 torch/_dynamo/variables/tensor.py:1379] [3/0] to include these operations in the captured graph.
[rank7]:W0902 02:09:35.020000 447179 torch/_dynamo/variables/tensor.py:1379] [3/0] 
[rank7]:W0902 02:09:35.020000 447179 torch/_dynamo/variables/tensor.py:1379] [3/0] Graph break: from user code at:
[rank7]:W0902 02:09:35.020000 447179 torch/_dynamo/variables/tensor.py:1379] [3/0]   File "/tmp/w6172jq-main/trainers/server-megatron-bridge/vendor/megatron-bridge/3rdparty/Megatron-LM/megatron/core/transformer/moe/token_dispatcher.py", line 1975, in dispatch_preprocess
[rank7]:W0902 02:09:35.020000 447179 torch/_dynamo/variables/tensor.py:1379] [3/0]     self._comm_manager.setup_metadata(routing_map, probs)
[rank7]:W0902 02:09:35.020000 447179 torch/_dynamo/variables/tensor.py:1379] [3/0]   File "/tmp/w6172jq-main/trainers/server-megatron-bridge/vendor/megatron-bridge/3rdparty/Megatron-LM/megatron/core/transformer/moe/token_dispatcher.py", line 1103, in setup_metadata
[rank7]:W0902 02:09:35.020000 447179 torch/_dynamo/variables/tensor.py:1379] [3/0]     padded_num_tokens = int(max_num_tokens_across_ep.item())
[rank7]:W0902 02:09:35.020000 447179 torch/_dynamo/variables/tensor.py:1379] [3/0] 
[rank7]:W0902 02:09:35.020000 447179 torch/_dynamo/variables/tensor.py:1379] [3/0] 
[rank1]:W0902 02:09:35.020000 447173 torch/_dynamo/variables/tensor.py:1379] [3/0] Graph break from `Tensor.item()`, consider setting:
[rank1]:W0902 02:09:35.020000 447173 torch/_dynamo/variables/tensor.py:1379] [3/0]     torch._dynamo.config.capture_scalar_outputs = True
[rank1]:W0902 02:09:35.020000 447173 torch/_dynamo/variables/tensor.py:1379] [3/0] or:
[rank1]:W0902 02:09:35.020000 447173 torch/_dynamo/variables/tensor.py:1379] [3/0]     env TORCHDYNAMO_CAPTURE_SCALAR_OUTPUTS=1
[rank1]:W0902 02:09:35.020000 447173 torch/_dynamo/variables/tensor.py:1379] [3/0] to include these operations in the captured graph.
[rank1]:W0902 02:09:35.020000 447173 torch/_dynamo/variables/tensor.py:1379] [3/0] 
[rank1]:W0902 02:09:35.020000 447173 torch/_dynamo/variables/tensor.py:1379] [3/0] Graph break: from user code at:
[rank1]:W0902 02:09:35.020000 447173 torch/_dynamo/variables/tensor.py:1379] [3/0]   File "/tmp/w6172jq-main/trainers/server-megatron-bridge/vendor/megatron-bridge/3rdparty/Megatron-LM/megatron/core/transformer/moe/token_dispatcher.py", line 1975, in dispatch_preprocess
[rank1]:W0902 02:09:35.020000 447173 torch/_dynamo/variables/tensor.py:1379] [3/0]     self._comm_manager.setup_metadata(routing_map, probs)
[rank1]:W0902 02:09:35.020000 447173 torch/_dynamo/variables/tensor.py:1379] [3/0]   File "/tmp/w6172jq-main/trainers/server-megatron-bridge/vendor/megatron-bridge/3rdparty/Megatron-LM/megatron/core/transformer/moe/token_dispatcher.py", line 1103, in setup_metadata
[rank1]:W0902 02:09:35.020000 447173 torch/_dynamo/variables/tensor.py:1379] [3/0]     padded_num_tokens = int(max_num_tokens_across_ep.item())
[rank1]:W0902 02:09:35.020000 447173 torch/_dynamo/variables/tensor.py:1379] [3/0] 
[rank1]:W0902 02:09:35.020000 447173 torch/_dynamo/variables/tensor.py:1379] [3/0] 
[rank0]:W0902 02:09:35.020000 447172 torch/_dynamo/variables/tensor.py:1379] [3/0] Graph break from `Tensor.item()`, consider setting:
[rank0]:W0902 02:09:35.020000 447172 torch/_dynamo/variables/tensor.py:1379] [3/0]     torch._dynamo.config.capture_scalar_outputs = True
[rank0]:W0902 02:09:35.020000 447172 torch/_dynamo/variables/tensor.py:1379] [3/0] or:
[rank0]:W0902 02:09:35.020000 447172 torch/_dynamo/variables/tensor.py:1379] [3/0]     env TORCHDYNAMO_CAPTURE_SCALAR_OUTPUTS=1
[rank0]:W0902 02:09:35.020000 447172 torch/_dynamo/variables/tensor.py:1379] [3/0] to include these operations in the captured graph.
[rank0]:W0902 02:09:35.020000 447172 torch/_dynamo/variables/tensor.py:1379] [3/0] 
[rank0]:W0902 02:09:35.020000 447172 torch/_dynamo/variables/tensor.py:1379] [3/0] Graph break: from user code at:
[rank0]:W0902 02:09:35.020000 447172 torch/_dynamo/variables/tensor.py:1379] [3/0]   File "/tmp/w6172jq-main/trainers/server-megatron-bridge/vendor/megatron-bridge/3rdparty/Megatron-LM/megatron/core/transformer/moe/token_dispatcher.py", line 1975, in dispatch_preprocess
[rank0]:W0902 02:09:35.020000 447172 torch/_dynamo/variables/tensor.py:1379] [3/0]     self._comm_manager.setup_metadata(routing_map, probs)
[rank0]:W0902 02:09:35.020000 447172 torch/_dynamo/variables/tensor.py:1379] [3/0]   File "/tmp/w6172jq-main/trainers/server-megatron-bridge/vendor/megatron-bridge/3rdparty/Megatron-LM/megatron/core/transformer/moe/token_dispatcher.py", line 1103, in setup_metadata
[rank0]:W0902 02:09:35.020000 447172 torch/_dynamo/variables/tensor.py:1379] [3/0]     padded_num_tokens = int(max_num_tokens_across_ep.item())
[rank0]:W0902 02:09:35.020000 447172 torch/_dynamo/variables/tensor.py:1379] [3/0] 
[rank0]:W0902 02:09:35.020000 447172 torch/_dynamo/variables/tensor.py:1379] [3/0] 
[rank2]:W0902 02:09:35.020000 447174 torch/_dynamo/variables/tensor.py:1379] [3/0] Graph break from `Tensor.item()`, consider setting:
[rank2]:W0902 02:09:35.020000 447174 torch/_dynamo/variables/tensor.py:1379] [3/0]     torch._dynamo.config.capture_scalar_outputs = True
[rank2]:W0902 02:09:35.020000 447174 torch/_dynamo/variables/tensor.py:1379] [3/0] or:
[rank2]:W0902 02:09:35.020000 447174 torch/_dynamo/variables/tensor.py:1379] [3/0]     env TORCHDYNAMO_CAPTURE_SCALAR_OUTPUTS=1
[rank2]:W0902 02:09:35.020000 447174 torch/_dynamo/variables/tensor.py:1379] [3/0] to include these operations in the captured graph.
[rank2]:W0902 02:09:35.020000 447174 torch/_dynamo/variables/tensor.py:1379] [3/0] 
[rank2]:W0902 02:09:35.020000 447174 torch/_dynamo/variables/tensor.py:1379] [3/0] Graph break: from user code at:
[rank2]:W0902 02:09:35.020000 447174 torch/_dynamo/variables/tensor.py:1379] [3/0]   File "/tmp/w6172jq-main/trainers/server-megatron-bridge/vendor/megatron-bridge/3rdparty/Megatron-LM/megatron/core/transformer/moe/token_dispatcher.py", line 1975, in dispatch_preprocess
[rank2]:W0902 02:09:35.020000 447174 torch/_dynamo/variables/tensor.py:1379] [3/0]     self._comm_manager.setup_metadata(routing_map, probs)
[rank2]:W0902 02:09:35.020000 447174 torch/_dynamo/variables/tensor.py:1379] [3/0]   File "/tmp/w6172jq-main/trainers/server-megatron-bridge/vendor/megatron-bridge/3rdparty/Megatron-LM/megatron/core/transformer/moe/token_dispatcher.py", line 1103, in setup_metadata
[rank2]:W0902 02:09:35.020000 447174 torch/_dynamo/variables/tensor.py:1379] [3/0]     padded_num_tokens = int(max_num_tokens_across_ep.item())
[rank2]:W0902 02:09:35.020000 447174 torch/_dynamo/variables/tensor.py:1379] [3/0] 
[rank2]:W0902 02:09:35.020000 447174 torch/_dynamo/variables/tensor.py:1379] [3/0] 
[rank6]:W0902 02:09:35.021000 447178 torch/_dynamo/variables/tensor.py:1379] [3/0] Graph break from `Tensor.item()`, consider setting:
[rank6]:W0902 02:09:35.021000 447178 torch/_dynamo/variables/tensor.py:1379] [3/0]     torch._dynamo.config.capture_scalar_outputs = True
[rank6]:W0902 02:09:35.021000 447178 torch/_dynamo/variables/tensor.py:1379] [3/0] or:
[rank6]:W0902 02:09:35.021000 447178 torch/_dynamo/variables/tensor.py:1379] [3/0]     env TORCHDYNAMO_CAPTURE_SCALAR_OUTPUTS=1
[rank6]:W0902 02:09:35.021000 447178 torch/_dynamo/variables/tensor.py:1379] [3/0] to include these operations in the captured graph.
[rank6]:W0902 02:09:35.021000 447178 torch/_dynamo/variables/tensor.py:1379] [3/0] 
[rank6]:W0902 02:09:35.021000 447178 torch/_dynamo/variables/tensor.py:1379] [3/0] Graph break: from user code at:
[rank6]:W0902 02:09:35.021000 447178 torch/_dynamo/variables/tensor.py:1379] [3/0]   File "/tmp/w6172jq-main/trainers/server-megatron-bridge/vendor/megatron-bridge/3rdparty/Megatron-LM/megatron/core/transformer/moe/token_dispatcher.py", line 1975, in dispatch_preprocess
[rank6]:W0902 02:09:35.021000 447178 torch/_dynamo/variables/tensor.py:1379] [3/0]     self._comm_manager.setup_metadata(routing_map, probs)
[rank6]:W0902 02:09:35.021000 447178 torch/_dynamo/variables/tensor.py:1379] [3/0]   File "/tmp/w6172jq-main/trainers/server-megatron-bridge/vendor/megatron-bridge/3rdparty/Megatron-LM/megatron/core/transformer/moe/token_dispatcher.py", line 1103, in setup_metadata
[rank6]:W0902 02:09:35.021000 447178 torch/_dynamo/variables/tensor.py:1379] [3/0]     padded_num_tokens = int(max_num_tokens_across_ep.item())
[rank6]:W0902 02:09:35.021000 447178 torch/_dynamo/variables/tensor.py:1379] [3/0] 
[rank6]:W0902 02:09:35.021000 447178 torch/_dynamo/variables/tensor.py:1379] [3/0] 
/tmp/w6172jq-main/trainers/server-megatron-bridge/.venv/lib/python3.12/site-packages/torch/autograd/graph.py:869: UserWarning: The AccumulateGrad node's stream does not match the stream of the node that produced the incoming gradient. This may incur unnecessary synchronization and break CUDA graph capture if the AccumulateGrad node's stream is the default stream. This mismatch is caused by an AccumulateGrad node created prior to the current iteration being kept alive. This can happen if the autograd graph is still being kept alive by tensors such as the loss, or if you are using DDP, which will stash a reference to the node. To resolve the mismatch, delete all references to the autograd graph or ensure that DDP initialization is performed under the same stream as subsequent forwards. If the mismatch is intentional, you can use torch.autograd.graph.set_warn_on_accumulate_grad_stream_mismatch(False) to suppress this warning. (Triggered internally at /pytorch/torch/csrc/autograd/input_buffer.cpp:240.)
  return Variable._execution_engine.run_backward(  # Calls into the C++ engine to run the backward pass
/tmp/w6172jq-main/trainers/server-megatron-bridge/.venv/lib/python3.12/site-packages/torch/autograd/graph.py:869: UserWarning: The AccumulateGrad node's stream does not match the stream of the node that produced the incoming gradient. This may incur unnecessary synchronization and break CUDA graph capture if the AccumulateGrad node's stream is the default stream. This mismatch is caused by an AccumulateGrad node created prior to the current iteration being kept alive. This can happen if the autograd graph is still being kept alive by tensors such as the loss, or if you are using DDP, which will stash a reference to the node. To resolve the mismatch, delete all references to the autograd graph or ensure that DDP initialization is performed under the same stream as subsequent forwards. If the mismatch is intentional, you can use torch.autograd.graph.set_warn_on_accumulate_grad_stream_mismatch(False) to suppress this warning. (Triggered internally at /pytorch/torch/csrc/autograd/input_buffer.cpp:240.)
  return Variable._execution_engine.run_backward(  # Calls into the C++ engine to run the backward pass
/tmp/w6172jq-main/trainers/server-megatron-bridge/.venv/lib/python3.12/site-packages/torch/autograd/graph.py:869: UserWarning: The AccumulateGrad node's stream does not match the stream of the node that produced the incoming gradient. This may incur unnecessary synchronization and break CUDA graph capture if the AccumulateGrad node's stream is the default stream. This mismatch is caused by an AccumulateGrad node created prior to the current iteration being kept alive. This can happen if the autograd graph is still being kept alive by tensors such as the loss, or if you are using DDP, which will stash a reference to the node. To resolve the mismatch, delete all references to the autograd graph or ensure that DDP initialization is performed under the same stream as subsequent forwards. If the mismatch is intentional, you can use torch.autograd.graph.set_warn_on_accumulate_grad_stream_mismatch(False) to suppress this warning. (Triggered internally at /pytorch/torch/csrc/autograd/input_buffer.cpp:240.)
  return Variable._execution_engine.run_backward(  # Calls into the C++ engine to run the backward pass
/tmp/w6172jq-main/trainers/server-megatron-bridge/.venv/lib/python3.12/site-packages/torch/autograd/graph.py:869: UserWarning: The AccumulateGrad node's stream does not match the stream of the node that produced the incoming gradient. This may incur unnecessary synchronization and break CUDA graph capture if the AccumulateGrad node's stream is the default stream. This mismatch is caused by an AccumulateGrad node created prior to the current iteration being kept alive. This can happen if the autograd graph is still being kept alive by tensors such as the loss, or if you are using DDP, which will stash a reference to the node. To resolve the mismatch, delete all references to the autograd graph or ensure that DDP initialization is performed under the same stream as subsequent forwards. If the mismatch is intentional, you can use torch.autograd.graph.set_warn_on_accumulate_grad_stream_mismatch(False) to suppress this warning. (Triggered internally at /pytorch/torch/csrc/autograd/input_buffer.cpp:240.)
  return Variable._execution_engine.run_backward(  # Calls into the C++ engine to run the backward pass
/tmp/w6172jq-main/trainers/server-megatron-bridge/.venv/lib/python3.12/site-packages/torch/autograd/graph.py:869: UserWarning: The AccumulateGrad node's stream does not match the stream of the node that produced the incoming gradient. This may incur unnecessary synchronization and break CUDA graph capture if the AccumulateGrad node's stream is the default stream. This mismatch is caused by an AccumulateGrad node created prior to the current iteration being kept alive. This can happen if the autograd graph is still being kept alive by tensors such as the loss, or if you are using DDP, which will stash a reference to the node. To resolve the mismatch, delete all references to the autograd graph or ensure that DDP initialization is performed under the same stream as subsequent forwards. If the mismatch is intentional, you can use torch.autograd.graph.set_warn_on_accumulate_grad_stream_mismatch(False) to suppress this warning. (Triggered internally at /pytorch/torch/csrc/autograd/input_buffer.cpp:240.)
  return Variable._execution_engine.run_backward(  # Calls into the C++ engine to run the backward pass
/tmp/w6172jq-main/trainers/server-megatron-bridge/.venv/lib/python3.12/site-packages/torch/autograd/graph.py:869: UserWarning: The AccumulateGrad node's stream does not match the stream of the node that produced the incoming gradient. This may incur unnecessary synchronization and break CUDA graph capture if the AccumulateGrad node's stream is the default stream. This mismatch is caused by an AccumulateGrad node created prior to the current iteration being kept alive. This can happen if the autograd graph is still being kept alive by tensors such as the loss, or if you are using DDP, which will stash a reference to the node. To resolve the mismatch, delete all references to the autograd graph or ensure that DDP initialization is performed under the same stream as subsequent forwards. If the mismatch is intentional, you can use torch.autograd.graph.set_warn_on_accumulate_grad_stream_mismatch(False) to suppress this warning. (Triggered internally at /pytorch/torch/csrc/autograd/input_buffer.cpp:240.)
  return Variable._execution_engine.run_backward(  # Calls into the C++ engine to run the backward pass
/tmp/w6172jq-main/trainers/server-megatron-bridge/.venv/lib/python3.12/site-packages/torch/autograd/graph.py:869: UserWarning: The AccumulateGrad node's stream does not match the stream of the node that produced the incoming gradient. This may incur unnecessary synchronization and break CUDA graph capture if the AccumulateGrad node's stream is the default stream. This mismatch is caused by an AccumulateGrad node created prior to the current iteration being kept alive. This can happen if the autograd graph is still being kept alive by tensors such as the loss, or if you are using DDP, which will stash a reference to the node. To resolve the mismatch, delete all references to the autograd graph or ensure that DDP initialization is performed under the same stream as subsequent forwards. If the mismatch is intentional, you can use torch.autograd.graph.set_warn_on_accumulate_grad_stream_mismatch(False) to suppress this warning. (Triggered internally at /pytorch/torch/csrc/autograd/input_buffer.cpp:240.)
  return Variable._execution_engine.run_backward(  # Calls into the C++ engine to run the backward pass
/tmp/w6172jq-main/trainers/server-megatron-bridge/.venv/lib/python3.12/site-packages/torch/autograd/graph.py:869: UserWarning: The AccumulateGrad node's stream does not match the stream of the node that produced the incoming gradient. This may incur unnecessary synchronization and break CUDA graph capture if the AccumulateGrad node's stream is the default stream. This mismatch is caused by an AccumulateGrad node created prior to the current iteration being kept alive. This can happen if the autograd graph is still being kept alive by tensors such as the loss, or if you are using DDP, which will stash a reference to the node. To resolve the mismatch, delete all references to the autograd graph or ensure that DDP initialization is performed under the same stream as subsequent forwards. If the mismatch is intentional, you can use torch.autograd.graph.set_warn_on_accumulate_grad_stream_mismatch(False) to suppress this warning. (Triggered internally at /pytorch/torch/csrc/autograd/input_buffer.cpp:240.)
  return Variable._execution_engine.run_backward(  # Calls into the C++ engine to run the backward pass
INFO:     Started server process [447172]
INFO:     Waiting for application startup.
INFO:     Application startup complete.
INFO:     Uvicorn running on http://0.0.0.0:8001 (Press CTRL+C to quit)
INFO:     127.0.0.1:47828 - "GET /health HTTP/1.1" 200 OK
INFO:     127.0.0.1:43402 - "GET /status HTTP/1.1" 200 OK
INFO:trainers_server_interface.dp_worker.api.server:submit: op=forward_backward operation_id=aa56fb59d69e4eaab1b6896c863edf35 enqueued (qsize=1) n_datums=1 total_tokens=131072 seq_len[min/max]=131072/131072
INFO:     127.0.0.1:43402 - "POST /forward_backward HTTP/1.1" 202 Accepted
INFO:trainers_server_interface.dp_worker.api.dispatcher_worker:dispatcher_worker: op=forward_backward operation_id=aa56fb59d69e4eaab1b6896c863edf35 done in 77.51s {'loss': 12.306297731763701}
INFO:trainers_server_interface.dp_worker.api.server:retrieve: operation_id=aa56fb59d69e4eaab1b6896c863edf35 done after 14.50s
INFO:     127.0.0.1:43402 - "GET /operations/aa56fb59d69e4eaab1b6896c863edf35 HTTP/1.1" 200 OK
INFO:trainers_server_interface.dp_worker.api.server:submit: op=optim_step operation_id=bbe3b5af896d4a9ba865ce6dd9605e2a enqueued (qsize=1) 
INFO:     127.0.0.1:43402 - "POST /optim_step HTTP/1.1" 202 Accepted
INFO:trainers_server_interface.dp_worker.api.dispatcher_worker:dispatcher_worker: op=optim_step operation_id=bbe3b5af896d4a9ba865ce6dd9605e2a done in 8.59s step=1.0 learning_rate=1e-05 lr=1e-05 grad_norm=0.5476539731025696 tps=1548.251734063356 train_mean_nll=12.306297731763701 num_tokens=131072.0 num_loss_tokens=131071.0 step_seconds=84.65806762315333 peak_reserved_bytes=177632968704 peak_allocated_bytes=172031135744 device_total_bytes=287428771840
INFO:trainers_server_interface.dp_worker.api.server:retrieve: operation_id=bbe3b5af896d4a9ba865ce6dd9605e2a done after 8.59s
INFO:     127.0.0.1:43402 - "GET /operations/bbe3b5af896d4a9ba865ce6dd9605e2a HTTP/1.1" 200 OK
INFO:trainers_server_interface.dp_worker.api.server:submit: op=start_memory_profile operation_id=0601ff08d8d2426fb529c82a7c0ccdab enqueued (qsize=1) 
INFO:     127.0.0.1:43402 - "POST /memory_profile/start HTTP/1.1" 202 Accepted
/tmp/w6172jq-main/trainers/server-megatron-bridge/.venv/lib/python3.12/site-packages/torch/distributed/c10d_logger.py:83: UserWarning: barrier(): using the device under current context. You can specify `device_id` in `init_process_group` to mute this warning.
  return func(*args, **kwargs)
INFO:trainers_server_interface.dp_worker.profiling:profiling: cuda memory history recording started (rank=0)
INFO:trainers_server_interface.dp_worker.profiling:profiling: cuda memory history recording started (rank=5)
INFO:trainers_server_interface.dp_worker.profiling:profiling: OOM observer attached (rank=0)
INFO:trainers_server_interface.dp_worker.profiling:profiling: cuda memory history recording started (rank=7)
INFO:trainers_server_interface.dp_worker.profile_manager:memory_profile/start: recording=True max_entries=5000000 local_path=/tmp/w6172jq-main/checkpoints/profiles/latest/memory
INFO:trainers_server_interface.dp_worker.profiling:profiling: OOM observer attached (rank=5)
INFO:trainers_server_interface.dp_worker.profiling:profiling: cuda memory history recording started (rank=3)
INFO:trainers_server_interface.dp_worker.profiling:profiling: cuda memory history recording started (rank=6)
INFO:trainers_server_interface.dp_worker.profiling:profiling: cuda memory history recording started (rank=1)
INFO:trainers_server_interface.dp_worker.profile_manager:memory_profile/start: recording=True max_entries=5000000 local_path=/tmp/w6172jq-main/checkpoints/profiles/latest/memory
INFO:trainers_server_interface.dp_worker.profiling:profiling: OOM observer attached (rank=7)
INFO:trainers_server_interface.dp_worker.profiling:profiling: cuda memory history recording started (rank=2)
INFO:trainers_server_interface.dp_worker.profile_manager:memory_profile/start: recording=True max_entries=5000000 local_path=/tmp/w6172jq-main/checkpoints/profiles/latest/memory
INFO:trainers_server_interface.dp_worker.api.dispatcher_worker:dispatcher_worker: op=start_memory_profile operation_id=0601ff08d8d2426fb529c82a7c0ccdab done in 0.00s 
INFO:trainers_server_interface.dp_worker.profiling:profiling: OOM observer attached (rank=3)
INFO:trainers_server_interface.dp_worker.profiling:profiling: OOM observer attached (rank=6)
INFO:trainers_server_interface.dp_worker.profiling:profiling: cuda memory history recording started (rank=4)
INFO:trainers_server_interface.dp_worker.profiling:profiling: OOM observer attached (rank=1)
INFO:trainers_server_interface.dp_worker.api.server:retrieve: operation_id=0601ff08d8d2426fb529c82a7c0ccdab done after 0.00s
INFO:trainers_server_interface.dp_worker.profile_manager:memory_profile/start: recording=True max_entries=5000000 local_path=/tmp/w6172jq-main/checkpoints/profiles/latest/memory
INFO:trainers_server_interface.dp_worker.profiling:profiling: OOM observer attached (rank=2)
INFO:trainers_server_interface.dp_worker.profile_manager:memory_profile/start: recording=True max_entries=5000000 local_path=/tmp/w6172jq-main/checkpoints/profiles/latest/memory
INFO:trainers_server_interface.dp_worker.profile_manager:memory_profile/start: recording=True max_entries=5000000 local_path=/tmp/w6172jq-main/checkpoints/profiles/latest/memory
INFO:trainers_server_interface.dp_worker.profile_manager:memory_profile/start: recording=True max_entries=5000000 local_path=/tmp/w6172jq-main/checkpoints/profiles/latest/memory
INFO:     127.0.0.1:43402 - "GET /operations/0601ff08d8d2426fb529c82a7c0ccdab HTTP/1.1" 200 OK
INFO:trainers_server_interface.dp_worker.profiling:profiling: OOM observer attached (rank=4)
INFO:trainers_server_interface.dp_worker.profile_manager:memory_profile/start: recording=True max_entries=5000000 local_path=/tmp/w6172jq-main/checkpoints/profiles/latest/memory
INFO:trainers_server_interface.dp_worker.api.server:submit: op=forward_backward operation_id=aaa706ea1bef4a8bb9eda10ed88454d9 enqueued (qsize=1) n_datums=1 total_tokens=131072 seq_len[min/max]=131072/131072
INFO:     127.0.0.1:43402 - "POST /forward_backward HTTP/1.1" 202 Accepted
INFO:trainers_server_interface.dp_worker.profiling:profiling: memory snapshot written → /tmp/w6172jq-main/checkpoints/profiles/latest/memory/memory.rank5.pickle
INFO:trainers_server_interface.dp_worker.profiling:profiling: memory snapshot written → /tmp/w6172jq-main/checkpoints/profiles/latest/memory/memory.rank7.pickle
INFO:trainers_server_interface.dp_worker.profiling:profiling: memory snapshot written → /tmp/w6172jq-main/checkpoints/profiles/latest/memory/memory.rank1.pickle
INFO:trainers_server_interface.dp_worker.profiling:profiling: memory snapshot written → /tmp/w6172jq-main/checkpoints/profiles/latest/memory/memory.rank3.pickle
INFO:trainers_server_interface.dp_worker.profiling:profiling: memory snapshot written → /tmp/w6172jq-main/checkpoints/profiles/latest/memory/memory.rank6.pickle
INFO:trainers_server_interface.dp_worker.profiling:profiling: memory snapshot written → /tmp/w6172jq-main/checkpoints/profiles/latest/memory/memory.rank0.pickle
INFO:trainers_server_interface.dp_worker.profiling:profiling: memory snapshot written → /tmp/w6172jq-main/checkpoints/profiles/latest/memory/memory.rank2.pickle
INFO:trainers_server_interface.dp_worker.profiling:profiling: memory snapshot written → /tmp/w6172jq-main/checkpoints/profiles/latest/memory/memory.rank4.pickle
INFO:trainers_server_interface.dp_worker.api.dispatcher_worker:dispatcher_worker: op=forward_backward operation_id=aaa706ea1bef4a8bb9eda10ed88454d9 done in 15.14s {'loss': 12.33131279993286}
INFO:trainers_server_interface.dp_worker.api.server:retrieve: operation_id=aaa706ea1bef4a8bb9eda10ed88454d9 done after 15.15s
INFO:     127.0.0.1:43402 - "GET /operations/aaa706ea1bef4a8bb9eda10ed88454d9 HTTP/1.1" 200 OK
INFO:trainers_server_interface.dp_worker.api.server:submit: op=optim_step operation_id=5bbd851996fc40eab85a9c6306503c99 enqueued (qsize=1) 
INFO:     127.0.0.1:43402 - "POST /optim_step HTTP/1.1" 202 Accepted
INFO:trainers_server_interface.dp_worker.api.dispatcher_worker:dispatcher_worker: op=optim_step operation_id=5bbd851996fc40eab85a9c6306503c99 done in 0.07s step=2.0 learning_rate=1e-05 lr=1e-05 grad_norm=0.7165265083312988 tps=9116.250405729807 train_mean_nll=12.33131279993286 num_tokens=131072.0 num_loss_tokens=131071.0 step_seconds=14.377841126173735 peak_reserved_bytes=177647648768 peak_allocated_bytes=172250214400 device_total_bytes=287428771840
INFO:trainers_server_interface.dp_worker.api.server:retrieve: operation_id=5bbd851996fc40eab85a9c6306503c99 done after 0.07s
INFO:     127.0.0.1:43402 - "GET /operations/5bbd851996fc40eab85a9c6306503c99 HTTP/1.1" 200 OK
INFO:trainers_server_interface.dp_worker.api.server:submit: op=stop_memory_profile operation_id=1615e35226e947169dc4376a7c48e69e enqueued (qsize=1) 
INFO:     127.0.0.1:43402 - "POST /memory_profile/stop HTTP/1.1" 202 Accepted
INFO:trainers_server_interface.dp_worker.profiling:profiling: memory snapshot written → /tmp/w6172jq-main/checkpoints/profiles/latest/memory/memory.rank7.pickle
INFO:trainers_server_interface.dp_worker.profiling:profiling: memory snapshot written → /tmp/w6172jq-main/checkpoints/profiles/latest/memory/memory.rank2.pickle
INFO:trainers_server_interface.dp_worker.profiling:profiling: memory snapshot written → /tmp/w6172jq-main/checkpoints/profiles/latest/memory/memory.rank5.pickle
INFO:trainers_server_interface.dp_worker.profiling:profiling: memory snapshot written → /tmp/w6172jq-main/checkpoints/profiles/latest/memory/memory.rank0.pickle
INFO:trainers_server_interface.dp_worker.profiling:profiling: memory snapshot written → /tmp/w6172jq-main/checkpoints/profiles/latest/memory/memory.rank6.pickle
INFO:trainers_server_interface.dp_worker.profiling:profiling: memory snapshot written → /tmp/w6172jq-main/checkpoints/profiles/latest/memory/memory.rank1.pickle
INFO:trainers_server_interface.dp_worker.profiling:profiling: memory snapshot written → /tmp/w6172jq-main/checkpoints/profiles/latest/memory/memory.rank3.pickle
INFO:trainers_server_interface.dp_worker.profiling:profiling: memory snapshot written → /tmp/w6172jq-main/checkpoints/profiles/latest/memory/memory.rank4.pickle
INFO:trainers_server_interface.dp_worker.api.dispatcher_worker:dispatcher_worker: op=stop_memory_profile operation_id=1615e35226e947169dc4376a7c48e69e done in 0.89s 
INFO:trainers_server_interface.dp_worker.api.server:retrieve: operation_id=1615e35226e947169dc4376a7c48e69e done after 0.89s
INFO:     127.0.0.1:43402 - "GET /operations/1615e35226e947169dc4376a7c48e69e HTTP/1.1" 200 OK
INFO:     127.0.0.1:43402 - "GET /status HTTP/1.1" 200 OK
W0902 02:12:56.633000 447144 torch/distributed/elastic/agent/server/api.py:739] Received 15 death signal, shutting down workers
W0902 02:12:56.634000 447144 torch/distributed/elastic/multiprocessing/api.py:1012] Sending process 447172 closing signal SIGTERM
W0902 02:12:56.636000 447144 torch/distributed/elastic/multiprocessing/api.py:1012] Sending process 447173 closing signal SIGTERM
W0902 02:12:56.638000 447144 torch/distributed/elastic/multiprocessing/api.py:1012] Sending process 447174 closing signal SIGTERM
W0902 02:12:56.640000 447144 torch/distributed/elastic/multiprocessing/api.py:1012] Sending process 447175 closing signal SIGTERM
W0902 02:12:56.642000 447144 torch/distributed/elastic/multiprocessing/api.py:1012] Sending process 447176 closing signal SIGTERM
W0902 02:12:56.648000 447144 torch/distributed/elastic/multiprocessing/api.py:1012] Sending process 447177 closing signal SIGTERM
INFO:     Shutting down
W0902 02:12:56.654000 447144 torch/distributed/elastic/multiprocessing/api.py:1012] Sending process 447178 closing signal SIGTERM
W0902 02:12:56.658000 447144 torch/distributed/elastic/multiprocessing/api.py:1012] Sending process 447179 closing signal SIGTERM
INFO:     Waiting for application shutdown.
INFO:trainers_server_interface.dp_worker.api.dispatcher_worker:dispatcher_worker: shutdown sentinel received, exiting
INFO:     Application shutdown complete.
INFO:     Finished server process [447172]
Traceback (most recent call last):
  File "/tmp/w6172jq-main/trainers/server-megatron-bridge/.venv/bin/torchrun", line 10, in <module>
    sys.exit(main())
             ^^^^^^
  File "/tmp/w6172jq-main/trainers/server-megatron-bridge/.venv/lib/python3.12/site-packages/torch/distributed/elastic/multiprocessing/errors/__init__.py", line 362, in wrapper
    return f(*args, **kwargs)
           ^^^^^^^^^^^^^^^^^^
  File "/tmp/w6172jq-main/trainers/server-megatron-bridge/.venv/lib/python3.12/site-packages/torch/distributed/run.py", line 990, in main
    run(args)
  File "/tmp/w6172jq-main/trainers/server-megatron-bridge/.venv/lib/python3.12/site-packages/torch/distributed/run.py", line 981, in run
    elastic_launch(
  File "/tmp/w6172jq-main/trainers/server-megatron-bridge/.venv/lib/python3.12/site-packages/torch/distributed/launcher/api.py", line 170, in __call__
    return launch_agent(self._config, self._entrypoint, list(args))
           ^^^^^^^^^^^^^^^^^^^^^^^^^^^^^^^^^^^^^^^^^^^^^^^^^^^^^^^^
  File "/tmp/w6172jq-main/trainers/server-megatron-bridge/.venv/lib/python3.12/site-packages/torch/distributed/launcher/api.py", line 308, in launch_agent
    result = agent.run()
             ^^^^^^^^^^^
  File "/tmp/w6172jq-main/trainers/server-megatron-bridge/.venv/lib/python3.12/site-packages/torch/distributed/elastic/metrics/api.py", line 134, in wrapper
    result = f(*args, **kwargs)
             ^^^^^^^^^^^^^^^^^^
  File "/tmp/w6172jq-main/trainers/server-megatron-bridge/.venv/lib/python3.12/site-packages/torch/distributed/elastic/agent/server/api.py", line 731, in run
    result = self._invoke_run(role)
             ^^^^^^^^^^^^^^^^^^^^^^
  File "/tmp/w6172jq-main/trainers/server-megatron-bridge/.venv/lib/python3.12/site-packages/torch/distributed/elastic/agent/server/api.py", line 908, in _invoke_run
    time.sleep(monitor_interval)
  File "/tmp/w6172jq-main/trainers/server-megatron-bridge/.venv/lib/python3.12/site-packages/torch/distributed/elastic/multiprocessing/api.py", line 86, in _terminate_process_handler
    raise SignalException(f"Process {os.getpid()} got signal: {sigval}", sigval=sigval)
torch.distributed.elastic.multiprocessing.api.SignalException: Process 447144 got signal: 15
/usr/lib/python3.12/multiprocessing/resource_tracker.py:254: UserWarning: resource_tracker: There appear to be 19 leaked semaphore objects to clean up at shutdown
  warnings.warn('resource_tracker: There appear to be %d '
/usr/lib/python3.12/multiprocessing/resource_tracker.py:254: UserWarning: resource_tracker: There appear to be 19 leaked semaphore objects to clean up at shutdown
  warnings.warn('resource_tracker: There appear to be %d '
/usr/lib/python3.12/multiprocessing/resource_tracker.py:254: UserWarning: resource_tracker: There appear to be 19 leaked semaphore objects to clean up at shutdown
  warnings.warn('resource_tracker: There appear to be %d '
/usr/lib/python3.12/multiprocessing/resource_tracker.py:254: UserWarning: resource_tracker: There appear to be 19 leaked semaphore objects to clean up at shutdown
  warnings.warn('resource_tracker: There appear to be %d '
/usr/lib/python3.12/multiprocessing/resource_tracker.py:254: UserWarning: resource_tracker: There appear to be 19 leaked semaphore objects to clean up at shutdown
  warnings.warn('resource_tracker: There appear to be %d '
/usr/lib/python3.12/multiprocessing/resource_tracker.py:254: UserWarning: resource_tracker: There appear to be 19 leaked semaphore objects to clean up at shutdown
  warnings.warn('resource_tracker: There appear to be %d '
/usr/lib/python3.12/multiprocessing/resource_tracker.py:254: UserWarning: resource_tracker: There appear to be 19 leaked semaphore objects to clean up at shutdown
  warnings.warn('resource_tracker: There appear to be %d '
/usr/lib/python3.12/multiprocessing/resource_tracker.py:254: UserWarning: resource_tracker: There appear to be 19 leaked semaphore objects to clean up at shutdown
  warnings.warn('resource_tracker: There appear to be %d '
