/root/.cache/user_artifacts/trainers_main/server/.venv/lib/python3.12/site-packages/torch/cuda/__init__.py:61: FutureWarning: The pynvml package is deprecated. Please install nvidia-ml-py instead. If you did not install pynvml directly, please report this to the maintainers of the package that installed pynvml for you.
  import pynvml  # type: ignore[import]
/root/.cache/user_artifacts/trainers_main/server/.venv/lib/python3.12/site-packages/torch/cuda/__init__.py:61: FutureWarning: The pynvml package is deprecated. Please install nvidia-ml-py instead. If you did not install pynvml directly, please report this to the maintainers of the package that installed pynvml for you.
  import pynvml  # type: ignore[import]
/root/.cache/user_artifacts/trainers_main/server/.venv/lib/python3.12/site-packages/torch/cuda/__init__.py:61: FutureWarning: The pynvml package is deprecated. Please install nvidia-ml-py instead. If you did not install pynvml directly, please report this to the maintainers of the package that installed pynvml for you.
  import pynvml  # type: ignore[import]
/root/.cache/user_artifacts/trainers_main/server/.venv/lib/python3.12/site-packages/torch/cuda/__init__.py:61: FutureWarning: The pynvml package is deprecated. Please install nvidia-ml-py instead. If you did not install pynvml directly, please report this to the maintainers of the package that installed pynvml for you.
  import pynvml  # type: ignore[import]
/root/.cache/user_artifacts/trainers_main/server/.venv/lib/python3.12/site-packages/torch/cuda/__init__.py:61: FutureWarning: The pynvml package is deprecated. Please install nvidia-ml-py instead. If you did not install pynvml directly, please report this to the maintainers of the package that installed pynvml for you.
  import pynvml  # type: ignore[import]
/root/.cache/user_artifacts/trainers_main/server/.venv/lib/python3.12/site-packages/torch/autograd/function.py:596: UserWarning: An unbatched P2P op (send/recv) was called on this ProcessGroup with size 4.  In lazy initialization mode, this will result in a new 2-rank NCCL communicator to be created. (Triggered internally at /pytorch/torch/csrc/distributed/c10d/ProcessGroupNCCL.cpp:4094.)
  return super().apply(*args, **kwargs)  # type: ignore[misc]
/root/.cache/user_artifacts/trainers_main/server/.venv/lib/python3.12/site-packages/torch/autograd/function.py:596: UserWarning: An unbatched P2P op (send/recv) was called on this ProcessGroup with size 4.  In lazy initialization mode, this will result in a new 2-rank NCCL communicator to be created. (Triggered internally at /pytorch/torch/csrc/distributed/c10d/ProcessGroupNCCL.cpp:4094.)
  return super().apply(*args, **kwargs)  # type: ignore[misc]
/root/.cache/user_artifacts/trainers_main/server/.venv/lib/python3.12/site-packages/torch/autograd/function.py:596: UserWarning: An unbatched P2P op (send/recv) was called on this ProcessGroup with size 4.  In lazy initialization mode, this will result in a new 2-rank NCCL communicator to be created. (Triggered internally at /pytorch/torch/csrc/distributed/c10d/ProcessGroupNCCL.cpp:4094.)
  return super().apply(*args, **kwargs)  # type: ignore[misc]
/root/.cache/user_artifacts/trainers_main/server/.venv/lib/python3.12/site-packages/torch/autograd/function.py:596: UserWarning: An unbatched P2P op (send/recv) was called on this ProcessGroup with size 4.  In lazy initialization mode, this will result in a new 2-rank NCCL communicator to be created. (Triggered internally at /pytorch/torch/csrc/distributed/c10d/ProcessGroupNCCL.cpp:4094.)
  return super().apply(*args, **kwargs)  # type: ignore[misc]
[seed 16] rank 3: 1 distinct outputs over 20 iters; wobble rows: []
[seed 16] rank 2: 6 distinct outputs over 20 iters; wobble rows: [174]
[seed 16] rank 1: 7 distinct outputs over 20 iters; wobble rows: [174]
[seed 16] rank 0: 6 distinct outputs over 20 iters; wobble rows: [174]
[seed 16] GLOBAL: NONDETERMINISTIC (3/4 ranks)
[seed 17] rank 3: 1 distinct outputs over 20 iters; wobble rows: []
[seed 17] rank 2: 4 distinct outputs over 20 iters; wobble rows: [174]
[seed 17] rank 1: 5 distinct outputs over 20 iters; wobble rows: [174]
[seed 17] rank 0: 5 distinct outputs over 20 iters; wobble rows: [174]
[seed 17] GLOBAL: NONDETERMINISTIC (3/4 ranks)
[seed 18] rank 3: 1 distinct outputs over 20 iters; wobble rows: []
[seed 18] rank 2: 3 distinct outputs over 20 iters; wobble rows: [174]
[seed 18] rank 1: 4 distinct outputs over 20 iters; wobble rows: [174]
[seed 18] rank 0: 4 distinct outputs over 20 iters; wobble rows: [174]
[seed 18] GLOBAL: NONDETERMINISTIC (3/4 ranks)
W0808 05:14:10.459000 36121 torch/distributed/elastic/multiprocessing/api.py:1012] Sending process 36127 closing signal SIGTERM
E0808 05:14:10.523000 36121 torch/distributed/elastic/multiprocessing/api.py:986] failed (exitcode: 1) local_rank: 0 (pid: 36126) of binary: /root/.cache/user_artifacts/trainers_main/server/.venv/bin/python3
Traceback (most recent call last):
  File "/root/.cache/user_artifacts/trainers_main/server/.venv/bin/torchrun", line 10, in <module>
    sys.exit(main())
             ^^^^^^
  File "/root/.cache/user_artifacts/trainers_main/server/.venv/lib/python3.12/site-packages/torch/distributed/elastic/multiprocessing/errors/__init__.py", line 362, in wrapper
    return f(*args, **kwargs)
           ^^^^^^^^^^^^^^^^^^
  File "/root/.cache/user_artifacts/trainers_main/server/.venv/lib/python3.12/site-packages/torch/distributed/run.py", line 990, in main
    run(args)
  File "/root/.cache/user_artifacts/trainers_main/server/.venv/lib/python3.12/site-packages/torch/distributed/run.py", line 981, in run
    elastic_launch(
  File "/root/.cache/user_artifacts/trainers_main/server/.venv/lib/python3.12/site-packages/torch/distributed/launcher/api.py", line 170, in __call__
    return launch_agent(self._config, self._entrypoint, list(args))
           ^^^^^^^^^^^^^^^^^^^^^^^^^^^^^^^^^^^^^^^^^^^^^^^^^^^^^^^^
  File "/root/.cache/user_artifacts/trainers_main/server/.venv/lib/python3.12/site-packages/torch/distributed/launcher/api.py", line 317, in launch_agent
    raise ChildFailedError(
torch.distributed.elastic.multiprocessing.errors.ChildFailedError: 
============================================================
/root/.cache/user_artifacts/nemotron-repro-4node/standalone_te_cp4_repro.py FAILED
------------------------------------------------------------
Failures:
[1]:
  time      : 2026-08-08_05:14:10
  host      : b300-1-7h5sspcb-0000
  rank      : 2 (local_rank: 2)
  exitcode  : 1 (pid: 36128)
  error_file: <N/A>
  traceback : To enable traceback see: https://pytorch.org/docs/stable/elastic/errors.html
[2]:
  time      : 2026-08-08_05:14:10
  host      : b300-1-7h5sspcb-0000
  rank      : 3 (local_rank: 3)
  exitcode  : 1 (pid: 36129)
  error_file: <N/A>
  traceback : To enable traceback see: https://pytorch.org/docs/stable/elastic/errors.html
[3]:
  time      : 2026-08-08_05:14:10
  host      : b300-1-7h5sspcb-0000
  rank      : 1 (local_rank: 1)
  exitcode  : 1 (pid: 36127)
  error_file: <N/A>
  traceback : To enable traceback see: https://pytorch.org/docs/stable/elastic/errors.html
------------------------------------------------------------
Root Cause (first observed failure):
[0]:
  time      : 2026-08-08_05:14:10
  host      : b300-1-7h5sspcb-0000
  rank      : 0 (local_rank: 0)
  exitcode  : 1 (pid: 36126)
  error_file: <N/A>
  traceback : To enable traceback see: https://pytorch.org/docs/stable/elastic/errors.html
============================================================
