/root/.cache/user_artifacts/trainers_main/server/.venv/lib/python3.12/site-packages/torch/cuda/__init__.py:61: FutureWarning: The pynvml package is deprecated. Please install nvidia-ml-py instead. If you did not install pynvml directly, please report this to the maintainers of the package that installed pynvml for you.
  import pynvml  # type: ignore[import]
W0808 10:01:15.104000 4159 torch/distributed/run.py:851] 
W0808 10:01:15.104000 4159 torch/distributed/run.py:851] *****************************************
W0808 10:01:15.104000 4159 torch/distributed/run.py:851] Setting OMP_NUM_THREADS environment variable for each process to be 1 in default, to avoid your system being overloaded, please further tune the variable for optimal performance in your application as needed. 
W0808 10:01:15.104000 4159 torch/distributed/run.py:851] *****************************************
/root/.cache/user_artifacts/trainers_main/server/.venv/lib/python3.12/site-packages/torch/cuda/__init__.py:61: FutureWarning: The pynvml package is deprecated. Please install nvidia-ml-py instead. If you did not install pynvml directly, please report this to the maintainers of the package that installed pynvml for you.
  import pynvml  # type: ignore[import]
/root/.cache/user_artifacts/trainers_main/server/.venv/lib/python3.12/site-packages/torch/cuda/__init__.py:61: FutureWarning: The pynvml package is deprecated. Please install nvidia-ml-py instead. If you did not install pynvml directly, please report this to the maintainers of the package that installed pynvml for you.
  import pynvml  # type: ignore[import]
/root/.cache/user_artifacts/trainers_main/server/.venv/lib/python3.12/site-packages/torch/cuda/__init__.py:61: FutureWarning: The pynvml package is deprecated. Please install nvidia-ml-py instead. If you did not install pynvml directly, please report this to the maintainers of the package that installed pynvml for you.
  import pynvml  # type: ignore[import]
/root/.cache/user_artifacts/trainers_main/server/.venv/lib/python3.12/site-packages/torch/cuda/__init__.py:61: FutureWarning: The pynvml package is deprecated. Please install nvidia-ml-py instead. If you did not install pynvml directly, please report this to the maintainers of the package that installed pynvml for you.
  import pynvml  # type: ignore[import]
CP=4 chunk=88 n_iters=30 seeds=[16, 17, 18] TE=2.16.0 torch=2.11.0+cu130 cudnn=91900 probe=off NVTE_ALLOW_NONDETERMINISTIC_ALGO=None
/root/.cache/user_artifacts/trainers_main/server/.venv/lib/python3.12/site-packages/torch/autograd/function.py:596: UserWarning: An unbatched P2P op (send/recv) was called on this ProcessGroup with size 4.  In lazy initialization mode, this will result in a new 2-rank NCCL communicator to be created. (Triggered internally at /pytorch/torch/csrc/distributed/c10d/ProcessGroupNCCL.cpp:4094.)
  return super().apply(*args, **kwargs)  # type: ignore[misc]
/root/.cache/user_artifacts/trainers_main/server/.venv/lib/python3.12/site-packages/torch/autograd/function.py:596: UserWarning: An unbatched P2P op (send/recv) was called on this ProcessGroup with size 4.  In lazy initialization mode, this will result in a new 2-rank NCCL communicator to be created. (Triggered internally at /pytorch/torch/csrc/distributed/c10d/ProcessGroupNCCL.cpp:4094.)
  return super().apply(*args, **kwargs)  # type: ignore[misc]
/root/.cache/user_artifacts/trainers_main/server/.venv/lib/python3.12/site-packages/torch/autograd/function.py:596: UserWarning: An unbatched P2P op (send/recv) was called on this ProcessGroup with size 4.  In lazy initialization mode, this will result in a new 2-rank NCCL communicator to be created. (Triggered internally at /pytorch/torch/csrc/distributed/c10d/ProcessGroupNCCL.cpp:4094.)
  return super().apply(*args, **kwargs)  # type: ignore[misc]
/root/.cache/user_artifacts/trainers_main/server/.venv/lib/python3.12/site-packages/torch/autograd/function.py:596: UserWarning: An unbatched P2P op (send/recv) was called on this ProcessGroup with size 4.  In lazy initialization mode, this will result in a new 2-rank NCCL communicator to be created. (Triggered internally at /pytorch/torch/csrc/distributed/c10d/ProcessGroupNCCL.cpp:4094.)
  return super().apply(*args, **kwargs)  # type: ignore[misc]
[seed 16] rank 3: 1 distinct outputs over 30 iters; wobble rows: []
[seed 16] rank 0: 6 distinct outputs over 30 iters; wobble rows: [174]
[seed 16] rank 2: 6 distinct outputs over 30 iters; wobble rows: [174]
[seed 16] rank 1: 7 distinct outputs over 30 iters; wobble rows: [174]
[seed 16] GLOBAL: NONDETERMINISTIC (3/4 ranks)
[seed 17] rank 3: 1 distinct outputs over 30 iters; wobble rows: []
[seed 17] rank 1: 3 distinct outputs over 30 iters; wobble rows: [174]
[seed 17] rank 2: 6 distinct outputs over 30 iters; wobble rows: [174]
[seed 17] rank 0: 5 distinct outputs over 30 iters; wobble rows: [174]
[seed 17] GLOBAL: NONDETERMINISTIC (3/4 ranks)
[seed 18] rank 3: 1 distinct outputs over 30 iters; wobble rows: []
[seed 18] rank 1: 3 distinct outputs over 30 iters; wobble rows: [174]
[seed 18] rank 2: 6 distinct outputs over 30 iters; wobble rows: [174]
[seed 18] rank 0: 4 distinct outputs over 30 iters; wobble rows: [174]
[seed 18] GLOBAL: NONDETERMINISTIC (3/4 ranks)
W0808 10:02:16.172000 4159 torch/distributed/elastic/multiprocessing/api.py:1012] Sending process 4228 closing signal SIGTERM
W0808 10:02:16.174000 4159 torch/distributed/elastic/multiprocessing/api.py:1012] Sending process 4229 closing signal SIGTERM
W0808 10:02:16.174000 4159 torch/distributed/elastic/multiprocessing/api.py:1012] Sending process 4230 closing signal SIGTERM
E0808 10:02:17.103000 4159 torch/distributed/elastic/multiprocessing/api.py:986] failed (exitcode: 1) local_rank: 0 (pid: 4227) of binary: /root/.cache/user_artifacts/trainers_main/server/.venv/bin/python3
Traceback (most recent call last):
  File "/root/.cache/user_artifacts/trainers_main/server/.venv/bin/torchrun", line 10, in <module>
    sys.exit(main())
             ^^^^^^
  File "/root/.cache/user_artifacts/trainers_main/server/.venv/lib/python3.12/site-packages/torch/distributed/elastic/multiprocessing/errors/__init__.py", line 362, in wrapper
    return f(*args, **kwargs)
           ^^^^^^^^^^^^^^^^^^
  File "/root/.cache/user_artifacts/trainers_main/server/.venv/lib/python3.12/site-packages/torch/distributed/run.py", line 990, in main
    run(args)
  File "/root/.cache/user_artifacts/trainers_main/server/.venv/lib/python3.12/site-packages/torch/distributed/run.py", line 981, in run
    elastic_launch(
  File "/root/.cache/user_artifacts/trainers_main/server/.venv/lib/python3.12/site-packages/torch/distributed/launcher/api.py", line 170, in __call__
    return launch_agent(self._config, self._entrypoint, list(args))
           ^^^^^^^^^^^^^^^^^^^^^^^^^^^^^^^^^^^^^^^^^^^^^^^^^^^^^^^^
  File "/root/.cache/user_artifacts/trainers_main/server/.venv/lib/python3.12/site-packages/torch/distributed/launcher/api.py", line 317, in launch_agent
    raise ChildFailedError(
torch.distributed.elastic.multiprocessing.errors.ChildFailedError: 
============================================================
standalone_te_cp_repro_v2.py FAILED
------------------------------------------------------------
Failures:
[1]:
  time      : 2026-08-08_10:02:17
  host      : baseten-training-job-w6xx15w-multinode-0.baseten-training-job-w6xx15w-multinode.org-99340d71961343c28c5c567d705ab0c0.svc.cluster.local
  rank      : 1 (local_rank: 1)
  exitcode  : -15 (pid: 4228)
  error_file: <N/A>
  traceback : Signal 15 (SIGTERM) received by PID 4228
[2]:
  time      : 2026-08-08_10:02:17
  host      : baseten-training-job-w6xx15w-multinode-0.baseten-training-job-w6xx15w-multinode.org-99340d71961343c28c5c567d705ab0c0.svc.cluster.local
  rank      : 2 (local_rank: 2)
  exitcode  : -15 (pid: 4229)
  error_file: <N/A>
  traceback : Signal 15 (SIGTERM) received by PID 4229
[3]:
  time      : 2026-08-08_10:02:17
  host      : baseten-training-job-w6xx15w-multinode-0.baseten-training-job-w6xx15w-multinode.org-99340d71961343c28c5c567d705ab0c0.svc.cluster.local
  rank      : 3 (local_rank: 3)
  exitcode  : -15 (pid: 4230)
  error_file: <N/A>
  traceback : Signal 15 (SIGTERM) received by PID 4230
------------------------------------------------------------
Root Cause (first observed failure):
[0]:
  time      : 2026-08-08_10:02:16
  host      : baseten-training-job-w6xx15w-multinode-0.baseten-training-job-w6xx15w-multinode.org-99340d71961343c28c5c567d705ab0c0.svc.cluster.local
  rank      : 0 (local_rank: 0)
  exitcode  : 1 (pid: 4227)
  error_file: <N/A>
  traceback : To enable traceback see: https://pytorch.org/docs/stable/elastic/errors.html
============================================================
