/root/.cache/user_artifacts/trainers_main/server/.venv/lib/python3.12/site-packages/torch/cuda/__init__.py:61: FutureWarning: The pynvml package is deprecated. Please install nvidia-ml-py instead. If you did not install pynvml directly, please report this to the maintainers of the package that installed pynvml for you.
  import pynvml  # type: ignore[import]
W0808 10:07:38.139000 5688 torch/distributed/run.py:851] 
W0808 10:07:38.139000 5688 torch/distributed/run.py:851] *****************************************
W0808 10:07:38.139000 5688 torch/distributed/run.py:851] Setting OMP_NUM_THREADS environment variable for each process to be 1 in default, to avoid your system being overloaded, please further tune the variable for optimal performance in your application as needed. 
W0808 10:07:38.139000 5688 torch/distributed/run.py:851] *****************************************
/root/.cache/user_artifacts/trainers_main/server/.venv/lib/python3.12/site-packages/torch/cuda/__init__.py:61: FutureWarning: The pynvml package is deprecated. Please install nvidia-ml-py instead. If you did not install pynvml directly, please report this to the maintainers of the package that installed pynvml for you.
  import pynvml  # type: ignore[import]
/root/.cache/user_artifacts/trainers_main/server/.venv/lib/python3.12/site-packages/torch/cuda/__init__.py:61: FutureWarning: The pynvml package is deprecated. Please install nvidia-ml-py instead. If you did not install pynvml directly, please report this to the maintainers of the package that installed pynvml for you.
  import pynvml  # type: ignore[import]
/root/.cache/user_artifacts/trainers_main/server/.venv/lib/python3.12/site-packages/torch/cuda/__init__.py:61: FutureWarning: The pynvml package is deprecated. Please install nvidia-ml-py instead. If you did not install pynvml directly, please report this to the maintainers of the package that installed pynvml for you.
  import pynvml  # type: ignore[import]
/root/.cache/user_artifacts/trainers_main/server/.venv/lib/python3.12/site-packages/torch/cuda/__init__.py:61: FutureWarning: The pynvml package is deprecated. Please install nvidia-ml-py instead. If you did not install pynvml directly, please report this to the maintainers of the package that installed pynvml for you.
  import pynvml  # type: ignore[import]
CP=4 chunk=88 n_iters=30 seeds=[16, 17, 18] TE=2.16.0 torch=2.11.0+cu130 cudnn=91900 probe=on NVTE_ALLOW_NONDETERMINISTIC_ALGO=None
/root/.cache/user_artifacts/trainers_main/server/.venv/lib/python3.12/site-packages/torch/autograd/function.py:596: UserWarning: An unbatched P2P op (send/recv) was called on this ProcessGroup with size 4.  In lazy initialization mode, this will result in a new 2-rank NCCL communicator to be created. (Triggered internally at /pytorch/torch/csrc/distributed/c10d/ProcessGroupNCCL.cpp:4094.)
  return super().apply(*args, **kwargs)  # type: ignore[misc]
/root/.cache/user_artifacts/trainers_main/server/.venv/lib/python3.12/site-packages/torch/autograd/function.py:596: UserWarning: An unbatched P2P op (send/recv) was called on this ProcessGroup with size 4.  In lazy initialization mode, this will result in a new 2-rank NCCL communicator to be created. (Triggered internally at /pytorch/torch/csrc/distributed/c10d/ProcessGroupNCCL.cpp:4094.)
  return super().apply(*args, **kwargs)  # type: ignore[misc]
/root/.cache/user_artifacts/trainers_main/server/.venv/lib/python3.12/site-packages/torch/autograd/function.py:596: UserWarning: An unbatched P2P op (send/recv) was called on this ProcessGroup with size 4.  In lazy initialization mode, this will result in a new 2-rank NCCL communicator to be created. (Triggered internally at /pytorch/torch/csrc/distributed/c10d/ProcessGroupNCCL.cpp:4094.)
  return super().apply(*args, **kwargs)  # type: ignore[misc]
/root/.cache/user_artifacts/trainers_main/server/.venv/lib/python3.12/site-packages/torch/autograd/function.py:596: UserWarning: An unbatched P2P op (send/recv) was called on this ProcessGroup with size 4.  In lazy initialization mode, this will result in a new 2-rank NCCL communicator to be created. (Triggered internally at /pytorch/torch/csrc/distributed/c10d/ProcessGroupNCCL.cpp:4094.)
  return super().apply(*args, **kwargs)  # type: ignore[misc]
[seed 16] rank 2: 1 distinct outputs over 30 iters; wobble rows: []
[seed 16] rank 3: 1 distinct outputs over 30 iters; wobble rows: []
[seed 16] rank 1: 1 distinct outputs over 30 iters; wobble rows: []
[seed 16] rank 0: 1 distinct outputs over 30 iters; wobble rows: []
[seed 16] GLOBAL: deterministic (0/4 ranks)
[seed 17] rank 2: 1 distinct outputs over 30 iters; wobble rows: []
[seed 17] rank 3: 1 distinct outputs over 30 iters; wobble rows: []
[seed 17] rank 1: 1 distinct outputs over 30 iters; wobble rows: []
[seed 17] rank 0: 1 distinct outputs over 30 iters; wobble rows: []
[seed 17] GLOBAL: deterministic (0/4 ranks)
[seed 18] rank 2: 1 distinct outputs over 30 iters; wobble rows: []
[seed 18] rank 3: 1 distinct outputs over 30 iters; wobble rows: []
[seed 18] rank 1: 1 distinct outputs over 30 iters; wobble rows: []
[seed 18] rank 0: 1 distinct outputs over 30 iters; wobble rows: []
[seed 18] GLOBAL: deterministic (0/4 ranks)
rank 0: probe dumped to /root/.cache/user_artifacts/lps1063-phase6/probe-n1e30/cp_probe.rank0.jsonl
rank 1: probe dumped to /root/.cache/user_artifacts/lps1063-phase6/probe-n1e30/cp_probe.rank1.jsonl
rank 2: probe dumped to /root/.cache/user_artifacts/lps1063-phase6/probe-n1e30/cp_probe.rank2.jsonl
rank 3: probe dumped to /root/.cache/user_artifacts/lps1063-phase6/probe-n1e30/cp_probe.rank3.jsonl
