=== arm Dg start 2026-07-31T20:04:35Z out=/root/.cache/user_artifacts/lps1003/parity/runs/armDg_0731_200435
rank0_host=b300-1-4wprtzyj-0003 url=http://10.1.77.31:8001
[dsa_sync r?] armed: ['gather']
[20:05:00] waiting for http://10.1.77.31:8001/health (0/2400.0s)
[20:06:00] waiting for http://10.1.77.31:8001/health (60/2400.0s)
[20:07:00] waiting for http://10.1.77.31:8001/health (120/2400.0s)
[20:08:00] waiting for http://10.1.77.31:8001/health (180/2400.0s)
[20:09:00] waiting for http://10.1.77.31:8001/health (240/2400.0s)
[20:10:00] waiting for http://10.1.77.31:8001/health (300/2400.0s)
[20:11:00] waiting for http://10.1.77.31:8001/health (360/2400.0s)
[20:12:00] waiting for http://10.1.77.31:8001/health (420/2400.0s)
[20:13:00] waiting for http://10.1.77.31:8001/health (480/2400.0s)
[20:14:00] waiting for http://10.1.77.31:8001/health (540/2400.0s)
[20:15:00] waiting for http://10.1.77.31:8001/health (600/2400.0s)
[20:16:00] waiting for http://10.1.77.31:8001/health (660/2400.0s)
[20:16:30] HEALTHY after 690s
[20:18:15] REP 0 tag=armDg_window datum_mean=2.4892 destroyed={4: 6.818, 5: 8.889, 6: 11.551, 10: 2.247, 11: 4.01, 12: 2.877, 13: 2.839, 19: 2.255, 20: 2.036, 22: 5.612, 28: 3.879, 29: 3.629, 30: 4.464} wall=105s
  per-datum: 0.642 0.847 0.723 0.754 6.818 8.889 11.551 0.830 0.807 0.678 2.247 4.010 2.877 2.839 1.596 0.900 0.873 0.786 1.784 2.255 2.036 1.866 5.612 0.692 0.608 0.901 0.855 1.747 3.879 3.629 4.464 0.659
[20:18:54] REP 1 tag=armDg_window datum_mean=1.0409 destroyed={} wall=39s
  per-datum: 0.647 0.842 0.707 0.779 1.107 1.172 1.422 0.812 0.814 0.685 0.785 1.153 1.136 1.044 1.464 0.905 0.884 0.836 1.158 1.470 1.192 1.036 1.440 0.701 0.617 0.921 0.859 0.942 1.728 1.822 1.574 0.655
[20:19:32] REP 2 tag=armDg_window datum_mean=0.9680 destroyed={14: 2.346} wall=38s
  per-datum: 0.656 0.844 0.745 0.751 0.734 1.117 1.572 0.830 0.815 0.690 0.783 1.209 1.168 1.378 2.346 0.934 0.912 0.796 0.959 1.199 0.836 0.799 1.212 0.703 0.609 0.895 0.839 0.833 0.896 1.077 1.172 0.666
[20:20:08] REP 3 tag=armDg_window datum_mean=1.0813 destroyed={13: 2.736, 14: 2.399, 22: 2.015} wall=36s
  per-datum: 0.659 0.841 0.750 0.771 1.333 1.177 1.482 0.836 0.803 0.660 0.810 1.125 1.113 2.736 2.399 0.899 0.866 0.803 1.098 1.641 1.245 0.878 2.015 0.711 0.621 0.901 0.841 0.840 1.033 0.931 1.120 0.663
[20:20:44] REP 4 tag=armDg_window datum_mean=0.8998 destroyed={} wall=36s
  per-datum: 0.649 0.828 0.728 0.784 0.743 0.630 0.959 0.811 0.790 0.670 0.907 1.367 1.195 1.308 0.930 0.901 0.885 0.802 0.842 1.094 0.877 0.684 1.137 0.710 0.592 0.895 0.845 0.971 1.084 1.206 1.322 0.648
[20:21:20] REP 5 tag=armDg_window datum_mean=0.9086 destroyed={} wall=36s
  per-datum: 0.657 0.838 0.719 0.772 1.141 0.899 1.173 0.805 0.799 0.667 0.841 1.196 1.105 1.205 0.913 0.921 0.879 0.829 0.898 1.172 0.933 0.817 1.181 0.713 0.593 0.891 0.830 0.798 0.770 1.082 1.381 0.658
[20:21:55] REP 6 tag=armDg_window datum_mean=0.8849 destroyed={} wall=36s
  per-datum: 0.643 0.819 0.771 0.735 0.860 0.787 1.015 0.810 0.781 0.679 0.652 1.137 0.985 1.154 0.864 0.933 0.886 0.810 1.102 1.129 1.073 0.987 1.371 0.728 0.615 0.897 0.826 0.818 0.745 0.902 1.137 0.668
[20:22:32] REP 7 tag=armDg_window datum_mean=0.8858 destroyed={} wall=37s
  per-datum: 0.657 0.845 0.737 0.782 0.766 0.701 0.880 0.827 0.803 0.664 0.759 1.269 1.053 0.885 0.815 0.923 0.880 0.802 0.760 0.911 0.920 0.692 1.123 0.706 0.628 0.901 0.847 0.928 1.016 1.804 1.389 0.673
[20:23:09] REP 8 tag=armDg_window datum_mean=0.8689 destroyed={} wall=37s
  per-datum: 0.672 0.824 0.729 0.762 0.917 0.759 1.007 0.831 0.799 0.681 0.809 1.044 1.081 0.887 0.786 0.937 0.866 0.764 0.894 1.212 0.815 0.781 1.542 0.705 0.587 0.912 0.863 0.786 0.756 0.924 1.210 0.664
[20:23:44] REP 9 tag=armDg_window datum_mean=0.8334 destroyed={} wall=35s
  per-datum: 0.653 0.833 0.745 0.765 0.751 0.635 0.950 0.800 0.791 0.673 0.746 0.942 1.029 1.212 0.872 0.937 0.864 0.800 0.804 1.048 0.863 0.708 1.116 0.707 0.622 0.886 0.837 0.829 0.756 0.905 0.945 0.644
[20:23:44] DONE tag=armDg_window
/root/.cache/user_artifacts/lps1003/parity/devbox_streamfix2.sh: line 55: --reps: command not found
WINDOW FAILED arm=Dg
             JOBID PARTITION     NAME     USER ST       TIME  NODES NODELIST(REASON)
                54       gpu devbox_t     root  R      19:10      2 b300-1-4wprtzyj-0003,b300-1-h673xc6t-0010
    response = self._make_request(
               ^^^^^^^^^^^^^^^^^^^
  File "/root/.cache/user_artifacts/trainers_main/server/.venv/lib/python3.12/site-packages/urllib3/connectionpool.py", line 493, in _make_request
    conn.request(
  File "/root/.cache/user_artifacts/trainers_main/server/.venv/lib/python3.12/site-packages/urllib3/connection.py", line 500, in request
    self.endheaders()
  File "/usr/lib/python3.12/http/client.py", line 1360, in endheaders
    self._send_output(message_body, encode_chunked=encode_chunked)
  File "/usr/lib/python3.12/http/client.py", line 1120, in _send_output
    self.send(msg)
  File "/usr/lib/python3.12/http/client.py", line 1064, in send
    self.connect()
  File "/root/.cache/user_artifacts/trainers_main/server/.venv/lib/python3.12/site-packages/urllib3/connection.py", line 331, in connect
    self.sock = self._new_conn()
                ^^^^^^^^^^^^^^^^
  File "/root/.cache/user_artifacts/trainers_main/server/.venv/lib/python3.12/site-packages/urllib3/connection.py", line 219, in _new_conn
    raise NewConnectionError(
urllib3.exceptions.NewConnectionError: HTTPConnection(host='localhost', port=4318): Failed to establish a new connection: [Errno 111] Connection refused

The above exception was the direct cause of the following exception:

Traceback (most recent call last):
  File "/root/.cache/user_artifacts/trainers_main/server/.venv/lib/python3.12/site-packages/requests/adapters.py", line 644, in send
    resp = conn.urlopen(
           ^^^^^^^^^^^^^
  File "/root/.cache/user_artifacts/trainers_main/server/.venv/lib/python3.12/site-packages/urllib3/connectionpool.py", line 841, in urlopen
    retries = retries.increment(
              ^^^^^^^^^^^^^^^^^^
  File "/root/.cache/user_artifacts/trainers_main/server/.venv/lib/python3.12/site-packages/urllib3/util/retry.py", line 535, in increment
    raise MaxRetryError(_pool, url, reason) from reason  # type: ignore[arg-type]
    ^^^^^^^^^^^^^^^^^^^^^^^^^^^^^^^^^^^^^^^^^^^^^^^^^^^
urllib3.exceptions.MaxRetryError: HTTPConnectionPool(host='localhost', port=4318): Max retries exceeded with url: /v1/traces (Caused by NewConnectionError("HTTPConnection(host='localhost', port=4318): Failed to establish a new connection: [Errno 111] Connection refused"))

During handling of the above exception, another exception occurred:

Traceback (most recent call last):
  File "/root/.cache/user_artifacts/trainers_main/server/.venv/lib/python3.12/site-packages/opentelemetry/sdk/trace/export/__init__.py", line 362, in _export_batch
    self.span_exporter.export(self.spans_list[:idx])  # type: ignore
    ^^^^^^^^^^^^^^^^^^^^^^^^^^^^^^^^^^^^^^^^^^^^^^^^
  File "/root/.cache/user_artifacts/trainers_main/server/.venv/lib/python3.12/site-packages/opentelemetry/exporter/otlp/proto/http/trace_exporter/__init__.py", line 139, in export
    resp = self._export(serialized_data)
           ^^^^^^^^^^^^^^^^^^^^^^^^^^^^^
  File "/root/.cache/user_artifacts/trainers_main/server/.venv/lib/python3.12/site-packages/opentelemetry/exporter/otlp/proto/http/trace_exporter/__init__.py", line 110, in _export
    return self._session.post(
           ^^^^^^^^^^^^^^^^^^^
  File "/root/.cache/user_artifacts/trainers_main/server/.venv/lib/python3.12/site-packages/requests/sessions.py", line 637, in post
    return self.request("POST", url, data=data, json=json, **kwargs)
           ^^^^^^^^^^^^^^^^^^^^^^^^^^^^^^^^^^^^^^^^^^^^^^^^^^^^^^^^^
  File "/root/.cache/user_artifacts/trainers_main/server/.venv/lib/python3.12/site-packages/requests/sessions.py", line 589, in request
    resp = self.send(prep, **send_kwargs)
           ^^^^^^^^^^^^^^^^^^^^^^^^^^^^^^
  File "/root/.cache/user_artifacts/trainers_main/server/.venv/lib/python3.12/site-packages/requests/sessions.py", line 703, in send
    r = adapter.send(request, **kwargs)
        ^^^^^^^^^^^^^^^^^^^^^^^^^^^^^^^
  File "/root/.cache/user_artifacts/trainers_main/server/.venv/lib/python3.12/site-packages/requests/adapters.py", line 677, in send
    raise ConnectionError(e, request=request)
requests.exceptions.ConnectionError: HTTPConnectionPool(host='localhost', port=4318): Max retries exceeded with url: /v1/traces (Caused by NewConnectionError("HTTPConnection(host='localhost', port=4318): Failed to establish a new connection: [Errno 111] Connection refused"))
INFO:trainers_server.dp_worker.api.dispatcher_worker:dispatcher_worker: op=forward operation_id=25ff1280ce2b49e999ed2f7d47f0073a done in 34.40s {'loss': 0.0033122582395338504}
INFO:trainers_server.dp_worker.api.server:retrieve: operation_id=25ff1280ce2b49e999ed2f7d47f0073a done after 2.43s
INFO:     10.1.77.44:57334 - "GET /operations/25ff1280ce2b49e999ed2f7d47f0073a HTTP/1.1" 200 OK
scancel devbox_trainer sent
--- GPU state after stop ---
srun: job 55 queued and waiting for resources
srun: error: Unable to allocate resources: Requested nodes are busy
Could not collect GPU state within 30s.
             JOBID PARTITION     NAME     USER ST       TIME  NODES NODELIST(REASON)
=== arm Dg DONE 2026-07-31T20:24:45Z
