[02:03:05] REP 0 wall=9s nlls=3.852 3.622 4.422 2.808 3.426 3.524 3.535
[02:03:14] REP 1 wall=9s nlls=3.872 3.614 4.429 2.848 3.554 4.044 4.338
[02:03:23] REP 2 wall=9s nlls=3.838 3.619 4.422 2.842 3.294 3.774 3.488
[02:03:32] REP 3 wall=9s nlls=3.822 3.604 4.396 2.812 3.416 4.017 3.951
[02:03:41] baseline set: 3.838 3.619 4.422 2.832 3.416 3.899 3.688
[02:03:41] REP 4 wall=9s nlls=3.819 3.659 4.421 2.832 3.410 3.899 3.688
[02:03:49] REP 5 wall=9s nlls=3.808 3.611 4.424 2.817 3.336 3.846 3.728
[02:03:58] REP 6 wall=9s nlls=3.849 3.606 4.422 2.819 3.278 3.619 3.510
[02:04:07] REP 7 wall=9s nlls=3.846 3.643 4.436 2.816 3.409 3.776 3.543
[02:04:16] REP 8 wall=9s nlls=3.852 3.619 4.447 2.807 3.445 4.086 3.854
[02:04:25] REP 9 wall=9s nlls=3.898 3.572 4.437 2.795 3.375 4.006 3.929
[02:04:33] REP 10 wall=9s nlls=3.849 3.646 4.430 2.856 3.490 4.025 3.861
[02:04:42] REP 11 wall=9s nlls=3.870 3.640 4.446 2.817 3.536 3.650 4.186
[02:04:51] REP 12 wall=9s nlls=3.846 3.617 4.426 2.788 3.455 3.957 3.600
[02:05:00] REP 13 wall=9s nlls=3.895 3.646 4.447 2.819 3.509 4.063 3.864
[02:05:08] REP 14 wall=9s nlls=3.844 3.623 4.408 2.833 3.475 4.089 3.843
[02:05:17] REP 15 wall=9s nlls=3.881 3.606 4.426 2.833 3.441 3.729 3.707
[02:05:26] REP 16 wall=9s nlls=3.874 3.632 4.425 2.843 3.492 4.005 4.073
[02:05:35] REP 17 wall=9s nlls=3.853 3.620 4.437 2.807 3.418 3.888 3.825
[02:05:44] REP 18 wall=9s nlls=3.847 3.640 4.421 2.839 3.583 4.119 4.358  *** ANOMALY dev=+0.01 +0.02 -0.00 +0.01 +0.17 +0.22 +0.67
[02:05:54] REP 19 wall=9s nlls=3.834 3.630 4.383 2.850 3.482 4.140 3.999
[02:06:03] REP 20 wall=9s nlls=3.875 3.623 4.438 2.831 3.447 4.048 4.072
[02:06:12] REP 21 wall=9s nlls=3.861 3.598 4.435 2.833 3.518 4.052 3.663
[02:06:21] REP 22 wall=9s nlls=3.840 3.635 4.431 2.825 3.530 4.037 3.794
[02:06:29] REP 23 wall=9s nlls=3.858 3.611 4.423 2.810 3.453 4.072 3.802
[02:06:38] REP 24 wall=9s nlls=3.816 3.637 4.358 2.830 3.539 4.000 4.141
[02:06:47] REP 25 wall=9s nlls=3.883 3.634 4.412 2.823 3.449 3.911 4.163
[02:06:56] REP 26 wall=9s nlls=3.861 3.643 4.409 2.814 3.246 3.425 3.425
[02:07:05] REP 27 wall=9s nlls=3.843 3.613 4.449 2.812 3.306 3.915 3.737
[02:07:13] REP 28 wall=9s nlls=3.858 3.620 4.395 2.838 3.455 4.013 3.959
[02:07:22] REP 29 wall=9s nlls=3.902 3.614 4.399 2.828 3.345 3.850 3.527
[02:07:31] REP 30 wall=9s nlls=3.879 3.628 4.443 2.792 3.557 4.109 4.172
[02:07:40] REP 31 wall=9s nlls=3.835 3.630 4.467 2.839 3.407 3.817 3.988
[02:07:49] REP 32 wall=9s nlls=3.831 3.629 4.375 2.834 3.559 4.048 3.824
[02:07:57] REP 33 wall=9s nlls=3.853 3.650 4.393 2.852 3.510 3.839 4.133
[02:08:06] REP 34 wall=9s nlls=3.844 3.618 4.407 2.809 3.525 4.036 3.885
[02:08:15] REP 35 wall=9s nlls=3.820 3.607 4.418 2.830 3.430 4.051 3.826
[02:08:24] REP 36 wall=9s nlls=3.850 3.585 4.404 2.819 3.259 3.920 3.953
[02:08:33] REP 37 wall=9s nlls=3.853 3.639 4.429 2.841 3.658 4.149 4.286  *** ANOMALY dev=+0.01 +0.02 +0.01 +0.01 +0.24 +0.25 +0.60
[02:08:43] REP 38 wall=9s nlls=3.866 3.634 4.420 2.832 3.658 4.059 4.356  *** ANOMALY dev=+0.03 +0.02 -0.00 -0.00 +0.24 +0.16 +0.67
[02:08:53] REP 39 wall=9s nlls=3.856 3.586 4.438 2.844 3.478 3.919 3.745
[02:09:02] REP 40 wall=9s nlls=3.858 3.635 4.453 2.816 3.478 3.912 3.911
[02:09:10] REP 41 wall=9s nlls=3.862 3.604 4.416 2.846 3.585 4.151 3.920
[02:09:19] REP 42 wall=9s nlls=3.827 3.610 4.469 2.842 3.600 4.120 3.937
[02:09:28] REP 43 wall=9s nlls=3.819 3.587 4.392 2.815 3.394 3.975 3.969
[02:09:37] REP 44 wall=9s nlls=3.882 3.626 4.411 2.825 3.543 4.187 3.865
[02:09:46] REP 45 wall=9s nlls=3.862 3.629 4.431 2.818 3.386 3.771 3.915
[02:09:54] REP 46 wall=9s nlls=3.898 3.588 4.418 2.800 3.328 3.879 3.837
[02:10:03] REP 47 wall=9s nlls=3.864 3.630 4.417 2.836 3.495 4.098 4.022
[02:10:12] REP 48 wall=9s nlls=3.865 3.638 4.364 2.830 3.499 4.045 4.162
[02:10:21] REP 49 wall=9s nlls=3.868 3.652 4.424 2.840 3.392 3.936 3.981
[02:10:30] REP 50 wall=9s nlls=3.852 3.656 4.424 2.808 3.377 3.799 3.727
[02:10:39] REP 51 wall=9s nlls=3.880 3.622 4.448 2.827 3.539 4.152 3.939
[02:10:47] REP 52 wall=9s nlls=3.863 3.631 4.426 2.802 3.594 4.081 4.060
[02:10:56] REP 53 wall=9s nlls=3.876 3.602 4.484 2.821 3.527 3.896 4.186
[02:11:05] REP 54 wall=9s nlls=3.847 3.657 4.435 2.796 3.484 4.003 3.794
[02:11:14] REP 55 wall=9s nlls=3.865 3.586 4.416 2.826 3.484 4.025 3.836
[02:11:23] REP 56 wall=9s nlls=3.916 3.654 4.414 2.836 3.529 4.041 4.223  *** ANOMALY dev=+0.08 +0.04 -0.01 +0.00 +0.11 +0.14 +0.54
[02:11:33] REP 57 wall=9s nlls=3.861 3.633 4.472 2.811 3.300 3.852 4.104
[02:11:42] REP 58 wall=9s nlls=3.883 3.660 4.447 2.836 3.416 3.880 3.704
[02:11:51] REP 59 wall=9s nlls=3.894 3.602 4.392 2.825 3.299 3.897 3.715
[02:12:00] REP 60 wall=9s nlls=3.847 3.646 4.447 2.831 3.482 3.908 4.155
[02:12:09] REP 61 wall=9s nlls=3.864 3.635 4.420 2.855 3.385 3.974 3.649
[02:12:17] REP 62 wall=9s nlls=3.911 3.609 4.427 2.838 3.418 4.021 3.932
[02:12:26] REP 63 wall=9s nlls=3.872 3.629 4.426 2.852 3.510 4.151 4.019
[02:12:35] REP 64 wall=9s nlls=3.840 3.638 4.428 2.854 3.337 3.850 3.783
[02:12:44] REP 65 wall=9s nlls=3.846 3.660 4.426 2.821 3.562 4.053 4.081
[02:12:53] REP 66 wall=9s nlls=3.838 3.607 4.435 2.837 3.390 3.940 3.928
[02:13:02] REP 67 wall=9s nlls=3.858 3.621 4.411 2.828 3.447 3.973 3.944
[02:13:10] REP 68 wall=9s nlls=3.863 3.617 4.428 2.796 3.539 4.187 3.948
[02:13:19] REP 69 wall=9s nlls=3.862 3.602 4.427 2.814 3.551 4.129 3.952
[02:13:28] REP 70 wall=9s nlls=3.832 3.639 4.434 2.824 3.423 3.935 3.740
[02:13:37] REP 71 wall=9s nlls=3.840 3.620 4.453 2.824 3.491 4.048 3.669
[02:13:46] REP 72 wall=9s nlls=3.892 3.617 4.407 2.816 3.239 3.599 3.302
[02:13:55] REP 73 wall=9s nlls=3.842 3.609 4.415 2.828 3.502 3.997 4.245  *** ANOMALY dev=+0.00 -0.01 -0.01 -0.00 +0.09 +0.10 +0.56
[02:14:05] REP 74 wall=9s nlls=3.849 3.634 4.413 2.825 3.399 4.036 3.987
[02:14:14] REP 75 wall=9s nlls=3.878 3.608 4.495 2.805 3.509 3.998 3.829
[02:14:23] REP 76 wall=9s nlls=3.867 3.599 4.456 2.820 3.428 3.805 3.583
[02:14:32] REP 77 wall=9s nlls=3.853 3.679 4.375 2.824 3.516 4.075 3.790
[02:14:41] REP 78 wall=9s nlls=3.832 3.647 4.375 2.830 3.463 3.989 3.974
[02:14:50] REP 79 wall=9s nlls=3.873 3.644 4.412 2.834 3.338 3.825 3.955
[02:14:58] REP 80 wall=9s nlls=3.844 3.617 4.442 2.839 3.449 3.887 3.590
[02:15:07] REP 81 wall=9s nlls=3.852 3.623 4.451 2.844 3.462 3.804 3.729
[02:15:16] REP 82 wall=9s nlls=3.852 3.603 4.450 2.836 3.247 4.130 3.881
[02:15:25] REP 83 wall=9s nlls=3.882 3.643 4.345 2.824 3.500 3.982 3.873
[02:15:34] REP 84 wall=9s nlls=3.855 3.617 4.443 2.841 3.462 4.050 3.852
[02:15:42] REP 85 wall=9s nlls=3.863 3.637 4.409 2.823 3.542 4.030 4.110
[02:15:51] REP 86 wall=9s nlls=3.843 3.652 4.428 2.838 3.518 4.059 4.110
[02:16:00] REP 87 wall=9s nlls=3.864 3.627 4.515 2.832 3.502 4.014 4.137
[02:16:09] REP 88 wall=9s nlls=3.852 3.673 4.398 2.858 3.476 4.037 4.052
[02:16:18] REP 89 wall=9s nlls=3.870 3.643 4.461 2.832 3.474 4.063 3.726
[02:16:27] REP 90 wall=9s nlls=3.841 3.643 4.425 2.813 3.489 4.063 4.218  *** ANOMALY dev=+0.00 +0.02 +0.00 -0.02 +0.07 +0.16 +0.53
[02:16:37] REP 91 wall=9s nlls=3.846 3.653 4.388 2.843 3.566 4.015 4.221  *** ANOMALY dev=+0.01 +0.03 -0.03 +0.01 +0.15 +0.12 +0.53
[02:16:46] REP 92 wall=9s nlls=3.881 3.683 4.394 2.809 3.534 4.080 4.115
[02:16:55] REP 93 wall=9s nlls=3.853 3.634 4.441 2.821 3.404 3.913 3.567
[02:17:04] REP 94 wall=9s nlls=3.824 3.618 4.400 2.818 3.304 3.901 3.907
[02:17:13] REP 95 wall=9s nlls=3.831 3.626 4.450 2.842 3.491 4.059 3.790
[02:17:21] REP 96 wall=9s nlls=3.891 3.609 4.431 2.821 3.492 4.035 4.237  *** ANOMALY dev=+0.05 -0.01 +0.01 -0.01 +0.08 +0.14 +0.55
[02:17:31] REP 97 wall=10s nlls=3.850 3.615 4.393 2.819 3.506 3.989 3.989
[02:17:40] REP 98 wall=9s nlls=3.869 3.618 4.468 2.850 3.310 3.997 3.651
[02:17:49] REP 99 wall=9s nlls=3.855 3.625 4.414 2.849 3.404 3.912 3.957
[02:17:57] REP 100 wall=9s nlls=3.890 3.637 4.401 2.831 3.369 3.899 3.779
[02:18:06] REP 101 wall=9s nlls=3.832 3.654 4.435 2.842 3.358 3.868 3.537
[02:18:15] REP 102 wall=9s nlls=3.868 3.621 4.413 2.798 3.427 3.884 3.731
[02:18:24] REP 103 wall=9s nlls=3.854 3.612 4.444 2.835 3.489 4.062 3.862
[02:18:33] REP 104 wall=9s nlls=3.858 3.627 4.457 2.821 3.515 4.064 3.868
[02:18:42] REP 105 wall=9s nlls=3.868 3.654 4.411 2.849 3.443 3.992 3.735
[02:18:51] REP 106 wall=9s nlls=3.860 3.622 4.454 2.824 3.369 3.987 3.922
[02:18:59] REP 107 wall=9s nlls=3.844 3.628 4.420 2.840 3.365 3.859 3.389
[02:19:08] REP 108 wall=9s nlls=3.841 3.620 4.437 2.809 3.405 3.900 3.804
[02:19:17] REP 109 wall=9s nlls=3.855 3.638 4.436 2.833 3.523 4.090 3.915
[02:19:26] REP 110 wall=9s nlls=3.865 3.625 4.430 2.808 3.481 4.050 3.841
[02:19:35] REP 111 wall=9s nlls=3.860 3.641 4.406 2.830 3.504 4.067 3.852
[02:19:45] REP 112 wall=10s nlls=3.862 3.605 4.439 2.780 3.834 3.327 2.774  *** ANOMALY dev=+0.02 -0.01 +0.02 -0.05 +0.42 -0.57 -0.91
[02:19:54] REP 113 wall=9s nlls=3.848 3.654 4.430 2.831 3.372 3.953 3.738
[02:20:02] REP 114 wall=9s nlls=3.855 3.622 4.444 2.831 3.523 4.067 3.870
[02:20:11] REP 115 wall=9s nlls=3.877 3.625 4.404 2.839 3.397 3.868 3.575
[02:20:20] REP 116 wall=9s nlls=3.836 3.607 4.424 2.840 3.504 4.131 3.882
[02:20:29] REP 117 wall=9s nlls=3.865 3.594 4.366 2.820 3.488 4.041 3.778
[02:20:37] REP 118 wall=9s nlls=3.839 3.607 4.433 2.812 3.334 3.799 3.856
[02:20:46] REP 119 wall=9s nlls=3.870 3.626 4.416 2.826 3.253 3.594 3.508
[02:20:55] REP 120 wall=9s nlls=3.803 3.650 4.373 2.830 3.489 4.055 3.883
[02:21:04] REP 121 wall=9s nlls=3.836 3.637 4.443 2.856 3.580 4.190 3.912
[02:21:13] REP 122 wall=9s nlls=3.888 3.614 4.470 2.832 3.493 4.048 3.855
[02:21:22] REP 123 wall=9s nlls=3.878 3.655 4.410 2.832 3.440 3.960 3.623
[02:21:31] REP 124 wall=9s nlls=3.867 3.601 4.416 2.817 3.520 4.057 3.899
[02:21:39] REP 125 wall=9s nlls=3.845 3.651 4.418 2.812 3.375 3.781 3.793
[02:21:48] REP 126 wall=9s nlls=3.830 3.623 4.430 2.832 3.478 3.976 3.801
[02:21:57] REP 127 wall=9s nlls=3.870 3.633 4.463 2.817 3.392 3.894 3.544
[02:22:06] REP 128 wall=9s nlls=3.841 3.631 4.463 2.810 3.396 3.937 3.771
[02:22:15] REP 129 wall=9s nlls=3.841 3.627 4.397 2.840 3.283 3.550 3.582
[02:22:24] REP 130 wall=9s nlls=3.862 3.647 4.389 2.824 3.523 3.920 3.980
