[status] world_size=16
[s1-soak-131k-d16 warmup0] fb=14.5s (563 tok/s/GPU) optim=6.4s loss=12.324218362566853 gn=0.3501124083995819
[s1-soak-131k-d16 main0] fb=136.9s (957 tok/s/GPU) optim=0.1s loss=12.315680051269922 gn=0.37394896149635315
[s1-soak-131k-d16 main1] fb=116.8s (1122 tok/s/GPU) optim=0.1s loss=12.317627469081643 gn=0.3679068684577942
[s1-soak-131k-d16 main2] fb=116.2s (1128 tok/s/GPU) optim=0.1s loss=12.31710580525059 gn=0.3877413272857666
[s1-soak-131k-d16 main3] fb=116.3s (1127 tok/s/GPU) optim=0.1s loss=12.313050751119622 gn=0.4012812376022339
[s1-soak-131k-d16 main4] fb=116.2s (1128 tok/s/GPU) optim=0.1s loss=12.306038330370562 gn=0.4484279751777649
[s1-soak-131k-d16 main5] fb=116.4s (1126 tok/s/GPU) optim=0.1s loss=12.293451640713812 gn=0.38128021359443665
[s1-soak-131k-d16 main6] fb=116.4s (1126 tok/s/GPU) optim=0.1s loss=12.287509250711446 gn=0.38066697120666504
[s1-soak-131k-d16 main7] fb=116.4s (1126 tok/s/GPU) optim=0.1s loss=12.273824873541821 gn=0.3518063426017761
[s1-soak-131k-d16 main8] fb=116.6s (1124 tok/s/GPU) optim=0.1s loss=12.265451549160378 gn=0.3459635376930237
[s1-soak-131k-d16 main9] fb=116.9s (1121 tok/s/GPU) optim=0.1s loss=12.251156815771605 gn=0.3366563320159912
[s1-soak-131k-d16 main10] fb=116.8s (1122 tok/s/GPU) optim=0.1s loss=12.23894301561749 gn=0.31096991896629333
[s1-soak-131k-d16 main11] fb=117.2s (1119 tok/s/GPU) optim=0.1s loss=12.229499660489353 gn=0.30680567026138306
[s1-soak-131k-d16 main12] fb=119.4s (1098 tok/s/GPU) optim=0.1s loss=12.21136159028313 gn=0.28840216994285583
[s1-soak-131k-d16 main13] fb=123.9s (1058 tok/s/GPU) optim=0.4s loss=12.201635945403636 gn=0.27733299136161804
[s1-soak-131k-d16 main14] fb=124.4s (1054 tok/s/GPU) optim=0.1s loss=12.193483875151635 gn=0.265481561422348
[s1-soak-131k-d16 main15] fb=124.9s (1049 tok/s/GPU) optim=0.2s loss=12.179243501613628 gn=0.25347477197647095
[s1-soak-131k-d16 main16] fb=118.6s (1105 tok/s/GPU) optim=0.1s loss=12.171303148675145 gn=0.24483072757720947
[s1-soak-131k-d16 main17] fb=117.7s (1114 tok/s/GPU) optim=0.1s loss=12.159110329516064 gn=0.24037297070026398
[s1-soak-131k-d16 main18] fb=118.0s (1111 tok/s/GPU) optim=0.1s loss=12.153822165086098 gn=0.23632341623306274
[s1-soak-131k-d16 main19] fb=118.2s (1109 tok/s/GPU) optim=0.1s loss=12.143785620007478 gn=0.22879232466220856
[s1-soak-131k-d16 main20] fb=118.3s (1108 tok/s/GPU) optim=0.1s loss=12.138083557766402 gn=0.22372287511825562
[s1-soak-131k-d16 main21] fb=118.6s (1105 tok/s/GPU) optim=0.1s loss=12.129840887763121 gn=0.21913942694664001
[s1-soak-131k-d16 main22] fb=118.8s (1103 tok/s/GPU) optim=0.1s loss=12.12140938880454 gn=0.2143617421388626
[s1-soak-131k-d16 main23] fb=119.2s (1100 tok/s/GPU) optim=0.1s loss=12.112934974174303 gn=0.21303388476371765
[s1-soak-131k-d16 main24] fb=119.2s (1100 tok/s/GPU) optim=0.1s loss=12.107500896460698 gn=0.20943821966648102
[s1-soak-131k-d16 main25] fb=119.4s (1098 tok/s/GPU) optim=0.1s loss=12.10000495914428 gn=0.2071809321641922
[s1-soak-131k-d16 main26] fb=119.7s (1095 tok/s/GPU) optim=0.1s loss=12.09460044556004 gn=0.2053644359111786
[s1-soak-131k-d16 main27] fb=119.8s (1094 tok/s/GPU) optim=0.1s loss=12.08962985710035 gn=0.20204561948776245
[s1-soak-131k-d16 main28] fb=119.8s (1094 tok/s/GPU) optim=0.1s loss=12.083976432620489 gn=0.20242241024971008
[s1-soak-131k-d16 main29] fb=120.0s (1092 tok/s/GPU) optim=0.1s loss=12.075785261423198 gn=0.20411109924316406
[s1-soak-131k-d16 main30] fb=119.8s (1095 tok/s/GPU) optim=0.1s loss=12.072191789182963 gn=0.20250539481639862
[s1-soak-131k-d16 main31] fb=120.0s (1092 tok/s/GPU) optim=0.1s loss=12.064889449229806 gn=0.20715570449829102
[s1-soak-131k-d16 main32] fb=120.1s (1091 tok/s/GPU) optim=0.1s loss=12.058154549824142 gn=0.20869161188602448
[s1-soak-131k-d16 main33] fb=120.4s (1089 tok/s/GPU) optim=0.1s loss=12.050728231263971 gn=0.21778161823749542
[s1-soak-131k-d16 main34] fb=120.3s (1089 tok/s/GPU) optim=0.1s loss=12.045487750913628 gn=0.20784340798854828
[s1-soak-131k-d16 main35] fb=120.4s (1089 tok/s/GPU) optim=0.1s loss=12.036939902800771 gn=0.21635712683200836
[s1-soak-131k-d16 main36] fb=120.4s (1088 tok/s/GPU) optim=0.7s loss=12.030077210061723 gn=0.2130216807126999
[s1-soak-131k-d16 main37] fb=122.9s (1067 tok/s/GPU) optim=0.1s loss=12.023230729909743 gn=0.19659684598445892
[s1-soak-131k-d16 main38] fb=122.6s (1069 tok/s/GPU) optim=0.1s loss=12.01686299791716 gn=0.173943892121315
[s1-soak-131k-d16 main39] fb=120.4s (1088 tok/s/GPU) optim=0.1s loss=12.012333010353167 gn=0.15262474119663239
[s1-soak-131k-d16 main40] fb=120.3s (1090 tok/s/GPU) optim=0.1s loss=12.010357935775266 gn=0.14600028097629547
[s1-soak-131k-d16 main41] fb=120.6s (1087 tok/s/GPU) optim=0.1s loss=12.005771680997322 gn=0.1371801793575287
[s1-soak-131k-d16 main42] fb=121.0s (1084 tok/s/GPU) optim=0.1s loss=12.002805731244898 gn=0.12774544954299927
[s1-soak-131k-d16 main43] fb=120.9s (1085 tok/s/GPU) optim=0.1s loss=11.999569889601819 gn=0.12320879101753235
[s1-soak-131k-d16 main44] fb=121.0s (1083 tok/s/GPU) optim=0.1s loss=11.997801763929473 gn=0.11621921509504318
[s1-soak-131k-d16 main45] fb=121.1s (1082 tok/s/GPU) optim=0.1s loss=11.995782819998322 gn=0.11470001935958862
[s1-soak-131k-d16 main46] fb=121.1s (1082 tok/s/GPU) optim=0.1s loss=11.993885947311 gn=0.10392206162214279
[s1-soak-131k-d16 main47] fb=121.3s (1080 tok/s/GPU) optim=0.2s loss=11.992934173081764 gn=0.10843843221664429
[s1-soak-131k-d16 main48] fb=121.5s (1079 tok/s/GPU) optim=0.1s loss=11.991439754026443 gn=0.09955886006355286
[s1-soak-131k-d16 main49] fb=121.2s (1081 tok/s/GPU) optim=0.1s loss=11.989918631886535 gn=0.10732601583003998
[s1-soak-131k-d16 main50] fb=121.3s (1080 tok/s/GPU) optim=0.1s loss=11.988393695020257 gn=0.09816545993089676
[s1-soak-131k-d16 main51] fb=121.2s (1082 tok/s/GPU) optim=0.1s loss=11.987272165467571 gn=0.09410491585731506
[s1-soak-131k-d16 main52] fb=121.5s (1078 tok/s/GPU) optim=0.1s loss=11.986338511188592 gn=0.09427780658006668
[s1-soak-131k-d16 main53] fb=121.5s (1078 tok/s/GPU) optim=0.1s loss=11.985170251237879 gn=0.09015756100416183
[s1-soak-131k-d16 main54] fb=121.6s (1078 tok/s/GPU) optim=0.2s loss=12.13930045547833 gn=0.9664801359176636
[s1-soak-131k-d16 main55] fb=121.3s (1081 tok/s/GPU) optim=0.2s loss=11.982868063873779 gn=0.08424154669046402
[s1-soak-131k-d16 main56] fb=121.4s (1080 tok/s/GPU) optim=0.1s loss=11.982236726659597 gn=0.085073322057724
[s1-soak-131k-d16 main57] fb=121.7s (1077 tok/s/GPU) optim=0.2s loss=11.981682637654401 gn=0.07782287150621414
[s1-soak-131k-d16 main58] fb=121.5s (1079 tok/s/GPU) optim=0.1s loss=11.980421870589222 gn=0.0741042047739029
[s1-soak-131k-d16 main59] fb=121.5s (1079 tok/s/GPU) optim=0.1s loss=11.979809607006889 gn=0.07627487182617188
[done] -> /root/.cache/user_artifacts/lps1062_bench/s1-soak-131k-d16.json
SUMMARY s1-soak-131k-d16: 1091 tok/s/GPU | step 120.1s (2097152 tok) | mfu3x 9.9% | hfu 14.4% | peak_mem 165 GiB
MEM s1-soak-131k-d16: max 188183 MiB, min 174393 MiB across 16 GPUs (cap 275040)
