
=== [1/13] preflight (laptop checks, no side effects)
00:06:15  project jrao123-ali = dq47r1q; tokens present; truss/ssh config OK

=== [2/13] create workstation job
00:06:16  creating: truss train workstation --node-count 2 --accelerator B300 --project-id jrao123-ali --team Parsed
Launching workstation jrao123-ali with 2x 8x B300...

Workstation created!

Once the job is running, SSH in with:
  ssh training-job-w79ypo3-0.ssh.baseten.co (leader)
  ssh training-job-w79ypo3-1.ssh.baseten.co

If you haven't set up SSH yet, run:
  truss ssh setup

Multi-node env vars available on each node:
  BT_LEADER_ADDR, BT_NODE_RANK, BT_GROUP_SIZE

View logs:
  truss train logs --job-id w79ypo3 --tail

Stop the workstation:
  truss train stop --job-id w79ypo3
00:06:28  created job w79ypo3

=== [3/13] wait for job w79ypo3 to reach RUNNING
00:06:29    status=TRAINING_JOB_CREATED; waiting 15s
00:06:44    status=TRAINING_JOB_DEPLOYING; waiting 15s
00:07:00    status=TRAINING_JOB_DEPLOYING; waiting 15s
00:07:16    status=TRAINING_JOB_DEPLOYING; waiting 15s
00:07:32    status=TRAINING_JOB_DEPLOYING; waiting 15s
00:07:47  status TRAINING_JOB_RUNNING

=== [4/13] ssh reachability + topology
00:07:49    [rank0] ssh not up yet (boot grace, 897s left): baseten-ssh: SSH proxy rejected the connection. Is the workload and SSH server r
00:08:13    rank 0 (leader) reachable
00:08:17  leader reports BT_GROUP_SIZE=2 BT_NUM_GPUS=8 job=w79ypo3
00:08:20    rank 1 reachable

=== [5/13] cluster sanity: slurm, shared FS, capacity
00:08:27  srun fan-out OK: 2/2 nodes
00:08:31  shared FS OK: all 2 nodes read the sentinel
00:08:34  user_artifacts free: 184732G

=== [6/13] apt deps on every node (python3.12 python3.12-dev python3.12-venv ninja-build curl)
debconf: delaying package configuration, since apt-utils is not installed
INSTALLED
00:08:48    rank 0: apt deps OK
debconf: delaying package configuration, since apt-utils is not installed
INSTALLED
00:08:58    rank 1: apt deps OK

=== [7/13] stage uv at /root/.cache/user_artifacts/bin/uv
00:09:05  SKIP (uv already staged: uv 0.11.32 (x86_64-unknown-linux-gnu))

=== [8/13] configure GitHub token + clone basetenlabs/trainers
W: https://developer.download.nvidia.com/compute/cuda/repos/ubuntu2404/x86_64/InRelease: Key is stored in legacy trusted.gpg keyring (/etc/apt/trusted.gpg), see the DEPRECATION section in apt-key(8) for details.
debconf: delaying package configuration, since apt-utils is not installed
Cloning into '/root/trainers'...
shared clone exists @ 0e0b65a6 (not pulling — run git pull manually to update)
submodules already initialized
   abb16d10a362eab2c24011ea314cad45fd86dee3 loops (baseten-loops-v0.7.1-7-gabb16d1)
   0f26fc3696707e7725c730cf093f89156447739f server/vendor/megatron-bridge (v0.2.0rc6-1819-g0f26fc36)
00:10:14  GitHub credential + clones + submodules OK

=== [9/13] build server + sampler venvs in the shared clone
00:10:27    server_venv: SKIP (probe passed)
00:10:30    sampler_venv: SKIP (probe passed)

=== [10/13] write /root/.cache/user_artifacts/env.sh + launch helper scripts
env + trainer/sampler helpers written
00:10:34  env file + trainer/sampler helpers written

=== [11/13] verification gate
00:10:37    PASS srun-hostnames (2/2)
00:10:50    PASS per-node-tools (2/2)
00:11:17    PASS server-venv-all-nodes (2/2)
00:11:33    PASS sampler-venv-leader (1/1)
00:11:37    PASS env-file-all-nodes (2/2)

=== [12/13] tj-w79ypo3 aliases in ~/.ssh/config
00:11:37  added Host blocks tj-w79ypo3 .. tj-w79ypo3-1 (backup: ~/.ssh/config.devbox-up.bak)

=== [13/13] DEVBOX READY

  DEVBOX READY   job=w79ypo3   nodes=2x8 B300   project=jrao123-ali
  leader : ssh tj-w79ypo3          (= training-job-w79ypo3-0.ssh.baseten.co)
  workers: tj-w79ypo3-1..1         (= training-job-w79ypo3-<rank>.ssh.baseten.co)
  build clone: /root/.cache/user_artifacts/trainers_main  @ 0e0b65a6
  git clone  : /root/trainers  @ ef4ea4a8 (token-backed HTTPS)
  env    : source /root/.cache/user_artifacts/env.sh
  logs   : /root/.cache/user_artifacts/.devbox_up/

--- MULTINODE TRAINER (port 8001, all 2 nodes; run on the leader) ---------
  ssh tj-w79ypo3
  BT_TRAINER_CONFIG_PATH=<your config .json on /root/.cache/user_artifacts> bash /root/.cache/user_artifacts/.devbox_up/start_trainer.sh
  # configs: see /root/.cache/user_artifacts/trainers_main/examples/trainer-configs/ (weight_sync type=local)
  # health : curl -sf http://127.0.0.1:8001/health ; status: curl -s http://127.0.0.1:8001/status
  # wait   : bash /root/.cache/user_artifacts/.devbox_up/wait_trainer_health.sh  (background)
  # stop   : bash /root/.cache/user_artifacts/.devbox_up/stop_trainer.sh

--- SINGLE-NODE SAMPLER (port 8000; run on any node) -----------------------
  ssh tj-w79ypo3
  MODEL_PATH=<hf id or weights path> bash /root/.cache/user_artifacts/.devbox_up/start_sampler.sh
  # health : curl -sf http://127.0.0.1:8000/health
  # wait   : bash /root/.cache/user_artifacts/.devbox_up/wait_sampler_health.sh  (background)
  # stop   : bash /root/.cache/user_artifacts/.devbox_up/stop_sampler.sh

--- HOUSEKEEPING -----------------------------------------------------------
  stop box     : truss train stop --remote baseten --job-id w79ypo3
  job logs     : truss train logs --remote baseten --job-id w79ypo3 --tail
  new box      : devbox-up <num_nodes>   (always creates a fresh one)

