
=== [1/13] preflight (laptop checks, no side effects)
00:30:15  project jrao123-ali = dq47r1q; tokens present; truss/ssh config OK

=== [2/13] create workstation job
00:30:16  note: 1 other active box(es) in jrao123-ali: wpr25e3 (creating a new one anyway)
00:30:16  creating: truss train workstation --node-count 2 --accelerator B300 --project-id jrao123-ali --team Parsed
Launching workstation jrao123-ali with 2x 8x B300...

Workstation created!

Once the job is running, SSH in with:
  ssh training-job-wlxm57w-0.ssh.baseten.co (leader)
  ssh training-job-wlxm57w-1.ssh.baseten.co

If you haven't set up SSH yet, run:
  truss ssh setup

Multi-node env vars available on each node:
  BT_LEADER_ADDR, BT_NODE_RANK, BT_GROUP_SIZE

View logs:
  truss train logs --job-id wlxm57w --tail

Stop the workstation:
  truss train stop --job-id wlxm57w
00:30:27  created job wlxm57w

=== [3/13] wait for job wlxm57w to reach RUNNING
00:30:27    status=TRAINING_JOB_CREATED; waiting 15s
00:30:43    status=TRAINING_JOB_DEPLOYING; waiting 15s
00:30:58    status=TRAINING_JOB_DEPLOYING; waiting 15s
00:31:18    status=TRAINING_JOB_DEPLOYING; waiting 15s
00:31:35  status TRAINING_JOB_RUNNING

=== [4/13] ssh reachability + topology
00:31:37    [rank0] ssh not up yet (boot grace, 897s left): baseten-ssh: SSH proxy rejected the connection. Is the workload and SSH server r
00:32:01    rank 0 (leader) reachable
00:32:04  leader reports BT_GROUP_SIZE=2 BT_NUM_GPUS=8 job=wlxm57w
00:32:08    rank 1 reachable

=== [5/13] cluster sanity: slurm, shared FS, capacity
00:32:15  srun fan-out OK: 2/2 nodes
00:32:18  shared FS OK: all 2 nodes read the sentinel
00:32:22  user_artifacts free: 184732G

=== [6/13] apt deps on every node (python3.12 python3.12-dev python3.12-venv ninja-build curl)
debconf: delaying package configuration, since apt-utils is not installed
INSTALLED
00:32:35    rank 0: apt deps OK
debconf: delaying package configuration, since apt-utils is not installed
INSTALLED
00:32:45    rank 1: apt deps OK

=== [7/13] stage uv at /root/.cache/user_artifacts/bin/uv
00:32:52  SKIP (uv already staged: uv 0.11.32 (x86_64-unknown-linux-gnu))

=== [8/13] configure GitHub token + clone basetenlabs/trainers
