[00:44:42] trainer: step=0 world=16
[00:45:53] rep0 batches 12 (bump_patched): mean_nll=0.7554 op_loss=0.0030893041836187103 n=32 71s
[00:46:23] rep0 batches 13 (bump_patched): mean_nll=0.7534 op_loss=0.003366724703335559 n=32 30s
[00:47:05] rep0 batches 14 (bump_patched): mean_nll=0.7509 op_loss=0.0031955732692348655 n=32 41s
[00:47:34] rep0 batches 15 (quiet): mean_nll=0.7387 op_loss=0.0030731703549453015 n=32 29s
[00:48:04] rep0 batches 16 (bump_both): mean_nll=0.7517 op_loss=0.0031461146936159687 n=32 30s
[00:48:35] rep0 batches 17 (bump_both): mean_nll=0.7227 op_loss=0.0031182547346030754 n=32 30s
[00:49:05] rep0 batches 18 (quiet): mean_nll=0.7258 op_loss=0.003192520665958575 n=32 30s
[00:49:41] rep0 batches 23 (bump_both): mean_nll=0.7492 op_loss=0.003314014821873866 n=32 37s
[00:50:11] rep0 batches 24 (quiet): mean_nll=0.7589 op_loss=0.003209390712096289 n=32 30s
[00:50:43] rep0 batches 25 (quiet): mean_nll=0.7711 op_loss=0.003255021397568371 n=32 31s
[00:51:11] rep0 batches 26 (bump_both): mean_nll=0.7475 op_loss=0.0029521785841067016 n=32 28s
[00:51:53] rep0 batches 27 (bump_both): mean_nll=0.7342 op_loss=0.0028694049870612625 n=32 42s
[00:52:29] rep0 batches 28 (quiet): mean_nll=0.7385 op_loss=0.0029751562612956917 n=32 36s
[00:52:59] rep0 batches 29 (bump_both): mean_nll=0.7453 op_loss=0.002960651136320658 n=32 30s
[00:53:27] rep0 batches 31 (quiet): mean_nll=0.7380 op_loss=0.003003849203245114 n=32 28s
[00:54:07] rep0 batches 48 (spike_broken): mean_nll=0.7655 op_loss=0.003246571545256456 n=32 40s
[00:54:41] rep0 batches 50 (quiet): mean_nll=0.7483 op_loss=0.0030994738688161576 n=32 34s
[00:55:19] rep0 batches 55 (spike_broken): mean_nll=0.7677 op_loss=0.0035296486712050163 n=32 38s
[00:55:53] rep0 batches 60 (quiet): mean_nll=0.7267 op_loss=0.00296820040895892 n=32 33s
[00:56:24] rep0 batches 62 (spike_broken): mean_nll=0.7685 op_loss=0.0037314743481926924 n=32 31s
[00:56:59] rep0 batches 70 (spike_broken): mean_nll=0.7659 op_loss=0.003145613760318396 n=32 35s
[00:57:30] rep0 batches 71 (spike_broken): mean_nll=0.7816 op_loss=0.0033893926403098904 n=32 31s
[00:58:01] rep1 batches 12 (bump_patched): mean_nll=0.7557 op_loss=0.003090382536379293 n=32 31s
[00:58:31] rep1 batches 13 (bump_patched): mean_nll=0.7645 op_loss=0.003416175400140382 n=32 30s
[00:59:05] rep1 batches 14 (bump_patched): mean_nll=0.7468 op_loss=0.003178214088274548 n=32 34s
[00:59:32] rep1 batches 15 (quiet): mean_nll=0.7341 op_loss=0.0030538280742960677 n=32 27s
[01:00:01] rep1 batches 16 (bump_both): mean_nll=0.7484 op_loss=0.003132145597521248 n=32 29s
[01:00:29] rep1 batches 17 (bump_both): mean_nll=0.7174 op_loss=0.0030956468921649032 n=32 28s
[01:00:57] rep1 batches 18 (quiet): mean_nll=0.7257 op_loss=0.0031920246242247907 n=32 27s
[01:01:25] rep1 batches 23 (bump_both): mean_nll=0.7541 op_loss=0.003335875241440701 n=32 28s
[01:01:54] rep1 batches 24 (quiet): mean_nll=0.7585 op_loss=0.003207619476620833 n=32 30s
[01:02:24] rep1 batches 25 (quiet): mean_nll=0.7680 op_loss=0.0032418083348920205 n=32 30s
[01:02:52] rep1 batches 26 (bump_both): mean_nll=0.7457 op_loss=0.00294469254084256 n=32 28s
[01:03:22] rep1 batches 27 (bump_both): mean_nll=0.7291 op_loss=0.0028494908044439556 n=32 29s
[01:03:54] rep1 batches 28 (quiet): mean_nll=0.7360 op_loss=0.002964953639023133 n=32 33s
[01:04:22] rep1 batches 29 (bump_both): mean_nll=0.7434 op_loss=0.002952930351946773 n=32 28s
[01:04:50] rep1 batches 31 (quiet): mean_nll=0.7393 op_loss=0.0030091925450967667 n=32 28s
[01:05:25] rep1 batches 48 (spike_broken): mean_nll=0.7641 op_loss=0.003240565103438613 n=32 35s
[01:05:56] rep1 batches 50 (quiet): mean_nll=0.7472 op_loss=0.003094852387272506 n=32 31s
[01:06:27] rep1 batches 55 (spike_broken): mean_nll=0.7646 op_loss=0.003515501680045292 n=32 30s
[01:07:00] rep1 batches 60 (quiet): mean_nll=0.7295 op_loss=0.0029799639341750255 n=32 33s
[01:07:31] rep1 batches 62 (spike_broken): mean_nll=0.7630 op_loss=0.0037048435355897017 n=32 31s
[01:08:06] rep1 batches 70 (spike_broken): mean_nll=0.7696 op_loss=0.0031611827291675443 n=32 35s
[01:08:37] rep1 batches 71 (spike_broken): mean_nll=0.7820 op_loss=0.0033912813781415696 n=32 31s
[01:09:08] rep2 batches 12 (bump_patched): mean_nll=0.7566 op_loss=0.003094155064786966 n=32 31s
[01:09:38] rep2 batches 13 (bump_patched): mean_nll=0.7583 op_loss=0.003388581038220537 n=32 30s
[01:10:12] rep2 batches 14 (bump_patched): mean_nll=0.7508 op_loss=0.003195122750393015 n=32 34s
[01:10:38] rep2 batches 15 (quiet): mean_nll=0.7345 op_loss=0.003055793198830004 n=32 26s
[01:11:07] rep2 batches 16 (bump_both): mean_nll=0.7497 op_loss=0.0031378087715550054 n=32 29s
[01:11:36] rep2 batches 17 (bump_both): mean_nll=0.7187 op_loss=0.0031011991902076697 n=32 28s
[01:12:03] rep2 batches 18 (quiet): mean_nll=0.7226 op_loss=0.0031786199615583387 n=32 27s
[01:12:31] rep2 batches 23 (bump_both): mean_nll=0.7511 op_loss=0.0033227442244913885 n=32 28s
[01:13:00] rep2 batches 24 (quiet): mean_nll=0.7582 op_loss=0.0032063332072838117 n=32 30s
[01:13:30] rep2 batches 25 (quiet): mean_nll=0.7740 op_loss=0.0032672328569064778 n=32 29s
[01:13:58] rep2 batches 26 (bump_both): mean_nll=0.7449 op_loss=0.002941840815717727 n=32 28s
[01:14:28] rep2 batches 27 (bump_both): mean_nll=0.7301 op_loss=0.002853306200542739 n=32 29s
[01:15:00] rep2 batches 28 (quiet): mean_nll=0.7327 op_loss=0.0029519796821702777 n=32 33s
[01:15:28] rep2 batches 29 (bump_both): mean_nll=0.7535 op_loss=0.0029928899687356957 n=32 28s
[01:15:56] rep2 batches 31 (quiet): mean_nll=0.7397 op_loss=0.0030107236157176876 n=32 27s
[01:16:31] rep2 batches 48 (spike_broken): mean_nll=0.7643 op_loss=0.0032415866535811175 n=32 35s
[01:17:02] rep2 batches 50 (quiet): mean_nll=0.7480 op_loss=0.0030982540643125687 n=32 31s
[01:17:33] rep2 batches 55 (spike_broken): mean_nll=0.7585 op_loss=0.003487297310226265 n=32 30s
[01:18:06] rep2 batches 60 (quiet): mean_nll=0.7236 op_loss=0.0029558766579061923 n=32 33s
[01:18:37] rep2 batches 62 (spike_broken): mean_nll=0.7601 op_loss=0.0036907028175087726 n=32 31s
[01:19:12] rep2 batches 70 (spike_broken): mean_nll=0.7703 op_loss=0.0031636800803937436 n=32 34s
[01:19:43] rep2 batches 71 (spike_broken): mean_nll=0.7829 op_loss=0.0033951586283776703 n=32 31s
[01:19:43] all work complete
