[04:12:39] trainer: step=0 world=16
[04:12:44] rep0 datums (14, 23) (bump_patched): mean_nll=1.1145 op_loss=0.009444519624871722 n=1 5s
[04:12:49] rep0 datums (15, 6) (quiet): mean_nll=0.4698 op_loss=0.0027636191424201518 n=1 5s
[04:12:52] rep0 datums (18, 6) (quiet): mean_nll=0.7209 op_loss=0.004562658599660366 n=1 3s
[04:12:57] rep0 datums (18, 17) (quiet): mean_nll=0.7844 op_loss=0.006762170586092719 n=1 5s
[04:13:00] rep0 datums (24, 0) (quiet): mean_nll=0.8692 op_loss=0.0027680607738008924 n=1 3s
[04:13:04] rep0 datums (29, 18) (bump_both): mean_nll=0.9648 op_loss=0.009016498784038507 n=1 3s
[04:13:10] rep0 datums (48, 3) (spike_broken): mean_nll=1.1601 op_loss=0.041433202368872504 n=1 7s
[04:13:13] rep0 datums (50, 31) (quiet): mean_nll=0.8745 op_loss=0.0047017579437584 n=1 3s
[04:13:17] rep0 datums (55, 9) (spike_broken): mean_nll=1.2115 op_loss=0.013766665350307117 n=1 3s
[04:13:20] rep0 datums (62, 20) (spike_broken): mean_nll=1.2146 op_loss=0.013202113949734232 n=1 3s
[04:13:22] rep0 datums (70, 13) (spike_broken): mean_nll=1.2250 op_loss=0.00942320365172166 n=1 2s
[04:13:24] rep0 datums (71, 0) (spike_broken): mean_nll=0.8324 op_loss=0.007852902389922232 n=1 2s
[04:13:25] rep1 datums (14, 23) (bump_patched): mean_nll=1.1115 op_loss=0.009419464458853511 n=1 1s
[04:13:27] rep1 datums (15, 6) (quiet): mean_nll=0.4812 op_loss=0.002830594953368692 n=1 2s
[04:13:28] rep1 datums (18, 6) (quiet): mean_nll=0.7299 op_loss=0.004619713071026379 n=1 2s
[04:13:30] rep1 datums (18, 17) (quiet): mean_nll=0.7677 op_loss=0.006618098966006575 n=1 1s
[04:13:32] rep1 datums (24, 0) (quiet): mean_nll=0.8500 op_loss=0.002706887046242975 n=1 2s
[04:13:33] rep1 datums (29, 18) (bump_both): mean_nll=0.9551 op_loss=0.008926065168648122 n=1 2s
[04:13:37] rep1 datums (48, 3) (spike_broken): mean_nll=1.3455 op_loss=0.04805376274245126 n=1 3s
[04:13:38] rep1 datums (50, 31) (quiet): mean_nll=0.9035 op_loss=0.004857690103592411 n=1 2s
[04:13:39] rep1 datums (55, 9) (spike_broken): mean_nll=1.1640 op_loss=0.013227389617399736 n=1 1s
[04:13:41] rep1 datums (62, 20) (spike_broken): mean_nll=1.2121 op_loss=0.013175400702849678 n=1 2s
[04:13:43] rep1 datums (70, 13) (spike_broken): mean_nll=1.1977 op_loss=0.009213394385117752 n=1 2s
[04:13:45] rep1 datums (71, 0) (spike_broken): mean_nll=0.7963 op_loss=0.0075118209955827245 n=1 2s
[04:13:46] rep2 datums (14, 23) (bump_patched): mean_nll=1.1206 op_loss=0.009496486793130131 n=1 1s
[04:13:48] rep2 datums (15, 6) (quiet): mean_nll=0.4855 op_loss=0.0028556715039645924 n=1 1s
[04:13:49] rep2 datums (18, 6) (quiet): mean_nll=0.7301 op_loss=0.0046209247806404214 n=1 2s
[04:13:51] rep2 datums (18, 17) (quiet): mean_nll=0.7967 op_loss=0.006868412782405985 n=1 1s
[04:13:52] rep2 datums (24, 0) (quiet): mean_nll=0.8623 op_loss=0.0027462244033813477 n=1 2s
[04:13:54] rep2 datums (29, 18) (bump_both): mean_nll=0.9851 op_loss=0.00920656128464458 n=1 2s
[04:13:57] rep2 datums (48, 3) (spike_broken): mean_nll=1.3017 op_loss=0.046488204172679355 n=1 3s
[04:13:59] rep2 datums (50, 31) (quiet): mean_nll=0.8742 op_loss=0.004699939681637672 n=1 2s
[04:14:00] rep2 datums (55, 9) (spike_broken): mean_nll=1.1564 op_loss=0.01314114440571178 n=1 1s
[04:14:02] rep2 datums (62, 20) (spike_broken): mean_nll=1.1957 op_loss=0.012996832961621492 n=1 2s
[04:14:04] rep2 datums (70, 13) (spike_broken): mean_nll=1.2264 op_loss=0.009434166321387659 n=1 2s
[04:14:06] rep2 datums (71, 0) (spike_broken): mean_nll=0.8511 op_loss=0.008028926714411322 n=1 3s
[04:14:08] rep3 datums (14, 23) (bump_patched): mean_nll=1.1858 op_loss=0.010049308760691497 n=1 1s
[04:14:09] rep3 datums (15, 6) (quiet): mean_nll=0.4761 op_loss=0.002800440087037928 n=1 1s
[04:14:11] rep3 datums (18, 6) (quiet): mean_nll=0.7397 op_loss=0.004681762260726735 n=1 2s
[04:14:12] rep3 datums (18, 17) (quiet): mean_nll=0.7745 op_loss=0.006676639976172611 n=1 1s
[04:14:14] rep3 datums (24, 0) (quiet): mean_nll=0.8670 op_loss=0.002761034449194647 n=1 2s
[04:14:15] rep3 datums (29, 18) (bump_both): mean_nll=1.0283 op_loss=0.00961067966211622 n=1 2s
[04:14:19] rep3 datums (48, 3) (spike_broken): mean_nll=1.2472 op_loss=0.044544607400894165 n=1 3s
[04:14:20] rep3 datums (50, 31) (quiet): mean_nll=0.8803 op_loss=0.0047326389179434825 n=1 2s
[04:14:21] rep3 datums (55, 9) (spike_broken): mean_nll=1.1290 op_loss=0.012829784642566334 n=1 1s
[04:14:23] rep3 datums (62, 20) (spike_broken): mean_nll=1.2012 op_loss=0.01305615642796392 n=1 2s
[04:14:25] rep3 datums (70, 13) (spike_broken): mean_nll=1.1882 op_loss=0.009140293414776141 n=1 2s
[04:14:27] rep3 datums (71, 0) (spike_broken): mean_nll=0.8172 op_loss=0.007709130363644294 n=1 2s
[04:14:28] rep4 datums (14, 23) (bump_patched): mean_nll=1.1420 op_loss=0.009677668749275854 n=1 1s
[04:14:30] rep4 datums (15, 6) (quiet): mean_nll=0.4689 op_loss=0.00275820090490229 n=1 1s
[04:14:31] rep4 datums (18, 6) (quiet): mean_nll=0.7278 op_loss=0.0046063525767266 n=1 2s
[04:14:33] rep4 datums (18, 17) (quiet): mean_nll=0.7564 op_loss=0.006520888928709359 n=1 1s
[04:14:34] rep4 datums (24, 0) (quiet): mean_nll=0.8709 op_loss=0.0027736391231512566 n=1 2s
[04:14:36] rep4 datums (29, 18) (bump_both): mean_nll=1.0160 op_loss=0.00949524273382169 n=1 2s
[04:14:39] rep4 datums (48, 3) (spike_broken): mean_nll=1.2299 op_loss=0.04392419968332563 n=1 3s
[04:14:41] rep4 datums (50, 31) (quiet): mean_nll=0.8654 op_loss=0.004652891428239884 n=1 2s
[04:14:42] rep4 datums (55, 9) (spike_broken): mean_nll=1.1354 op_loss=0.012902140617370605 n=1 1s
[04:14:44] rep4 datums (62, 20) (spike_broken): mean_nll=1.1872 op_loss=0.012903915799182394 n=1 2s
[04:14:46] rep4 datums (70, 13) (spike_broken): mean_nll=1.2131 op_loss=0.009331620656527005 n=1 2s
[04:14:48] rep4 datums (71, 0) (spike_broken): mean_nll=0.7804 op_loss=0.00736263338124977 n=1 2s
[04:14:49] rep5 datums (14, 23) (bump_patched): mean_nll=1.1485 op_loss=0.009733218257710084 n=1 1s
[04:14:51] rep5 datums (15, 6) (quiet): mean_nll=0.5032 op_loss=0.0029602138435139377 n=1 1s
[04:14:52] rep5 datums (18, 6) (quiet): mean_nll=0.7738 op_loss=0.0048974179014374935 n=1 2s
[04:14:53] rep5 datums (18, 17) (quiet): mean_nll=0.7764 op_loss=0.006692791293407309 n=1 1s
[04:14:55] rep5 datums (24, 0) (quiet): mean_nll=0.8637 op_loss=0.002750777704700543 n=1 2s
[04:14:57] rep5 datums (29, 18) (bump_both): mean_nll=0.9982 op_loss=0.00932938584657473 n=1 2s
[04:15:00] rep5 datums (48, 3) (spike_broken): mean_nll=1.2618 op_loss=0.04506415554455349 n=1 3s
[04:15:02] rep5 datums (50, 31) (quiet): mean_nll=0.8798 op_loss=0.004729902231565086 n=1 2s
[04:15:03] rep5 datums (55, 9) (spike_broken): mean_nll=1.2191 op_loss=0.013853888620029797 n=1 1s
[04:15:04] rep5 datums (62, 20) (spike_broken): mean_nll=1.2021 op_loss=0.013065835703974184 n=1 2s
[04:15:06] rep5 datums (70, 13) (spike_broken): mean_nll=1.2395 op_loss=0.009534399326031024 n=1 2s
[04:15:09] rep5 datums (71, 0) (spike_broken): mean_nll=0.7944 op_loss=0.007494576697079641 n=1 2s
[04:15:10] rep6 datums (14, 23) (bump_patched): mean_nll=1.1418 op_loss=0.009676337242126465 n=1 1s
[04:15:11] rep6 datums (15, 6) (quiet): mean_nll=0.4753 op_loss=0.002796122957678402 n=1 2s
[04:15:13] rep6 datums (18, 6) (quiet): mean_nll=0.7636 op_loss=0.004833219549323939 n=1 2s
[04:15:14] rep6 datums (18, 17) (quiet): mean_nll=0.7872 op_loss=0.006785969282018727 n=1 1s
[04:15:16] rep6 datums (24, 0) (quiet): mean_nll=0.8642 op_loss=0.0027521051419009067 n=1 2s
[04:15:17] rep6 datums (29, 18) (bump_both): mean_nll=1.0163 op_loss=0.009498058078445006 n=1 2s
[04:15:21] rep6 datums (48, 3) (spike_broken): mean_nll=1.2375 op_loss=0.0441950261592865 n=1 3s
[04:15:22] rep6 datums (50, 31) (quiet): mean_nll=0.8788 op_loss=0.004724466031597507 n=1 2s
[04:15:23] rep6 datums (55, 9) (spike_broken): mean_nll=1.1689 op_loss=0.01328300346027721 n=1 1s
[04:15:25] rep6 datums (62, 20) (spike_broken): mean_nll=1.2232 op_loss=0.013295533864394478 n=1 2s
[04:15:27] rep6 datums (70, 13) (spike_broken): mean_nll=1.2273 op_loss=0.009440556856302115 n=1 2s
[04:15:29] rep6 datums (71, 0) (spike_broken): mean_nll=0.8200 op_loss=0.007735959763796824 n=1 2s
[04:15:30] rep7 datums (14, 23) (bump_patched): mean_nll=1.0967 op_loss=0.009294206813230352 n=1 1s
[04:15:32] rep7 datums (15, 6) (quiet): mean_nll=0.4789 op_loss=0.002816921823164996 n=1 1s
[04:15:34] rep7 datums (18, 6) (quiet): mean_nll=0.7020 op_loss=0.004443104885801484 n=1 2s
[04:15:35] rep7 datums (18, 17) (quiet): mean_nll=0.7508 op_loss=0.006472327072044899 n=1 1s
[04:15:36] rep7 datums (24, 0) (quiet): mean_nll=0.8673 op_loss=0.002762154409080554 n=1 2s
[04:15:38] rep7 datums (29, 18) (bump_both): mean_nll=0.9879 op_loss=0.0092328720003645 n=1 2s
[04:15:41] rep7 datums (48, 3) (spike_broken): mean_nll=1.2785 op_loss=0.045662092311041694 n=1 3s
[04:15:43] rep7 datums (50, 31) (quiet): mean_nll=0.8579 op_loss=0.004612441344927716 n=1 2s
[04:15:44] rep7 datums (55, 9) (spike_broken): mean_nll=1.1572 op_loss=0.013149699026888067 n=1 1s
[04:15:46] rep7 datums (62, 20) (spike_broken): mean_nll=1.1756 op_loss=0.012778194054313328 n=1 2s
[04:15:48] rep7 datums (70, 13) (spike_broken): mean_nll=1.2577 op_loss=0.009674508755023663 n=1 2s
[04:15:50] rep7 datums (71, 0) (spike_broken): mean_nll=0.8104 op_loss=0.007644906358898811 n=1 2s
[04:15:51] rep8 datums (14, 23) (bump_patched): mean_nll=1.1282 op_loss=0.00956061027817807 n=1 1s
[04:15:53] rep8 datums (15, 6) (quiet): mean_nll=0.4553 op_loss=0.002678071751314051 n=1 1s
[04:15:54] rep8 datums (18, 6) (quiet): mean_nll=0.7107 op_loss=0.004498027170760722 n=1 2s
[04:15:55] rep8 datums (18, 17) (quiet): mean_nll=0.7805 op_loss=0.006728289456203066 n=1 1s
[04:15:57] rep8 datums (24, 0) (quiet): mean_nll=0.8709 op_loss=0.0027734574618612884 n=1 2s
[04:15:59] rep8 datums (29, 18) (bump_both): mean_nll=0.9674 op_loss=0.009040668746021307 n=1 2s
[04:16:02] rep8 datums (48, 3) (spike_broken): mean_nll=1.2734 op_loss=0.04547986388206482 n=1 3s
[04:16:04] rep8 datums (50, 31) (quiet): mean_nll=0.8722 op_loss=0.004689392864063222 n=1 2s
[04:16:05] rep8 datums (55, 9) (spike_broken): mean_nll=1.1713 op_loss=0.013310183178294788 n=1 1s
[04:16:06] rep8 datums (62, 20) (spike_broken): mean_nll=1.2468 op_loss=0.013551927131155262 n=1 2s
[04:16:08] rep8 datums (70, 13) (spike_broken): mean_nll=1.2333 op_loss=0.009486859578352708 n=1 2s
[04:16:11] rep8 datums (71, 0) (spike_broken): mean_nll=0.8634 op_loss=0.008145191759433387 n=1 2s
[04:16:12] rep9 datums (14, 23) (bump_patched): mean_nll=1.1538 op_loss=0.009777570174912275 n=1 1s
[04:16:13] rep9 datums (15, 6) (quiet): mean_nll=0.4571 op_loss=0.0026887231013354132 n=1 1s
[04:16:15] rep9 datums (18, 6) (quiet): mean_nll=0.7184 op_loss=0.004546711716470839 n=1 2s
[04:16:16] rep9 datums (18, 17) (quiet): mean_nll=0.7416 op_loss=0.006393020523005518 n=1 1s
[04:16:18] rep9 datums (24, 0) (quiet): mean_nll=0.8709 op_loss=0.0027734341135450227 n=1 2s
[04:16:19] rep9 datums (29, 18) (bump_both): mean_nll=0.9984 op_loss=0.00933065759801419 n=1 2s
[04:16:23] rep9 datums (48, 3) (spike_broken): mean_nll=1.2936 op_loss=0.046201493058885844 n=1 3s
[04:16:24] rep9 datums (50, 31) (quiet): mean_nll=0.8914 op_loss=0.004792691558919927 n=1 2s
[04:16:25] rep9 datums (55, 9) (spike_broken): mean_nll=1.1804 op_loss=0.013413433324206959 n=1 1s
[04:16:27] rep9 datums (62, 20) (spike_broken): mean_nll=1.1807 op_loss=0.01283338795537534 n=1 2s
[04:16:29] rep9 datums (70, 13) (spike_broken): mean_nll=1.1963 op_loss=0.009202288664304293 n=1 2s
[04:16:31] rep9 datums (71, 0) (spike_broken): mean_nll=0.7883 op_loss=0.007437108260280681 n=1 2s
[04:16:31] all work complete
